17:23:35 **** Clean-only build of configuration Debug for project WS2812BMODULE ****
make -j11 clean 
rm -rf ./Drivers/STM32H5xx_HAL_Driver/Src/stm32h5xx_hal.cyclo ./Drivers/STM32H5xx_HAL_Driver/Src/stm32h5xx_hal.d ./Drivers/STM32H5xx_HAL_Driver/Src/stm32h5xx_hal.o ./Drivers/STM32H5xx_HAL_Driver/Src/stm32h5xx_hal.su ./Drivers/STM32H5xx_HAL_Driver/Src/stm32h5xx_hal_cortex.cyclo ./Drivers/STM32H5xx_HAL_Driver/Src/stm32h5xx_hal_cortex.d ./Drivers/STM32H5xx_HAL_Driver/Src/stm32h5xx_hal_cortex.o ./Drivers/STM32H5xx_HAL_Driver/Src/stm32h5xx_hal_cortex.su ./Drivers/STM32H5xx_HAL_Driver/Src/stm32h5xx_hal_dma.cyclo ./Drivers/STM32H5xx_HAL_Driver/Src/stm32h5xx_hal_dma.d ./Drivers/STM32H5xx_HAL_Driver/Src/stm32h5xx_hal_dma.o ./Drivers/STM32H5xx_HAL_Driver/Src/stm32h5xx_hal_dma.su ./Drivers/STM32H5xx_HAL_Driver/Src/stm32h5xx_hal_dma_ex.cyclo ./Drivers/STM32H5xx_HAL_Driver/Src/stm32h5xx_hal_dma_ex.d ./Drivers/STM32H5xx_HAL_Driver/Src/stm32h5xx_hal_dma_ex.o ./Drivers/STM32H5xx_HAL_Driver/Src/stm32h5xx_hal_dma_ex.su ./Drivers/STM32H5xx_HAL_Driver/Src/stm32h5xx_hal_exti.cyclo ./Drivers/STM32H5xx_HAL_Driver/Src/stm32h5xx_hal_exti.d ./Drivers/STM32H5xx_HAL_Driver/Src/stm32h5xx_hal_exti.o ./Drivers/STM32H5xx_HAL_Driver/Src/stm32h5xx_hal_exti.su ./Drivers/STM32H5xx_HAL_Driver/Src/stm32h5xx_hal_flash.cyclo ./Drivers/STM32H5xx_HAL_Driver/Src/stm32h5xx_hal_flash.d ./Drivers/STM32H5xx_HAL_Driver/Src/stm32h5xx_hal_flash.o ./Drivers/STM32H5xx_HAL_Driver/Src/stm32h5xx_hal_flash.su ./Drivers/STM32H5xx_HAL_Driver/Src/stm32h5xx_hal_flash_ex.cyclo ./Drivers/STM32H5xx_HAL_Driver/Src/stm32h5xx_hal_flash_ex.d ./Drivers/STM32H5xx_HAL_Driver/Src/stm32h5xx_hal_flash_ex.o ./Drivers/STM32H5xx_HAL_Driver/Src/stm32h5xx_hal_flash_ex.su ./Drivers/STM32H5xx_HAL_Driver/Src/stm32h5xx_hal_gpio.cyclo ./Drivers/STM32H5xx_HAL_Driver/Src/stm32h5xx_hal_gpio.d ./Drivers/STM32H5xx_HAL_Driver/Src/stm32h5xx_hal_gpio.o ./Drivers/STM32H5xx_HAL_Driver/Src/stm32h5xx_hal_gpio.su ./Drivers/STM32H5xx_HAL_Driver/Src/stm32h5xx_hal_pwr.cyclo ./Drivers/STM32H5xx_HAL_Driver/Src/stm32h5xx_hal_pwr.d ./Drivers/STM32H5xx_HAL_Driver/Src/stm32h5xx_hal_pwr.o ./Drivers/STM32H5xx_HAL_Driver/Src/stm32h5xx_hal_pwr.su ./Drivers/STM32H5xx_HAL_Driver/Src/stm32h5xx_hal_pwr_ex.cyclo ./Drivers/STM32H5xx_HAL_Driver/Src/stm32h5xx_hal_pwr_ex.d ./Drivers/STM32H5xx_HAL_Driver/Src/stm32h5xx_hal_pwr_ex.o ./Drivers/STM32H5xx_HAL_Driver/Src/stm32h5xx_hal_pwr_ex.su ./Drivers/STM32H5xx_HAL_Driver/Src/stm32h5xx_hal_rcc.cyclo ./Drivers/STM32H5xx_HAL_Driver/Src/stm32h5xx_hal_rcc.d ./Drivers/STM32H5xx_HAL_Driver/Src/stm32h5xx_hal_rcc.o ./Drivers/STM32H5xx_HAL_Driver/Src/stm32h5xx_hal_rcc.su ./Drivers/STM32H5xx_HAL_Driver/Src/stm32h5xx_hal_rcc_ex.cyclo ./Drivers/STM32H5xx_HAL_Driver/Src/stm32h5xx_hal_rcc_ex.d ./Drivers/STM32H5xx_HAL_Driver/Src/stm32h5xx_hal_rcc_ex.o ./Drivers/STM32H5xx_HAL_Driver/Src/stm32h5xx_hal_rcc_ex.su ./Drivers/STM32H5xx_HAL_Driver/Src/stm32h5xx_hal_spi.cyclo ./Drivers/STM32H5xx_HAL_Driver/Src/stm32h5xx_hal_spi.d ./Drivers/STM32H5xx_HAL_Driver/Src/stm32h5xx_hal_spi.o ./Drivers/STM32H5xx_HAL_Driver/Src/stm32h5xx_hal_spi.su ./Drivers/STM32H5xx_HAL_Driver/Src/stm32h5xx_hal_spi_ex.cyclo ./Drivers/STM32H5xx_HAL_Driver/Src/stm32h5xx_hal_spi_ex.d ./Drivers/STM32H5xx_HAL_Driver/Src/stm32h5xx_hal_spi_ex.o ./Drivers/STM32H5xx_HAL_Driver/Src/stm32h5xx_hal_spi_ex.su ./Drivers/STM32H5xx_HAL_Driver/Src/stm32h5xx_hal_uart.cyclo ./Drivers/STM32H5xx_HAL_Driver/Src/stm32h5xx_hal_uart.d ./Drivers/STM32H5xx_HAL_Driver/Src/stm32h5xx_hal_uart.o ./Drivers/STM32H5xx_HAL_Driver/Src/stm32h5xx_hal_uart.su ./Drivers/STM32H5xx_HAL_Driver/Src/stm32h5xx_hal_uart_ex.cyclo ./Drivers/STM32H5xx_HAL_Driver/Src/stm32h5xx_hal_uart_ex.d ./Drivers/STM32H5xx_HAL_Driver/Src/stm32h5xx_hal_uart_ex.o ./Drivers/STM32H5xx_HAL_Driver/Src/stm32h5xx_hal_uart_ex.su
rm -rf ./Core/Startup/startup_stm32h563vgtx.d ./Core/Startup/startup_stm32h563vgtx.o
rm -rf ./Core/Src/records/Records.cyclo ./Core/Src/records/Records.d ./Core/Src/records/Records.o ./Core/Src/records/Records.su
rm -rf ./Core/Src/print/Print.cyclo ./Core/Src/print/Print.d ./Core/Src/print/Print.o ./Core/Src/print/Print.su
rm -rf ./Core/Src/games/snake/Snake.cyclo ./Core/Src/games/snake/Snake.d ./Core/Src/games/snake/Snake.o ./Core/Src/games/snake/Snake.su
rm -rf ./Core/Src/games/Game.cyclo ./Core/Src/games/Game.d ./Core/Src/games/Game.o ./Core/Src/games/Game.su
rm -rf ./Core/Src/GRID/GRID.cyclo ./Core/Src/GRID/GRID.d ./Core/Src/GRID/GRID.o ./Core/Src/GRID/GRID.su
rm -rf ./Core/Src/main.cyclo ./Core/Src/main.d ./Core/Src/main.o ./Core/Src/main.su ./Core/Src/stm32h5xx_hal_msp.cyclo ./Core/Src/stm32h5xx_hal_msp.d ./Core/Src/stm32h5xx_hal_msp.o ./Core/Src/stm32h5xx_hal_msp.su ./Core/Src/stm32h5xx_it.cyclo ./Core/Src/stm32h5xx_it.d ./Core/Src/stm32h5xx_it.o ./Core/Src/stm32h5xx_it.su ./Core/Src/syscalls.cyclo ./Core/Src/syscalls.d ./Core/Src/syscalls.o ./Core/Src/syscalls.su ./Core/Src/sysmem.cyclo ./Core/Src/sysmem.d ./Core/Src/sysmem.o ./Core/Src/sysmem.su ./Core/Src/system_stm32h5xx.cyclo ./Core/Src/system_stm32h5xx.d ./Core/Src/system_stm32h5xx.o ./Core/Src/system_stm32h5xx.su
rm -rf WS2812BMODULE.elf WS2812BMODULE.list WS2812BMODULE.map default.size.stdout
 
17:23:36 **** Build of configuration Debug for project WS2812BMODULE ****
make -j11 all 
arm-none-eabi-gcc "../Drivers/STM32H5xx_HAL_Driver/Src/stm32h5xx_hal.c" -mcpu=cortex-m33 -std=gnu11 -g3 -DDEBUG -DUSE_HAL_DRIVER -DSTM32H563xx -c -I../Core/Inc -I../Drivers/STM32H5xx_HAL_Driver/Inc -I../Drivers/STM32H5xx_HAL_Driver/Inc/Legacy -I../Drivers/CMSIS/Device/ST/STM32H5xx/Include -I../Drivers/CMSIS/Include -I"/Users/lucasnascimenti/Documents/GitHub/WS2812B_MODULE/stm/ws2812b_module/PROGRAM/WS2812B_DRIVER/WS2812BMODULE/Core/Inc/games" -I"/Users/lucasnascimenti/Documents/GitHub/WS2812B_MODULE/stm/ws2812b_module/PROGRAM/WS2812B_DRIVER/WS2812BMODULE/Core/Inc/games/snake" -I"/Users/lucasnascimenti/Documents/GitHub/WS2812B_MODULE/stm/ws2812b_module/PROGRAM/WS2812B_DRIVER/WS2812BMODULE/Core/Inc/player" -I"/Users/lucasnascimenti/Documents/GitHub/WS2812B_MODULE/stm/ws2812b_module/PROGRAM/WS2812B_DRIVER/WS2812BMODULE/Core/Inc/records" -I"/Users/lucasnascimenti/Documents/GitHub/WS2812B_MODULE/stm/ws2812b_module/PROGRAM/WS2812B_DRIVER/WS2812BMODULE/Core/Src/games" -I"/Users/lucasnascimenti/Documents/GitHub/WS2812B_MODULE/stm/ws2812b_module/PROGRAM/WS2812B_DRIVER/WS2812BMODULE/Core/Src/games/snake" -I"/Users/lucasnascimenti/Documents/GitHub/WS2812B_MODULE/stm/ws2812b_module/PROGRAM/WS2812B_DRIVER/WS2812BMODULE/Core/Inc/print" -I"/Users/lucasnascimenti/Documents/GitHub/WS2812B_MODULE/stm/ws2812b_module/PROGRAM/WS2812B_DRIVER/WS2812BMODULE/Core/Src/print" -I"/Users/lucasnascimenti/Documents/GitHub/WS2812B_MODULE/stm/ws2812b_module/PROGRAM/WS2812B_DRIVER/WS2812BMODULE/Core/Src/GRID" -I"/Users/lucasnascimenti/Documents/GitHub/WS2812B_MODULE/stm/ws2812b_module/PROGRAM/WS2812B_DRIVER/WS2812BMODULE/Core/Inc/GRID" -O0 -ffunction-sections -fdata-sections -Wall -fstack-usage -fcyclomatic-complexity -MMD -MP -MF"Drivers/STM32H5xx_HAL_Driver/Src/stm32h5xx_hal.d" -MT"Drivers/STM32H5xx_HAL_Driver/Src/stm32h5xx_hal.o" --specs=nano.specs -mfpu=fpv5-sp-d16 -mfloat-abi=hard -mthumb -o "Drivers/STM32H5xx_HAL_Driver/Src/stm32h5xx_hal.o"
arm-none-eabi-gcc "../Drivers/STM32H5xx_HAL_Driver/Src/stm32h5xx_hal_cortex.c" -mcpu=cortex-m33 -std=gnu11 -g3 -DDEBUG -DUSE_HAL_DRIVER -DSTM32H563xx -c -I../Core/Inc -I../Drivers/STM32H5xx_HAL_Driver/Inc -I../Drivers/STM32H5xx_HAL_Driver/Inc/Legacy -I../Drivers/CMSIS/Device/ST/STM32H5xx/Include -I../Drivers/CMSIS/Include -I"/Users/lucasnascimenti/Documents/GitHub/WS2812B_MODULE/stm/ws2812b_module/PROGRAM/WS2812B_DRIVER/WS2812BMODULE/Core/Inc/games" -I"/Users/lucasnascimenti/Documents/GitHub/WS2812B_MODULE/stm/ws2812b_module/PROGRAM/WS2812B_DRIVER/WS2812BMODULE/Core/Inc/games/snake" -I"/Users/lucasnascimenti/Documents/GitHub/WS2812B_MODULE/stm/ws2812b_module/PROGRAM/WS2812B_DRIVER/WS2812BMODULE/Core/Inc/player" -I"/Users/lucasnascimenti/Documents/GitHub/WS2812B_MODULE/stm/ws2812b_module/PROGRAM/WS2812B_DRIVER/WS2812BMODULE/Core/Inc/records" -I"/Users/lucasnascimenti/Documents/GitHub/WS2812B_MODULE/stm/ws2812b_module/PROGRAM/WS2812B_DRIVER/WS2812BMODULE/Core/Src/games" -I"/Users/lucasnascimenti/Documents/GitHub/WS2812B_MODULE/stm/ws2812b_module/PROGRAM/WS2812B_DRIVER/WS2812BMODULE/Core/Src/games/snake" -I"/Users/lucasnascimenti/Documents/GitHub/WS2812B_MODULE/stm/ws2812b_module/PROGRAM/WS2812B_DRIVER/WS2812BMODULE/Core/Inc/print" -I"/Users/lucasnascimenti/Documents/GitHub/WS2812B_MODULE/stm/ws2812b_module/PROGRAM/WS2812B_DRIVER/WS2812BMODULE/Core/Src/print" -I"/Users/lucasnascimenti/Documents/GitHub/WS2812B_MODULE/stm/ws2812b_module/PROGRAM/WS2812B_DRIVER/WS2812BMODULE/Core/Src/GRID" -I"/Users/lucasnascimenti/Documents/GitHub/WS2812B_MODULE/stm/ws2812b_module/PROGRAM/WS2812B_DRIVER/WS2812BMODULE/Core/Inc/GRID" -O0 -ffunction-sections -fdata-sections -Wall -fstack-usage -fcyclomatic-complexity -MMD -MP -MF"Drivers/STM32H5xx_HAL_Driver/Src/stm32h5xx_hal_cortex.d" -MT"Drivers/STM32H5xx_HAL_Driver/Src/stm32h5xx_hal_cortex.o" --specs=nano.specs -mfpu=fpv5-sp-d16 -mfloat-abi=hard -mthumb -o "Drivers/STM32H5xx_HAL_Driver/Src/stm32h5xx_hal_cortex.o"
arm-none-eabi-gcc "../Drivers/STM32H5xx_HAL_Driver/Src/stm32h5xx_hal_dma.c" -mcpu=cortex-m33 -std=gnu11 -g3 -DDEBUG -DUSE_HAL_DRIVER -DSTM32H563xx -c -I../Core/Inc -I../Drivers/STM32H5xx_HAL_Driver/Inc -I../Drivers/STM32H5xx_HAL_Driver/Inc/Legacy -I../Drivers/CMSIS/Device/ST/STM32H5xx/Include -I../Drivers/CMSIS/Include -I"/Users/lucasnascimenti/Documents/GitHub/WS2812B_MODULE/stm/ws2812b_module/PROGRAM/WS2812B_DRIVER/WS2812BMODULE/Core/Inc/games" -I"/Users/lucasnascimenti/Documents/GitHub/WS2812B_MODULE/stm/ws2812b_module/PROGRAM/WS2812B_DRIVER/WS2812BMODULE/Core/Inc/games/snake" -I"/Users/lucasnascimenti/Documents/GitHub/WS2812B_MODULE/stm/ws2812b_module/PROGRAM/WS2812B_DRIVER/WS2812BMODULE/Core/Inc/player" -I"/Users/lucasnascimenti/Documents/GitHub/WS2812B_MODULE/stm/ws2812b_module/PROGRAM/WS2812B_DRIVER/WS2812BMODULE/Core/Inc/records" -I"/Users/lucasnascimenti/Documents/GitHub/WS2812B_MODULE/stm/ws2812b_module/PROGRAM/WS2812B_DRIVER/WS2812BMODULE/Core/Src/games" -I"/Users/lucasnascimenti/Documents/GitHub/WS2812B_MODULE/stm/ws2812b_module/PROGRAM/WS2812B_DRIVER/WS2812BMODULE/Core/Src/games/snake" -I"/Users/lucasnascimenti/Documents/GitHub/WS2812B_MODULE/stm/ws2812b_module/PROGRAM/WS2812B_DRIVER/WS2812BMODULE/Core/Inc/print" -I"/Users/lucasnascimenti/Documents/GitHub/WS2812B_MODULE/stm/ws2812b_module/PROGRAM/WS2812B_DRIVER/WS2812BMODULE/Core/Src/print" -I"/Users/lucasnascimenti/Documents/GitHub/WS2812B_MODULE/stm/ws2812b_module/PROGRAM/WS2812B_DRIVER/WS2812BMODULE/Core/Src/GRID" -I"/Users/lucasnascimenti/Documents/GitHub/WS2812B_MODULE/stm/ws2812b_module/PROGRAM/WS2812B_DRIVER/WS2812BMODULE/Core/Inc/GRID" -O0 -ffunction-sections -fdata-sections -Wall -fstack-usage -fcyclomatic-complexity -MMD -MP -MF"Drivers/STM32H5xx_HAL_Driver/Src/stm32h5xx_hal_dma.d" -MT"Drivers/STM32H5xx_HAL_Driver/Src/stm32h5xx_hal_dma.o" --specs=nano.specs -mfpu=fpv5-sp-d16 -mfloat-abi=hard -mthumb -o "Drivers/STM32H5xx_HAL_Driver/Src/stm32h5xx_hal_dma.o"
arm-none-eabi-gcc "../Drivers/STM32H5xx_HAL_Driver/Src/stm32h5xx_hal_dma_ex.c" -mcpu=cortex-m33 -std=gnu11 -g3 -DDEBUG -DUSE_HAL_DRIVER -DSTM32H563xx -c -I../Core/Inc -I../Drivers/STM32H5xx_HAL_Driver/Inc -I../Drivers/STM32H5xx_HAL_Driver/Inc/Legacy -I../Drivers/CMSIS/Device/ST/STM32H5xx/Include -I../Drivers/CMSIS/Include -I"/Users/lucasnascimenti/Documents/GitHub/WS2812B_MODULE/stm/ws2812b_module/PROGRAM/WS2812B_DRIVER/WS2812BMODULE/Core/Inc/games" -I"/Users/lucasnascimenti/Documents/GitHub/WS2812B_MODULE/stm/ws2812b_module/PROGRAM/WS2812B_DRIVER/WS2812BMODULE/Core/Inc/games/snake" -I"/Users/lucasnascimenti/Documents/GitHub/WS2812B_MODULE/stm/ws2812b_module/PROGRAM/WS2812B_DRIVER/WS2812BMODULE/Core/Inc/player" -I"/Users/lucasnascimenti/Documents/GitHub/WS2812B_MODULE/stm/ws2812b_module/PROGRAM/WS2812B_DRIVER/WS2812BMODULE/Core/Inc/records" -I"/Users/lucasnascimenti/Documents/GitHub/WS2812B_MODULE/stm/ws2812b_module/PROGRAM/WS2812B_DRIVER/WS2812BMODULE/Core/Src/games" -I"/Users/lucasnascimenti/Documents/GitHub/WS2812B_MODULE/stm/ws2812b_module/PROGRAM/WS2812B_DRIVER/WS2812BMODULE/Core/Src/games/snake" -I"/Users/lucasnascimenti/Documents/GitHub/WS2812B_MODULE/stm/ws2812b_module/PROGRAM/WS2812B_DRIVER/WS2812BMODULE/Core/Inc/print" -I"/Users/lucasnascimenti/Documents/GitHub/WS2812B_MODULE/stm/ws2812b_module/PROGRAM/WS2812B_DRIVER/WS2812BMODULE/Core/Src/print" -I"/Users/lucasnascimenti/Documents/GitHub/WS2812B_MODULE/stm/ws2812b_module/PROGRAM/WS2812B_DRIVER/WS2812BMODULE/Core/Src/GRID" -I"/Users/lucasnascimenti/Documents/GitHub/WS2812B_MODULE/stm/ws2812b_module/PROGRAM/WS2812B_DRIVER/WS2812BMODULE/Core/Inc/GRID" -O0 -ffunction-sections -fdata-sections -Wall -fstack-usage -fcyclomatic-complexity -MMD -MP -MF"Drivers/STM32H5xx_HAL_Driver/Src/stm32h5xx_hal_dma_ex.d" -MT"Drivers/STM32H5xx_HAL_Driver/Src/stm32h5xx_hal_dma_ex.o" --specs=nano.specs -mfpu=fpv5-sp-d16 -mfloat-abi=hard -mthumb -o "Drivers/STM32H5xx_HAL_Driver/Src/stm32h5xx_hal_dma_ex.o"
arm-none-eabi-gcc "../Drivers/STM32H5xx_HAL_Driver/Src/stm32h5xx_hal_exti.c" -mcpu=cortex-m33 -std=gnu11 -g3 -DDEBUG -DUSE_HAL_DRIVER -DSTM32H563xx -c -I../Core/Inc -I../Drivers/STM32H5xx_HAL_Driver/Inc -I../Drivers/STM32H5xx_HAL_Driver/Inc/Legacy -I../Drivers/CMSIS/Device/ST/STM32H5xx/Include -I../Drivers/CMSIS/Include -I"/Users/lucasnascimenti/Documents/GitHub/WS2812B_MODULE/stm/ws2812b_module/PROGRAM/WS2812B_DRIVER/WS2812BMODULE/Core/Inc/games" -I"/Users/lucasnascimenti/Documents/GitHub/WS2812B_MODULE/stm/ws2812b_module/PROGRAM/WS2812B_DRIVER/WS2812BMODULE/Core/Inc/games/snake" -I"/Users/lucasnascimenti/Documents/GitHub/WS2812B_MODULE/stm/ws2812b_module/PROGRAM/WS2812B_DRIVER/WS2812BMODULE/Core/Inc/player" -I"/Users/lucasnascimenti/Documents/GitHub/WS2812B_MODULE/stm/ws2812b_module/PROGRAM/WS2812B_DRIVER/WS2812BMODULE/Core/Inc/records" -I"/Users/lucasnascimenti/Documents/GitHub/WS2812B_MODULE/stm/ws2812b_module/PROGRAM/WS2812B_DRIVER/WS2812BMODULE/Core/Src/games" -I"/Users/lucasnascimenti/Documents/GitHub/WS2812B_MODULE/stm/ws2812b_module/PROGRAM/WS2812B_DRIVER/WS2812BMODULE/Core/Src/games/snake" -I"/Users/lucasnascimenti/Documents/GitHub/WS2812B_MODULE/stm/ws2812b_module/PROGRAM/WS2812B_DRIVER/WS2812BMODULE/Core/Inc/print" -I"/Users/lucasnascimenti/Documents/GitHub/WS2812B_MODULE/stm/ws2812b_module/PROGRAM/WS2812B_DRIVER/WS2812BMODULE/Core/Src/print" -I"/Users/lucasnascimenti/Documents/GitHub/WS2812B_MODULE/stm/ws2812b_module/PROGRAM/WS2812B_DRIVER/WS2812BMODULE/Core/Src/GRID" -I"/Users/lucasnascimenti/Documents/GitHub/WS2812B_MODULE/stm/ws2812b_module/PROGRAM/WS2812B_DRIVER/WS2812BMODULE/Core/Inc/GRID" -O0 -ffunction-sections -fdata-sections -Wall -fstack-usage -fcyclomatic-complexity -MMD -MP -MF"Drivers/STM32H5xx_HAL_Driver/Src/stm32h5xx_hal_exti.d" -MT"Drivers/STM32H5xx_HAL_Driver/Src/stm32h5xx_hal_exti.o" --specs=nano.specs -mfpu=fpv5-sp-d16 -mfloat-abi=hard -mthumb -o "Drivers/STM32H5xx_HAL_Driver/Src/stm32h5xx_hal_exti.o"
arm-none-eabi-gcc "../Drivers/STM32H5xx_HAL_Driver/Src/stm32h5xx_hal_flash.c" -mcpu=cortex-m33 -std=gnu11 -g3 -DDEBUG -DUSE_HAL_DRIVER -DSTM32H563xx -c -I../Core/Inc -I../Drivers/STM32H5xx_HAL_Driver/Inc -I../Drivers/STM32H5xx_HAL_Driver/Inc/Legacy -I../Drivers/CMSIS/Device/ST/STM32H5xx/Include -I../Drivers/CMSIS/Include -I"/Users/lucasnascimenti/Documents/GitHub/WS2812B_MODULE/stm/ws2812b_module/PROGRAM/WS2812B_DRIVER/WS2812BMODULE/Core/Inc/games" -I"/Users/lucasnascimenti/Documents/GitHub/WS2812B_MODULE/stm/ws2812b_module/PROGRAM/WS2812B_DRIVER/WS2812BMODULE/Core/Inc/games/snake" -I"/Users/lucasnascimenti/Documents/GitHub/WS2812B_MODULE/stm/ws2812b_module/PROGRAM/WS2812B_DRIVER/WS2812BMODULE/Core/Inc/player" -I"/Users/lucasnascimenti/Documents/GitHub/WS2812B_MODULE/stm/ws2812b_module/PROGRAM/WS2812B_DRIVER/WS2812BMODULE/Core/Inc/records" -I"/Users/lucasnascimenti/Documents/GitHub/WS2812B_MODULE/stm/ws2812b_module/PROGRAM/WS2812B_DRIVER/WS2812BMODULE/Core/Src/games" -I"/Users/lucasnascimenti/Documents/GitHub/WS2812B_MODULE/stm/ws2812b_module/PROGRAM/WS2812B_DRIVER/WS2812BMODULE/Core/Src/games/snake" -I"/Users/lucasnascimenti/Documents/GitHub/WS2812B_MODULE/stm/ws2812b_module/PROGRAM/WS2812B_DRIVER/WS2812BMODULE/Core/Inc/print" -I"/Users/lucasnascimenti/Documents/GitHub/WS2812B_MODULE/stm/ws2812b_module/PROGRAM/WS2812B_DRIVER/WS2812BMODULE/Core/Src/print" -I"/Users/lucasnascimenti/Documents/GitHub/WS2812B_MODULE/stm/ws2812b_module/PROGRAM/WS2812B_DRIVER/WS2812BMODULE/Core/Src/GRID" -I"/Users/lucasnascimenti/Documents/GitHub/WS2812B_MODULE/stm/ws2812b_module/PROGRAM/WS2812B_DRIVER/WS2812BMODULE/Core/Inc/GRID" -O0 -ffunction-sections -fdata-sections -Wall -fstack-usage -fcyclomatic-complexity -MMD -MP -MF"Drivers/STM32H5xx_HAL_Driver/Src/stm32h5xx_hal_flash.d" -MT"Drivers/STM32H5xx_HAL_Driver/Src/stm32h5xx_hal_flash.o" --specs=nano.specs -mfpu=fpv5-sp-d16 -mfloat-abi=hard -mthumb -o "Drivers/STM32H5xx_HAL_Driver/Src/stm32h5xx_hal_flash.o"
arm-none-eabi-gcc "../Drivers/STM32H5xx_HAL_Driver/Src/stm32h5xx_hal_flash_ex.c" -mcpu=cortex-m33 -std=gnu11 -g3 -DDEBUG -DUSE_HAL_DRIVER -DSTM32H563xx -c -I../Core/Inc -I../Drivers/STM32H5xx_HAL_Driver/Inc -I../Drivers/STM32H5xx_HAL_Driver/Inc/Legacy -I../Drivers/CMSIS/Device/ST/STM32H5xx/Include -I../Drivers/CMSIS/Include -I"/Users/lucasnascimenti/Documents/GitHub/WS2812B_MODULE/stm/ws2812b_module/PROGRAM/WS2812B_DRIVER/WS2812BMODULE/Core/Inc/games" -I"/Users/lucasnascimenti/Documents/GitHub/WS2812B_MODULE/stm/ws2812b_module/PROGRAM/WS2812B_DRIVER/WS2812BMODULE/Core/Inc/games/snake" -I"/Users/lucasnascimenti/Documents/GitHub/WS2812B_MODULE/stm/ws2812b_module/PROGRAM/WS2812B_DRIVER/WS2812BMODULE/Core/Inc/player" -I"/Users/lucasnascimenti/Documents/GitHub/WS2812B_MODULE/stm/ws2812b_module/PROGRAM/WS2812B_DRIVER/WS2812BMODULE/Core/Inc/records" -I"/Users/lucasnascimenti/Documents/GitHub/WS2812B_MODULE/stm/ws2812b_module/PROGRAM/WS2812B_DRIVER/WS2812BMODULE/Core/Src/games" -I"/Users/lucasnascimenti/Documents/GitHub/WS2812B_MODULE/stm/ws2812b_module/PROGRAM/WS2812B_DRIVER/WS2812BMODULE/Core/Src/games/snake" -I"/Users/lucasnascimenti/Documents/GitHub/WS2812B_MODULE/stm/ws2812b_module/PROGRAM/WS2812B_DRIVER/WS2812BMODULE/Core/Inc/print" -I"/Users/lucasnascimenti/Documents/GitHub/WS2812B_MODULE/stm/ws2812b_module/PROGRAM/WS2812B_DRIVER/WS2812BMODULE/Core/Src/print" -I"/Users/lucasnascimenti/Documents/GitHub/WS2812B_MODULE/stm/ws2812b_module/PROGRAM/WS2812B_DRIVER/WS2812BMODULE/Core/Src/GRID" -I"/Users/lucasnascimenti/Documents/GitHub/WS2812B_MODULE/stm/ws2812b_module/PROGRAM/WS2812B_DRIVER/WS2812BMODULE/Core/Inc/GRID" -O0 -ffunction-sections -fdata-sections -Wall -fstack-usage -fcyclomatic-complexity -MMD -MP -MF"Drivers/STM32H5xx_HAL_Driver/Src/stm32h5xx_hal_flash_ex.d" -MT"Drivers/STM32H5xx_HAL_Driver/Src/stm32h5xx_hal_flash_ex.o" --specs=nano.specs -mfpu=fpv5-sp-d16 -mfloat-abi=hard -mthumb -o "Drivers/STM32H5xx_HAL_Driver/Src/stm32h5xx_hal_flash_ex.o"
arm-none-eabi-gcc "../Drivers/STM32H5xx_HAL_Driver/Src/stm32h5xx_hal_gpio.c" -mcpu=cortex-m33 -std=gnu11 -g3 -DDEBUG -DUSE_HAL_DRIVER -DSTM32H563xx -c -I../Core/Inc -I../Drivers/STM32H5xx_HAL_Driver/Inc -I../Drivers/STM32H5xx_HAL_Driver/Inc/Legacy -I../Drivers/CMSIS/Device/ST/STM32H5xx/Include -I../Drivers/CMSIS/Include -I"/Users/lucasnascimenti/Documents/GitHub/WS2812B_MODULE/stm/ws2812b_module/PROGRAM/WS2812B_DRIVER/WS2812BMODULE/Core/Inc/games" -I"/Users/lucasnascimenti/Documents/GitHub/WS2812B_MODULE/stm/ws2812b_module/PROGRAM/WS2812B_DRIVER/WS2812BMODULE/Core/Inc/games/snake" -I"/Users/lucasnascimenti/Documents/GitHub/WS2812B_MODULE/stm/ws2812b_module/PROGRAM/WS2812B_DRIVER/WS2812BMODULE/Core/Inc/player" -I"/Users/lucasnascimenti/Documents/GitHub/WS2812B_MODULE/stm/ws2812b_module/PROGRAM/WS2812B_DRIVER/WS2812BMODULE/Core/Inc/records" -I"/Users/lucasnascimenti/Documents/GitHub/WS2812B_MODULE/stm/ws2812b_module/PROGRAM/WS2812B_DRIVER/WS2812BMODULE/Core/Src/games" -I"/Users/lucasnascimenti/Documents/GitHub/WS2812B_MODULE/stm/ws2812b_module/PROGRAM/WS2812B_DRIVER/WS2812BMODULE/Core/Src/games/snake" -I"/Users/lucasnascimenti/Documents/GitHub/WS2812B_MODULE/stm/ws2812b_module/PROGRAM/WS2812B_DRIVER/WS2812BMODULE/Core/Inc/print" -I"/Users/lucasnascimenti/Documents/GitHub/WS2812B_MODULE/stm/ws2812b_module/PROGRAM/WS2812B_DRIVER/WS2812BMODULE/Core/Src/print" -I"/Users/lucasnascimenti/Documents/GitHub/WS2812B_MODULE/stm/ws2812b_module/PROGRAM/WS2812B_DRIVER/WS2812BMODULE/Core/Src/GRID" -I"/Users/lucasnascimenti/Documents/GitHub/WS2812B_MODULE/stm/ws2812b_module/PROGRAM/WS2812B_DRIVER/WS2812BMODULE/Core/Inc/GRID" -O0 -ffunction-sections -fdata-sections -Wall -fstack-usage -fcyclomatic-complexity -MMD -MP -MF"Drivers/STM32H5xx_HAL_Driver/Src/stm32h5xx_hal_gpio.d" -MT"Drivers/STM32H5xx_HAL_Driver/Src/stm32h5xx_hal_gpio.o" --specs=nano.specs -mfpu=fpv5-sp-d16 -mfloat-abi=hard -mthumb -o "Drivers/STM32H5xx_HAL_Driver/Src/stm32h5xx_hal_gpio.o"
arm-none-eabi-gcc "../Drivers/STM32H5xx_HAL_Driver/Src/stm32h5xx_hal_pwr.c" -mcpu=cortex-m33 -std=gnu11 -g3 -DDEBUG -DUSE_HAL_DRIVER -DSTM32H563xx -c -I../Core/Inc -I../Drivers/STM32H5xx_HAL_Driver/Inc -I../Drivers/STM32H5xx_HAL_Driver/Inc/Legacy -I../Drivers/CMSIS/Device/ST/STM32H5xx/Include -I../Drivers/CMSIS/Include -I"/Users/lucasnascimenti/Documents/GitHub/WS2812B_MODULE/stm/ws2812b_module/PROGRAM/WS2812B_DRIVER/WS2812BMODULE/Core/Inc/games" -I"/Users/lucasnascimenti/Documents/GitHub/WS2812B_MODULE/stm/ws2812b_module/PROGRAM/WS2812B_DRIVER/WS2812BMODULE/Core/Inc/games/snake" -I"/Users/lucasnascimenti/Documents/GitHub/WS2812B_MODULE/stm/ws2812b_module/PROGRAM/WS2812B_DRIVER/WS2812BMODULE/Core/Inc/player" -I"/Users/lucasnascimenti/Documents/GitHub/WS2812B_MODULE/stm/ws2812b_module/PROGRAM/WS2812B_DRIVER/WS2812BMODULE/Core/Inc/records" -I"/Users/lucasnascimenti/Documents/GitHub/WS2812B_MODULE/stm/ws2812b_module/PROGRAM/WS2812B_DRIVER/WS2812BMODULE/Core/Src/games" -I"/Users/lucasnascimenti/Documents/GitHub/WS2812B_MODULE/stm/ws2812b_module/PROGRAM/WS2812B_DRIVER/WS2812BMODULE/Core/Src/games/snake" -I"/Users/lucasnascimenti/Documents/GitHub/WS2812B_MODULE/stm/ws2812b_module/PROGRAM/WS2812B_DRIVER/WS2812BMODULE/Core/Inc/print" -I"/Users/lucasnascimenti/Documents/GitHub/WS2812B_MODULE/stm/ws2812b_module/PROGRAM/WS2812B_DRIVER/WS2812BMODULE/Core/Src/print" -I"/Users/lucasnascimenti/Documents/GitHub/WS2812B_MODULE/stm/ws2812b_module/PROGRAM/WS2812B_DRIVER/WS2812BMODULE/Core/Src/GRID" -I"/Users/lucasnascimenti/Documents/GitHub/WS2812B_MODULE/stm/ws2812b_module/PROGRAM/WS2812B_DRIVER/WS2812BMODULE/Core/Inc/GRID" -O0 -ffunction-sections -fdata-sections -Wall -fstack-usage -fcyclomatic-complexity -MMD -MP -MF"Drivers/STM32H5xx_HAL_Driver/Src/stm32h5xx_hal_pwr.d" -MT"Drivers/STM32H5xx_HAL_Driver/Src/stm32h5xx_hal_pwr.o" --specs=nano.specs -mfpu=fpv5-sp-d16 -mfloat-abi=hard -mthumb -o "Drivers/STM32H5xx_HAL_Driver/Src/stm32h5xx_hal_pwr.o"
arm-none-eabi-gcc "../Drivers/STM32H5xx_HAL_Driver/Src/stm32h5xx_hal_pwr_ex.c" -mcpu=cortex-m33 -std=gnu11 -g3 -DDEBUG -DUSE_HAL_DRIVER -DSTM32H563xx -c -I../Core/Inc -I../Drivers/STM32H5xx_HAL_Driver/Inc -I../Drivers/STM32H5xx_HAL_Driver/Inc/Legacy -I../Drivers/CMSIS/Device/ST/STM32H5xx/Include -I../Drivers/CMSIS/Include -I"/Users/lucasnascimenti/Documents/GitHub/WS2812B_MODULE/stm/ws2812b_module/PROGRAM/WS2812B_DRIVER/WS2812BMODULE/Core/Inc/games" -I"/Users/lucasnascimenti/Documents/GitHub/WS2812B_MODULE/stm/ws2812b_module/PROGRAM/WS2812B_DRIVER/WS2812BMODULE/Core/Inc/games/snake" -I"/Users/lucasnascimenti/Documents/GitHub/WS2812B_MODULE/stm/ws2812b_module/PROGRAM/WS2812B_DRIVER/WS2812BMODULE/Core/Inc/player" -I"/Users/lucasnascimenti/Documents/GitHub/WS2812B_MODULE/stm/ws2812b_module/PROGRAM/WS2812B_DRIVER/WS2812BMODULE/Core/Inc/records" -I"/Users/lucasnascimenti/Documents/GitHub/WS2812B_MODULE/stm/ws2812b_module/PROGRAM/WS2812B_DRIVER/WS2812BMODULE/Core/Src/games" -I"/Users/lucasnascimenti/Documents/GitHub/WS2812B_MODULE/stm/ws2812b_module/PROGRAM/WS2812B_DRIVER/WS2812BMODULE/Core/Src/games/snake" -I"/Users/lucasnascimenti/Documents/GitHub/WS2812B_MODULE/stm/ws2812b_module/PROGRAM/WS2812B_DRIVER/WS2812BMODULE/Core/Inc/print" -I"/Users/lucasnascimenti/Documents/GitHub/WS2812B_MODULE/stm/ws2812b_module/PROGRAM/WS2812B_DRIVER/WS2812BMODULE/Core/Src/print" -I"/Users/lucasnascimenti/Documents/GitHub/WS2812B_MODULE/stm/ws2812b_module/PROGRAM/WS2812B_DRIVER/WS2812BMODULE/Core/Src/GRID" -I"/Users/lucasnascimenti/Documents/GitHub/WS2812B_MODULE/stm/ws2812b_module/PROGRAM/WS2812B_DRIVER/WS2812BMODULE/Core/Inc/GRID" -O0 -ffunction-sections -fdata-sections -Wall -fstack-usage -fcyclomatic-complexity -MMD -MP -MF"Drivers/STM32H5xx_HAL_Driver/Src/stm32h5xx_hal_pwr_ex.d" -MT"Drivers/STM32H5xx_HAL_Driver/Src/stm32h5xx_hal_pwr_ex.o" --specs=nano.specs -mfpu=fpv5-sp-d16 -mfloat-abi=hard -mthumb -o "Drivers/STM32H5xx_HAL_Driver/Src/stm32h5xx_hal_pwr_ex.o"
arm-none-eabi-gcc "../Drivers/STM32H5xx_HAL_Driver/Src/stm32h5xx_hal_rcc.c" -mcpu=cortex-m33 -std=gnu11 -g3 -DDEBUG -DUSE_HAL_DRIVER -DSTM32H563xx -c -I../Core/Inc -I../Drivers/STM32H5xx_HAL_Driver/Inc -I../Drivers/STM32H5xx_HAL_Driver/Inc/Legacy -I../Drivers/CMSIS/Device/ST/STM32H5xx/Include -I../Drivers/CMSIS/Include -I"/Users/lucasnascimenti/Documents/GitHub/WS2812B_MODULE/stm/ws2812b_module/PROGRAM/WS2812B_DRIVER/WS2812BMODULE/Core/Inc/games" -I"/Users/lucasnascimenti/Documents/GitHub/WS2812B_MODULE/stm/ws2812b_module/PROGRAM/WS2812B_DRIVER/WS2812BMODULE/Core/Inc/games/snake" -I"/Users/lucasnascimenti/Documents/GitHub/WS2812B_MODULE/stm/ws2812b_module/PROGRAM/WS2812B_DRIVER/WS2812BMODULE/Core/Inc/player" -I"/Users/lucasnascimenti/Documents/GitHub/WS2812B_MODULE/stm/ws2812b_module/PROGRAM/WS2812B_DRIVER/WS2812BMODULE/Core/Inc/records" -I"/Users/lucasnascimenti/Documents/GitHub/WS2812B_MODULE/stm/ws2812b_module/PROGRAM/WS2812B_DRIVER/WS2812BMODULE/Core/Src/games" -I"/Users/lucasnascimenti/Documents/GitHub/WS2812B_MODULE/stm/ws2812b_module/PROGRAM/WS2812B_DRIVER/WS2812BMODULE/Core/Src/games/snake" -I"/Users/lucasnascimenti/Documents/GitHub/WS2812B_MODULE/stm/ws2812b_module/PROGRAM/WS2812B_DRIVER/WS2812BMODULE/Core/Inc/print" -I"/Users/lucasnascimenti/Documents/GitHub/WS2812B_MODULE/stm/ws2812b_module/PROGRAM/WS2812B_DRIVER/WS2812BMODULE/Core/Src/print" -I"/Users/lucasnascimenti/Documents/GitHub/WS2812B_MODULE/stm/ws2812b_module/PROGRAM/WS2812B_DRIVER/WS2812BMODULE/Core/Src/GRID" -I"/Users/lucasnascimenti/Documents/GitHub/WS2812B_MODULE/stm/ws2812b_module/PROGRAM/WS2812B_DRIVER/WS2812BMODULE/Core/Inc/GRID" -O0 -ffunction-sections -fdata-sections -Wall -fstack-usage -fcyclomatic-complexity -MMD -MP -MF"Drivers/STM32H5xx_HAL_Driver/Src/stm32h5xx_hal_rcc.d" -MT"Drivers/STM32H5xx_HAL_Driver/Src/stm32h5xx_hal_rcc.o" --specs=nano.specs -mfpu=fpv5-sp-d16 -mfloat-abi=hard -mthumb -o "Drivers/STM32H5xx_HAL_Driver/Src/stm32h5xx_hal_rcc.o"
arm-none-eabi-gcc "../Drivers/STM32H5xx_HAL_Driver/Src/stm32h5xx_hal_rcc_ex.c" -mcpu=cortex-m33 -std=gnu11 -g3 -DDEBUG -DUSE_HAL_DRIVER -DSTM32H563xx -c -I../Core/Inc -I../Drivers/STM32H5xx_HAL_Driver/Inc -I../Drivers/STM32H5xx_HAL_Driver/Inc/Legacy -I../Drivers/CMSIS/Device/ST/STM32H5xx/Include -I../Drivers/CMSIS/Include -I"/Users/lucasnascimenti/Documents/GitHub/WS2812B_MODULE/stm/ws2812b_module/PROGRAM/WS2812B_DRIVER/WS2812BMODULE/Core/Inc/games" -I"/Users/lucasnascimenti/Documents/GitHub/WS2812B_MODULE/stm/ws2812b_module/PROGRAM/WS2812B_DRIVER/WS2812BMODULE/Core/Inc/games/snake" -I"/Users/lucasnascimenti/Documents/GitHub/WS2812B_MODULE/stm/ws2812b_module/PROGRAM/WS2812B_DRIVER/WS2812BMODULE/Core/Inc/player" -I"/Users/lucasnascimenti/Documents/GitHub/WS2812B_MODULE/stm/ws2812b_module/PROGRAM/WS2812B_DRIVER/WS2812BMODULE/Core/Inc/records" -I"/Users/lucasnascimenti/Documents/GitHub/WS2812B_MODULE/stm/ws2812b_module/PROGRAM/WS2812B_DRIVER/WS2812BMODULE/Core/Src/games" -I"/Users/lucasnascimenti/Documents/GitHub/WS2812B_MODULE/stm/ws2812b_module/PROGRAM/WS2812B_DRIVER/WS2812BMODULE/Core/Src/games/snake" -I"/Users/lucasnascimenti/Documents/GitHub/WS2812B_MODULE/stm/ws2812b_module/PROGRAM/WS2812B_DRIVER/WS2812BMODULE/Core/Inc/print" -I"/Users/lucasnascimenti/Documents/GitHub/WS2812B_MODULE/stm/ws2812b_module/PROGRAM/WS2812B_DRIVER/WS2812BMODULE/Core/Src/print" -I"/Users/lucasnascimenti/Documents/GitHub/WS2812B_MODULE/stm/ws2812b_module/PROGRAM/WS2812B_DRIVER/WS2812BMODULE/Core/Src/GRID" -I"/Users/lucasnascimenti/Documents/GitHub/WS2812B_MODULE/stm/ws2812b_module/PROGRAM/WS2812B_DRIVER/WS2812BMODULE/Core/Inc/GRID" -O0 -ffunction-sections -fdata-sections -Wall -fstack-usage -fcyclomatic-complexity -MMD -MP -MF"Drivers/STM32H5xx_HAL_Driver/Src/stm32h5xx_hal_rcc_ex.d" -MT"Drivers/STM32H5xx_HAL_Driver/Src/stm32h5xx_hal_rcc_ex.o" --specs=nano.specs -mfpu=fpv5-sp-d16 -mfloat-abi=hard -mthumb -o "Drivers/STM32H5xx_HAL_Driver/Src/stm32h5xx_hal_rcc_ex.o"
arm-none-eabi-gcc "../Drivers/STM32H5xx_HAL_Driver/Src/stm32h5xx_hal_spi.c" -mcpu=cortex-m33 -std=gnu11 -g3 -DDEBUG -DUSE_HAL_DRIVER -DSTM32H563xx -c -I../Core/Inc -I../Drivers/STM32H5xx_HAL_Driver/Inc -I../Drivers/STM32H5xx_HAL_Driver/Inc/Legacy -I../Drivers/CMSIS/Device/ST/STM32H5xx/Include -I../Drivers/CMSIS/Include -I"/Users/lucasnascimenti/Documents/GitHub/WS2812B_MODULE/stm/ws2812b_module/PROGRAM/WS2812B_DRIVER/WS2812BMODULE/Core/Inc/games" -I"/Users/lucasnascimenti/Documents/GitHub/WS2812B_MODULE/stm/ws2812b_module/PROGRAM/WS2812B_DRIVER/WS2812BMODULE/Core/Inc/games/snake" -I"/Users/lucasnascimenti/Documents/GitHub/WS2812B_MODULE/stm/ws2812b_module/PROGRAM/WS2812B_DRIVER/WS2812BMODULE/Core/Inc/player" -I"/Users/lucasnascimenti/Documents/GitHub/WS2812B_MODULE/stm/ws2812b_module/PROGRAM/WS2812B_DRIVER/WS2812BMODULE/Core/Inc/records" -I"/Users/lucasnascimenti/Documents/GitHub/WS2812B_MODULE/stm/ws2812b_module/PROGRAM/WS2812B_DRIVER/WS2812BMODULE/Core/Src/games" -I"/Users/lucasnascimenti/Documents/GitHub/WS2812B_MODULE/stm/ws2812b_module/PROGRAM/WS2812B_DRIVER/WS2812BMODULE/Core/Src/games/snake" -I"/Users/lucasnascimenti/Documents/GitHub/WS2812B_MODULE/stm/ws2812b_module/PROGRAM/WS2812B_DRIVER/WS2812BMODULE/Core/Inc/print" -I"/Users/lucasnascimenti/Documents/GitHub/WS2812B_MODULE/stm/ws2812b_module/PROGRAM/WS2812B_DRIVER/WS2812BMODULE/Core/Src/print" -I"/Users/lucasnascimenti/Documents/GitHub/WS2812B_MODULE/stm/ws2812b_module/PROGRAM/WS2812B_DRIVER/WS2812BMODULE/Core/Src/GRID" -I"/Users/lucasnascimenti/Documents/GitHub/WS2812B_MODULE/stm/ws2812b_module/PROGRAM/WS2812B_DRIVER/WS2812BMODULE/Core/Inc/GRID" -O0 -ffunction-sections -fdata-sections -Wall -fstack-usage -fcyclomatic-complexity -MMD -MP -MF"Drivers/STM32H5xx_HAL_Driver/Src/stm32h5xx_hal_spi.d" -MT"Drivers/STM32H5xx_HAL_Driver/Src/stm32h5xx_hal_spi.o" --specs=nano.specs -mfpu=fpv5-sp-d16 -mfloat-abi=hard -mthumb -o "Drivers/STM32H5xx_HAL_Driver/Src/stm32h5xx_hal_spi.o"
arm-none-eabi-gcc "../Drivers/STM32H5xx_HAL_Driver/Src/stm32h5xx_hal_spi_ex.c" -mcpu=cortex-m33 -std=gnu11 -g3 -DDEBUG -DUSE_HAL_DRIVER -DSTM32H563xx -c -I../Core/Inc -I../Drivers/STM32H5xx_HAL_Driver/Inc -I../Drivers/STM32H5xx_HAL_Driver/Inc/Legacy -I../Drivers/CMSIS/Device/ST/STM32H5xx/Include -I../Drivers/CMSIS/Include -I"/Users/lucasnascimenti/Documents/GitHub/WS2812B_MODULE/stm/ws2812b_module/PROGRAM/WS2812B_DRIVER/WS2812BMODULE/Core/Inc/games" -I"/Users/lucasnascimenti/Documents/GitHub/WS2812B_MODULE/stm/ws2812b_module/PROGRAM/WS2812B_DRIVER/WS2812BMODULE/Core/Inc/games/snake" -I"/Users/lucasnascimenti/Documents/GitHub/WS2812B_MODULE/stm/ws2812b_module/PROGRAM/WS2812B_DRIVER/WS2812BMODULE/Core/Inc/player" -I"/Users/lucasnascimenti/Documents/GitHub/WS2812B_MODULE/stm/ws2812b_module/PROGRAM/WS2812B_DRIVER/WS2812BMODULE/Core/Inc/records" -I"/Users/lucasnascimenti/Documents/GitHub/WS2812B_MODULE/stm/ws2812b_module/PROGRAM/WS2812B_DRIVER/WS2812BMODULE/Core/Src/games" -I"/Users/lucasnascimenti/Documents/GitHub/WS2812B_MODULE/stm/ws2812b_module/PROGRAM/WS2812B_DRIVER/WS2812BMODULE/Core/Src/games/snake" -I"/Users/lucasnascimenti/Documents/GitHub/WS2812B_MODULE/stm/ws2812b_module/PROGRAM/WS2812B_DRIVER/WS2812BMODULE/Core/Inc/print" -I"/Users/lucasnascimenti/Documents/GitHub/WS2812B_MODULE/stm/ws2812b_module/PROGRAM/WS2812B_DRIVER/WS2812BMODULE/Core/Src/print" -I"/Users/lucasnascimenti/Documents/GitHub/WS2812B_MODULE/stm/ws2812b_module/PROGRAM/WS2812B_DRIVER/WS2812BMODULE/Core/Src/GRID" -I"/Users/lucasnascimenti/Documents/GitHub/WS2812B_MODULE/stm/ws2812b_module/PROGRAM/WS2812B_DRIVER/WS2812BMODULE/Core/Inc/GRID" -O0 -ffunction-sections -fdata-sections -Wall -fstack-usage -fcyclomatic-complexity -MMD -MP -MF"Drivers/STM32H5xx_HAL_Driver/Src/stm32h5xx_hal_spi_ex.d" -MT"Drivers/STM32H5xx_HAL_Driver/Src/stm32h5xx_hal_spi_ex.o" --specs=nano.specs -mfpu=fpv5-sp-d16 -mfloat-abi=hard -mthumb -o "Drivers/STM32H5xx_HAL_Driver/Src/stm32h5xx_hal_spi_ex.o"
arm-none-eabi-gcc "../Drivers/STM32H5xx_HAL_Driver/Src/stm32h5xx_hal_uart.c" -mcpu=cortex-m33 -std=gnu11 -g3 -DDEBUG -DUSE_HAL_DRIVER -DSTM32H563xx -c -I../Core/Inc -I../Drivers/STM32H5xx_HAL_Driver/Inc -I../Drivers/STM32H5xx_HAL_Driver/Inc/Legacy -I../Drivers/CMSIS/Device/ST/STM32H5xx/Include -I../Drivers/CMSIS/Include -I"/Users/lucasnascimenti/Documents/GitHub/WS2812B_MODULE/stm/ws2812b_module/PROGRAM/WS2812B_DRIVER/WS2812BMODULE/Core/Inc/games" -I"/Users/lucasnascimenti/Documents/GitHub/WS2812B_MODULE/stm/ws2812b_module/PROGRAM/WS2812B_DRIVER/WS2812BMODULE/Core/Inc/games/snake" -I"/Users/lucasnascimenti/Documents/GitHub/WS2812B_MODULE/stm/ws2812b_module/PROGRAM/WS2812B_DRIVER/WS2812BMODULE/Core/Inc/player" -I"/Users/lucasnascimenti/Documents/GitHub/WS2812B_MODULE/stm/ws2812b_module/PROGRAM/WS2812B_DRIVER/WS2812BMODULE/Core/Inc/records" -I"/Users/lucasnascimenti/Documents/GitHub/WS2812B_MODULE/stm/ws2812b_module/PROGRAM/WS2812B_DRIVER/WS2812BMODULE/Core/Src/games" -I"/Users/lucasnascimenti/Documents/GitHub/WS2812B_MODULE/stm/ws2812b_module/PROGRAM/WS2812B_DRIVER/WS2812BMODULE/Core/Src/games/snake" -I"/Users/lucasnascimenti/Documents/GitHub/WS2812B_MODULE/stm/ws2812b_module/PROGRAM/WS2812B_DRIVER/WS2812BMODULE/Core/Inc/print" -I"/Users/lucasnascimenti/Documents/GitHub/WS2812B_MODULE/stm/ws2812b_module/PROGRAM/WS2812B_DRIVER/WS2812BMODULE/Core/Src/print" -I"/Users/lucasnascimenti/Documents/GitHub/WS2812B_MODULE/stm/ws2812b_module/PROGRAM/WS2812B_DRIVER/WS2812BMODULE/Core/Src/GRID" -I"/Users/lucasnascimenti/Documents/GitHub/WS2812B_MODULE/stm/ws2812b_module/PROGRAM/WS2812B_DRIVER/WS2812BMODULE/Core/Inc/GRID" -O0 -ffunction-sections -fdata-sections -Wall -fstack-usage -fcyclomatic-complexity -MMD -MP -MF"Drivers/STM32H5xx_HAL_Driver/Src/stm32h5xx_hal_uart.d" -MT"Drivers/STM32H5xx_HAL_Driver/Src/stm32h5xx_hal_uart.o" --specs=nano.specs -mfpu=fpv5-sp-d16 -mfloat-abi=hard -mthumb -o "Drivers/STM32H5xx_HAL_Driver/Src/stm32h5xx_hal_uart.o"
arm-none-eabi-gcc "../Drivers/STM32H5xx_HAL_Driver/Src/stm32h5xx_hal_uart_ex.c" -mcpu=cortex-m33 -std=gnu11 -g3 -DDEBUG -DUSE_HAL_DRIVER -DSTM32H563xx -c -I../Core/Inc -I../Drivers/STM32H5xx_HAL_Driver/Inc -I../Drivers/STM32H5xx_HAL_Driver/Inc/Legacy -I../Drivers/CMSIS/Device/ST/STM32H5xx/Include -I../Drivers/CMSIS/Include -I"/Users/lucasnascimenti/Documents/GitHub/WS2812B_MODULE/stm/ws2812b_module/PROGRAM/WS2812B_DRIVER/WS2812BMODULE/Core/Inc/games" -I"/Users/lucasnascimenti/Documents/GitHub/WS2812B_MODULE/stm/ws2812b_module/PROGRAM/WS2812B_DRIVER/WS2812BMODULE/Core/Inc/games/snake" -I"/Users/lucasnascimenti/Documents/GitHub/WS2812B_MODULE/stm/ws2812b_module/PROGRAM/WS2812B_DRIVER/WS2812BMODULE/Core/Inc/player" -I"/Users/lucasnascimenti/Documents/GitHub/WS2812B_MODULE/stm/ws2812b_module/PROGRAM/WS2812B_DRIVER/WS2812BMODULE/Core/Inc/records" -I"/Users/lucasnascimenti/Documents/GitHub/WS2812B_MODULE/stm/ws2812b_module/PROGRAM/WS2812B_DRIVER/WS2812BMODULE/Core/Src/games" -I"/Users/lucasnascimenti/Documents/GitHub/WS2812B_MODULE/stm/ws2812b_module/PROGRAM/WS2812B_DRIVER/WS2812BMODULE/Core/Src/games/snake" -I"/Users/lucasnascimenti/Documents/GitHub/WS2812B_MODULE/stm/ws2812b_module/PROGRAM/WS2812B_DRIVER/WS2812BMODULE/Core/Inc/print" -I"/Users/lucasnascimenti/Documents/GitHub/WS2812B_MODULE/stm/ws2812b_module/PROGRAM/WS2812B_DRIVER/WS2812BMODULE/Core/Src/print" -I"/Users/lucasnascimenti/Documents/GitHub/WS2812B_MODULE/stm/ws2812b_module/PROGRAM/WS2812B_DRIVER/WS2812BMODULE/Core/Src/GRID" -I"/Users/lucasnascimenti/Documents/GitHub/WS2812B_MODULE/stm/ws2812b_module/PROGRAM/WS2812B_DRIVER/WS2812BMODULE/Core/Inc/GRID" -O0 -ffunction-sections -fdata-sections -Wall -fstack-usage -fcyclomatic-complexity -MMD -MP -MF"Drivers/STM32H5xx_HAL_Driver/Src/stm32h5xx_hal_uart_ex.d" -MT"Drivers/STM32H5xx_HAL_Driver/Src/stm32h5xx_hal_uart_ex.o" --specs=nano.specs -mfpu=fpv5-sp-d16 -mfloat-abi=hard -mthumb -o "Drivers/STM32H5xx_HAL_Driver/Src/stm32h5xx_hal_uart_ex.o"
arm-none-eabi-gcc -mcpu=cortex-m33 -g3 -DDEBUG -c -I"/Users/lucasnascimenti/Documents/GitHub/WS2812B_MODULE/stm/ws2812b_module/PROGRAM/WS2812B_DRIVER/WS2812BMODULE/Core/Inc/games" -I"/Users/lucasnascimenti/Documents/GitHub/WS2812B_MODULE/stm/ws2812b_module/PROGRAM/WS2812B_DRIVER/WS2812BMODULE/Core/Inc/games/snake" -I"/Users/lucasnascimenti/Documents/GitHub/WS2812B_MODULE/stm/ws2812b_module/PROGRAM/WS2812B_DRIVER/WS2812BMODULE/Core/Inc/player" -I"/Users/lucasnascimenti/Documents/GitHub/WS2812B_MODULE/stm/ws2812b_module/PROGRAM/WS2812B_DRIVER/WS2812BMODULE/Core/Inc/records" -I"/Users/lucasnascimenti/Documents/GitHub/WS2812B_MODULE/stm/ws2812b_module/PROGRAM/WS2812B_DRIVER/WS2812BMODULE/Core/Src/games" -I"/Users/lucasnascimenti/Documents/GitHub/WS2812B_MODULE/stm/ws2812b_module/PROGRAM/WS2812B_DRIVER/WS2812BMODULE/Core/Src/games/snake" -I"/Users/lucasnascimenti/Documents/GitHub/WS2812B_MODULE/stm/ws2812b_module/PROGRAM/WS2812B_DRIVER/WS2812BMODULE/Core/Inc/print" -I"/Users/lucasnascimenti/Documents/GitHub/WS2812B_MODULE/stm/ws2812b_module/PROGRAM/WS2812B_DRIVER/WS2812BMODULE/Core/Src/print" -I"/Users/lucasnascimenti/Documents/GitHub/WS2812B_MODULE/stm/ws2812b_module/PROGRAM/WS2812B_DRIVER/WS2812BMODULE/Core/Src/GRID" -I"/Users/lucasnascimenti/Documents/GitHub/WS2812B_MODULE/stm/ws2812b_module/PROGRAM/WS2812B_DRIVER/WS2812BMODULE/Core/Inc/GRID" -x assembler-with-cpp -MMD -MP -MF"Core/Startup/startup_stm32h563vgtx.d" -MT"Core/Startup/startup_stm32h563vgtx.o" --specs=nano.specs -mfpu=fpv5-sp-d16 -mfloat-abi=hard -mthumb -o "Core/Startup/startup_stm32h563vgtx.o" "../Core/Startup/startup_stm32h563vgtx.s"
arm-none-eabi-g++ "../Core/Src/records/Records.cpp" -mcpu=cortex-m33 -std=gnu++14 -g3 -DDEBUG -DUSE_HAL_DRIVER -DSTM32H563xx -c -I../Core/Inc -I../Drivers/STM32H5xx_HAL_Driver/Inc -I../Drivers/STM32H5xx_HAL_Driver/Inc/Legacy -I../Drivers/CMSIS/Device/ST/STM32H5xx/Include -I../Drivers/CMSIS/Include -I"/Users/lucasnascimenti/Documents/GitHub/WS2812B_MODULE/stm/ws2812b_module/PROGRAM/WS2812B_DRIVER/WS2812BMODULE/Core/Inc/games" -I"/Users/lucasnascimenti/Documents/GitHub/WS2812B_MODULE/stm/ws2812b_module/PROGRAM/WS2812B_DRIVER/WS2812BMODULE/Core/Inc/games/snake" -I"/Users/lucasnascimenti/Documents/GitHub/WS2812B_MODULE/stm/ws2812b_module/PROGRAM/WS2812B_DRIVER/WS2812BMODULE/Core/Inc/player" -I"/Users/lucasnascimenti/Documents/GitHub/WS2812B_MODULE/stm/ws2812b_module/PROGRAM/WS2812B_DRIVER/WS2812BMODULE/Core/Inc/records" -I"/Users/lucasnascimenti/Documents/GitHub/WS2812B_MODULE/stm/ws2812b_module/PROGRAM/WS2812B_DRIVER/WS2812BMODULE/Core/Src/games" -I"/Users/lucasnascimenti/Documents/GitHub/WS2812B_MODULE/stm/ws2812b_module/PROGRAM/WS2812B_DRIVER/WS2812BMODULE/Core/Src/games/snake" -I"/Users/lucasnascimenti/Documents/GitHub/WS2812B_MODULE/stm/ws2812b_module/PROGRAM/WS2812B_DRIVER/WS2812BMODULE/Core/Inc/print" -I"/Users/lucasnascimenti/Documents/GitHub/WS2812B_MODULE/stm/ws2812b_module/PROGRAM/WS2812B_DRIVER/WS2812BMODULE/Core/Src/print" -I"/Users/lucasnascimenti/Documents/GitHub/WS2812B_MODULE/stm/ws2812b_module/PROGRAM/WS2812B_DRIVER/WS2812BMODULE/Core/Src/GRID" -I"/Users/lucasnascimenti/Documents/GitHub/WS2812B_MODULE/stm/ws2812b_module/PROGRAM/WS2812B_DRIVER/WS2812BMODULE/Core/Inc/GRID" -O0 -ffunction-sections -fdata-sections -fno-exceptions -fno-rtti -fno-use-cxa-atexit -Wall -fstack-usage -fcyclomatic-complexity -MMD -MP -MF"Core/Src/records/Records.d" -MT"Core/Src/records/Records.o" --specs=nano.specs -mfpu=fpv5-sp-d16 -mfloat-abi=hard -mthumb -o "Core/Src/records/Records.o"
arm-none-eabi-g++ "../Core/Src/print/Print.cpp" -mcpu=cortex-m33 -std=gnu++14 -g3 -DDEBUG -DUSE_HAL_DRIVER -DSTM32H563xx -c -I../Core/Inc -I../Drivers/STM32H5xx_HAL_Driver/Inc -I../Drivers/STM32H5xx_HAL_Driver/Inc/Legacy -I../Drivers/CMSIS/Device/ST/STM32H5xx/Include -I../Drivers/CMSIS/Include -I"/Users/lucasnascimenti/Documents/GitHub/WS2812B_MODULE/stm/ws2812b_module/PROGRAM/WS2812B_DRIVER/WS2812BMODULE/Core/Inc/games" -I"/Users/lucasnascimenti/Documents/GitHub/WS2812B_MODULE/stm/ws2812b_module/PROGRAM/WS2812B_DRIVER/WS2812BMODULE/Core/Inc/games/snake" -I"/Users/lucasnascimenti/Documents/GitHub/WS2812B_MODULE/stm/ws2812b_module/PROGRAM/WS2812B_DRIVER/WS2812BMODULE/Core/Inc/player" -I"/Users/lucasnascimenti/Documents/GitHub/WS2812B_MODULE/stm/ws2812b_module/PROGRAM/WS2812B_DRIVER/WS2812BMODULE/Core/Inc/records" -I"/Users/lucasnascimenti/Documents/GitHub/WS2812B_MODULE/stm/ws2812b_module/PROGRAM/WS2812B_DRIVER/WS2812BMODULE/Core/Src/games" -I"/Users/lucasnascimenti/Documents/GitHub/WS2812B_MODULE/stm/ws2812b_module/PROGRAM/WS2812B_DRIVER/WS2812BMODULE/Core/Src/games/snake" -I"/Users/lucasnascimenti/Documents/GitHub/WS2812B_MODULE/stm/ws2812b_module/PROGRAM/WS2812B_DRIVER/WS2812BMODULE/Core/Inc/print" -I"/Users/lucasnascimenti/Documents/GitHub/WS2812B_MODULE/stm/ws2812b_module/PROGRAM/WS2812B_DRIVER/WS2812BMODULE/Core/Src/print" -I"/Users/lucasnascimenti/Documents/GitHub/WS2812B_MODULE/stm/ws2812b_module/PROGRAM/WS2812B_DRIVER/WS2812BMODULE/Core/Src/GRID" -I"/Users/lucasnascimenti/Documents/GitHub/WS2812B_MODULE/stm/ws2812b_module/PROGRAM/WS2812B_DRIVER/WS2812BMODULE/Core/Inc/GRID" -O0 -ffunction-sections -fdata-sections -fno-exceptions -fno-rtti -fno-use-cxa-atexit -Wall -fstack-usage -fcyclomatic-complexity -MMD -MP -MF"Core/Src/print/Print.d" -MT"Core/Src/print/Print.o" --specs=nano.specs -mfpu=fpv5-sp-d16 -mfloat-abi=hard -mthumb -o "Core/Src/print/Print.o"
arm-none-eabi-g++ "../Core/Src/games/snake/Snake.cpp" -mcpu=cortex-m33 -std=gnu++14 -g3 -DDEBUG -DUSE_HAL_DRIVER -DSTM32H563xx -c -I../Core/Inc -I../Drivers/STM32H5xx_HAL_Driver/Inc -I../Drivers/STM32H5xx_HAL_Driver/Inc/Legacy -I../Drivers/CMSIS/Device/ST/STM32H5xx/Include -I../Drivers/CMSIS/Include -I"/Users/lucasnascimenti/Documents/GitHub/WS2812B_MODULE/stm/ws2812b_module/PROGRAM/WS2812B_DRIVER/WS2812BMODULE/Core/Inc/games" -I"/Users/lucasnascimenti/Documents/GitHub/WS2812B_MODULE/stm/ws2812b_module/PROGRAM/WS2812B_DRIVER/WS2812BMODULE/Core/Inc/games/snake" -I"/Users/lucasnascimenti/Documents/GitHub/WS2812B_MODULE/stm/ws2812b_module/PROGRAM/WS2812B_DRIVER/WS2812BMODULE/Core/Inc/player" -I"/Users/lucasnascimenti/Documents/GitHub/WS2812B_MODULE/stm/ws2812b_module/PROGRAM/WS2812B_DRIVER/WS2812BMODULE/Core/Inc/records" -I"/Users/lucasnascimenti/Documents/GitHub/WS2812B_MODULE/stm/ws2812b_module/PROGRAM/WS2812B_DRIVER/WS2812BMODULE/Core/Src/games" -I"/Users/lucasnascimenti/Documents/GitHub/WS2812B_MODULE/stm/ws2812b_module/PROGRAM/WS2812B_DRIVER/WS2812BMODULE/Core/Src/games/snake" -I"/Users/lucasnascimenti/Documents/GitHub/WS2812B_MODULE/stm/ws2812b_module/PROGRAM/WS2812B_DRIVER/WS2812BMODULE/Core/Inc/print" -I"/Users/lucasnascimenti/Documents/GitHub/WS2812B_MODULE/stm/ws2812b_module/PROGRAM/WS2812B_DRIVER/WS2812BMODULE/Core/Src/print" -I"/Users/lucasnascimenti/Documents/GitHub/WS2812B_MODULE/stm/ws2812b_module/PROGRAM/WS2812B_DRIVER/WS2812BMODULE/Core/Src/GRID" -I"/Users/lucasnascimenti/Documents/GitHub/WS2812B_MODULE/stm/ws2812b_module/PROGRAM/WS2812B_DRIVER/WS2812BMODULE/Core/Inc/GRID" -O0 -ffunction-sections -fdata-sections -fno-exceptions -fno-rtti -fno-use-cxa-atexit -Wall -fstack-usage -fcyclomatic-complexity -MMD -MP -MF"Core/Src/games/snake/Snake.d" -MT"Core/Src/games/snake/Snake.o" --specs=nano.specs -mfpu=fpv5-sp-d16 -mfloat-abi=hard -mthumb -o "Core/Src/games/snake/Snake.o"
arm-none-eabi-g++ "../Core/Src/games/Game.cpp" -mcpu=cortex-m33 -std=gnu++14 -g3 -DDEBUG -DUSE_HAL_DRIVER -DSTM32H563xx -c -I../Core/Inc -I../Drivers/STM32H5xx_HAL_Driver/Inc -I../Drivers/STM32H5xx_HAL_Driver/Inc/Legacy -I../Drivers/CMSIS/Device/ST/STM32H5xx/Include -I../Drivers/CMSIS/Include -I"/Users/lucasnascimenti/Documents/GitHub/WS2812B_MODULE/stm/ws2812b_module/PROGRAM/WS2812B_DRIVER/WS2812BMODULE/Core/Inc/games" -I"/Users/lucasnascimenti/Documents/GitHub/WS2812B_MODULE/stm/ws2812b_module/PROGRAM/WS2812B_DRIVER/WS2812BMODULE/Core/Inc/games/snake" -I"/Users/lucasnascimenti/Documents/GitHub/WS2812B_MODULE/stm/ws2812b_module/PROGRAM/WS2812B_DRIVER/WS2812BMODULE/Core/Inc/player" -I"/Users/lucasnascimenti/Documents/GitHub/WS2812B_MODULE/stm/ws2812b_module/PROGRAM/WS2812B_DRIVER/WS2812BMODULE/Core/Inc/records" -I"/Users/lucasnascimenti/Documents/GitHub/WS2812B_MODULE/stm/ws2812b_module/PROGRAM/WS2812B_DRIVER/WS2812BMODULE/Core/Src/games" -I"/Users/lucasnascimenti/Documents/GitHub/WS2812B_MODULE/stm/ws2812b_module/PROGRAM/WS2812B_DRIVER/WS2812BMODULE/Core/Src/games/snake" -I"/Users/lucasnascimenti/Documents/GitHub/WS2812B_MODULE/stm/ws2812b_module/PROGRAM/WS2812B_DRIVER/WS2812BMODULE/Core/Inc/print" -I"/Users/lucasnascimenti/Documents/GitHub/WS2812B_MODULE/stm/ws2812b_module/PROGRAM/WS2812B_DRIVER/WS2812BMODULE/Core/Src/print" -I"/Users/lucasnascimenti/Documents/GitHub/WS2812B_MODULE/stm/ws2812b_module/PROGRAM/WS2812B_DRIVER/WS2812BMODULE/Core/Src/GRID" -I"/Users/lucasnascimenti/Documents/GitHub/WS2812B_MODULE/stm/ws2812b_module/PROGRAM/WS2812B_DRIVER/WS2812BMODULE/Core/Inc/GRID" -O0 -ffunction-sections -fdata-sections -fno-exceptions -fno-rtti -fno-use-cxa-atexit -Wall -fstack-usage -fcyclomatic-complexity -MMD -MP -MF"Core/Src/games/Game.d" -MT"Core/Src/games/Game.o" --specs=nano.specs -mfpu=fpv5-sp-d16 -mfloat-abi=hard -mthumb -o "Core/Src/games/Game.o"
arm-none-eabi-g++ "../Core/Src/GRID/GRID.cpp" -mcpu=cortex-m33 -std=gnu++14 -g3 -DDEBUG -DUSE_HAL_DRIVER -DSTM32H563xx -c -I../Core/Inc -I../Drivers/STM32H5xx_HAL_Driver/Inc -I../Drivers/STM32H5xx_HAL_Driver/Inc/Legacy -I../Drivers/CMSIS/Device/ST/STM32H5xx/Include -I../Drivers/CMSIS/Include -I"/Users/lucasnascimenti/Documents/GitHub/WS2812B_MODULE/stm/ws2812b_module/PROGRAM/WS2812B_DRIVER/WS2812BMODULE/Core/Inc/games" -I"/Users/lucasnascimenti/Documents/GitHub/WS2812B_MODULE/stm/ws2812b_module/PROGRAM/WS2812B_DRIVER/WS2812BMODULE/Core/Inc/games/snake" -I"/Users/lucasnascimenti/Documents/GitHub/WS2812B_MODULE/stm/ws2812b_module/PROGRAM/WS2812B_DRIVER/WS2812BMODULE/Core/Inc/player" -I"/Users/lucasnascimenti/Documents/GitHub/WS2812B_MODULE/stm/ws2812b_module/PROGRAM/WS2812B_DRIVER/WS2812BMODULE/Core/Inc/records" -I"/Users/lucasnascimenti/Documents/GitHub/WS2812B_MODULE/stm/ws2812b_module/PROGRAM/WS2812B_DRIVER/WS2812BMODULE/Core/Src/games" -I"/Users/lucasnascimenti/Documents/GitHub/WS2812B_MODULE/stm/ws2812b_module/PROGRAM/WS2812B_DRIVER/WS2812BMODULE/Core/Src/games/snake" -I"/Users/lucasnascimenti/Documents/GitHub/WS2812B_MODULE/stm/ws2812b_module/PROGRAM/WS2812B_DRIVER/WS2812BMODULE/Core/Inc/print" -I"/Users/lucasnascimenti/Documents/GitHub/WS2812B_MODULE/stm/ws2812b_module/PROGRAM/WS2812B_DRIVER/WS2812BMODULE/Core/Src/print" -I"/Users/lucasnascimenti/Documents/GitHub/WS2812B_MODULE/stm/ws2812b_module/PROGRAM/WS2812B_DRIVER/WS2812BMODULE/Core/Src/GRID" -I"/Users/lucasnascimenti/Documents/GitHub/WS2812B_MODULE/stm/ws2812b_module/PROGRAM/WS2812B_DRIVER/WS2812BMODULE/Core/Inc/GRID" -O0 -ffunction-sections -fdata-sections -fno-exceptions -fno-rtti -fno-use-cxa-atexit -Wall -fstack-usage -fcyclomatic-complexity -MMD -MP -MF"Core/Src/GRID/GRID.d" -MT"Core/Src/GRID/GRID.o" --specs=nano.specs -mfpu=fpv5-sp-d16 -mfloat-abi=hard -mthumb -o "Core/Src/GRID/GRID.o"
arm-none-eabi-g++ "../Core/Src/main.cpp" -mcpu=cortex-m33 -std=gnu++14 -g3 -DDEBUG -DUSE_HAL_DRIVER -DSTM32H563xx -c -I../Core/Inc -I../Drivers/STM32H5xx_HAL_Driver/Inc -I../Drivers/STM32H5xx_HAL_Driver/Inc/Legacy -I../Drivers/CMSIS/Device/ST/STM32H5xx/Include -I../Drivers/CMSIS/Include -I"/Users/lucasnascimenti/Documents/GitHub/WS2812B_MODULE/stm/ws2812b_module/PROGRAM/WS2812B_DRIVER/WS2812BMODULE/Core/Inc/games" -I"/Users/lucasnascimenti/Documents/GitHub/WS2812B_MODULE/stm/ws2812b_module/PROGRAM/WS2812B_DRIVER/WS2812BMODULE/Core/Inc/games/snake" -I"/Users/lucasnascimenti/Documents/GitHub/WS2812B_MODULE/stm/ws2812b_module/PROGRAM/WS2812B_DRIVER/WS2812BMODULE/Core/Inc/player" -I"/Users/lucasnascimenti/Documents/GitHub/WS2812B_MODULE/stm/ws2812b_module/PROGRAM/WS2812B_DRIVER/WS2812BMODULE/Core/Inc/records" -I"/Users/lucasnascimenti/Documents/GitHub/WS2812B_MODULE/stm/ws2812b_module/PROGRAM/WS2812B_DRIVER/WS2812BMODULE/Core/Src/games" -I"/Users/lucasnascimenti/Documents/GitHub/WS2812B_MODULE/stm/ws2812b_module/PROGRAM/WS2812B_DRIVER/WS2812BMODULE/Core/Src/games/snake" -I"/Users/lucasnascimenti/Documents/GitHub/WS2812B_MODULE/stm/ws2812b_module/PROGRAM/WS2812B_DRIVER/WS2812BMODULE/Core/Inc/print" -I"/Users/lucasnascimenti/Documents/GitHub/WS2812B_MODULE/stm/ws2812b_module/PROGRAM/WS2812B_DRIVER/WS2812BMODULE/Core/Src/print" -I"/Users/lucasnascimenti/Documents/GitHub/WS2812B_MODULE/stm/ws2812b_module/PROGRAM/WS2812B_DRIVER/WS2812BMODULE/Core/Src/GRID" -I"/Users/lucasnascimenti/Documents/GitHub/WS2812B_MODULE/stm/ws2812b_module/PROGRAM/WS2812B_DRIVER/WS2812BMODULE/Core/Inc/GRID" -O0 -ffunction-sections -fdata-sections -fno-exceptions -fno-rtti -fno-use-cxa-atexit -Wall -fstack-usage -fcyclomatic-complexity -MMD -MP -MF"Core/Src/main.d" -MT"Core/Src/main.o" --specs=nano.specs -mfpu=fpv5-sp-d16 -mfloat-abi=hard -mthumb -o "Core/Src/main.o"
arm-none-eabi-gcc "../Core/Src/stm32h5xx_hal_msp.c" -mcpu=cortex-m33 -std=gnu11 -g3 -DDEBUG -DUSE_HAL_DRIVER -DSTM32H563xx -c -I../Core/Inc -I../Drivers/STM32H5xx_HAL_Driver/Inc -I../Drivers/STM32H5xx_HAL_Driver/Inc/Legacy -I../Drivers/CMSIS/Device/ST/STM32H5xx/Include -I../Drivers/CMSIS/Include -I"/Users/lucasnascimenti/Documents/GitHub/WS2812B_MODULE/stm/ws2812b_module/PROGRAM/WS2812B_DRIVER/WS2812BMODULE/Core/Inc/games" -I"/Users/lucasnascimenti/Documents/GitHub/WS2812B_MODULE/stm/ws2812b_module/PROGRAM/WS2812B_DRIVER/WS2812BMODULE/Core/Inc/games/snake" -I"/Users/lucasnascimenti/Documents/GitHub/WS2812B_MODULE/stm/ws2812b_module/PROGRAM/WS2812B_DRIVER/WS2812BMODULE/Core/Inc/player" -I"/Users/lucasnascimenti/Documents/GitHub/WS2812B_MODULE/stm/ws2812b_module/PROGRAM/WS2812B_DRIVER/WS2812BMODULE/Core/Inc/records" -I"/Users/lucasnascimenti/Documents/GitHub/WS2812B_MODULE/stm/ws2812b_module/PROGRAM/WS2812B_DRIVER/WS2812BMODULE/Core/Src/games" -I"/Users/lucasnascimenti/Documents/GitHub/WS2812B_MODULE/stm/ws2812b_module/PROGRAM/WS2812B_DRIVER/WS2812BMODULE/Core/Src/games/snake" -I"/Users/lucasnascimenti/Documents/GitHub/WS2812B_MODULE/stm/ws2812b_module/PROGRAM/WS2812B_DRIVER/WS2812BMODULE/Core/Inc/print" -I"/Users/lucasnascimenti/Documents/GitHub/WS2812B_MODULE/stm/ws2812b_module/PROGRAM/WS2812B_DRIVER/WS2812BMODULE/Core/Src/print" -I"/Users/lucasnascimenti/Documents/GitHub/WS2812B_MODULE/stm/ws2812b_module/PROGRAM/WS2812B_DRIVER/WS2812BMODULE/Core/Src/GRID" -I"/Users/lucasnascimenti/Documents/GitHub/WS2812B_MODULE/stm/ws2812b_module/PROGRAM/WS2812B_DRIVER/WS2812BMODULE/Core/Inc/GRID" -O0 -ffunction-sections -fdata-sections -Wall -fstack-usage -fcyclomatic-complexity -MMD -MP -MF"Core/Src/stm32h5xx_hal_msp.d" -MT"Core/Src/stm32h5xx_hal_msp.o" --specs=nano.specs -mfpu=fpv5-sp-d16 -mfloat-abi=hard -mthumb -o "Core/Src/stm32h5xx_hal_msp.o"
arm-none-eabi-gcc "../Core/Src/stm32h5xx_it.c" -mcpu=cortex-m33 -std=gnu11 -g3 -DDEBUG -DUSE_HAL_DRIVER -DSTM32H563xx -c -I../Core/Inc -I../Drivers/STM32H5xx_HAL_Driver/Inc -I../Drivers/STM32H5xx_HAL_Driver/Inc/Legacy -I../Drivers/CMSIS/Device/ST/STM32H5xx/Include -I../Drivers/CMSIS/Include -I"/Users/lucasnascimenti/Documents/GitHub/WS2812B_MODULE/stm/ws2812b_module/PROGRAM/WS2812B_DRIVER/WS2812BMODULE/Core/Inc/games" -I"/Users/lucasnascimenti/Documents/GitHub/WS2812B_MODULE/stm/ws2812b_module/PROGRAM/WS2812B_DRIVER/WS2812BMODULE/Core/Inc/games/snake" -I"/Users/lucasnascimenti/Documents/GitHub/WS2812B_MODULE/stm/ws2812b_module/PROGRAM/WS2812B_DRIVER/WS2812BMODULE/Core/Inc/player" -I"/Users/lucasnascimenti/Documents/GitHub/WS2812B_MODULE/stm/ws2812b_module/PROGRAM/WS2812B_DRIVER/WS2812BMODULE/Core/Inc/records" -I"/Users/lucasnascimenti/Documents/GitHub/WS2812B_MODULE/stm/ws2812b_module/PROGRAM/WS2812B_DRIVER/WS2812BMODULE/Core/Src/games" -I"/Users/lucasnascimenti/Documents/GitHub/WS2812B_MODULE/stm/ws2812b_module/PROGRAM/WS2812B_DRIVER/WS2812BMODULE/Core/Src/games/snake" -I"/Users/lucasnascimenti/Documents/GitHub/WS2812B_MODULE/stm/ws2812b_module/PROGRAM/WS2812B_DRIVER/WS2812BMODULE/Core/Inc/print" -I"/Users/lucasnascimenti/Documents/GitHub/WS2812B_MODULE/stm/ws2812b_module/PROGRAM/WS2812B_DRIVER/WS2812BMODULE/Core/Src/print" -I"/Users/lucasnascimenti/Documents/GitHub/WS2812B_MODULE/stm/ws2812b_module/PROGRAM/WS2812B_DRIVER/WS2812BMODULE/Core/Src/GRID" -I"/Users/lucasnascimenti/Documents/GitHub/WS2812B_MODULE/stm/ws2812b_module/PROGRAM/WS2812B_DRIVER/WS2812BMODULE/Core/Inc/GRID" -O0 -ffunction-sections -fdata-sections -Wall -fstack-usage -fcyclomatic-complexity -MMD -MP -MF"Core/Src/stm32h5xx_it.d" -MT"Core/Src/stm32h5xx_it.o" --specs=nano.specs -mfpu=fpv5-sp-d16 -mfloat-abi=hard -mthumb -o "Core/Src/stm32h5xx_it.o"
arm-none-eabi-gcc "../Core/Src/syscalls.c" -mcpu=cortex-m33 -std=gnu11 -g3 -DDEBUG -DUSE_HAL_DRIVER -DSTM32H563xx -c -I../Core/Inc -I../Drivers/STM32H5xx_HAL_Driver/Inc -I../Drivers/STM32H5xx_HAL_Driver/Inc/Legacy -I../Drivers/CMSIS/Device/ST/STM32H5xx/Include -I../Drivers/CMSIS/Include -I"/Users/lucasnascimenti/Documents/GitHub/WS2812B_MODULE/stm/ws2812b_module/PROGRAM/WS2812B_DRIVER/WS2812BMODULE/Core/Inc/games" -I"/Users/lucasnascimenti/Documents/GitHub/WS2812B_MODULE/stm/ws2812b_module/PROGRAM/WS2812B_DRIVER/WS2812BMODULE/Core/Inc/games/snake" -I"/Users/lucasnascimenti/Documents/GitHub/WS2812B_MODULE/stm/ws2812b_module/PROGRAM/WS2812B_DRIVER/WS2812BMODULE/Core/Inc/player" -I"/Users/lucasnascimenti/Documents/GitHub/WS2812B_MODULE/stm/ws2812b_module/PROGRAM/WS2812B_DRIVER/WS2812BMODULE/Core/Inc/records" -I"/Users/lucasnascimenti/Documents/GitHub/WS2812B_MODULE/stm/ws2812b_module/PROGRAM/WS2812B_DRIVER/WS2812BMODULE/Core/Src/games" -I"/Users/lucasnascimenti/Documents/GitHub/WS2812B_MODULE/stm/ws2812b_module/PROGRAM/WS2812B_DRIVER/WS2812BMODULE/Core/Src/games/snake" -I"/Users/lucasnascimenti/Documents/GitHub/WS2812B_MODULE/stm/ws2812b_module/PROGRAM/WS2812B_DRIVER/WS2812BMODULE/Core/Inc/print" -I"/Users/lucasnascimenti/Documents/GitHub/WS2812B_MODULE/stm/ws2812b_module/PROGRAM/WS2812B_DRIVER/WS2812BMODULE/Core/Src/print" -I"/Users/lucasnascimenti/Documents/GitHub/WS2812B_MODULE/stm/ws2812b_module/PROGRAM/WS2812B_DRIVER/WS2812BMODULE/Core/Src/GRID" -I"/Users/lucasnascimenti/Documents/GitHub/WS2812B_MODULE/stm/ws2812b_module/PROGRAM/WS2812B_DRIVER/WS2812BMODULE/Core/Inc/GRID" -O0 -ffunction-sections -fdata-sections -Wall -fstack-usage -fcyclomatic-complexity -MMD -MP -MF"Core/Src/syscalls.d" -MT"Core/Src/syscalls.o" --specs=nano.specs -mfpu=fpv5-sp-d16 -mfloat-abi=hard -mthumb -o "Core/Src/syscalls.o"
../Core/Src/GRID/GRID.cpp: In member function 'void GRID::bufferWrite(uint8_t, uint8_t, uint8_t, uint8_t, uint8_t)':
../Core/Src/GRID/GRID.cpp:48:14: warning: unused variable 'str' [-Wunused-variable]
   48 |         char str[100];
      |              ^~~
../Core/Src/GRID/GRID.cpp: At global scope:
../Core/Src/GRID/GRID.cpp:186:6: error: no declaration matches 'void GRID::confPanel_1(uint8_t)'
  186 | void GRID::confPanel_1(uint8_t panel_code){
      |      ^~~~
In file included from ../Core/Src/GRID/GRID.cpp:9:
/Users/lucasnascimenti/Documents/GitHub/WS2812B_MODULE/stm/ws2812b_module/PROGRAM/WS2812B_DRIVER/WS2812BMODULE/Core/Inc/GRID/GRID.hpp:44:22: note: candidate is: 'void GRID::confPanel_1()'
   44 |                 void confPanel_1();
      |                      ^~~~~~~~~~~
/Users/lucasnascimenti/Documents/GitHub/WS2812B_MODULE/stm/ws2812b_module/PROGRAM/WS2812B_DRIVER/WS2812BMODULE/Core/Inc/GRID/GRID.hpp:27:7: note: 'class GRID' defined here
   27 | class GRID {
      |       ^~~~
../Core/Src/GRID/GRID.cpp:193:6: error: no declaration matches 'void GRID::confPanel_2(uint8_t)'
  193 | void GRID::confPanel_2(uint8_t panel_code){
      |      ^~~~
/Users/lucasnascimenti/Documents/GitHub/WS2812B_MODULE/stm/ws2812b_module/PROGRAM/WS2812B_DRIVER/WS2812BMODULE/Core/Inc/GRID/GRID.hpp:45:22: note: candidate is: 'void GRID::confPanel_2()'
   45 |                 void confPanel_2();
      |                      ^~~~~~~~~~~
/Users/lucasnascimenti/Documents/GitHub/WS2812B_MODULE/stm/ws2812b_module/PROGRAM/WS2812B_DRIVER/WS2812BMODULE/Core/Inc/GRID/GRID.hpp:27:7: note: 'class GRID' defined here
   27 | class GRID {
      |       ^~~~
../Core/Src/GRID/GRID.cpp:200:6: error: no declaration matches 'void GRID::confPanel_3(uint8_t)'
  200 | void GRID::confPanel_3(uint8_t panel_code){
      |      ^~~~
/Users/lucasnascimenti/Documents/GitHub/WS2812B_MODULE/stm/ws2812b_module/PROGRAM/WS2812B_DRIVER/WS2812BMODULE/Core/Inc/GRID/GRID.hpp:46:22: note: candidate is: 'void GRID::confPanel_3()'
   46 |                 void confPanel_3();
      |                      ^~~~~~~~~~~
/Users/lucasnascimenti/Documents/GitHub/WS2812B_MODULE/stm/ws2812b_module/PROGRAM/WS2812B_DRIVER/WS2812BMODULE/Core/Inc/GRID/GRID.hpp:27:7: note: 'class GRID' defined here
   27 | class GRID {
      |       ^~~~
../Core/Src/GRID/GRID.cpp:207:6: error: no declaration matches 'void GRID::confPanel_4(uint8_t)'
  207 | void GRID::confPanel_4(uint8_t panel_code){
      |      ^~~~
/Users/lucasnascimenti/Documents/GitHub/WS2812B_MODULE/stm/ws2812b_module/PROGRAM/WS2812B_DRIVER/WS2812BMODULE/Core/Inc/GRID/GRID.hpp:47:22: note: candidate is: 'void GRID::confPanel_4()'
   47 |                 void confPanel_4();
      |                      ^~~~~~~~~~~
/Users/lucasnascimenti/Documents/GitHub/WS2812B_MODULE/stm/ws2812b_module/PROGRAM/WS2812B_DRIVER/WS2812BMODULE/Core/Inc/GRID/GRID.hpp:27:7: note: 'class GRID' defined here
   27 | class GRID {
      |       ^~~~
make: *** [Core/Src/GRID/subdir.mk:19: Core/Src/GRID/GRID.o] Error 1
make: *** Waiting for unfinished jobs....
"make -j11 all" terminated with exit code 2. Build might be incomplete.
17:25:17 **** Incremental Build of configuration Debug for project WS2812BMODULE ****
make -j11 all 
arm-none-eabi-g++ "../Core/Src/GRID/GRID.cpp" -mcpu=cortex-m33 -std=gnu++14 -g3 -DDEBUG -DUSE_HAL_DRIVER -DSTM32H563xx -c -I../Core/Inc -I../Drivers/STM32H5xx_HAL_Driver/Inc -I../Drivers/STM32H5xx_HAL_Driver/Inc/Legacy -I../Drivers/CMSIS/Device/ST/STM32H5xx/Include -I../Drivers/CMSIS/Include -I"/Users/lucasnascimenti/Documents/GitHub/WS2812B_MODULE/stm/ws2812b_module/PROGRAM/WS2812B_DRIVER/WS2812BMODULE/Core/Inc/games" -I"/Users/lucasnascimenti/Documents/GitHub/WS2812B_MODULE/stm/ws2812b_module/PROGRAM/WS2812B_DRIVER/WS2812BMODULE/Core/Inc/games/snake" -I"/Users/lucasnascimenti/Documents/GitHub/WS2812B_MODULE/stm/ws2812b_module/PROGRAM/WS2812B_DRIVER/WS2812BMODULE/Core/Inc/player" -I"/Users/lucasnascimenti/Documents/GitHub/WS2812B_MODULE/stm/ws2812b_module/PROGRAM/WS2812B_DRIVER/WS2812BMODULE/Core/Inc/records" -I"/Users/lucasnascimenti/Documents/GitHub/WS2812B_MODULE/stm/ws2812b_module/PROGRAM/WS2812B_DRIVER/WS2812BMODULE/Core/Src/games" -I"/Users/lucasnascimenti/Documents/GitHub/WS2812B_MODULE/stm/ws2812b_module/PROGRAM/WS2812B_DRIVER/WS2812BMODULE/Core/Src/games/snake" -I"/Users/lucasnascimenti/Documents/GitHub/WS2812B_MODULE/stm/ws2812b_module/PROGRAM/WS2812B_DRIVER/WS2812BMODULE/Core/Inc/print" -I"/Users/lucasnascimenti/Documents/GitHub/WS2812B_MODULE/stm/ws2812b_module/PROGRAM/WS2812B_DRIVER/WS2812BMODULE/Core/Src/print" -I"/Users/lucasnascimenti/Documents/GitHub/WS2812B_MODULE/stm/ws2812b_module/PROGRAM/WS2812B_DRIVER/WS2812BMODULE/Core/Src/GRID" -I"/Users/lucasnascimenti/Documents/GitHub/WS2812B_MODULE/stm/ws2812b_module/PROGRAM/WS2812B_DRIVER/WS2812BMODULE/Core/Inc/GRID" -O0 -ffunction-sections -fdata-sections -fno-exceptions -fno-rtti -fno-use-cxa-atexit -Wall -fstack-usage -fcyclomatic-complexity -MMD -MP -MF"Core/Src/GRID/GRID.d" -MT"Core/Src/GRID/GRID.o" --specs=nano.specs -mfpu=fpv5-sp-d16 -mfloat-abi=hard -mthumb -o "Core/Src/GRID/GRID.o"
arm-none-eabi-g++ "../Core/Src/main.cpp" -mcpu=cortex-m33 -std=gnu++14 -g3 -DDEBUG -DUSE_HAL_DRIVER -DSTM32H563xx -c -I../Core/Inc -I../Drivers/STM32H5xx_HAL_Driver/Inc -I../Drivers/STM32H5xx_HAL_Driver/Inc/Legacy -I../Drivers/CMSIS/Device/ST/STM32H5xx/Include -I../Drivers/CMSIS/Include -I"/Users/lucasnascimenti/Documents/GitHub/WS2812B_MODULE/stm/ws2812b_module/PROGRAM/WS2812B_DRIVER/WS2812BMODULE/Core/Inc/games" -I"/Users/lucasnascimenti/Documents/GitHub/WS2812B_MODULE/stm/ws2812b_module/PROGRAM/WS2812B_DRIVER/WS2812BMODULE/Core/Inc/games/snake" -I"/Users/lucasnascimenti/Documents/GitHub/WS2812B_MODULE/stm/ws2812b_module/PROGRAM/WS2812B_DRIVER/WS2812BMODULE/Core/Inc/player" -I"/Users/lucasnascimenti/Documents/GitHub/WS2812B_MODULE/stm/ws2812b_module/PROGRAM/WS2812B_DRIVER/WS2812BMODULE/Core/Inc/records" -I"/Users/lucasnascimenti/Documents/GitHub/WS2812B_MODULE/stm/ws2812b_module/PROGRAM/WS2812B_DRIVER/WS2812BMODULE/Core/Src/games" -I"/Users/lucasnascimenti/Documents/GitHub/WS2812B_MODULE/stm/ws2812b_module/PROGRAM/WS2812B_DRIVER/WS2812BMODULE/Core/Src/games/snake" -I"/Users/lucasnascimenti/Documents/GitHub/WS2812B_MODULE/stm/ws2812b_module/PROGRAM/WS2812B_DRIVER/WS2812BMODULE/Core/Inc/print" -I"/Users/lucasnascimenti/Documents/GitHub/WS2812B_MODULE/stm/ws2812b_module/PROGRAM/WS2812B_DRIVER/WS2812BMODULE/Core/Src/print" -I"/Users/lucasnascimenti/Documents/GitHub/WS2812B_MODULE/stm/ws2812b_module/PROGRAM/WS2812B_DRIVER/WS2812BMODULE/Core/Src/GRID" -I"/Users/lucasnascimenti/Documents/GitHub/WS2812B_MODULE/stm/ws2812b_module/PROGRAM/WS2812B_DRIVER/WS2812BMODULE/Core/Inc/GRID" -O0 -ffunction-sections -fdata-sections -fno-exceptions -fno-rtti -fno-use-cxa-atexit -Wall -fstack-usage -fcyclomatic-complexity -MMD -MP -MF"Core/Src/main.d" -MT"Core/Src/main.o" --specs=nano.specs -mfpu=fpv5-sp-d16 -mfloat-abi=hard -mthumb -o "Core/Src/main.o"
arm-none-eabi-gcc "../Core/Src/sysmem.c" -mcpu=cortex-m33 -std=gnu11 -g3 -DDEBUG -DUSE_HAL_DRIVER -DSTM32H563xx -c -I../Core/Inc -I../Drivers/STM32H5xx_HAL_Driver/Inc -I../Drivers/STM32H5xx_HAL_Driver/Inc/Legacy -I../Drivers/CMSIS/Device/ST/STM32H5xx/Include -I../Drivers/CMSIS/Include -I"/Users/lucasnascimenti/Documents/GitHub/WS2812B_MODULE/stm/ws2812b_module/PROGRAM/WS2812B_DRIVER/WS2812BMODULE/Core/Inc/games" -I"/Users/lucasnascimenti/Documents/GitHub/WS2812B_MODULE/stm/ws2812b_module/PROGRAM/WS2812B_DRIVER/WS2812BMODULE/Core/Inc/games/snake" -I"/Users/lucasnascimenti/Documents/GitHub/WS2812B_MODULE/stm/ws2812b_module/PROGRAM/WS2812B_DRIVER/WS2812BMODULE/Core/Inc/player" -I"/Users/lucasnascimenti/Documents/GitHub/WS2812B_MODULE/stm/ws2812b_module/PROGRAM/WS2812B_DRIVER/WS2812BMODULE/Core/Inc/records" -I"/Users/lucasnascimenti/Documents/GitHub/WS2812B_MODULE/stm/ws2812b_module/PROGRAM/WS2812B_DRIVER/WS2812BMODULE/Core/Src/games" -I"/Users/lucasnascimenti/Documents/GitHub/WS2812B_MODULE/stm/ws2812b_module/PROGRAM/WS2812B_DRIVER/WS2812BMODULE/Core/Src/games/snake" -I"/Users/lucasnascimenti/Documents/GitHub/WS2812B_MODULE/stm/ws2812b_module/PROGRAM/WS2812B_DRIVER/WS2812BMODULE/Core/Inc/print" -I"/Users/lucasnascimenti/Documents/GitHub/WS2812B_MODULE/stm/ws2812b_module/PROGRAM/WS2812B_DRIVER/WS2812BMODULE/Core/Src/print" -I"/Users/lucasnascimenti/Documents/GitHub/WS2812B_MODULE/stm/ws2812b_module/PROGRAM/WS2812B_DRIVER/WS2812BMODULE/Core/Src/GRID" -I"/Users/lucasnascimenti/Documents/GitHub/WS2812B_MODULE/stm/ws2812b_module/PROGRAM/WS2812B_DRIVER/WS2812BMODULE/Core/Inc/GRID" -O0 -ffunction-sections -fdata-sections -Wall -fstack-usage -fcyclomatic-complexity -MMD -MP -MF"Core/Src/sysmem.d" -MT"Core/Src/sysmem.o" --specs=nano.specs -mfpu=fpv5-sp-d16 -mfloat-abi=hard -mthumb -o "Core/Src/sysmem.o"
arm-none-eabi-gcc "../Core/Src/system_stm32h5xx.c" -mcpu=cortex-m33 -std=gnu11 -g3 -DDEBUG -DUSE_HAL_DRIVER -DSTM32H563xx -c -I../Core/Inc -I../Drivers/STM32H5xx_HAL_Driver/Inc -I../Drivers/STM32H5xx_HAL_Driver/Inc/Legacy -I../Drivers/CMSIS/Device/ST/STM32H5xx/Include -I../Drivers/CMSIS/Include -I"/Users/lucasnascimenti/Documents/GitHub/WS2812B_MODULE/stm/ws2812b_module/PROGRAM/WS2812B_DRIVER/WS2812BMODULE/Core/Inc/games" -I"/Users/lucasnascimenti/Documents/GitHub/WS2812B_MODULE/stm/ws2812b_module/PROGRAM/WS2812B_DRIVER/WS2812BMODULE/Core/Inc/games/snake" -I"/Users/lucasnascimenti/Documents/GitHub/WS2812B_MODULE/stm/ws2812b_module/PROGRAM/WS2812B_DRIVER/WS2812BMODULE/Core/Inc/player" -I"/Users/lucasnascimenti/Documents/GitHub/WS2812B_MODULE/stm/ws2812b_module/PROGRAM/WS2812B_DRIVER/WS2812BMODULE/Core/Inc/records" -I"/Users/lucasnascimenti/Documents/GitHub/WS2812B_MODULE/stm/ws2812b_module/PROGRAM/WS2812B_DRIVER/WS2812BMODULE/Core/Src/games" -I"/Users/lucasnascimenti/Documents/GitHub/WS2812B_MODULE/stm/ws2812b_module/PROGRAM/WS2812B_DRIVER/WS2812BMODULE/Core/Src/games/snake" -I"/Users/lucasnascimenti/Documents/GitHub/WS2812B_MODULE/stm/ws2812b_module/PROGRAM/WS2812B_DRIVER/WS2812BMODULE/Core/Inc/print" -I"/Users/lucasnascimenti/Documents/GitHub/WS2812B_MODULE/stm/ws2812b_module/PROGRAM/WS2812B_DRIVER/WS2812BMODULE/Core/Src/print" -I"/Users/lucasnascimenti/Documents/GitHub/WS2812B_MODULE/stm/ws2812b_module/PROGRAM/WS2812B_DRIVER/WS2812BMODULE/Core/Src/GRID" -I"/Users/lucasnascimenti/Documents/GitHub/WS2812B_MODULE/stm/ws2812b_module/PROGRAM/WS2812B_DRIVER/WS2812BMODULE/Core/Inc/GRID" -O0 -ffunction-sections -fdata-sections -Wall -fstack-usage -fcyclomatic-complexity -MMD -MP -MF"Core/Src/system_stm32h5xx.d" -MT"Core/Src/system_stm32h5xx.o" --specs=nano.specs -mfpu=fpv5-sp-d16 -mfloat-abi=hard -mthumb -o "Core/Src/system_stm32h5xx.o"
../Core/Src/GRID/GRID.cpp: In member function 'void GRID::bufferWrite(uint8_t, uint8_t, uint8_t, uint8_t, uint8_t)':
../Core/Src/GRID/GRID.cpp:48:14: warning: unused variable 'str' [-Wunused-variable]
   48 |         char str[100];
      |              ^~~
arm-none-eabi-g++ -o "WS2812BMODULE.elf" @"objects.list"   -mcpu=cortex-m33 -T"/Users/lucasnascimenti/Documents/GitHub/WS2812B_MODULE/stm/ws2812b_module/PROGRAM/WS2812B_DRIVER/WS2812BMODULE/STM32H563VGTX_FLASH.ld" --specs=nosys.specs -Wl,-Map="WS2812BMODULE.map" -Wl,--gc-sections -static --specs=nano.specs -mfpu=fpv5-sp-d16 -mfloat-abi=hard -mthumb -Wl,--start-group -lc -lm -lstdc++ -lsupc++ -Wl,--end-group
Finished building target: WS2812BMODULE.elf
 
arm-none-eabi-size  WS2812BMODULE.elf 
arm-none-eabi-objdump -h -S WS2812BMODULE.elf  > "WS2812BMODULE.list"
   text	   data	    bss	    dec	    hex	filename
  46036	     92	   2316	  48444	   bd3c	WS2812BMODULE.elf
Finished building: default.size.stdout
 
Finished building: WS2812BMODULE.list
 
17:27:22 **** Incremental Build of configuration Debug for project WS2812BMODULE ****
make -j11 all 
arm-none-eabi-size  WS2812BMODULE.elf 
   text	   data	    bss	    dec	    hex	filename
  46036	     92	   2316	  48444	   bd3c	WS2812BMODULE.elf
Finished building: default.size.stdout
 
17:30:42 **** Incremental Build of configuration Debug for project WS2812BMODULE ****
make -j11 all 
arm-none-eabi-g++ "../Core/Src/main.cpp" -mcpu=cortex-m33 -std=gnu++14 -g3 -DDEBUG -DUSE_HAL_DRIVER -DSTM32H563xx -c -I../Core/Inc -I../Drivers/STM32H5xx_HAL_Driver/Inc -I../Drivers/STM32H5xx_HAL_Driver/Inc/Legacy -I../Drivers/CMSIS/Device/ST/STM32H5xx/Include -I../Drivers/CMSIS/Include -I"/Users/lucasnascimenti/Documents/GitHub/WS2812B_MODULE/stm/ws2812b_module/PROGRAM/WS2812B_DRIVER/WS2812BMODULE/Core/Inc/games" -I"/Users/lucasnascimenti/Documents/GitHub/WS2812B_MODULE/stm/ws2812b_module/PROGRAM/WS2812B_DRIVER/WS2812BMODULE/Core/Inc/games/snake" -I"/Users/lucasnascimenti/Documents/GitHub/WS2812B_MODULE/stm/ws2812b_module/PROGRAM/WS2812B_DRIVER/WS2812BMODULE/Core/Inc/player" -I"/Users/lucasnascimenti/Documents/GitHub/WS2812B_MODULE/stm/ws2812b_module/PROGRAM/WS2812B_DRIVER/WS2812BMODULE/Core/Inc/records" -I"/Users/lucasnascimenti/Documents/GitHub/WS2812B_MODULE/stm/ws2812b_module/PROGRAM/WS2812B_DRIVER/WS2812BMODULE/Core/Src/games" -I"/Users/lucasnascimenti/Documents/GitHub/WS2812B_MODULE/stm/ws2812b_module/PROGRAM/WS2812B_DRIVER/WS2812BMODULE/Core/Src/games/snake" -I"/Users/lucasnascimenti/Documents/GitHub/WS2812B_MODULE/stm/ws2812b_module/PROGRAM/WS2812B_DRIVER/WS2812BMODULE/Core/Inc/print" -I"/Users/lucasnascimenti/Documents/GitHub/WS2812B_MODULE/stm/ws2812b_module/PROGRAM/WS2812B_DRIVER/WS2812BMODULE/Core/Src/print" -I"/Users/lucasnascimenti/Documents/GitHub/WS2812B_MODULE/stm/ws2812b_module/PROGRAM/WS2812B_DRIVER/WS2812BMODULE/Core/Src/GRID" -I"/Users/lucasnascimenti/Documents/GitHub/WS2812B_MODULE/stm/ws2812b_module/PROGRAM/WS2812B_DRIVER/WS2812BMODULE/Core/Inc/GRID" -O0 -ffunction-sections -fdata-sections -fno-exceptions -fno-rtti -fno-use-cxa-atexit -Wall -fstack-usage -fcyclomatic-complexity -MMD -MP -MF"Core/Src/main.d" -MT"Core/Src/main.o" --specs=nano.specs -mfpu=fpv5-sp-d16 -mfloat-abi=hard -mthumb -o "Core/Src/main.o"
arm-none-eabi-g++ -o "WS2812BMODULE.elf" @"objects.list"   -mcpu=cortex-m33 -T"/Users/lucasnascimenti/Documents/GitHub/WS2812B_MODULE/stm/ws2812b_module/PROGRAM/WS2812B_DRIVER/WS2812BMODULE/STM32H563VGTX_FLASH.ld" --specs=nosys.specs -Wl,-Map="WS2812BMODULE.map" -Wl,--gc-sections -static --specs=nano.specs -mfpu=fpv5-sp-d16 -mfloat-abi=hard -mthumb -Wl,--start-group -lc -lm -lstdc++ -lsupc++ -Wl,--end-group
Finished building target: WS2812BMODULE.elf
 
arm-none-eabi-size  WS2812BMODULE.elf 
arm-none-eabi-objdump -h -S WS2812BMODULE.elf  > "WS2812BMODULE.list"
   text	   data	    bss	    dec	    hex	filename
  46036	     92	   2316	  48444	   bd3c	WS2812BMODULE.elf
Finished building: default.size.stdout
 
Finished building: WS2812BMODULE.list
 
11:43:10 **** Incremental Build of configuration Debug for project WS2812BMODULE ****
make -j11 all 
arm-none-eabi-g++ "../Core/Src/GRID/GRID.cpp" -mcpu=cortex-m33 -std=gnu++14 -g3 -DDEBUG -DUSE_HAL_DRIVER -DSTM32H563xx -c -I../Core/Inc -I../Drivers/STM32H5xx_HAL_Driver/Inc -I../Drivers/STM32H5xx_HAL_Driver/Inc/Legacy -I../Drivers/CMSIS/Device/ST/STM32H5xx/Include -I../Drivers/CMSIS/Include -I"/Users/lucasnascimenti/Documents/GitHub/WS2812B_MODULE/stm/ws2812b_module/PROGRAM/WS2812B_DRIVER/WS2812BMODULE/Core/Inc/games" -I"/Users/lucasnascimenti/Documents/GitHub/WS2812B_MODULE/stm/ws2812b_module/PROGRAM/WS2812B_DRIVER/WS2812BMODULE/Core/Inc/games/snake" -I"/Users/lucasnascimenti/Documents/GitHub/WS2812B_MODULE/stm/ws2812b_module/PROGRAM/WS2812B_DRIVER/WS2812BMODULE/Core/Inc/player" -I"/Users/lucasnascimenti/Documents/GitHub/WS2812B_MODULE/stm/ws2812b_module/PROGRAM/WS2812B_DRIVER/WS2812BMODULE/Core/Inc/records" -I"/Users/lucasnascimenti/Documents/GitHub/WS2812B_MODULE/stm/ws2812b_module/PROGRAM/WS2812B_DRIVER/WS2812BMODULE/Core/Src/games" -I"/Users/lucasnascimenti/Documents/GitHub/WS2812B_MODULE/stm/ws2812b_module/PROGRAM/WS2812B_DRIVER/WS2812BMODULE/Core/Src/games/snake" -I"/Users/lucasnascimenti/Documents/GitHub/WS2812B_MODULE/stm/ws2812b_module/PROGRAM/WS2812B_DRIVER/WS2812BMODULE/Core/Inc/print" -I"/Users/lucasnascimenti/Documents/GitHub/WS2812B_MODULE/stm/ws2812b_module/PROGRAM/WS2812B_DRIVER/WS2812BMODULE/Core/Src/print" -I"/Users/lucasnascimenti/Documents/GitHub/WS2812B_MODULE/stm/ws2812b_module/PROGRAM/WS2812B_DRIVER/WS2812BMODULE/Core/Src/GRID" -I"/Users/lucasnascimenti/Documents/GitHub/WS2812B_MODULE/stm/ws2812b_module/PROGRAM/WS2812B_DRIVER/WS2812BMODULE/Core/Inc/GRID" -O0 -ffunction-sections -fdata-sections -fno-exceptions -fno-rtti -fno-use-cxa-atexit -Wall -fstack-usage -fcyclomatic-complexity -MMD -MP -MF"Core/Src/GRID/GRID.d" -MT"Core/Src/GRID/GRID.o" --specs=nano.specs -mfpu=fpv5-sp-d16 -mfloat-abi=hard -mthumb -o "Core/Src/GRID/GRID.o"
arm-none-eabi-g++ "../Core/Src/main.cpp" -mcpu=cortex-m33 -std=gnu++14 -g3 -DDEBUG -DUSE_HAL_DRIVER -DSTM32H563xx -c -I../Core/Inc -I../Drivers/STM32H5xx_HAL_Driver/Inc -I../Drivers/STM32H5xx_HAL_Driver/Inc/Legacy -I../Drivers/CMSIS/Device/ST/STM32H5xx/Include -I../Drivers/CMSIS/Include -I"/Users/lucasnascimenti/Documents/GitHub/WS2812B_MODULE/stm/ws2812b_module/PROGRAM/WS2812B_DRIVER/WS2812BMODULE/Core/Inc/games" -I"/Users/lucasnascimenti/Documents/GitHub/WS2812B_MODULE/stm/ws2812b_module/PROGRAM/WS2812B_DRIVER/WS2812BMODULE/Core/Inc/games/snake" -I"/Users/lucasnascimenti/Documents/GitHub/WS2812B_MODULE/stm/ws2812b_module/PROGRAM/WS2812B_DRIVER/WS2812BMODULE/Core/Inc/player" -I"/Users/lucasnascimenti/Documents/GitHub/WS2812B_MODULE/stm/ws2812b_module/PROGRAM/WS2812B_DRIVER/WS2812BMODULE/Core/Inc/records" -I"/Users/lucasnascimenti/Documents/GitHub/WS2812B_MODULE/stm/ws2812b_module/PROGRAM/WS2812B_DRIVER/WS2812BMODULE/Core/Src/games" -I"/Users/lucasnascimenti/Documents/GitHub/WS2812B_MODULE/stm/ws2812b_module/PROGRAM/WS2812B_DRIVER/WS2812BMODULE/Core/Src/games/snake" -I"/Users/lucasnascimenti/Documents/GitHub/WS2812B_MODULE/stm/ws2812b_module/PROGRAM/WS2812B_DRIVER/WS2812BMODULE/Core/Inc/print" -I"/Users/lucasnascimenti/Documents/GitHub/WS2812B_MODULE/stm/ws2812b_module/PROGRAM/WS2812B_DRIVER/WS2812BMODULE/Core/Src/print" -I"/Users/lucasnascimenti/Documents/GitHub/WS2812B_MODULE/stm/ws2812b_module/PROGRAM/WS2812B_DRIVER/WS2812BMODULE/Core/Src/GRID" -I"/Users/lucasnascimenti/Documents/GitHub/WS2812B_MODULE/stm/ws2812b_module/PROGRAM/WS2812B_DRIVER/WS2812BMODULE/Core/Inc/GRID" -O0 -ffunction-sections -fdata-sections -fno-exceptions -fno-rtti -fno-use-cxa-atexit -Wall -fstack-usage -fcyclomatic-complexity -MMD -MP -MF"Core/Src/main.d" -MT"Core/Src/main.o" --specs=nano.specs -mfpu=fpv5-sp-d16 -mfloat-abi=hard -mthumb -o "Core/Src/main.o"
../Core/Src/GRID/GRID.cpp: In member function 'void GRID::bufferWrite(uint8_t, uint8_t, uint8_t, uint8_t, uint8_t)':
../Core/Src/GRID/GRID.cpp:48:14: warning: unused variable 'str' [-Wunused-variable]
   48 |         char str[100];
      |              ^~~
arm-none-eabi-g++ -o "WS2812BMODULE.elf" @"objects.list"   -mcpu=cortex-m33 -T"/Users/lucasnascimenti/Documents/GitHub/WS2812B_MODULE/stm/ws2812b_module/PROGRAM/WS2812B_DRIVER/WS2812BMODULE/STM32H563VGTX_FLASH.ld" --specs=nosys.specs -Wl,-Map="WS2812BMODULE.map" -Wl,--gc-sections -static --specs=nano.specs -mfpu=fpv5-sp-d16 -mfloat-abi=hard -mthumb -Wl,--start-group -lc -lm -lstdc++ -lsupc++ -Wl,--end-group
Finished building target: WS2812BMODULE.elf
 
arm-none-eabi-size  WS2812BMODULE.elf 
arm-none-eabi-objdump -h -S WS2812BMODULE.elf  > "WS2812BMODULE.list"
   text	   data	    bss	    dec	    hex	filename
  46036	     92	   2316	  48444	   bd3c	WS2812BMODULE.elf
Finished building: default.size.stdout
 
Finished building: WS2812BMODULE.list
 
14:56:25 **** Incremental Build of configuration Debug for project WS2812BMODULE ****
make -j11 all 
arm-none-eabi-g++ "../Core/Src/GRID/GRID.cpp" -mcpu=cortex-m33 -std=gnu++14 -g3 -DDEBUG -DUSE_HAL_DRIVER -DSTM32H563xx -c -I../Core/Inc -I../Drivers/STM32H5xx_HAL_Driver/Inc -I../Drivers/STM32H5xx_HAL_Driver/Inc/Legacy -I../Drivers/CMSIS/Device/ST/STM32H5xx/Include -I../Drivers/CMSIS/Include -I"/Users/lucasnascimenti/Documents/GitHub/WS2812B_MODULE/stm/ws2812b_module/PROGRAM/WS2812B_DRIVER/WS2812BMODULE/Core/Inc/games" -I"/Users/lucasnascimenti/Documents/GitHub/WS2812B_MODULE/stm/ws2812b_module/PROGRAM/WS2812B_DRIVER/WS2812BMODULE/Core/Inc/games/snake" -I"/Users/lucasnascimenti/Documents/GitHub/WS2812B_MODULE/stm/ws2812b_module/PROGRAM/WS2812B_DRIVER/WS2812BMODULE/Core/Inc/player" -I"/Users/lucasnascimenti/Documents/GitHub/WS2812B_MODULE/stm/ws2812b_module/PROGRAM/WS2812B_DRIVER/WS2812BMODULE/Core/Inc/records" -I"/Users/lucasnascimenti/Documents/GitHub/WS2812B_MODULE/stm/ws2812b_module/PROGRAM/WS2812B_DRIVER/WS2812BMODULE/Core/Src/games" -I"/Users/lucasnascimenti/Documents/GitHub/WS2812B_MODULE/stm/ws2812b_module/PROGRAM/WS2812B_DRIVER/WS2812BMODULE/Core/Src/games/snake" -I"/Users/lucasnascimenti/Documents/GitHub/WS2812B_MODULE/stm/ws2812b_module/PROGRAM/WS2812B_DRIVER/WS2812BMODULE/Core/Inc/print" -I"/Users/lucasnascimenti/Documents/GitHub/WS2812B_MODULE/stm/ws2812b_module/PROGRAM/WS2812B_DRIVER/WS2812BMODULE/Core/Src/print" -I"/Users/lucasnascimenti/Documents/GitHub/WS2812B_MODULE/stm/ws2812b_module/PROGRAM/WS2812B_DRIVER/WS2812BMODULE/Core/Src/GRID" -I"/Users/lucasnascimenti/Documents/GitHub/WS2812B_MODULE/stm/ws2812b_module/PROGRAM/WS2812B_DRIVER/WS2812BMODULE/Core/Inc/GRID" -O0 -ffunction-sections -fdata-sections -fno-exceptions -fno-rtti -fno-use-cxa-atexit -Wall -fstack-usage -fcyclomatic-complexity -MMD -MP -MF"Core/Src/GRID/GRID.d" -MT"Core/Src/GRID/GRID.o" --specs=nano.specs -mfpu=fpv5-sp-d16 -mfloat-abi=hard -mthumb -o "Core/Src/GRID/GRID.o"
arm-none-eabi-g++ "../Core/Src/main.cpp" -mcpu=cortex-m33 -std=gnu++14 -g3 -DDEBUG -DUSE_HAL_DRIVER -DSTM32H563xx -c -I../Core/Inc -I../Drivers/STM32H5xx_HAL_Driver/Inc -I../Drivers/STM32H5xx_HAL_Driver/Inc/Legacy -I../Drivers/CMSIS/Device/ST/STM32H5xx/Include -I../Drivers/CMSIS/Include -I"/Users/lucasnascimenti/Documents/GitHub/WS2812B_MODULE/stm/ws2812b_module/PROGRAM/WS2812B_DRIVER/WS2812BMODULE/Core/Inc/games" -I"/Users/lucasnascimenti/Documents/GitHub/WS2812B_MODULE/stm/ws2812b_module/PROGRAM/WS2812B_DRIVER/WS2812BMODULE/Core/Inc/games/snake" -I"/Users/lucasnascimenti/Documents/GitHub/WS2812B_MODULE/stm/ws2812b_module/PROGRAM/WS2812B_DRIVER/WS2812BMODULE/Core/Inc/player" -I"/Users/lucasnascimenti/Documents/GitHub/WS2812B_MODULE/stm/ws2812b_module/PROGRAM/WS2812B_DRIVER/WS2812BMODULE/Core/Inc/records" -I"/Users/lucasnascimenti/Documents/GitHub/WS2812B_MODULE/stm/ws2812b_module/PROGRAM/WS2812B_DRIVER/WS2812BMODULE/Core/Src/games" -I"/Users/lucasnascimenti/Documents/GitHub/WS2812B_MODULE/stm/ws2812b_module/PROGRAM/WS2812B_DRIVER/WS2812BMODULE/Core/Src/games/snake" -I"/Users/lucasnascimenti/Documents/GitHub/WS2812B_MODULE/stm/ws2812b_module/PROGRAM/WS2812B_DRIVER/WS2812BMODULE/Core/Inc/print" -I"/Users/lucasnascimenti/Documents/GitHub/WS2812B_MODULE/stm/ws2812b_module/PROGRAM/WS2812B_DRIVER/WS2812BMODULE/Core/Src/print" -I"/Users/lucasnascimenti/Documents/GitHub/WS2812B_MODULE/stm/ws2812b_module/PROGRAM/WS2812B_DRIVER/WS2812BMODULE/Core/Src/GRID" -I"/Users/lucasnascimenti/Documents/GitHub/WS2812B_MODULE/stm/ws2812b_module/PROGRAM/WS2812B_DRIVER/WS2812BMODULE/Core/Inc/GRID" -O0 -ffunction-sections -fdata-sections -fno-exceptions -fno-rtti -fno-use-cxa-atexit -Wall -fstack-usage -fcyclomatic-complexity -MMD -MP -MF"Core/Src/main.d" -MT"Core/Src/main.o" --specs=nano.specs -mfpu=fpv5-sp-d16 -mfloat-abi=hard -mthumb -o "Core/Src/main.o"
../Core/Src/GRID/GRID.cpp: In member function 'void GRID::bufferWrite(uint8_t, uint8_t, uint8_t, uint8_t, uint8_t)':
../Core/Src/GRID/GRID.cpp:48:14: warning: unused variable 'str' [-Wunused-variable]
   48 |         char str[100];
      |              ^~~
../Core/Src/GRID/GRID.cpp: In member function 'void GRID::writeBits(uint16_t, uint16_t, uint16_t)':
../Core/Src/GRID/GRID.cpp:141:9: error: 'GPIO' was not declared in this scope; did you mean 'GPIOA'?
  141 |         GPIO
      |         ^~~~
      |         GPIOA
../Core/Src/GRID/GRID.cpp: In member function 'void GRID::writePanel()':
../Core/Src/GRID/GRID.cpp:152:15: error: 'i' was not declared in this scope
  152 |         for(; i< 48; i++){
      |               ^
../Core/Src/GRID/GRID.cpp:153:23: error: 'j' was not declared in this scope; did you mean 'jn'?
  153 |                 for(; j<48; j++){
      |                       ^
      |                       jn
make: *** [Core/Src/GRID/subdir.mk:19: Core/Src/GRID/GRID.o] Error 1
make: *** Waiting for unfinished jobs....
"make -j11 all" terminated with exit code 2. Build might be incomplete.
14:56:32 **** Incremental Build of configuration Debug for project WS2812BMODULE ****
make -j11 all 
[...]
Finished building target: WS2812BMODULE.elf
 
arm-none-eabi-size  WS2812BMODULE.elf 
arm-none-eabi-objdump -h -S WS2812BMODULE.elf  > "WS2812BMODULE.list"
   text	   data	    bss	    dec	    hex	filename
  46036	     92	   2316	  48444	   bd3c	WS2812BMODULE.elf
Finished building: default.size.stdout
 
Finished building: WS2812BMODULE.list
 
16:42:28 **** Incremental Build of configuration Debug for project WS2812BMODULE ****
make -j11 all 
arm-none-eabi-g++ "../Core/Src/main.cpp" -mcpu=cortex-m33 -std=gnu++14 -g3 -DDEBUG -DUSE_HAL_DRIVER -DSTM32H563xx -c -I../Core/Inc -I../Drivers/STM32H5xx_HAL_Driver/Inc -I../Drivers/STM32H5xx_HAL_Driver/Inc/Legacy -I../Drivers/CMSIS/Device/ST/STM32H5xx/Include -I../Drivers/CMSIS/Include -I"/Users/lucasnascimenti/Documents/GitHub/WS2812B_MODULE/stm/ws2812b_module/PROGRAM/WS2812B_DRIVER/WS2812BMODULE/Core/Inc/games" -I"/Users/lucasnascimenti/Documents/GitHub/WS2812B_MODULE/stm/ws2812b_module/PROGRAM/WS2812B_DRIVER/WS2812BMODULE/Core/Inc/games/snake" -I"/Users/lucasnascimenti/Documents/GitHub/WS2812B_MODULE/stm/ws2812b_module/PROGRAM/WS2812B_DRIVER/WS2812BMODULE/Core/Inc/player" -I"/Users/lucasnascimenti/Documents/GitHub/WS2812B_MODULE/stm/ws2812b_module/PROGRAM/WS2812B_DRIVER/WS2812BMODULE/Core/Inc/records" -I"/Users/lucasnascimenti/Documents/GitHub/WS2812B_MODULE/stm/ws2812b_module/PROGRAM/WS2812B_DRIVER/WS2812BMODULE/Core/Src/games" -I"/Users/lucasnascimenti/Documents/GitHub/WS2812B_MODULE/stm/ws2812b_module/PROGRAM/WS2812B_DRIVER/WS2812BMODULE/Core/Src/games/snake" -I"/Users/lucasnascimenti/Documents/GitHub/WS2812B_MODULE/stm/ws2812b_module/PROGRAM/WS2812B_DRIVER/WS2812BMODULE/Core/Inc/print" -I"/Users/lucasnascimenti/Documents/GitHub/WS2812B_MODULE/stm/ws2812b_module/PROGRAM/WS2812B_DRIVER/WS2812BMODULE/Core/Src/print" -I"/Users/lucasnascimenti/Documents/GitHub/WS2812B_MODULE/stm/ws2812b_module/PROGRAM/WS2812B_DRIVER/WS2812BMODULE/Core/Src/GRID" -I"/Users/lucasnascimenti/Documents/GitHub/WS2812B_MODULE/stm/ws2812b_module/PROGRAM/WS2812B_DRIVER/WS2812BMODULE/Core/Inc/GRID" -O0 -ffunction-sections -fdata-sections -fno-exceptions -fno-rtti -fno-use-cxa-atexit -Wall -fstack-usage -fcyclomatic-complexity -MMD -MP -MF"Core/Src/main.d" -MT"Core/Src/main.o" --specs=nano.specs -mfpu=fpv5-sp-d16 -mfloat-abi=hard -mthumb -o "Core/Src/main.o"
arm-none-eabi-g++ -o "WS2812BMODULE.elf" @"objects.list"   -mcpu=cortex-m33 -T"/Users/lucasnascimenti/Documents/GitHub/WS2812B_MODULE/stm/ws2812b_module/PROGRAM/WS2812B_DRIVER/WS2812BMODULE/STM32H563VGTX_FLASH.ld" --specs=nosys.specs -Wl,-Map="WS2812BMODULE.map" -Wl,--gc-sections -static --specs=nano.specs -mfpu=fpv5-sp-d16 -mfloat-abi=hard -mthumb -Wl,--start-group -lc -lm -lstdc++ -lsupc++ -Wl,--end-group
Finished building target: WS2812BMODULE.elf
 
arm-none-eabi-size  WS2812BMODULE.elf 
arm-none-eabi-objdump -h -S WS2812BMODULE.elf  > "WS2812BMODULE.list"
   text	   data	    bss	    dec	    hex	filename
  46036	     92	   2316	  48444	   bd3c	WS2812BMODULE.elf
Finished building: default.size.stdout
 
Finished building: WS2812BMODULE.list
 
16:44:05 **** Incremental Build of configuration Debug for project WS2812BMODULE ****
make -j11 all 
arm-none-eabi-g++ "../Core/Src/main.cpp" -mcpu=cortex-m33 -std=gnu++14 -g3 -DDEBUG -DUSE_HAL_DRIVER -DSTM32H563xx -c -I../Core/Inc -I../Drivers/STM32H5xx_HAL_Driver/Inc -I../Drivers/STM32H5xx_HAL_Driver/Inc/Legacy -I../Drivers/CMSIS/Device/ST/STM32H5xx/Include -I../Drivers/CMSIS/Include -I"/Users/lucasnascimenti/Documents/GitHub/WS2812B_MODULE/stm/ws2812b_module/PROGRAM/WS2812B_DRIVER/WS2812BMODULE/Core/Inc/games" -I"/Users/lucasnascimenti/Documents/GitHub/WS2812B_MODULE/stm/ws2812b_module/PROGRAM/WS2812B_DRIVER/WS2812BMODULE/Core/Inc/games/snake" -I"/Users/lucasnascimenti/Documents/GitHub/WS2812B_MODULE/stm/ws2812b_module/PROGRAM/WS2812B_DRIVER/WS2812BMODULE/Core/Inc/player" -I"/Users/lucasnascimenti/Documents/GitHub/WS2812B_MODULE/stm/ws2812b_module/PROGRAM/WS2812B_DRIVER/WS2812BMODULE/Core/Inc/records" -I"/Users/lucasnascimenti/Documents/GitHub/WS2812B_MODULE/stm/ws2812b_module/PROGRAM/WS2812B_DRIVER/WS2812BMODULE/Core/Src/games" -I"/Users/lucasnascimenti/Documents/GitHub/WS2812B_MODULE/stm/ws2812b_module/PROGRAM/WS2812B_DRIVER/WS2812BMODULE/Core/Src/games/snake" -I"/Users/lucasnascimenti/Documents/GitHub/WS2812B_MODULE/stm/ws2812b_module/PROGRAM/WS2812B_DRIVER/WS2812BMODULE/Core/Inc/print" -I"/Users/lucasnascimenti/Documents/GitHub/WS2812B_MODULE/stm/ws2812b_module/PROGRAM/WS2812B_DRIVER/WS2812BMODULE/Core/Src/print" -I"/Users/lucasnascimenti/Documents/GitHub/WS2812B_MODULE/stm/ws2812b_module/PROGRAM/WS2812B_DRIVER/WS2812BMODULE/Core/Src/GRID" -I"/Users/lucasnascimenti/Documents/GitHub/WS2812B_MODULE/stm/ws2812b_module/PROGRAM/WS2812B_DRIVER/WS2812BMODULE/Core/Inc/GRID" -O0 -ffunction-sections -fdata-sections -fno-exceptions -fno-rtti -fno-use-cxa-atexit -Wall -fstack-usage -fcyclomatic-complexity -MMD -MP -MF"Core/Src/main.d" -MT"Core/Src/main.o" --specs=nano.specs -mfpu=fpv5-sp-d16 -mfloat-abi=hard -mthumb -o "Core/Src/main.o"
arm-none-eabi-g++ -o "WS2812BMODULE.elf" @"objects.list"   -mcpu=cortex-m33 -T"/Users/lucasnascimenti/Documents/GitHub/WS2812B_MODULE/stm/ws2812b_module/PROGRAM/WS2812B_DRIVER/WS2812BMODULE/STM32H563VGTX_FLASH.ld" --specs=nosys.specs -Wl,-Map="WS2812BMODULE.map" -Wl,--gc-sections -static --specs=nano.specs -mfpu=fpv5-sp-d16 -mfloat-abi=hard -mthumb -Wl,--start-group -lc -lm -lstdc++ -lsupc++ -Wl,--end-group
Finished building target: WS2812BMODULE.elf
 
arm-none-eabi-size  WS2812BMODULE.elf 
arm-none-eabi-objdump -h -S WS2812BMODULE.elf  > "WS2812BMODULE.list"
   text	   data	    bss	    dec	    hex	filename
  46096	     92	   2316	  48504	   bd78	WS2812BMODULE.elf
Finished building: default.size.stdout
 
Finished building: WS2812BMODULE.list
 
16:44:31 **** Incremental Build of configuration Debug for project WS2812BMODULE ****
make -j11 all 
arm-none-eabi-g++ "../Core/Src/main.cpp" -mcpu=cortex-m33 -std=gnu++14 -g3 -DDEBUG -DUSE_HAL_DRIVER -DSTM32H563xx -c -I../Core/Inc -I../Drivers/STM32H5xx_HAL_Driver/Inc -I../Drivers/STM32H5xx_HAL_Driver/Inc/Legacy -I../Drivers/CMSIS/Device/ST/STM32H5xx/Include -I../Drivers/CMSIS/Include -I"/Users/lucasnascimenti/Documents/GitHub/WS2812B_MODULE/stm/ws2812b_module/PROGRAM/WS2812B_DRIVER/WS2812BMODULE/Core/Inc/games" -I"/Users/lucasnascimenti/Documents/GitHub/WS2812B_MODULE/stm/ws2812b_module/PROGRAM/WS2812B_DRIVER/WS2812BMODULE/Core/Inc/games/snake" -I"/Users/lucasnascimenti/Documents/GitHub/WS2812B_MODULE/stm/ws2812b_module/PROGRAM/WS2812B_DRIVER/WS2812BMODULE/Core/Inc/player" -I"/Users/lucasnascimenti/Documents/GitHub/WS2812B_MODULE/stm/ws2812b_module/PROGRAM/WS2812B_DRIVER/WS2812BMODULE/Core/Inc/records" -I"/Users/lucasnascimenti/Documents/GitHub/WS2812B_MODULE/stm/ws2812b_module/PROGRAM/WS2812B_DRIVER/WS2812BMODULE/Core/Src/games" -I"/Users/lucasnascimenti/Documents/GitHub/WS2812B_MODULE/stm/ws2812b_module/PROGRAM/WS2812B_DRIVER/WS2812BMODULE/Core/Src/games/snake" -I"/Users/lucasnascimenti/Documents/GitHub/WS2812B_MODULE/stm/ws2812b_module/PROGRAM/WS2812B_DRIVER/WS2812BMODULE/Core/Inc/print" -I"/Users/lucasnascimenti/Documents/GitHub/WS2812B_MODULE/stm/ws2812b_module/PROGRAM/WS2812B_DRIVER/WS2812BMODULE/Core/Src/print" -I"/Users/lucasnascimenti/Documents/GitHub/WS2812B_MODULE/stm/ws2812b_module/PROGRAM/WS2812B_DRIVER/WS2812BMODULE/Core/Src/GRID" -I"/Users/lucasnascimenti/Documents/GitHub/WS2812B_MODULE/stm/ws2812b_module/PROGRAM/WS2812B_DRIVER/WS2812BMODULE/Core/Inc/GRID" -O0 -ffunction-sections -fdata-sections -fno-exceptions -fno-rtti -fno-use-cxa-atexit -Wall -fstack-usage -fcyclomatic-complexity -MMD -MP -MF"Core/Src/main.d" -MT"Core/Src/main.o" --specs=nano.specs -mfpu=fpv5-sp-d16 -mfloat-abi=hard -mthumb -o "Core/Src/main.o"
arm-none-eabi-g++ -o "WS2812BMODULE.elf" @"objects.list"   -mcpu=cortex-m33 -T"/Users/lucasnascimenti/Documents/GitHub/WS2812B_MODULE/stm/ws2812b_module/PROGRAM/WS2812B_DRIVER/WS2812BMODULE/STM32H563VGTX_FLASH.ld" --specs=nosys.specs -Wl,-Map="WS2812BMODULE.map" -Wl,--gc-sections -static --specs=nano.specs -mfpu=fpv5-sp-d16 -mfloat-abi=hard -mthumb -Wl,--start-group -lc -lm -lstdc++ -lsupc++ -Wl,--end-group
Finished building target: WS2812BMODULE.elf
 
arm-none-eabi-size  WS2812BMODULE.elf 
arm-none-eabi-objdump -h -S WS2812BMODULE.elf  > "WS2812BMODULE.list"
   text	   data	    bss	    dec	    hex	filename
  46924	     92	   2316	  49332	   c0b4	WS2812BMODULE.elf
Finished building: default.size.stdout
 
Finished building: WS2812BMODULE.list
 
16:46:52 **** Incremental Build of configuration Debug for project WS2812BMODULE ****
make -j11 all 
arm-none-eabi-g++ "../Core/Src/main.cpp" -mcpu=cortex-m33 -std=gnu++14 -g3 -DDEBUG -DUSE_HAL_DRIVER -DSTM32H563xx -c -I../Core/Inc -I../Drivers/STM32H5xx_HAL_Driver/Inc -I../Drivers/STM32H5xx_HAL_Driver/Inc/Legacy -I../Drivers/CMSIS/Device/ST/STM32H5xx/Include -I../Drivers/CMSIS/Include -I"/Users/lucasnascimenti/Documents/GitHub/WS2812B_MODULE/stm/ws2812b_module/PROGRAM/WS2812B_DRIVER/WS2812BMODULE/Core/Inc/games" -I"/Users/lucasnascimenti/Documents/GitHub/WS2812B_MODULE/stm/ws2812b_module/PROGRAM/WS2812B_DRIVER/WS2812BMODULE/Core/Inc/games/snake" -I"/Users/lucasnascimenti/Documents/GitHub/WS2812B_MODULE/stm/ws2812b_module/PROGRAM/WS2812B_DRIVER/WS2812BMODULE/Core/Inc/player" -I"/Users/lucasnascimenti/Documents/GitHub/WS2812B_MODULE/stm/ws2812b_module/PROGRAM/WS2812B_DRIVER/WS2812BMODULE/Core/Inc/records" -I"/Users/lucasnascimenti/Documents/GitHub/WS2812B_MODULE/stm/ws2812b_module/PROGRAM/WS2812B_DRIVER/WS2812BMODULE/Core/Src/games" -I"/Users/lucasnascimenti/Documents/GitHub/WS2812B_MODULE/stm/ws2812b_module/PROGRAM/WS2812B_DRIVER/WS2812BMODULE/Core/Src/games/snake" -I"/Users/lucasnascimenti/Documents/GitHub/WS2812B_MODULE/stm/ws2812b_module/PROGRAM/WS2812B_DRIVER/WS2812BMODULE/Core/Inc/print" -I"/Users/lucasnascimenti/Documents/GitHub/WS2812B_MODULE/stm/ws2812b_module/PROGRAM/WS2812B_DRIVER/WS2812BMODULE/Core/Src/print" -I"/Users/lucasnascimenti/Documents/GitHub/WS2812B_MODULE/stm/ws2812b_module/PROGRAM/WS2812B_DRIVER/WS2812BMODULE/Core/Src/GRID" -I"/Users/lucasnascimenti/Documents/GitHub/WS2812B_MODULE/stm/ws2812b_module/PROGRAM/WS2812B_DRIVER/WS2812BMODULE/Core/Inc/GRID" -O0 -ffunction-sections -fdata-sections -fno-exceptions -fno-rtti -fno-use-cxa-atexit -Wall -fstack-usage -fcyclomatic-complexity -MMD -MP -MF"Core/Src/main.d" -MT"Core/Src/main.o" --specs=nano.specs -mfpu=fpv5-sp-d16 -mfloat-abi=hard -mthumb -o "Core/Src/main.o"
arm-none-eabi-g++ -o "WS2812BMODULE.elf" @"objects.list"   -mcpu=cortex-m33 -T"/Users/lucasnascimenti/Documents/GitHub/WS2812B_MODULE/stm/ws2812b_module/PROGRAM/WS2812B_DRIVER/WS2812BMODULE/STM32H563VGTX_FLASH.ld" --specs=nosys.specs -Wl,-Map="WS2812BMODULE.map" -Wl,--gc-sections -static --specs=nano.specs -mfpu=fpv5-sp-d16 -mfloat-abi=hard -mthumb -Wl,--start-group -lc -lm -lstdc++ -lsupc++ -Wl,--end-group
Finished building target: WS2812BMODULE.elf
 
arm-none-eabi-size  WS2812BMODULE.elf 
arm-none-eabi-objdump -h -S WS2812BMODULE.elf  > "WS2812BMODULE.list"
   text	   data	    bss	    dec	    hex	filename
  46932	     92	   2316	  49340	   c0bc	WS2812BMODULE.elf
Finished building: default.size.stdout
 
Finished building: WS2812BMODULE.list
 
16:47:46 **** Incremental Build of configuration Debug for project WS2812BMODULE ****
make -j11 all 
arm-none-eabi-g++ "../Core/Src/main.cpp" -mcpu=cortex-m33 -std=gnu++14 -g3 -DDEBUG -DUSE_HAL_DRIVER -DSTM32H563xx -c -I../Core/Inc -I../Drivers/STM32H5xx_HAL_Driver/Inc -I../Drivers/STM32H5xx_HAL_Driver/Inc/Legacy -I../Drivers/CMSIS/Device/ST/STM32H5xx/Include -I../Drivers/CMSIS/Include -I"/Users/lucasnascimenti/Documents/GitHub/WS2812B_MODULE/stm/ws2812b_module/PROGRAM/WS2812B_DRIVER/WS2812BMODULE/Core/Inc/games" -I"/Users/lucasnascimenti/Documents/GitHub/WS2812B_MODULE/stm/ws2812b_module/PROGRAM/WS2812B_DRIVER/WS2812BMODULE/Core/Inc/games/snake" -I"/Users/lucasnascimenti/Documents/GitHub/WS2812B_MODULE/stm/ws2812b_module/PROGRAM/WS2812B_DRIVER/WS2812BMODULE/Core/Inc/player" -I"/Users/lucasnascimenti/Documents/GitHub/WS2812B_MODULE/stm/ws2812b_module/PROGRAM/WS2812B_DRIVER/WS2812BMODULE/Core/Inc/records" -I"/Users/lucasnascimenti/Documents/GitHub/WS2812B_MODULE/stm/ws2812b_module/PROGRAM/WS2812B_DRIVER/WS2812BMODULE/Core/Src/games" -I"/Users/lucasnascimenti/Documents/GitHub/WS2812B_MODULE/stm/ws2812b_module/PROGRAM/WS2812B_DRIVER/WS2812BMODULE/Core/Src/games/snake" -I"/Users/lucasnascimenti/Documents/GitHub/WS2812B_MODULE/stm/ws2812b_module/PROGRAM/WS2812B_DRIVER/WS2812BMODULE/Core/Inc/print" -I"/Users/lucasnascimenti/Documents/GitHub/WS2812B_MODULE/stm/ws2812b_module/PROGRAM/WS2812B_DRIVER/WS2812BMODULE/Core/Src/print" -I"/Users/lucasnascimenti/Documents/GitHub/WS2812B_MODULE/stm/ws2812b_module/PROGRAM/WS2812B_DRIVER/WS2812BMODULE/Core/Src/GRID" -I"/Users/lucasnascimenti/Documents/GitHub/WS2812B_MODULE/stm/ws2812b_module/PROGRAM/WS2812B_DRIVER/WS2812BMODULE/Core/Inc/GRID" -O0 -ffunction-sections -fdata-sections -fno-exceptions -fno-rtti -fno-use-cxa-atexit -Wall -fstack-usage -fcyclomatic-complexity -MMD -MP -MF"Core/Src/main.d" -MT"Core/Src/main.o" --specs=nano.specs -mfpu=fpv5-sp-d16 -mfloat-abi=hard -mthumb -o "Core/Src/main.o"
arm-none-eabi-g++ -o "WS2812BMODULE.elf" @"objects.list"   -mcpu=cortex-m33 -T"/Users/lucasnascimenti/Documents/GitHub/WS2812B_MODULE/stm/ws2812b_module/PROGRAM/WS2812B_DRIVER/WS2812BMODULE/STM32H563VGTX_FLASH.ld" --specs=nosys.specs -Wl,-Map="WS2812BMODULE.map" -Wl,--gc-sections -static --specs=nano.specs -mfpu=fpv5-sp-d16 -mfloat-abi=hard -mthumb -Wl,--start-group -lc -lm -lstdc++ -lsupc++ -Wl,--end-group
Finished building target: WS2812BMODULE.elf
 
arm-none-eabi-size  WS2812BMODULE.elf 
arm-none-eabi-objdump -h -S WS2812BMODULE.elf  > "WS2812BMODULE.list"
   text	   data	    bss	    dec	    hex	filename
  46932	     92	   2316	  49340	   c0bc	WS2812BMODULE.elf
Finished building: default.size.stdout
 
Finished building: WS2812BMODULE.list
 
16:48:18 **** Incremental Build of configuration Debug for project WS2812BMODULE ****
make -j11 all 
arm-none-eabi-g++ "../Core/Src/main.cpp" -mcpu=cortex-m33 -std=gnu++14 -g3 -DDEBUG -DUSE_HAL_DRIVER -DSTM32H563xx -c -I../Core/Inc -I../Drivers/STM32H5xx_HAL_Driver/Inc -I../Drivers/STM32H5xx_HAL_Driver/Inc/Legacy -I../Drivers/CMSIS/Device/ST/STM32H5xx/Include -I../Drivers/CMSIS/Include -I"/Users/lucasnascimenti/Documents/GitHub/WS2812B_MODULE/stm/ws2812b_module/PROGRAM/WS2812B_DRIVER/WS2812BMODULE/Core/Inc/games" -I"/Users/lucasnascimenti/Documents/GitHub/WS2812B_MODULE/stm/ws2812b_module/PROGRAM/WS2812B_DRIVER/WS2812BMODULE/Core/Inc/games/snake" -I"/Users/lucasnascimenti/Documents/GitHub/WS2812B_MODULE/stm/ws2812b_module/PROGRAM/WS2812B_DRIVER/WS2812BMODULE/Core/Inc/player" -I"/Users/lucasnascimenti/Documents/GitHub/WS2812B_MODULE/stm/ws2812b_module/PROGRAM/WS2812B_DRIVER/WS2812BMODULE/Core/Inc/records" -I"/Users/lucasnascimenti/Documents/GitHub/WS2812B_MODULE/stm/ws2812b_module/PROGRAM/WS2812B_DRIVER/WS2812BMODULE/Core/Src/games" -I"/Users/lucasnascimenti/Documents/GitHub/WS2812B_MODULE/stm/ws2812b_module/PROGRAM/WS2812B_DRIVER/WS2812BMODULE/Core/Src/games/snake" -I"/Users/lucasnascimenti/Documents/GitHub/WS2812B_MODULE/stm/ws2812b_module/PROGRAM/WS2812B_DRIVER/WS2812BMODULE/Core/Inc/print" -I"/Users/lucasnascimenti/Documents/GitHub/WS2812B_MODULE/stm/ws2812b_module/PROGRAM/WS2812B_DRIVER/WS2812BMODULE/Core/Src/print" -I"/Users/lucasnascimenti/Documents/GitHub/WS2812B_MODULE/stm/ws2812b_module/PROGRAM/WS2812B_DRIVER/WS2812BMODULE/Core/Src/GRID" -I"/Users/lucasnascimenti/Documents/GitHub/WS2812B_MODULE/stm/ws2812b_module/PROGRAM/WS2812B_DRIVER/WS2812BMODULE/Core/Inc/GRID" -O0 -ffunction-sections -fdata-sections -fno-exceptions -fno-rtti -fno-use-cxa-atexit -Wall -fstack-usage -fcyclomatic-complexity -MMD -MP -MF"Core/Src/main.d" -MT"Core/Src/main.o" --specs=nano.specs -mfpu=fpv5-sp-d16 -mfloat-abi=hard -mthumb -o "Core/Src/main.o"
arm-none-eabi-g++ -o "WS2812BMODULE.elf" @"objects.list"   -mcpu=cortex-m33 -T"/Users/lucasnascimenti/Documents/GitHub/WS2812B_MODULE/stm/ws2812b_module/PROGRAM/WS2812B_DRIVER/WS2812BMODULE/STM32H563VGTX_FLASH.ld" --specs=nosys.specs -Wl,-Map="WS2812BMODULE.map" -Wl,--gc-sections -static --specs=nano.specs -mfpu=fpv5-sp-d16 -mfloat-abi=hard -mthumb -Wl,--start-group -lc -lm -lstdc++ -lsupc++ -Wl,--end-group
Finished building target: WS2812BMODULE.elf
 
arm-none-eabi-size  WS2812BMODULE.elf 
arm-none-eabi-objdump -h -S WS2812BMODULE.elf  > "WS2812BMODULE.list"
   text	   data	    bss	    dec	    hex	filename
  46948	     92	   2316	  49356	   c0cc	WS2812BMODULE.elf
Finished building: default.size.stdout
 
Finished building: WS2812BMODULE.list
 
16:57:10 **** Incremental Build of configuration Debug for project WS2812BMODULE ****
make -j11 all 
arm-none-eabi-g++ "../Core/Src/GRID/GRID.cpp" -mcpu=cortex-m33 -std=gnu++14 -g3 -DDEBUG -DUSE_HAL_DRIVER -DSTM32H563xx -c -I../Core/Inc -I../Drivers/STM32H5xx_HAL_Driver/Inc -I../Drivers/STM32H5xx_HAL_Driver/Inc/Legacy -I../Drivers/CMSIS/Device/ST/STM32H5xx/Include -I../Drivers/CMSIS/Include -I"/Users/lucasnascimenti/Documents/GitHub/WS2812B_MODULE/stm/ws2812b_module/PROGRAM/WS2812B_DRIVER/WS2812BMODULE/Core/Inc/games" -I"/Users/lucasnascimenti/Documents/GitHub/WS2812B_MODULE/stm/ws2812b_module/PROGRAM/WS2812B_DRIVER/WS2812BMODULE/Core/Inc/games/snake" -I"/Users/lucasnascimenti/Documents/GitHub/WS2812B_MODULE/stm/ws2812b_module/PROGRAM/WS2812B_DRIVER/WS2812BMODULE/Core/Inc/player" -I"/Users/lucasnascimenti/Documents/GitHub/WS2812B_MODULE/stm/ws2812b_module/PROGRAM/WS2812B_DRIVER/WS2812BMODULE/Core/Inc/records" -I"/Users/lucasnascimenti/Documents/GitHub/WS2812B_MODULE/stm/ws2812b_module/PROGRAM/WS2812B_DRIVER/WS2812BMODULE/Core/Src/games" -I"/Users/lucasnascimenti/Documents/GitHub/WS2812B_MODULE/stm/ws2812b_module/PROGRAM/WS2812B_DRIVER/WS2812BMODULE/Core/Src/games/snake" -I"/Users/lucasnascimenti/Documents/GitHub/WS2812B_MODULE/stm/ws2812b_module/PROGRAM/WS2812B_DRIVER/WS2812BMODULE/Core/Inc/print" -I"/Users/lucasnascimenti/Documents/GitHub/WS2812B_MODULE/stm/ws2812b_module/PROGRAM/WS2812B_DRIVER/WS2812BMODULE/Core/Src/print" -I"/Users/lucasnascimenti/Documents/GitHub/WS2812B_MODULE/stm/ws2812b_module/PROGRAM/WS2812B_DRIVER/WS2812BMODULE/Core/Src/GRID" -I"/Users/lucasnascimenti/Documents/GitHub/WS2812B_MODULE/stm/ws2812b_module/PROGRAM/WS2812B_DRIVER/WS2812BMODULE/Core/Inc/GRID" -O0 -ffunction-sections -fdata-sections -fno-exceptions -fno-rtti -fno-use-cxa-atexit -Wall -fstack-usage -fcyclomatic-complexity -MMD -MP -MF"Core/Src/GRID/GRID.d" -MT"Core/Src/GRID/GRID.o" --specs=nano.specs -mfpu=fpv5-sp-d16 -mfloat-abi=hard -mthumb -o "Core/Src/GRID/GRID.o"
../Core/Src/GRID/GRID.cpp: In member function 'void GRID::bufferWrite(uint8_t, uint8_t, uint8_t, uint8_t, uint8_t)':
../Core/Src/GRID/GRID.cpp:48:14: warning: unused variable 'str' [-Wunused-variable]
   48 |         char str[100];
      |              ^~~
arm-none-eabi-g++ -o "WS2812BMODULE.elf" @"objects.list"   -mcpu=cortex-m33 -T"/Users/lucasnascimenti/Documents/GitHub/WS2812B_MODULE/stm/ws2812b_module/PROGRAM/WS2812B_DRIVER/WS2812BMODULE/STM32H563VGTX_FLASH.ld" --specs=nosys.specs -Wl,-Map="WS2812BMODULE.map" -Wl,--gc-sections -static --specs=nano.specs -mfpu=fpv5-sp-d16 -mfloat-abi=hard -mthumb -Wl,--start-group -lc -lm -lstdc++ -lsupc++ -Wl,--end-group
Finished building target: WS2812BMODULE.elf
 
arm-none-eabi-size  WS2812BMODULE.elf 
arm-none-eabi-objdump -h -S WS2812BMODULE.elf  > "WS2812BMODULE.list"
   text	   data	    bss	    dec	    hex	filename
  46936	     92	   2316	  49344	   c0c0	WS2812BMODULE.elf
Finished building: default.size.stdout
 
Finished building: WS2812BMODULE.list
 
