11-11 19:38:00 com_github_MitjaNemec_PlaceFootprints.action_place_footprints 674:Plugin executed on: 'linux'
11-11 19:38:00 com_github_MitjaNemec_PlaceFootprints.action_place_footprints 675:Plugin executed with python version: '3.12.3 (main, Jun 18 2025, 17:59:45) [GCC 13.3.0]'
11-11 19:38:00 com_github_MitjaNemec_PlaceFootprints.action_place_footprints 676:KiCad build version: 9.0.5
11-11 19:38:00 com_github_MitjaNemec_PlaceFootprints.action_place_footprints 677:Plugin version: 4.0.1
11-11 19:38:00 com_github_MitjaNemec_PlaceFootprints.action_place_footprints 678:Frame repr: <wx._core.Frame object at 0x74b21cbd6e70>
11-11 19:38:00 com_github_MitjaNemec_PlaceFootprints.place_footprints 121:getting a list of all footprints on board
11-11 19:38:00 com_github_MitjaNemec_PlaceFootprints.place_footprints 156:Footprint D5 on root level
11-11 19:38:00 com_github_MitjaNemec_PlaceFootprints.place_footprints 156:Footprint D246 on root level
11-11 19:38:00 com_github_MitjaNemec_PlaceFootprints.place_footprints 156:Footprint D212 on root level
11-11 19:38:00 com_github_MitjaNemec_PlaceFootprints.place_footprints 156:Footprint D226 on root level
11-11 19:38:00 com_github_MitjaNemec_PlaceFootprints.place_footprints 156:Footprint D205 on root level
11-11 19:38:00 com_github_MitjaNemec_PlaceFootprints.place_footprints 156:Footprint D63 on root level
11-11 19:38:00 com_github_MitjaNemec_PlaceFootprints.place_footprints 156:Footprint D132 on root level
11-11 19:38:00 com_github_MitjaNemec_PlaceFootprints.place_footprints 156:Footprint D245 on root level
11-11 19:38:00 com_github_MitjaNemec_PlaceFootprints.place_footprints 156:Footprint D74 on root level
11-11 19:38:00 com_github_MitjaNemec_PlaceFootprints.place_footprints 156:Footprint D120 on root level
11-11 19:38:00 com_github_MitjaNemec_PlaceFootprints.place_footprints 156:Footprint J11 on root level
11-11 19:38:00 com_github_MitjaNemec_PlaceFootprints.place_footprints 156:Footprint D42 on root level
11-11 19:38:00 com_github_MitjaNemec_PlaceFootprints.place_footprints 156:Footprint D6 on root level
11-11 19:38:00 com_github_MitjaNemec_PlaceFootprints.place_footprints 156:Footprint D150 on root level
11-11 19:38:00 com_github_MitjaNemec_PlaceFootprints.place_footprints 156:Footprint D87 on root level
11-11 19:38:00 com_github_MitjaNemec_PlaceFootprints.place_footprints 156:Footprint D141 on root level
11-11 19:38:00 com_github_MitjaNemec_PlaceFootprints.place_footprints 156:Footprint D113 on root level
11-11 19:38:00 com_github_MitjaNemec_PlaceFootprints.place_footprints 156:Footprint D219 on root level
11-11 19:38:00 com_github_MitjaNemec_PlaceFootprints.place_footprints 156:Footprint D145 on root level
11-11 19:38:00 com_github_MitjaNemec_PlaceFootprints.place_footprints 156:Footprint D161 on root level
11-11 19:38:00 com_github_MitjaNemec_PlaceFootprints.place_footprints 156:Footprint D144 on root level
11-11 19:38:00 com_github_MitjaNemec_PlaceFootprints.place_footprints 156:Footprint D60 on root level
11-11 19:38:00 com_github_MitjaNemec_PlaceFootprints.place_footprints 156:Footprint D126 on root level
11-11 19:38:00 com_github_MitjaNemec_PlaceFootprints.place_footprints 156:Footprint D58 on root level
11-11 19:38:00 com_github_MitjaNemec_PlaceFootprints.place_footprints 156:Footprint D247 on root level
11-11 19:38:00 com_github_MitjaNemec_PlaceFootprints.place_footprints 156:Footprint D182 on root level
11-11 19:38:00 com_github_MitjaNemec_PlaceFootprints.place_footprints 156:Footprint D197 on root level
11-11 19:38:00 com_github_MitjaNemec_PlaceFootprints.place_footprints 156:Footprint D177 on root level
11-11 19:38:00 com_github_MitjaNemec_PlaceFootprints.place_footprints 156:Footprint D129 on root level
11-11 19:38:00 com_github_MitjaNemec_PlaceFootprints.place_footprints 156:Footprint D213 on root level
11-11 19:38:00 com_github_MitjaNemec_PlaceFootprints.place_footprints 156:Footprint D96 on root level
11-11 19:38:00 com_github_MitjaNemec_PlaceFootprints.place_footprints 156:Footprint D181 on root level
11-11 19:38:00 com_github_MitjaNemec_PlaceFootprints.place_footprints 156:Footprint D15 on root level
11-11 19:38:00 com_github_MitjaNemec_PlaceFootprints.place_footprints 156:Footprint D189 on root level
11-11 19:38:00 com_github_MitjaNemec_PlaceFootprints.place_footprints 156:Footprint D16 on root level
11-11 19:38:00 com_github_MitjaNemec_PlaceFootprints.place_footprints 156:Footprint D135 on root level
11-11 19:38:00 com_github_MitjaNemec_PlaceFootprints.place_footprints 156:Footprint D3 on root level
11-11 19:38:00 com_github_MitjaNemec_PlaceFootprints.place_footprints 156:Footprint D123 on root level
11-11 19:38:00 com_github_MitjaNemec_PlaceFootprints.place_footprints 156:Footprint D159 on root level
11-11 19:38:00 com_github_MitjaNemec_PlaceFootprints.place_footprints 156:Footprint D35 on root level
11-11 19:38:00 com_github_MitjaNemec_PlaceFootprints.place_footprints 156:Footprint D103 on root level
11-11 19:38:00 com_github_MitjaNemec_PlaceFootprints.place_footprints 156:Footprint D223 on root level
11-11 19:38:00 com_github_MitjaNemec_PlaceFootprints.place_footprints 156:Footprint D192 on root level
11-11 19:38:00 com_github_MitjaNemec_PlaceFootprints.place_footprints 156:Footprint D2 on root level
11-11 19:38:00 com_github_MitjaNemec_PlaceFootprints.place_footprints 156:Footprint D14 on root level
11-11 19:38:00 com_github_MitjaNemec_PlaceFootprints.place_footprints 156:Footprint D33 on root level
11-11 19:38:00 com_github_MitjaNemec_PlaceFootprints.place_footprints 156:Footprint D167 on root level
11-11 19:38:00 com_github_MitjaNemec_PlaceFootprints.place_footprints 156:Footprint D124 on root level
11-11 19:38:00 com_github_MitjaNemec_PlaceFootprints.place_footprints 156:Footprint D119 on root level
11-11 19:38:00 com_github_MitjaNemec_PlaceFootprints.place_footprints 156:Footprint D65 on root level
11-11 19:38:00 com_github_MitjaNemec_PlaceFootprints.place_footprints 156:Footprint D222 on root level
11-11 19:38:00 com_github_MitjaNemec_PlaceFootprints.place_footprints 156:Footprint D209 on root level
11-11 19:38:00 com_github_MitjaNemec_PlaceFootprints.place_footprints 156:Footprint D230 on root level
11-11 19:38:00 com_github_MitjaNemec_PlaceFootprints.place_footprints 156:Footprint D44 on root level
11-11 19:38:00 com_github_MitjaNemec_PlaceFootprints.place_footprints 156:Footprint J5 on root level
11-11 19:38:00 com_github_MitjaNemec_PlaceFootprints.place_footprints 156:Footprint D149 on root level
11-11 19:38:00 com_github_MitjaNemec_PlaceFootprints.place_footprints 156:Footprint D26 on root level
11-11 19:38:00 com_github_MitjaNemec_PlaceFootprints.place_footprints 156:Footprint D71 on root level
11-11 19:38:00 com_github_MitjaNemec_PlaceFootprints.place_footprints 156:Footprint D173 on root level
11-11 19:38:00 com_github_MitjaNemec_PlaceFootprints.place_footprints 156:Footprint D136 on root level
11-11 19:38:00 com_github_MitjaNemec_PlaceFootprints.place_footprints 156:Footprint D19 on root level
11-11 19:38:00 com_github_MitjaNemec_PlaceFootprints.place_footprints 156:Footprint D156 on root level
11-11 19:38:00 com_github_MitjaNemec_PlaceFootprints.place_footprints 156:Footprint D214 on root level
11-11 19:38:00 com_github_MitjaNemec_PlaceFootprints.place_footprints 156:Footprint D160 on root level
11-11 19:38:00 com_github_MitjaNemec_PlaceFootprints.place_footprints 156:Footprint D158 on root level
11-11 19:38:00 com_github_MitjaNemec_PlaceFootprints.place_footprints 156:Footprint D180 on root level
11-11 19:38:00 com_github_MitjaNemec_PlaceFootprints.place_footprints 156:Footprint D88 on root level
11-11 19:38:00 com_github_MitjaNemec_PlaceFootprints.place_footprints 156:Footprint D24 on root level
11-11 19:38:00 com_github_MitjaNemec_PlaceFootprints.place_footprints 156:Footprint U2 on root level
11-11 19:38:00 com_github_MitjaNemec_PlaceFootprints.place_footprints 156:Footprint D66 on root level
11-11 19:38:00 com_github_MitjaNemec_PlaceFootprints.place_footprints 156:Footprint D148 on root level
11-11 19:38:00 com_github_MitjaNemec_PlaceFootprints.place_footprints 156:Footprint D218 on root level
11-11 19:38:00 com_github_MitjaNemec_PlaceFootprints.place_footprints 156:Footprint D185 on root level
11-11 19:38:00 com_github_MitjaNemec_PlaceFootprints.place_footprints 156:Footprint D109 on root level
11-11 19:38:00 com_github_MitjaNemec_PlaceFootprints.place_footprints 156:Footprint D254 on root level
11-11 19:38:00 com_github_MitjaNemec_PlaceFootprints.place_footprints 156:Footprint D207 on root level
11-11 19:38:00 com_github_MitjaNemec_PlaceFootprints.place_footprints 156:Footprint D233 on root level
11-11 19:38:00 com_github_MitjaNemec_PlaceFootprints.place_footprints 156:Footprint D138 on root level
11-11 19:38:00 com_github_MitjaNemec_PlaceFootprints.place_footprints 156:Footprint D39 on root level
11-11 19:38:00 com_github_MitjaNemec_PlaceFootprints.place_footprints 156:Footprint D22 on root level
11-11 19:38:00 com_github_MitjaNemec_PlaceFootprints.place_footprints 156:Footprint D163 on root level
11-11 19:38:00 com_github_MitjaNemec_PlaceFootprints.place_footprints 156:Footprint D110 on root level
11-11 19:38:00 com_github_MitjaNemec_PlaceFootprints.place_footprints 156:Footprint D51 on root level
11-11 19:38:00 com_github_MitjaNemec_PlaceFootprints.place_footprints 156:Footprint D101 on root level
11-11 19:38:00 com_github_MitjaNemec_PlaceFootprints.place_footprints 156:Footprint D184 on root level
11-11 19:38:00 com_github_MitjaNemec_PlaceFootprints.place_footprints 156:Footprint D127 on root level
11-11 19:38:00 com_github_MitjaNemec_PlaceFootprints.place_footprints 156:Footprint D100 on root level
11-11 19:38:00 com_github_MitjaNemec_PlaceFootprints.place_footprints 156:Footprint D250 on root level
11-11 19:38:00 com_github_MitjaNemec_PlaceFootprints.place_footprints 156:Footprint D235 on root level
11-11 19:38:00 com_github_MitjaNemec_PlaceFootprints.place_footprints 156:Footprint D107 on root level
11-11 19:38:00 com_github_MitjaNemec_PlaceFootprints.place_footprints 156:Footprint D13 on root level
11-11 19:38:00 com_github_MitjaNemec_PlaceFootprints.place_footprints 156:Footprint D133 on root level
11-11 19:38:00 com_github_MitjaNemec_PlaceFootprints.place_footprints 156:Footprint D178 on root level
11-11 19:38:00 com_github_MitjaNemec_PlaceFootprints.place_footprints 156:Footprint D190 on root level
11-11 19:38:00 com_github_MitjaNemec_PlaceFootprints.place_footprints 156:Footprint D115 on root level
11-11 19:38:00 com_github_MitjaNemec_PlaceFootprints.place_footprints 156:Footprint D7 on root level
11-11 19:38:00 com_github_MitjaNemec_PlaceFootprints.place_footprints 156:Footprint D225 on root level
11-11 19:38:00 com_github_MitjaNemec_PlaceFootprints.place_footprints 156:Footprint D70 on root level
11-11 19:38:00 com_github_MitjaNemec_PlaceFootprints.place_footprints 156:Footprint D198 on root level
11-11 19:38:00 com_github_MitjaNemec_PlaceFootprints.place_footprints 156:Footprint D131 on root level
11-11 19:38:00 com_github_MitjaNemec_PlaceFootprints.place_footprints 156:Footprint D256 on root level
11-11 19:38:00 com_github_MitjaNemec_PlaceFootprints.place_footprints 156:Footprint D187 on root level
11-11 19:38:00 com_github_MitjaNemec_PlaceFootprints.place_footprints 156:Footprint D118 on root level
11-11 19:38:00 com_github_MitjaNemec_PlaceFootprints.place_footprints 156:Footprint U1 on root level
11-11 19:38:00 com_github_MitjaNemec_PlaceFootprints.place_footprints 156:Footprint D64 on root level
11-11 19:38:00 com_github_MitjaNemec_PlaceFootprints.place_footprints 156:Footprint D62 on root level
11-11 19:38:00 com_github_MitjaNemec_PlaceFootprints.place_footprints 156:Footprint D249 on root level
11-11 19:38:00 com_github_MitjaNemec_PlaceFootprints.place_footprints 156:Footprint D73 on root level
11-11 19:38:00 com_github_MitjaNemec_PlaceFootprints.place_footprints 156:Footprint D199 on root level
11-11 19:38:00 com_github_MitjaNemec_PlaceFootprints.place_footprints 156:Footprint D122 on root level
11-11 19:38:00 com_github_MitjaNemec_PlaceFootprints.place_footprints 156:Footprint D89 on root level
11-11 19:38:00 com_github_MitjaNemec_PlaceFootprints.place_footprints 156:Footprint D206 on root level
11-11 19:38:00 com_github_MitjaNemec_PlaceFootprints.place_footprints 156:Footprint D111 on root level
11-11 19:38:00 com_github_MitjaNemec_PlaceFootprints.place_footprints 156:Footprint D55 on root level
11-11 19:38:00 com_github_MitjaNemec_PlaceFootprints.place_footprints 156:Footprint D176 on root level
11-11 19:38:00 com_github_MitjaNemec_PlaceFootprints.place_footprints 156:Footprint D171 on root level
11-11 19:38:00 com_github_MitjaNemec_PlaceFootprints.place_footprints 156:Footprint D186 on root level
11-11 19:38:00 com_github_MitjaNemec_PlaceFootprints.place_footprints 156:Footprint D41 on root level
11-11 19:38:00 com_github_MitjaNemec_PlaceFootprints.place_footprints 156:Footprint D29 on root level
11-11 19:38:00 com_github_MitjaNemec_PlaceFootprints.place_footprints 156:Footprint D4 on root level
11-11 19:38:00 com_github_MitjaNemec_PlaceFootprints.place_footprints 156:Footprint D157 on root level
11-11 19:38:00 com_github_MitjaNemec_PlaceFootprints.place_footprints 156:Footprint D172 on root level
11-11 19:38:00 com_github_MitjaNemec_PlaceFootprints.place_footprints 156:Footprint D75 on root level
11-11 19:38:00 com_github_MitjaNemec_PlaceFootprints.place_footprints 156:Footprint D95 on root level
11-11 19:38:00 com_github_MitjaNemec_PlaceFootprints.place_footprints 156:Footprint D117 on root level
11-11 19:38:00 com_github_MitjaNemec_PlaceFootprints.place_footprints 156:Footprint D36 on root level
11-11 19:38:00 com_github_MitjaNemec_PlaceFootprints.place_footprints 156:Footprint D108 on root level
11-11 19:38:00 com_github_MitjaNemec_PlaceFootprints.place_footprints 156:Footprint D244 on root level
11-11 19:38:00 com_github_MitjaNemec_PlaceFootprints.place_footprints 156:Footprint D200 on root level
11-11 19:38:00 com_github_MitjaNemec_PlaceFootprints.place_footprints 156:Footprint D1 on root level
11-11 19:38:00 com_github_MitjaNemec_PlaceFootprints.place_footprints 156:Footprint D99 on root level
11-11 19:38:00 com_github_MitjaNemec_PlaceFootprints.place_footprints 156:Footprint D140 on root level
11-11 19:38:00 com_github_MitjaNemec_PlaceFootprints.place_footprints 156:Footprint D50 on root level
11-11 19:38:00 com_github_MitjaNemec_PlaceFootprints.place_footprints 156:Footprint D216 on root level
11-11 19:38:00 com_github_MitjaNemec_PlaceFootprints.place_footprints 156:Footprint C4212 on root level
11-11 19:38:00 com_github_MitjaNemec_PlaceFootprints.place_footprints 156:Footprint D53 on root level
11-11 19:38:00 com_github_MitjaNemec_PlaceFootprints.place_footprints 156:Footprint D253 on root level
11-11 19:38:00 com_github_MitjaNemec_PlaceFootprints.place_footprints 156:Footprint D79 on root level
11-11 19:38:00 com_github_MitjaNemec_PlaceFootprints.place_footprints 156:Footprint D154 on root level
11-11 19:38:00 com_github_MitjaNemec_PlaceFootprints.place_footprints 156:Footprint D34 on root level
11-11 19:38:00 com_github_MitjaNemec_PlaceFootprints.place_footprints 156:Footprint D221 on root level
11-11 19:38:00 com_github_MitjaNemec_PlaceFootprints.place_footprints 156:Footprint D194 on root level
11-11 19:38:00 com_github_MitjaNemec_PlaceFootprints.place_footprints 156:Footprint D179 on root level
11-11 19:38:00 com_github_MitjaNemec_PlaceFootprints.place_footprints 156:Footprint D183 on root level
11-11 19:38:00 com_github_MitjaNemec_PlaceFootprints.place_footprints 156:Footprint D80 on root level
11-11 19:38:00 com_github_MitjaNemec_PlaceFootprints.place_footprints 156:Footprint D239 on root level
11-11 19:38:00 com_github_MitjaNemec_PlaceFootprints.place_footprints 156:Footprint D174 on root level
11-11 19:38:00 com_github_MitjaNemec_PlaceFootprints.place_footprints 156:Footprint D81 on root level
11-11 19:38:00 com_github_MitjaNemec_PlaceFootprints.place_footprints 156:Footprint D237 on root level
11-11 19:38:00 com_github_MitjaNemec_PlaceFootprints.place_footprints 156:Footprint D57 on root level
11-11 19:38:00 com_github_MitjaNemec_PlaceFootprints.place_footprints 156:Footprint D193 on root level
11-11 19:38:00 com_github_MitjaNemec_PlaceFootprints.place_footprints 156:Footprint D21 on root level
11-11 19:38:00 com_github_MitjaNemec_PlaceFootprints.place_footprints 156:Footprint D98 on root level
11-11 19:38:00 com_github_MitjaNemec_PlaceFootprints.place_footprints 156:Footprint D215 on root level
11-11 19:38:00 com_github_MitjaNemec_PlaceFootprints.place_footprints 156:Footprint D147 on root level
11-11 19:38:00 com_github_MitjaNemec_PlaceFootprints.place_footprints 156:Footprint D162 on root level
11-11 19:38:00 com_github_MitjaNemec_PlaceFootprints.place_footprints 156:Footprint D102 on root level
11-11 19:38:00 com_github_MitjaNemec_PlaceFootprints.place_footprints 156:Footprint D236 on root level
11-11 19:38:00 com_github_MitjaNemec_PlaceFootprints.place_footprints 156:Footprint D121 on root level
11-11 19:38:00 com_github_MitjaNemec_PlaceFootprints.place_footprints 156:Footprint D242 on root level
11-11 19:38:00 com_github_MitjaNemec_PlaceFootprints.place_footprints 156:Footprint D94 on root level
11-11 19:38:00 com_github_MitjaNemec_PlaceFootprints.place_footprints 156:Footprint D112 on root level
11-11 19:38:00 com_github_MitjaNemec_PlaceFootprints.place_footprints 156:Footprint D201 on root level
11-11 19:38:00 com_github_MitjaNemec_PlaceFootprints.place_footprints 156:Footprint D43 on root level
11-11 19:38:00 com_github_MitjaNemec_PlaceFootprints.place_footprints 156:Footprint C4211 on root level
11-11 19:38:00 com_github_MitjaNemec_PlaceFootprints.place_footprints 156:Footprint D48 on root level
11-11 19:38:00 com_github_MitjaNemec_PlaceFootprints.place_footprints 156:Footprint D220 on root level
11-11 19:38:00 com_github_MitjaNemec_PlaceFootprints.place_footprints 156:Footprint D25 on root level
11-11 19:38:00 com_github_MitjaNemec_PlaceFootprints.place_footprints 156:Footprint D116 on root level
11-11 19:38:00 com_github_MitjaNemec_PlaceFootprints.place_footprints 156:Footprint D49 on root level
11-11 19:38:00 com_github_MitjaNemec_PlaceFootprints.place_footprints 156:Footprint D143 on root level
11-11 19:38:00 com_github_MitjaNemec_PlaceFootprints.place_footprints 156:Footprint D72 on root level
11-11 19:38:00 com_github_MitjaNemec_PlaceFootprints.place_footprints 156:Footprint D134 on root level
11-11 19:38:00 com_github_MitjaNemec_PlaceFootprints.place_footprints 156:Footprint U4 on root level
11-11 19:38:00 com_github_MitjaNemec_PlaceFootprints.place_footprints 156:Footprint D169 on root level
11-11 19:38:00 com_github_MitjaNemec_PlaceFootprints.place_footprints 156:Footprint D228 on root level
11-11 19:38:00 com_github_MitjaNemec_PlaceFootprints.place_footprints 156:Footprint D17 on root level
11-11 19:38:00 com_github_MitjaNemec_PlaceFootprints.place_footprints 156:Footprint D210 on root level
11-11 19:38:00 com_github_MitjaNemec_PlaceFootprints.place_footprints 156:Footprint D92 on root level
11-11 19:38:00 com_github_MitjaNemec_PlaceFootprints.place_footprints 156:Footprint D69 on root level
11-11 19:38:00 com_github_MitjaNemec_PlaceFootprints.place_footprints 156:Footprint D67 on root level
11-11 19:38:00 com_github_MitjaNemec_PlaceFootprints.place_footprints 156:Footprint D224 on root level
11-11 19:38:00 com_github_MitjaNemec_PlaceFootprints.place_footprints 156:Footprint D91 on root level
11-11 19:38:00 com_github_MitjaNemec_PlaceFootprints.place_footprints 156:Footprint D191 on root level
11-11 19:38:00 com_github_MitjaNemec_PlaceFootprints.place_footprints 156:Footprint D86 on root level
11-11 19:38:00 com_github_MitjaNemec_PlaceFootprints.place_footprints 156:Footprint D175 on root level
11-11 19:38:00 com_github_MitjaNemec_PlaceFootprints.place_footprints 156:Footprint D104 on root level
11-11 19:38:00 com_github_MitjaNemec_PlaceFootprints.place_footprints 156:Footprint D195 on root level
11-11 19:38:00 com_github_MitjaNemec_PlaceFootprints.place_footprints 156:Footprint D152 on root level
11-11 19:38:00 com_github_MitjaNemec_PlaceFootprints.place_footprints 156:Footprint D54 on root level
11-11 19:38:00 com_github_MitjaNemec_PlaceFootprints.place_footprints 156:Footprint D139 on root level
11-11 19:38:00 com_github_MitjaNemec_PlaceFootprints.place_footprints 156:Footprint D45 on root level
11-11 19:38:00 com_github_MitjaNemec_PlaceFootprints.place_footprints 156:Footprint D232 on root level
11-11 19:38:00 com_github_MitjaNemec_PlaceFootprints.place_footprints 156:Footprint D153 on root level
11-11 19:38:00 com_github_MitjaNemec_PlaceFootprints.place_footprints 156:Footprint D170 on root level
11-11 19:38:00 com_github_MitjaNemec_PlaceFootprints.place_footprints 156:Footprint D106 on root level
11-11 19:38:00 com_github_MitjaNemec_PlaceFootprints.place_footprints 156:Footprint D211 on root level
11-11 19:38:00 com_github_MitjaNemec_PlaceFootprints.place_footprints 156:Footprint D229 on root level
11-11 19:38:00 com_github_MitjaNemec_PlaceFootprints.place_footprints 156:Footprint D97 on root level
11-11 19:38:00 com_github_MitjaNemec_PlaceFootprints.place_footprints 156:Footprint D151 on root level
11-11 19:38:00 com_github_MitjaNemec_PlaceFootprints.place_footprints 156:Footprint D85 on root level
11-11 19:38:00 com_github_MitjaNemec_PlaceFootprints.place_footprints 156:Footprint D114 on root level
11-11 19:38:00 com_github_MitjaNemec_PlaceFootprints.place_footprints 156:Footprint D18 on root level
11-11 19:38:00 com_github_MitjaNemec_PlaceFootprints.place_footprints 156:Footprint D47 on root level
11-11 19:38:00 com_github_MitjaNemec_PlaceFootprints.place_footprints 156:Footprint D32 on root level
11-11 19:38:00 com_github_MitjaNemec_PlaceFootprints.place_footprints 156:Footprint D128 on root level
11-11 19:38:00 com_github_MitjaNemec_PlaceFootprints.place_footprints 156:Footprint D20 on root level
11-11 19:38:00 com_github_MitjaNemec_PlaceFootprints.place_footprints 156:Footprint D38 on root level
11-11 19:38:00 com_github_MitjaNemec_PlaceFootprints.place_footprints 156:Footprint D23 on root level
11-11 19:38:00 com_github_MitjaNemec_PlaceFootprints.place_footprints 156:Footprint D28 on root level
11-11 19:38:00 com_github_MitjaNemec_PlaceFootprints.place_footprints 156:Footprint D68 on root level
11-11 19:38:00 com_github_MitjaNemec_PlaceFootprints.place_footprints 156:Footprint U3 on root level
11-11 19:38:00 com_github_MitjaNemec_PlaceFootprints.place_footprints 156:Footprint D40 on root level
11-11 19:38:00 com_github_MitjaNemec_PlaceFootprints.place_footprints 156:Footprint D231 on root level
11-11 19:38:00 com_github_MitjaNemec_PlaceFootprints.place_footprints 156:Footprint D202 on root level
11-11 19:38:00 com_github_MitjaNemec_PlaceFootprints.place_footprints 156:Footprint D255 on root level
11-11 19:38:00 com_github_MitjaNemec_PlaceFootprints.place_footprints 156:Footprint D137 on root level
11-11 19:38:00 com_github_MitjaNemec_PlaceFootprints.place_footprints 156:Footprint D155 on root level
11-11 19:38:00 com_github_MitjaNemec_PlaceFootprints.place_footprints 156:Footprint D31 on root level
11-11 19:38:00 com_github_MitjaNemec_PlaceFootprints.place_footprints 156:Footprint D59 on root level
11-11 19:38:00 com_github_MitjaNemec_PlaceFootprints.place_footprints 156:Footprint D166 on root level
11-11 19:38:00 com_github_MitjaNemec_PlaceFootprints.place_footprints 156:Footprint D188 on root level
11-11 19:38:00 com_github_MitjaNemec_PlaceFootprints.place_footprints 156:Footprint D76 on root level
11-11 19:38:00 com_github_MitjaNemec_PlaceFootprints.place_footprints 156:Footprint D27 on root level
11-11 19:38:00 com_github_MitjaNemec_PlaceFootprints.place_footprints 156:Footprint D9 on root level
11-11 19:38:00 com_github_MitjaNemec_PlaceFootprints.place_footprints 156:Footprint D252 on root level
11-11 19:38:00 com_github_MitjaNemec_PlaceFootprints.place_footprints 156:Footprint D204 on root level
11-11 19:38:00 com_github_MitjaNemec_PlaceFootprints.place_footprints 156:Footprint D11 on root level
11-11 19:38:00 com_github_MitjaNemec_PlaceFootprints.place_footprints 156:Footprint D8 on root level
11-11 19:38:00 com_github_MitjaNemec_PlaceFootprints.place_footprints 156:Footprint D93 on root level
11-11 19:38:00 com_github_MitjaNemec_PlaceFootprints.place_footprints 156:Footprint C4210 on root level
11-11 19:38:00 com_github_MitjaNemec_PlaceFootprints.place_footprints 156:Footprint D165 on root level
11-11 19:38:00 com_github_MitjaNemec_PlaceFootprints.place_footprints 156:Footprint D142 on root level
11-11 19:38:00 com_github_MitjaNemec_PlaceFootprints.place_footprints 156:Footprint D168 on root level
11-11 19:38:00 com_github_MitjaNemec_PlaceFootprints.place_footprints 156:Footprint D83 on root level
11-11 19:38:00 com_github_MitjaNemec_PlaceFootprints.place_footprints 156:Footprint D241 on root level
11-11 19:38:00 com_github_MitjaNemec_PlaceFootprints.place_footprints 156:Footprint D52 on root level
11-11 19:38:00 com_github_MitjaNemec_PlaceFootprints.place_footprints 156:Footprint D77 on root level
11-11 19:38:00 com_github_MitjaNemec_PlaceFootprints.place_footprints 156:Footprint D10 on root level
11-11 19:38:00 com_github_MitjaNemec_PlaceFootprints.place_footprints 156:Footprint D46 on root level
11-11 19:38:00 com_github_MitjaNemec_PlaceFootprints.place_footprints 156:Footprint D208 on root level
11-11 19:38:00 com_github_MitjaNemec_PlaceFootprints.place_footprints 156:Footprint D30 on root level
11-11 19:38:00 com_github_MitjaNemec_PlaceFootprints.place_footprints 156:Footprint D84 on root level
11-11 19:38:00 com_github_MitjaNemec_PlaceFootprints.place_footprints 156:Footprint D130 on root level
11-11 19:38:00 com_github_MitjaNemec_PlaceFootprints.place_footprints 156:Footprint D243 on root level
11-11 19:38:00 com_github_MitjaNemec_PlaceFootprints.place_footprints 156:Footprint D105 on root level
11-11 19:38:00 com_github_MitjaNemec_PlaceFootprints.place_footprints 156:Footprint D125 on root level
11-11 19:38:00 com_github_MitjaNemec_PlaceFootprints.place_footprints 156:Footprint D61 on root level
11-11 19:38:00 com_github_MitjaNemec_PlaceFootprints.place_footprints 156:Footprint J4 on root level
11-11 19:38:00 com_github_MitjaNemec_PlaceFootprints.place_footprints 156:Footprint D146 on root level
11-11 19:38:00 com_github_MitjaNemec_PlaceFootprints.place_footprints 156:Footprint D12 on root level
11-11 19:38:00 com_github_MitjaNemec_PlaceFootprints.place_footprints 156:Footprint D238 on root level
11-11 19:38:00 com_github_MitjaNemec_PlaceFootprints.place_footprints 156:Footprint D82 on root level
11-11 19:38:00 com_github_MitjaNemec_PlaceFootprints.place_footprints 156:Footprint D90 on root level
11-11 19:38:00 com_github_MitjaNemec_PlaceFootprints.place_footprints 156:Footprint D234 on root level
11-11 19:38:00 com_github_MitjaNemec_PlaceFootprints.place_footprints 156:Footprint D196 on root level
11-11 19:38:00 com_github_MitjaNemec_PlaceFootprints.place_footprints 156:Footprint D164 on root level
11-11 19:38:00 com_github_MitjaNemec_PlaceFootprints.place_footprints 156:Footprint D248 on root level
11-11 19:38:00 com_github_MitjaNemec_PlaceFootprints.place_footprints 156:Footprint D217 on root level
11-11 19:38:00 com_github_MitjaNemec_PlaceFootprints.place_footprints 156:Footprint D227 on root level
11-11 19:38:00 com_github_MitjaNemec_PlaceFootprints.place_footprints 156:Footprint D240 on root level
11-11 19:38:00 com_github_MitjaNemec_PlaceFootprints.place_footprints 156:Footprint D78 on root level
11-11 19:38:00 com_github_MitjaNemec_PlaceFootprints.place_footprints 156:Footprint D56 on root level
11-11 19:38:00 com_github_MitjaNemec_PlaceFootprints.place_footprints 156:Footprint D37 on root level
11-11 19:38:00 com_github_MitjaNemec_PlaceFootprints.place_footprints 156:Footprint D203 on root level
11-11 19:38:00 com_github_MitjaNemec_PlaceFootprints.place_footprints 156:Footprint D251 on root level
11-11 19:38:00 com_github_MitjaNemec_PlaceFootprints.action_place_footprints 717:Reference footprint='D1'
11-11 19:38:01 com_github_MitjaNemec_PlaceFootprints.action_place_footprints 858:Reference designator is: D
11-11 19:38:01 com_github_MitjaNemec_PlaceFootprints.action_place_footprints 859:Reference number is: 1
11-11 19:38:01 com_github_MitjaNemec_PlaceFootprints.action_place_footprints 891:Sorted and filtered list:
['D1', 'D2', 'D3', 'D4', 'D5', 'D6', 'D7', 'D8', 'D9', 'D10', 'D11', 'D12', 'D13', 'D14', 'D15', 'D16', 'D17', 'D18', 'D19', 'D20', 'D21', 'D22', 'D23', 'D24', 'D25', 'D26', 'D27', 'D28', 'D29', 'D30', 'D31', 'D32', 'D33', 'D34', 'D35', 'D36', 'D37', 'D38', 'D39', 'D40', 'D41', 'D42', 'D43', 'D44', 'D45', 'D46', 'D47', 'D48', 'D49', 'D50', 'D51', 'D52', 'D53', 'D54', 'D55', 'D56', 'D57', 'D58', 'D59', 'D60', 'D61', 'D62', 'D63', 'D64', 'D65', 'D66', 'D67', 'D68', 'D69', 'D70', 'D71', 'D72', 'D73', 'D74', 'D75', 'D76', 'D77', 'D78', 'D79', 'D80', 'D81', 'D82', 'D83', 'D84', 'D85', 'D86', 'D87', 'D88', 'D89', 'D90', 'D91', 'D92', 'D93', 'D94', 'D95', 'D96', 'D97', 'D98', 'D99', 'D100', 'D101', 'D102', 'D103', 'D104', 'D105', 'D106', 'D107', 'D108', 'D109', 'D110', 'D111', 'D112', 'D113', 'D114', 'D115', 'D116', 'D117', 'D118', 'D119', 'D120', 'D121', 'D122', 'D123', 'D124', 'D125', 'D126', 'D127', 'D128', 'D129', 'D130', 'D131', 'D132', 'D133', 'D134', 'D135', 'D136', 'D137', 'D138', 'D139', 'D140', 'D141', 'D142', 'D143', 'D144', 'D145', 'D146', 'D147', 'D148', 'D149', 'D150', 'D151', 'D152', 'D153', 'D154', 'D155', 'D156', 'D157', 'D158', 'D159', 'D160', 'D161', 'D162', 'D163', 'D164', 'D165', 'D166', 'D167', 'D168', 'D169', 'D170', 'D171', 'D172', 'D173', 'D174', 'D175', 'D176', 'D177', 'D178', 'D179', 'D180', 'D181', 'D182', 'D183', 'D184', 'D185', 'D186', 'D187', 'D188', 'D189', 'D190', 'D191', 'D192', 'D193', 'D194', 'D195', 'D196', 'D197', 'D198', 'D199', 'D200', 'D201', 'D202', 'D203', 'D204', 'D205', 'D206', 'D207', 'D208', 'D209', 'D210', 'D211', 'D212', 'D213', 'D214', 'D215', 'D216', 'D217', 'D218', 'D219', 'D220', 'D221', 'D222', 'D223', 'D224', 'D225', 'D226', 'D227', 'D228', 'D229', 'D230', 'D231', 'D232', 'D233', 'D234', 'D235', 'D236', 'D237', 'D238', 'D239', 'D240', 'D241', 'D242', 'D243', 'D244', 'D245', 'D246', 'D247', 'D248', 'D249', 'D250', 'D251', 'D252', 'D253', 'D254', 'D255', 'D256']
11-11 19:38:01 com_github_MitjaNemec_PlaceFootprints.action_place_footprints 376:wx.Colour(250, 250, 250, 255)
11-11 19:38:04 com_github_MitjaNemec_PlaceFootprints.action_place_footprints 507:'8'
11-11 19:38:04 com_github_MitjaNemec_PlaceFootprints.action_place_footprints 566:Preparing config for reference matrix
11-11 19:38:04 com_github_MitjaNemec_PlaceFootprints.action_place_footprints 573:Saving config file
11-11 19:38:04 com_github_MitjaNemec_PlaceFootprints.action_place_footprints 575:Saved the config file
11-11 19:38:04 com_github_MitjaNemec_PlaceFootprints.action_place_footprints 929:Footprints to place:
['D1', 'D2', 'D3', 'D4', 'D5', 'D6', 'D7', 'D8', 'D9', 'D10', 'D11', 'D12', 'D13', 'D14', 'D15', 'D16', 'D17', 'D18', 'D19', 'D20', 'D21', 'D22', 'D23', 'D24', 'D25', 'D26', 'D27', 'D28', 'D29', 'D30', 'D31', 'D32', 'D33', 'D34', 'D35', 'D36', 'D37', 'D38', 'D39', 'D40', 'D41', 'D42', 'D43', 'D44', 'D45', 'D46', 'D47', 'D48', 'D49', 'D50', 'D51', 'D52', 'D53', 'D54', 'D55', 'D56', 'D57', 'D58', 'D59', 'D60', 'D61', 'D62', 'D63', 'D64', 'D65', 'D66', 'D67', 'D68', 'D69', 'D70', 'D71', 'D72', 'D73', 'D74', 'D75', 'D76', 'D77', 'D78', 'D79', 'D80', 'D81', 'D82', 'D83', 'D84', 'D85', 'D86', 'D87', 'D88', 'D89', 'D90', 'D91', 'D92', 'D93', 'D94', 'D95', 'D96', 'D97', 'D98', 'D99', 'D100', 'D101', 'D102', 'D103', 'D104', 'D105', 'D106', 'D107', 'D108', 'D109', 'D110', 'D111', 'D112', 'D113', 'D114', 'D115', 'D116', 'D117', 'D118', 'D119', 'D120', 'D121', 'D122', 'D123', 'D124', 'D125', 'D126', 'D127', 'D128', 'D129', 'D130', 'D131', 'D132', 'D133', 'D134', 'D135', 'D136', 'D137', 'D138', 'D139', 'D140', 'D141', 'D142', 'D143', 'D144', 'D145', 'D146', 'D147', 'D148', 'D149', 'D150', 'D151', 'D152', 'D153', 'D154', 'D155', 'D156', 'D157', 'D158', 'D159', 'D160', 'D161', 'D162', 'D163', 'D164', 'D165', 'D166', 'D167', 'D168', 'D169', 'D170', 'D171', 'D172', 'D173', 'D174', 'D175', 'D176', 'D177', 'D178', 'D179', 'D180', 'D181', 'D182', 'D183', 'D184', 'D185', 'D186', 'D187', 'D188', 'D189', 'D190', 'D191', 'D192', 'D193', 'D194', 'D195', 'D196', 'D197', 'D198', 'D199', 'D200', 'D201', 'D202', 'D203', 'D204', 'D205', 'D206', 'D207', 'D208', 'D209', 'D210', 'D211', 'D212', 'D213', 'D214', 'D215', 'D216', 'D217', 'D218', 'D219', 'D220', 'D221', 'D222', 'D223', 'D224', 'D225', 'D226', 'D227', 'D228', 'D229', 'D230', 'D231', 'D232', 'D233', 'D234', 'D235', 'D236', 'D237', 'D238', 'D239', 'D240', 'D241', 'D242', 'D243', 'D244', 'D245', 'D246', 'D247', 'D248', 'D249', 'D250', 'D251', 'D252', 'D253', 'D254', 'D255', 'D256']
11-11 19:38:04 com_github_MitjaNemec_PlaceFootprints.place_footprints 427:Starting placing with matrix layout
11-11 19:38:04 com_github_MitjaNemec_PlaceFootprints.action_place_footprints 999:Placing complete
