2025-12-18 07:29:30,997 [INFO] Activator:176 - 


2025-12-18 07:29:30,998 [INFO] Activator:177 - !SESSION log4j initialized
2025-12-18 07:29:33,269 [INFO] LogOutputStream:77 - [STDOUT_REDIRECT] 
2025-12-18 07:29:33,644 [INFO] ApplicationProperties:184 - Using Application install path: /opt/st/stm32cubeide_1.19.0/plugins/com.st.stm32cube.common.mx_6.15.0.202507011659
2025-12-18 07:29:33,655 [INFO] DbMcusXml:78 - Set database path to: /opt/st/stm32cubeide_1.19.0/plugins/com.st.stm32cube.common.mx_6.15.0.202507011659//db//mcu/
2025-12-18 07:29:33,655 [INFO] ApiDb:274 - Set plugin database path to: /opt/st/stm32cubeide_1.19.0/plugins/com.st.stm32cube.common.mx_6.15.0.202507011659//db//plugins/boardmanager/
2025-12-18 07:29:33,655 [WARN] ApiDb:259 - Overriding images path with different value:  => /opt/st/stm32cubeide_1.19.0/plugins/com.st.stm32cube.common.mx_6.15.0.202507011659//db//plugins/mcufinder/images/
2025-12-18 07:29:33,660 [INFO] ApiDb:250 - Set database path to: /home/lucasnascimento/.stmcufinder/plugins/mcufinder//mcu/
2025-12-18 07:29:33,661 [INFO] DbMcusAds:125 - Set database path to: /home/lucasnascimento/.stmcufinder/plugins/mcufinder//mcu/
2025-12-18 07:29:33,662 [INFO] CrossReferenceDbSqlite:203 - Set database path to: /home/lucasnascimento/.stmcufinder/plugins/mcufinder//mcu/cs/
2025-12-18 07:29:33,722 [INFO] RulesReader:64 - Compatibility file has been processed (317 Rules)
2025-12-18 07:29:33,756 [INFO] DbMcusXml:78 - Set database path to: /opt/st/stm32cubeide_1.19.0/plugins/com.st.stm32cube.common.mx_6.15.0.202507011659//db//mcu/
2025-12-18 07:29:33,757 [INFO] ApiDb:274 - Set plugin database path to: /opt/st/stm32cubeide_1.19.0/plugins/com.st.stm32cube.common.mx_6.15.0.202507011659//db//plugins/boardmanager/
2025-12-18 07:29:33,757 [INFO] ApiDb:261 - Set plugin images path to: /opt/st/stm32cubeide_1.19.0/plugins/com.st.stm32cube.common.mx_6.15.0.202507011659//db//plugins/mcufinder/images/
2025-12-18 07:29:33,757 [WARN] DbFile:41 - Overriding database path with different value: /home/lucasnascimento/.stmcufinder/plugins/mcufinder/ => /home/lucasnascimento/.stmcufinder/plugins/mcufinder
2025-12-18 07:29:33,757 [INFO] ApiDb:250 - Set database path to: /home/lucasnascimento/.stmcufinder/plugins/mcufinder//mcu/
2025-12-18 07:29:33,757 [WARN] DbFile:41 - Overriding database path with different value: /home/lucasnascimento/.stmcufinder/plugins/mcufinder/ => /home/lucasnascimento/.stmcufinder/plugins/mcufinder
2025-12-18 07:29:33,757 [INFO] DbMcusAds:125 - Set database path to: /home/lucasnascimento/.stmcufinder/plugins/mcufinder//mcu/
2025-12-18 07:29:33,757 [WARN] DbFile:41 - Overriding database path with different value: /home/lucasnascimento/.stmcufinder/plugins/mcufinder/ => /home/lucasnascimento/.stmcufinder/plugins/mcufinder
2025-12-18 07:29:33,757 [WARN] DbFile:41 - Overriding database path with different value: /home/lucasnascimento/.stmcufinder/plugins/mcufinder/ => /home/lucasnascimento/.stmcufinder/plugins/mcufinder
2025-12-18 07:29:33,757 [INFO] CrossReferenceDbSqlite:203 - Set database path to: /home/lucasnascimento/.stmcufinder/plugins/mcufinder//mcu/cs/
2025-12-18 07:29:33,793 [INFO] MainPanel:274 - HeapMemory: 268435456
2025-12-18 07:29:33,874 [INFO] DbMcusXml:78 - Set database path to: /opt/st/stm32cubeide_1.19.0/plugins/com.st.stm32cube.common.mx_6.15.0.202507011659//db//mcu/
2025-12-18 07:29:33,875 [INFO] ApiDb:274 - Set plugin database path to: /opt/st/stm32cubeide_1.19.0/plugins/com.st.stm32cube.common.mx_6.15.0.202507011659//db//plugins/boardmanager/
2025-12-18 07:29:33,875 [INFO] ApiDb:261 - Set plugin images path to: /opt/st/stm32cubeide_1.19.0/plugins/com.st.stm32cube.common.mx_6.15.0.202507011659//db//plugins/mcufinder/images/
2025-12-18 07:29:33,875 [WARN] DbFile:41 - Overriding database path with different value: /home/lucasnascimento/.stmcufinder/plugins/mcufinder/ => /home/lucasnascimento/.stmcufinder/plugins/mcufinder
2025-12-18 07:29:33,875 [INFO] ApiDb:250 - Set database path to: /home/lucasnascimento/.stmcufinder/plugins/mcufinder//mcu/
2025-12-18 07:29:33,875 [WARN] DbFile:41 - Overriding database path with different value: /home/lucasnascimento/.stmcufinder/plugins/mcufinder/ => /home/lucasnascimento/.stmcufinder/plugins/mcufinder
2025-12-18 07:29:33,875 [INFO] DbMcusAds:125 - Set database path to: /home/lucasnascimento/.stmcufinder/plugins/mcufinder//mcu/
2025-12-18 07:29:33,875 [WARN] DbFile:41 - Overriding database path with different value: /home/lucasnascimento/.stmcufinder/plugins/mcufinder/ => /home/lucasnascimento/.stmcufinder/plugins/mcufinder
2025-12-18 07:29:33,875 [WARN] DbFile:41 - Overriding database path with different value: /home/lucasnascimento/.stmcufinder/plugins/mcufinder/ => /home/lucasnascimento/.stmcufinder/plugins/mcufinder
2025-12-18 07:29:33,875 [INFO] CrossReferenceDbSqlite:203 - Set database path to: /home/lucasnascimento/.stmcufinder/plugins/mcufinder//mcu/cs/
2025-12-18 07:29:33,882 [INFO] ApplicationProperties:184 - Using Application install path: /opt/st/stm32cubeide_1.19.0/plugins/com.st.stm32cube.common.mx_6.15.0.202507011659
2025-12-18 07:29:33,883 [INFO] PluginManage:196 - Search for loadable plugins [exclusion list=, ]
2025-12-18 07:29:33,884 [INFO] PluginManage:310 - Check plugin analytics
2025-12-18 07:29:33,950 [INFO] AnalyticsPlugin:253 - Accepted Software Licenses: 
2025-12-18 07:29:33,950 [INFO] AnalyticsPlugin:255 - Accepted CMSIS Pack Licenses: STMicroelectronics.X-CUBE-FREERTOS.1.3.1,EmbeddedOffice.I-CUBE-FS-RTOS.1.0.1
2025-12-18 07:29:33,950 [INFO] AnalyticsPlugin:257 - Accepted Firmware Licenses: FW.H5.1.5.0
2025-12-18 07:29:33,951 [INFO] PluginManage:359 - Loaded plugin analytics (category:tool,tabindex:-1)
2025-12-18 07:29:33,952 [INFO] PluginManage:310 - Check plugin cadmodel
2025-12-18 07:29:33,954 [INFO] CADModel:105 - Init CAD model plugin
2025-12-18 07:29:33,955 [INFO] PluginManage:359 - Loaded plugin cadmodel (category:power,tabindex:5)
2025-12-18 07:29:33,955 [INFO] PluginManage:310 - Check plugin clock
2025-12-18 07:29:33,960 [INFO] PluginManage:359 - Loaded plugin clock (category:base,tabindex:2)
2025-12-18 07:29:33,960 [INFO] PluginManage:310 - Check plugin ddr
2025-12-18 07:29:33,961 [INFO] PluginManage:359 - Loaded plugin ddr (category:tool,tabindex:6)
2025-12-18 07:29:33,961 [INFO] PluginManage:310 - Check plugin filemanager
2025-12-18 07:29:34,036 [INFO] PluginManage:359 - Loaded plugin filemanager (category:base,tabindex:10)
2025-12-18 07:29:34,036 [INFO] PluginManage:310 - Check plugin ipmanager
2025-12-18 07:29:34,038 [INFO] PluginManage:359 - Loaded plugin ipmanager (category:base,tabindex:5)
2025-12-18 07:29:34,038 [INFO] PluginManage:310 - Check plugin lpbam
2025-12-18 07:29:34,043 [INFO] PluginManage:359 - Loaded plugin lpbam (category:base,tabindex:0)
2025-12-18 07:29:34,043 [INFO] PluginManage:310 - Check plugin memorymap
2025-12-18 07:29:34,049 [INFO] PluginManage:359 - Loaded plugin memorymap (category:base,tabindex:4)
2025-12-18 07:29:34,049 [INFO] PluginManage:310 - Check plugin pinoutandconfiguration
2025-12-18 07:29:34,054 [INFO] PluginManage:359 - Loaded plugin pinoutandconfiguration (category:base,tabindex:1)
2025-12-18 07:29:34,054 [INFO] PluginManage:310 - Check plugin pinoutconfig
2025-12-18 07:29:34,095 [WARN] SupportedApi:132 - Cannot load RTOS API schema: s4s-elt-must-match.1: The content of 'definitions' must match (annotation?, (simpleType | complexType)?, (unique | key | keyref)*)). A problem was found starting at: attribute.
2025-12-18 07:29:34,154 [INFO] PluginManage:359 - Loaded plugin pinoutconfig (category:base,tabindex:0)
2025-12-18 07:29:34,155 [INFO] PluginManage:310 - Check plugin power
2025-12-18 07:29:34,160 [INFO] PluginManage:359 - Loaded plugin power (category:power,tabindex:4)
2025-12-18 07:29:34,160 [INFO] PluginManage:310 - Check plugin projectmanager
2025-12-18 07:29:34,167 [INFO] PluginManage:359 - Loaded plugin projectmanager (category:projectmanager,tabindex:4)
2025-12-18 07:29:34,167 [INFO] PluginManage:310 - Check plugin rif
2025-12-18 07:29:34,185 [INFO] PluginManage:359 - Loaded plugin rif (category:base,tabindex:3)
2025-12-18 07:29:34,185 [INFO] PluginManage:310 - Check plugin thirdparty
2025-12-18 07:29:34,236 [INFO] PluginManage:359 - Loaded plugin thirdparty (category:base,tabindex:-1)
2025-12-18 07:29:34,236 [INFO] PluginManage:310 - Check plugin tools
2025-12-18 07:29:34,236 [WARN] IntegrityCheckThread:84 - waiting for thirdparty lock release [integrity check]
2025-12-18 07:29:34,236 [INFO] IntegrityCheckThread:86 - entering critical section [integrity check]
2025-12-18 07:29:34,237 [INFO] ThirdPartyUpdaterWithRetryManager:70 - Updater plugin not ready yet. [1/15]
2025-12-18 07:29:34,237 [INFO] PluginManage:359 - Loaded plugin tools (category:base,tabindex:7)
2025-12-18 07:29:34,238 [INFO] PluginManage:310 - Check plugin tutovideos
2025-12-18 07:29:34,336 [INFO] PluginManage:359 - Loaded plugin tutovideos (category:base,tabindex:-1)
2025-12-18 07:29:34,336 [INFO] PluginManage:310 - Check plugin updater
2025-12-18 07:29:34,348 [INFO] PluginManage:359 - Loaded plugin updater (category:base,tabindex:12)
2025-12-18 07:29:34,348 [INFO] PluginManage:310 - Check plugin userauth
2025-12-18 07:29:34,350 [INFO] UserAuth:118 - Init User Auth plugin
2025-12-18 07:29:34,351 [INFO] PluginManage:359 - Loaded plugin userauth (category:base,tabindex:14)
2025-12-18 07:29:34,351 [INFO] PluginManage:283 - PluginManage : Loaded plugins [18]
2025-12-18 07:29:34,440 [INFO] PinOutPanel:1589 - setPackage(No Configuration,No Configuration)
2025-12-18 07:29:34,476 [INFO] CADModel:165 - CPN selected for project level
2025-12-18 07:29:34,477 [INFO] CADModel:114 - Register for checkConnection events
2025-12-18 07:29:34,484 [INFO] IPUIPlugin:80 - create IPUIPlugin
2025-12-18 07:29:34,484 [INFO] PluginManager:220 - loadIPPluginJar : add i3c
2025-12-18 07:29:34,488 [INFO] IPUIPlugin:80 - create IPUIPlugin
2025-12-18 07:29:34,488 [INFO] PluginManager:220 - loadIPPluginJar : add stm32_wpan
2025-12-18 07:29:34,490 [INFO] IPUIPlugin:80 - create IPUIPlugin
2025-12-18 07:29:34,491 [INFO] PluginManager:220 - loadIPPluginJar : add ipddr
2025-12-18 07:29:34,491 [INFO] IPUIPlugin:80 - create IPUIPlugin
2025-12-18 07:29:34,491 [INFO] PluginManager:220 - loadIPPluginJar : add quadspi
2025-12-18 07:29:34,492 [INFO] IPUIPlugin:80 - create IPUIPlugin
2025-12-18 07:29:34,492 [INFO] PluginManager:220 - loadIPPluginJar : add hash
2025-12-18 07:29:34,493 [INFO] IPUIPlugin:80 - create IPUIPlugin
2025-12-18 07:29:34,494 [INFO] PluginManager:220 - loadIPPluginJar : add openamp
2025-12-18 07:29:34,496 [INFO] IPUIPlugin:80 - create IPUIPlugin
2025-12-18 07:29:34,496 [INFO] PluginManager:220 - loadIPPluginJar : add fmc
2025-12-18 07:29:34,497 [INFO] IPUIPlugin:80 - create IPUIPlugin
2025-12-18 07:29:34,497 [INFO] PluginManager:220 - loadIPPluginJar : add aes
2025-12-18 07:29:34,497 [INFO] IPUIPlugin:80 - create IPUIPlugin
2025-12-18 07:29:34,497 [INFO] PluginManager:220 - loadIPPluginJar : add ucpd
2025-12-18 07:29:34,498 [INFO] IPUIPlugin:80 - create IPUIPlugin
2025-12-18 07:29:34,498 [INFO] PluginManager:220 - loadIPPluginJar : add gfxmmu
2025-12-18 07:29:34,499 [INFO] IPUIPlugin:80 - create IPUIPlugin
2025-12-18 07:29:34,499 [INFO] PluginManager:220 - loadIPPluginJar : add tim
2025-12-18 07:29:34,500 [INFO] IPUIPlugin:80 - create IPUIPlugin
2025-12-18 07:29:34,500 [INFO] PluginManager:220 - loadIPPluginJar : add dfsdm
2025-12-18 07:29:34,501 [INFO] IPUIPlugin:80 - create IPUIPlugin
2025-12-18 07:29:34,502 [INFO] PluginManager:220 - loadIPPluginJar : add sai
2025-12-18 07:29:34,502 [INFO] IPUIPlugin:80 - create IPUIPlugin
2025-12-18 07:29:34,502 [INFO] PluginManager:220 - loadIPPluginJar : add radio
2025-12-18 07:29:34,503 [INFO] IPUIPlugin:80 - create IPUIPlugin
2025-12-18 07:29:34,503 [INFO] PluginManager:220 - loadIPPluginJar : add can
2025-12-18 07:29:34,506 [INFO] IPUIPlugin:80 - create IPUIPlugin
2025-12-18 07:29:34,506 [INFO] PluginManager:220 - loadIPPluginJar : add gpio
2025-12-18 07:29:34,507 [INFO] IPUIPlugin:80 - create IPUIPlugin
2025-12-18 07:29:34,507 [INFO] PluginManager:220 - loadIPPluginJar : add extmemmanager
2025-12-18 07:29:34,511 [INFO] IPUIPlugin:80 - create IPUIPlugin
2025-12-18 07:29:34,511 [INFO] PluginManager:220 - loadIPPluginJar : add linkedlist
2025-12-18 07:29:34,514 [INFO] IPUIPlugin:80 - create IPUIPlugin
2025-12-18 07:29:34,515 [INFO] PluginManager:220 - loadIPPluginJar : add plateformsettings
2025-12-18 07:29:34,518 [INFO] IPUIPlugin:80 - create IPUIPlugin
2025-12-18 07:29:34,518 [INFO] PluginManager:220 - loadIPPluginJar : add adc
2025-12-18 07:29:34,519 [INFO] IPUIPlugin:80 - create IPUIPlugin
2025-12-18 07:29:34,519 [INFO] PluginManager:220 - loadIPPluginJar : add spi
2025-12-18 07:29:34,522 [INFO] IPUIPlugin:80 - create IPUIPlugin
2025-12-18 07:29:34,522 [INFO] PluginManager:220 - loadIPPluginJar : add gic
2025-12-18 07:29:34,524 [INFO] IPUIPlugin:80 - create IPUIPlugin
2025-12-18 07:29:34,524 [INFO] PluginManager:220 - loadIPPluginJar : add nvic
2025-12-18 07:29:34,527 [INFO] IPUIPlugin:80 - create IPUIPlugin
2025-12-18 07:29:34,527 [INFO] PluginManager:220 - loadIPPluginJar : add dma
2025-12-18 07:29:34,528 [INFO] IPUIPlugin:80 - create IPUIPlugin
2025-12-18 07:29:34,529 [INFO] PluginManager:220 - loadIPPluginJar : add ddr_ctrl_phy
2025-12-18 07:29:34,529 [INFO] IPUIPlugin:80 - create IPUIPlugin
2025-12-18 07:29:34,529 [INFO] PluginManager:220 - loadIPPluginJar : add tracer_emb
2025-12-18 07:29:34,530 [INFO] IPUIPlugin:80 - create IPUIPlugin
2025-12-18 07:29:34,530 [INFO] PluginManager:220 - loadIPPluginJar : add lorawan
2025-12-18 07:29:34,532 [INFO] IPUIPlugin:80 - create IPUIPlugin
2025-12-18 07:29:34,532 [INFO] PluginManager:220 - loadIPPluginJar : add usbx
2025-12-18 07:29:34,532 [INFO] IPUIPlugin:80 - create IPUIPlugin
2025-12-18 07:29:34,532 [INFO] PluginManager:220 - loadIPPluginJar : add ltdc
2025-12-18 07:29:34,533 [INFO] IPUIPlugin:80 - create IPUIPlugin
2025-12-18 07:29:34,533 [INFO] PluginManager:220 - loadIPPluginJar : add pdm2pcm
2025-12-18 07:29:34,534 [INFO] IPUIPlugin:80 - create IPUIPlugin
2025-12-18 07:29:34,534 [INFO] PluginManager:220 - loadIPPluginJar : add cryp
2025-12-18 07:29:34,535 [INFO] IPUIPlugin:80 - create IPUIPlugin
2025-12-18 07:29:34,535 [INFO] PluginManager:220 - loadIPPluginJar : add ts
2025-12-18 07:29:34,535 [INFO] IPUIPlugin:80 - create IPUIPlugin
2025-12-18 07:29:34,535 [INFO] PluginManager:220 - loadIPPluginJar : add fatfs
2025-12-18 07:29:34,536 [INFO] IPUIPlugin:80 - create IPUIPlugin
2025-12-18 07:29:34,536 [INFO] PluginManager:220 - loadIPPluginJar : add opamp
2025-12-18 07:29:34,537 [INFO] IPUIPlugin:80 - create IPUIPlugin
2025-12-18 07:29:34,537 [INFO] PluginManager:220 - loadIPPluginJar : add comp
2025-12-18 07:29:34,539 [INFO] IPUIPlugin:80 - create IPUIPlugin
2025-12-18 07:29:34,539 [INFO] PluginManager:220 - loadIPPluginJar : add resmgrutility
2025-12-18 07:29:34,540 [INFO] IPUIPlugin:80 - create IPUIPlugin
2025-12-18 07:29:34,540 [INFO] PluginManager:220 - loadIPPluginJar : add gtzc
2025-12-18 07:29:34,543 [INFO] IPUIPlugin:80 - create IPUIPlugin
2025-12-18 07:29:34,543 [INFO] PluginManager:220 - loadIPPluginJar : add mdma
2025-12-18 07:29:34,544 [INFO] IPUIPlugin:80 - create IPUIPlugin
2025-12-18 07:29:34,544 [INFO] PluginManager:220 - loadIPPluginJar : add genericplugin
2025-12-18 07:29:34,545 [INFO] IPUIPlugin:80 - create IPUIPlugin
2025-12-18 07:29:34,545 [INFO] PluginManager:220 - loadIPPluginJar : add tsc
2025-12-18 07:29:34,546 [INFO] IPUIPlugin:80 - create IPUIPlugin
2025-12-18 07:29:34,546 [INFO] PluginManager:220 - loadIPPluginJar : add i2c
2025-12-18 07:29:34,547 [INFO] IPUIPlugin:80 - create IPUIPlugin
2025-12-18 07:29:34,547 [INFO] PluginManager:220 - loadIPPluginJar : add touchsensing
2025-12-18 07:29:34,550 [INFO] IPUIPlugin:80 - create IPUIPlugin
2025-12-18 07:29:34,550 [INFO] PluginManager:220 - loadIPPluginJar : add freertos
2025-12-18 07:29:34,551 [INFO] IPUIPlugin:80 - create IPUIPlugin
2025-12-18 07:29:34,551 [INFO] PluginManager:220 - loadIPPluginJar : add dma3
2025-12-18 07:29:34,552 [INFO] IPUIPlugin:80 - create IPUIPlugin
2025-12-18 07:29:34,552 [INFO] PluginManager:220 - loadIPPluginJar : add usart
2025-12-18 07:29:34,553 [INFO] IPUIPlugin:80 - create IPUIPlugin
2025-12-18 07:29:34,553 [INFO] PluginManager:220 - loadIPPluginJar : add i2s
2025-12-18 07:29:34,637 [FATAL] Updater:351 - Updater called before beeing initialized
2025-12-18 07:29:34,649 [INFO] RulesReader:64 - Compatibility file has been processed (317 Rules)
2025-12-18 07:29:34,652 [INFO] RulesReader:64 - Compatibility file has been processed (317 Rules)
2025-12-18 07:29:34,655 [INFO] CADModel:165 - CPN selected for project level
2025-12-18 07:29:34,655 [INFO] CADModel:114 - Register for checkConnection events
2025-12-18 07:29:34,655 [FATAL] Updater:351 - Updater called before beeing initialized
2025-12-18 07:29:34,655 [ERROR] CADModel:125 - Updater not yet initialized, retry later 
2025-12-18 07:29:34,740 [FATAL] Updater:351 - Updater called before beeing initialized
2025-12-18 07:29:34,742 [INFO] CADModel:165 - CPN selected for project level
2025-12-18 07:29:34,742 [INFO] CADModel:114 - Register for checkConnection events
2025-12-18 07:29:34,742 [FATAL] Updater:351 - Updater called before beeing initialized
2025-12-18 07:29:34,742 [ERROR] CADModel:125 - Updater not yet initialized, retry later 
2025-12-18 07:29:34,757 [FATAL] Updater:351 - Updater called before beeing initialized
2025-12-18 07:29:34,804 [FATAL] Updater:351 - Updater called before beeing initialized
2025-12-18 07:29:34,807 [INFO] DbMcusAds:53 - JSON generation date=Fri Dec 05 04:13:14 EST 2025 (1764925994495)
2025-12-18 07:29:34,807 [FATAL] Updater:351 - Updater called before beeing initialized
2025-12-18 07:29:34,825 [WARN] DetailPanel:346 - Failed to get advertising image, set to default
2025-12-18 07:29:34,859 [FATAL] Updater:351 - Updater called before beeing initialized
2025-12-18 07:29:34,860 [FATAL] Updater:351 - Updater called before beeing initialized
2025-12-18 07:29:34,861 [FATAL] Updater:351 - Updater called before beeing initialized
2025-12-18 07:29:34,861 [WARN] DetailPanel:346 - Failed to get advertising image, set to default
2025-12-18 07:29:34,861 [FATAL] Updater:351 - Updater called before beeing initialized
2025-12-18 07:29:34,874 [ERROR] Updater:1198 - MainUpdater not yet initialized. External WinMGr cannot be set.
2025-12-18 07:29:34,875 [INFO] Updater:1134 - Updater Version found : 6.15.0
2025-12-18 07:29:34,884 [INFO] ApplicationProperties:184 - Using Application install path: /opt/st/stm32cubeide_1.19.0/plugins/com.st.stm32cube.common.mx_6.15.0.202507011659
2025-12-18 07:29:35,005 [INFO] MainUpdater:2872 - connection check result : 10
2025-12-18 07:29:35,005 [INFO] MainUpdater:289 - Updater Check For Update Now.
2025-12-18 07:29:35,005 [INFO] MicroXplorer:498 - Change Database Version : DB.6.0.150
2025-12-18 07:29:35,009 [INFO] McuFinderGlobals:63 - Set McuFinder mode to 2 (CubeIDE integrated)
2025-12-18 07:29:35,009 [INFO] UserAuth:487 - Internet connection configuration mode: 1
2025-12-18 07:29:35,019 [INFO] JxBrowserEngine:152 - Initiate JxBrowser Engine with user profile folder
2025-12-18 07:29:35,150 [INFO] CheckServerUpdateThread:120 - End of CheckServer Thread
2025-12-18 07:29:35,647 [INFO] WebApp:169 - Instantiating new browser for Auth
2025-12-18 07:29:36,134 [INFO] WebApp:463 - Apply proxy settings
2025-12-18 07:29:36,134 [INFO] WebApp:548 - Chromium requires no authentication
2025-12-18 07:29:36,138 [INFO] WebApp:491 - Direct internet connection detected
2025-12-18 07:29:36,147 [INFO] WebApp:900 - Register for checkConnection events
2025-12-18 07:29:36,147 [INFO] WebApp:463 - Apply proxy settings
2025-12-18 07:29:36,147 [INFO] WebApp:548 - Chromium requires no authentication
2025-12-18 07:29:36,147 [INFO] WebApp:491 - Direct internet connection detected
2025-12-18 07:29:36,204 [INFO] WebApp:225 - Starting web application
2025-12-18 07:29:36,204 [INFO] WebApp:593 - Web application path used /opt/st/stm32cubeide_1.19.0/plugins/com.st.stm32cube.common.mx_6.15.0.202507011659/db/plugins/mcufinder/reactClient1/index.html
2025-12-18 07:29:36,271 [INFO] UserAuth:487 - Internet connection configuration mode: 1
2025-12-18 07:29:36,534 [INFO] WebApp:191 - Connection restablished
2025-12-18 07:29:37,319 [WARN] PackLoader:240 - Cannot read IP mode file for STMicroelectronics.FP-SNS-MOTENVWB1.1.4.0
2025-12-18 07:29:37,325 [WARN] PackLoader:240 - Cannot read IP mode file for STMicroelectronics.FP-ATR-ASTRA1.2.0.2
2025-12-18 07:29:37,328 [WARN] PackLoader:240 - Cannot read IP mode file for STMicroelectronics.X-CUBE-SMBUS.2.1.0
2025-12-18 07:29:37,344 [WARN] PackLoader:240 - Cannot read IP mode file for STMicroelectronics.X-CUBE-AZRTOS-F7.1.1.0
2025-12-18 07:29:37,348 [WARN] PackLoader:240 - Cannot read IP mode file for Cesanta.I-CUBE-Mongoose.7.19.0
2025-12-18 07:29:37,351 [WARN] PackLoader:240 - Cannot read IP mode file for STMicroelectronics.FP-SNS-MOTENV1.5.1.0
2025-12-18 07:29:37,356 [WARN] PackLoader:240 - Cannot read IP mode file for WES.I-CUBE-Cesium.1.4.0
2025-12-18 07:29:37,374 [WARN] PackLoader:240 - Cannot read IP mode file for Infineon.AIROC-Wi-Fi-Bluetooth-STM32.1.7.1
2025-12-18 07:29:37,388 [WARN] PackLoader:240 - Cannot read IP mode file for STMicroelectronics.X-CUBE-AZRTOS-H7.3.4.0
2025-12-18 07:29:37,394 [WARN] PackLoader:240 - Cannot read IP mode file for STMicroelectronics.X-CUBE-DISPLAY.3.0.0
2025-12-18 07:29:37,400 [WARN] PackLoader:240 - Cannot read IP mode file for STMicroelectronics.X-CUBE-NFC10.1.0.0
2025-12-18 07:29:37,404 [WARN] PackLoader:240 - Cannot read IP mode file for STMicroelectronics.X-CUBE-ST60.1.1.0
2025-12-18 07:29:37,406 [WARN] PackLoader:240 - Cannot read IP mode file for emotas.I-CUBE-CANOPEN.1.3.0
2025-12-18 07:29:37,408 [WARN] PackLoader:240 - Cannot read IP mode file for STMicroelectronics.X-CUBE-GNSS1.7.1.0
2025-12-18 07:29:37,411 [WARN] PackLoader:240 - Cannot read IP mode file for STMicroelectronics.FP-SNS-STBOX1.2.1.0
2025-12-18 07:29:37,413 [WARN] PackLoader:240 - Cannot read IP mode file for STMicroelectronics.FP-SNS-SMARTAG2.1.2.0
2025-12-18 07:29:37,414 [WARN] PackLoader:240 - Cannot read IP mode file for STMicroelectronics.FP-SNS-FLIGHT1.5.1.0
2025-12-18 07:29:37,419 [INFO] LogOutputStream:77 - [STDOUT_REDIRECT] 1 : Invalid condition id : UX_CORESTACK_Condition cause : null
2025-12-18 07:29:37,419 [INFO] LogOutputStream:77 - [STDOUT_REDIRECT] 1 : Invalid condition id : UX_CORESTACK_Condition cause : null
2025-12-18 07:29:37,420 [INFO] LogOutputStream:77 - [STDOUT_REDIRECT] 1 : Invalid condition id : UX_CORESTACK_Condition cause : null
2025-12-18 07:29:37,420 [INFO] LogOutputStream:77 - [STDOUT_REDIRECT] 1 : Invalid condition id : UX_CORESTACK_Condition cause : null
2025-12-18 07:29:37,420 [INFO] LogOutputStream:77 - [STDOUT_REDIRECT] 1 : Invalid condition id : UX_CORESTACK_Condition cause : null
2025-12-18 07:29:37,421 [WARN] PackLoader:240 - Cannot read IP mode file for STMicroelectronics.X-CUBE-AZRTOS-WL.2.0.0
2025-12-18 07:29:37,428 [WARN] PackLoader:240 - Cannot read IP mode file for STMicroelectronics.X-CUBE-AZRTOS-H7RS.1.2.0
2025-12-18 07:29:37,431 [WARN] PackLoader:240 - Cannot read IP mode file for STMicroelectronics.X-CUBE-BLE2.3.3.0
2025-12-18 07:29:37,439 [WARN] PackLoader:240 - Cannot read IP mode file for STMicroelectronics.X-CUBE-NFC9.1.0.0
2025-12-18 07:29:37,441 [WARN] PackLoader:240 - Cannot read IP mode file for wolfSSL.I-CUBE-wolfSSL.5.8.2
2025-12-18 07:29:37,443 [WARN] PackLoader:240 - Cannot read IP mode file for STMicroelectronics.X-CUBE-BLE1.7.1.0
2025-12-18 07:29:37,444 [WARN] PackLoader:240 - Cannot read IP mode file for wolfSSL.I-CUBE-wolfMQTT.1.19.2
2025-12-18 07:29:37,446 [WARN] PackLoader:240 - Cannot read IP mode file for STMicroelectronics.X-CUBE-FREERTOS.1.4.0
2025-12-18 07:29:37,448 [WARN] PackLoader:240 - Cannot read IP mode file for STMicroelectronics.X-CUBE-EEPRMA1.5.2.0
2025-12-18 07:29:37,456 [WARN] PackLoader:240 - Cannot read IP mode file for STMicroelectronics.X-CUBE-ST67W61.1.1.0
2025-12-18 07:29:37,502 [WARN] PackLoader:240 - Cannot read IP mode file for STMicroelectronics.X-CUBE-MEMS1.12.0.0
2025-12-18 07:29:37,548 [WARN] PackLoader:240 - Cannot read IP mode file for STMicroelectronics.X-CUBE-AZRTOS-G0.1.1.0
2025-12-18 07:29:37,552 [WARN] PackLoader:240 - Cannot read IP mode file for STMicroelectronics.X-CUBE-NFC4.3.0.0
2025-12-18 07:29:37,555 [WARN] PackLoader:240 - Cannot read IP mode file for EmbeddedOffice.I-CUBE-FS-RTOS.1.0.1
2025-12-18 07:29:37,585 [WARN] PackLoader:240 - Cannot read IP mode file for STMicroelectronics.X-CUBE-WB05N.2.0.0
2025-12-18 07:29:37,586 [WARN] PackLoader:240 - Cannot read IP mode file for wolfSSL.I-CUBE-wolfTPM.3.8.0
2025-12-18 07:29:37,588 [WARN] PackLoader:240 - Cannot read IP mode file for STMicroelectronics.X-CUBE-TCPP.4.2.0
2025-12-18 07:29:37,590 [WARN] PackLoader:240 - Cannot read IP mode file for RealThread.X-CUBE-RT-Thread_Nano.4.1.1
2025-12-18 07:29:37,591 [WARN] PackLoader:240 - Cannot read IP mode file for STMicroelectronics.FP-ATR-SIGFOX1.3.2.0
2025-12-18 07:29:37,593 [WARN] PackLoader:240 - Cannot read IP mode file for ITTIA_DB.I-CUBE-ITTIADB.8.9.0
2025-12-18 07:29:37,594 [WARN] PackLoader:240 - Cannot read IP mode file for STMicroelectronics.X-CUBE-AI.10.2.0
2025-12-18 07:29:37,602 [WARN] PackLoader:240 - Cannot read IP mode file for SEGGER.I-CUBE-embOS.1.3.1
2025-12-18 07:29:37,617 [WARN] PackLoader:240 - Cannot read IP mode file for STMicroelectronics.X-CUBE-ALGOBUILD.1.4.0
2025-12-18 07:29:37,635 [WARN] PackLoader:240 - Cannot read IP mode file for STMicroelectronics.X-CUBE-MEMS1.11.3.0
2025-12-18 07:29:37,678 [WARN] PackLoader:240 - Cannot read IP mode file for STMicroelectronics.X-CUBE-PM33A1.1.0.0
2025-12-18 07:29:37,685 [WARN] PackLoader:240 - Cannot read IP mode file for STMicroelectronics.X-CUBE-AZRTOS-F4.1.1.0
2025-12-18 07:29:37,688 [WARN] PackLoader:240 - Cannot read IP mode file for STMicroelectronics.X-CUBE-ISPU.2.1.0
2025-12-18 07:29:37,693 [WARN] PackLoader:240 - Cannot read IP mode file for STMicroelectronics.X-CUBE-IPS.3.2.0
2025-12-18 07:29:37,697 [WARN] PackLoader:240 - Cannot read IP mode file for STMicroelectronics.X-CUBE-NFC12.1.0.0
2025-12-18 07:29:37,703 [WARN] PackLoader:240 - Cannot read IP mode file for STMicroelectronics.X-CUBE-AZRTOS-L5.2.0.0
2025-12-18 07:29:37,707 [WARN] PackLoader:240 - Cannot read IP mode file for STMicroelectronics.X-CUBE-NFC6.3.1.0
2025-12-18 07:29:37,711 [WARN] PackLoader:240 - Cannot read IP mode file for STMicroelectronics.X-CUBE-FREERTOS.1.3.1
2025-12-18 07:29:37,727 [WARN] PackLoader:240 - Cannot read IP mode file for STMicroelectronics.X-CUBE-TOUCHGFX.4.26.0
2025-12-18 07:29:37,728 [WARN] PackLoader:240 - Cannot read IP mode file for STMicroelectronics.FP-SNS-STAIOTCFT.1.0.0
2025-12-18 07:29:37,730 [WARN] PackLoader:240 - Cannot read IP mode file for STMicroelectronics.X-CUBE-DPower.1.3.0
2025-12-18 07:29:37,735 [WARN] ConditionMgr:438 - getConditionDescription Invalid condition id : LAN8742 Phy interface Condition cause : null
2025-12-18 07:29:37,735 [WARN] PackLoader:240 - Cannot read IP mode file for STMicroelectronics.X-CUBE-AZRTOS-L4.2.0.0
2025-12-18 07:29:37,735 [WARN] ConditionMgr:1044 - genDependencies : Invalid condition id : LAN8742 Phy interface Condition cause : null
2025-12-18 07:29:37,735 [WARN] ConditionMgr:1044 - genDependencies : Invalid condition id : LAN8742 Phy interface Condition cause : null
2025-12-18 07:29:37,735 [WARN] ConditionMgr:1044 - genDependencies : Invalid condition id : LAN8742 Phy interface Condition cause : null
2025-12-18 07:29:37,738 [WARN] PackLoader:240 - Cannot read IP mode file for STMicroelectronics.X-CUBE-SFXS2LP1.4.0.0
2025-12-18 07:29:37,746 [WARN] PackLoader:240 - Cannot read IP mode file for STMicroelectronics.X-CUBE-BLEMGR.4.1.0
2025-12-18 07:29:37,755 [WARN] ConditionMgr:438 - getConditionDescription Invalid condition id : UX DEVICE CLASS RTOS Condition cause : null
2025-12-18 07:29:37,756 [WARN] ConditionMgr:438 - getConditionDescription Invalid condition id : UX DEVICE CLASS RTOS Condition cause : null
2025-12-18 07:29:37,756 [WARN] PackLoader:240 - Cannot read IP mode file for STMicroelectronics.X-CUBE-AZRTOS-WB.2.0.0
2025-12-18 07:29:37,757 [WARN] ConditionMgr:1044 - genDependencies : Invalid condition id : UX DEVICE CLASS RTOS Condition cause : null
2025-12-18 07:29:37,757 [WARN] ConditionMgr:1044 - genDependencies : Invalid condition id : UX DEVICE CLASS RTOS Condition cause : null
2025-12-18 07:29:37,757 [WARN] ConditionMgr:1044 - genDependencies : Invalid condition id : UX DEVICE CLASS RTOS Condition cause : null
2025-12-18 07:29:37,757 [WARN] ConditionMgr:1044 - genDependencies : Invalid condition id : UX DEVICE CLASS RTOS Condition cause : null
2025-12-18 07:29:37,757 [WARN] ConditionMgr:1044 - genDependencies : Invalid condition id : UX DEVICE CLASS RTOS Condition cause : null
2025-12-18 07:29:37,760 [WARN] ConditionMgr:438 - getConditionDescription Invalid condition id : Cortex-A Device cause : null
2025-12-18 07:29:37,763 [WARN] ConditionMgr:1044 - genDependencies : Invalid condition id : Cortex-A Device cause : null
2025-12-18 07:29:37,764 [WARN] ConditionMgr:1044 - genDependencies : Invalid condition id : Cortex-A Device cause : null
2025-12-18 07:29:37,764 [WARN] ConditionMgr:1044 - genDependencies : Invalid condition id : Cortex-A Device cause : null
2025-12-18 07:29:37,767 [WARN] PackLoader:240 - Cannot read IP mode file for STMicroelectronics.X-CUBE-SUBG2.5.0.0
2025-12-18 07:29:37,785 [WARN] PackLoader:240 - Cannot read IP mode file for STMicroelectronics.X-CUBE-AZRTOS-H7RS.1.1.0
2025-12-18 07:29:37,791 [WARN] PackLoader:240 - Cannot read IP mode file for STMicroelectronics.X-CUBE-AZRTOS-G4.2.0.0
2025-12-18 07:29:37,793 [WARN] PackLoader:240 - Cannot read IP mode file for wolfSSL.I-CUBE-wolfSSH.1.4.20
2025-12-18 07:29:37,794 [WARN] PackLoader:240 - Cannot read IP mode file for STMicroelectronics.X-CUBE-NFC7.2.0.0
2025-12-18 07:29:37,795 [WARN] PackLoader:240 - Cannot read IP mode file for STMicroelectronics.X-CUBE-ALS.1.0.2
2025-12-18 07:29:37,797 [WARN] PackLoader:240 - Cannot read IP mode file for STMicroelectronics.X-CUBE-STSE01.1.0.0
2025-12-18 07:29:37,801 [WARN] PackLoader:240 - Cannot read IP mode file for STMicroelectronics.X-CUBE-TOF1.3.4.3
2025-12-18 07:29:37,804 [INFO] ThirdParty:978 - Integrity check success = true
2025-12-18 07:29:37,804 [INFO] IntegrityCheckThread:100 - exiting critical section [integrity check]
2025-12-18 07:29:37,804 [INFO] IntegrityCheckThread:103 - End integrity checks thread
