2025-12-23 16:43:14,753 [INFO] WebApp:194 - Connection lost
2025-12-23 16:43:14,937 [INFO] WebApp:191 - Connection restablished
2025-12-23 19:04:53,591 [INFO] MainUpdater:2872 - connection check result : 10
2025-12-23 19:04:53,591 [INFO] MainUpdater:2872 - connection check result : 10
2025-12-23 19:04:53,701 [INFO] MicroXplorer:468 - Change Database Path : 
2025-12-23 19:04:53,701 [INFO] MicroXplorer:498 - Change Database Version : DB.6.0.150
2025-12-23 19:04:53,731 [INFO] ProjectChoiceTab:3673 - Project Structure = Dual Non Secure / Secure
2025-12-23 19:04:53,733 [ERROR] ProjectManagerView:395 - 
java.lang.NullPointerException: Cannot invoke "javax.swing.JTextField.getText()" because the return value of "java.util.List.get(int)" is null
	at com.st.microxplorer.plugins.projectmanager.gui.ProjectChoiceTab$9.caretUpdate(ProjectChoiceTab.java:2706) ~[filemanager.jar:?]
	at javax.swing.text.JTextComponent.fireCaretUpdate(JTextComponent.java:408) ~[?:?]
	at javax.swing.text.JTextComponent$MutableCaretEvent.fire(JTextComponent.java:4484) ~[?:?]
	at javax.swing.text.JTextComponent$MutableCaretEvent.stateChanged(JTextComponent.java:4506) ~[?:?]
	at javax.swing.text.DefaultCaret.fireStateChanged(DefaultCaret.java:857) ~[?:?]
	at javax.swing.text.DefaultCaret.changeCaretPosition(DefaultCaret.java:1343) ~[?:?]
	at javax.swing.text.DefaultCaret.handleSetDot(DefaultCaret.java:1242) ~[?:?]
	at javax.swing.text.DefaultCaret.setDot(DefaultCaret.java:1223) ~[?:?]
	at javax.swing.text.DefaultCaret$Handler.insertUpdate(DefaultCaret.java:1819) ~[?:?]
	at javax.swing.text.AbstractDocument.fireInsertUpdate(AbstractDocument.java:227) ~[?:?]
	at javax.swing.text.AbstractDocument.handleInsertString(AbstractDocument.java:781) ~[?:?]
	at javax.swing.text.AbstractDocument.insertString(AbstractDocument.java:740) ~[?:?]
	at javax.swing.text.PlainDocument.insertString(PlainDocument.java:131) ~[?:?]
	at javax.swing.text.AbstractDocument.replace(AbstractDocument.java:699) ~[?:?]
	at javax.swing.text.JTextComponent.setText(JTextComponent.java:1725) ~[?:?]
	at com.st.microxplorer.plugins.projectmanager.gui.ProjectChoiceTab.createHeapStackFields(ProjectChoiceTab.java:993) ~[filemanager.jar:?]
	at com.st.microxplorer.plugins.projectmanager.gui.ProjectChoiceTab.buildLinkSettingsPanel(ProjectChoiceTab.java:3813) ~[filemanager.jar:?]
	at com.st.microxplorer.plugins.projectmanager.gui.ProjectChoiceTab.defineWindowsFields(ProjectChoiceTab.java:1987) ~[filemanager.jar:?]
	at com.st.microxplorer.plugins.projectmanager.gui.ProjectChoiceTab.updateSettings(ProjectChoiceTab.java:558) ~[filemanager.jar:?]
	at com.st.microxplorer.plugins.projectmanager.gui.ProjectSettingsPanel.UpdateDialog(ProjectSettingsPanel.java:247) ~[filemanager.jar:?]
	at com.st.microxplorer.plugins.projectmanager.ProjectManagerView.propertyChange(ProjectManagerView.java:392) ~[filemanager.jar:?]
	at java.beans.PropertyChangeSupport.fire(PropertyChangeSupport.java:343) ~[?:?]
	at java.beans.PropertyChangeSupport.firePropertyChange(PropertyChangeSupport.java:335) ~[?:?]
	at java.beans.PropertyChangeSupport.firePropertyChange(PropertyChangeSupport.java:268) ~[?:?]
	at com.st.microxplorer.util.MXPropertyChangeSupport.firePropertyChange(MXPropertyChangeSupport.java:54) ~[STM32CubeMX.jar:?]
	at com.st.microxplorer.mxsystem.MxSystem.closeConfig(MxSystem.java:899) ~[STM32CubeMX.jar:?]
	at com.st.microxplorer.maingui.MainPanel.closeConfig(MainPanel.java:792) ~[STM32CubeMX.jar:?]
	at com.st.microxplorer.plugins.filemanager.engine.OpenFileManager.loadConfigurationFile(OpenFileManager.java:288) ~[filemanager.jar:?]
	at com.st.microxplorer.plugins.filemanager.engine.MainFileManager.userLoadConfig(MainFileManager.java:364) ~[filemanager.jar:?]
	at com.st.microxplorer.plugins.filemanager.engine.MainFileManager.userLoadConfig(MainFileManager.java:342) ~[filemanager.jar:?]
	at com.st.microxplorer.plugins.filemanager.FileManagerView.getSpecificTask(FileManagerView.java:264) ~[filemanager.jar:?]
	at com.st.stm32cube.common.mx.editor.CubeMxEditor.getMxTabbedPaneInstance(CubeMxEditor.java:1198) ~[com.st.stm32cube.common.mx_6.15.0.202507011659/:?]
	at com.st.stm32cube.common.mx.editor.CubeMxEditor$12$1.createSwingComponent(CubeMxEditor.java:1068) ~[com.st.stm32cube.common.mx_6.15.0.202507011659/:?]
	at com.st.stm32cube.common.mx.oss.core.awtswtbridge.EmbeddedSwingComposite.doComponentCreation(EmbeddedSwingComposite.java:492) ~[com.st.stm32cube.common.mx.oss_6.15.0.202507011659/:?]
	at com.st.stm32cube.common.mx.oss.core.awtswtbridge.EmbeddedSwingComposite$4.run(EmbeddedSwingComposite.java:291) ~[com.st.stm32cube.common.mx.oss_6.15.0.202507011659/:?]
	at com.st.stm32cube.common.mx.oss.core.awtswtbridge.AwtEnvironment$2.run(AwtEnvironment.java:166) ~[com.st.stm32cube.common.mx.oss_6.15.0.202507011659/:?]
	at java.awt.event.InvocationEvent.dispatch(InvocationEvent.java:318) ~[?:?]
	at java.awt.EventQueue.dispatchEventImpl(EventQueue.java:773) ~[?:?]
	at java.awt.EventQueue$4.run(EventQueue.java:720) ~[?:?]
	at java.awt.EventQueue$4.run(EventQueue.java:714) ~[?:?]
	at java.security.AccessController.doPrivileged(AccessController.java:400) ~[?:?]
	at java.security.ProtectionDomain$JavaSecurityAccessImpl.doIntersectionPrivilege(ProtectionDomain.java:87) ~[?:?]
	at java.awt.EventQueue.dispatchEvent(EventQueue.java:742) ~[?:?]
	at java.awt.EventDispatchThread.pumpOneEventForFilters(EventDispatchThread.java:203) ~[?:?]
	at java.awt.EventDispatchThread.pumpEventsForFilter(EventDispatchThread.java:124) ~[?:?]
	at java.awt.EventDispatchThread.pumpEventsForHierarchy(EventDispatchThread.java:113) ~[?:?]
	at java.awt.EventDispatchThread.pumpEvents(EventDispatchThread.java:109) ~[?:?]
	at java.awt.EventDispatchThread.pumpEvents(EventDispatchThread.java:101) ~[?:?]
	at java.awt.EventDispatchThread.run(EventDispatchThread.java:90) ~[?:?]
2025-12-23 19:04:53,741 [WARN] ThirdParty:871 - waiting for thirdparty lock release [close project]
2025-12-23 19:04:53,741 [INFO] ThirdParty:873 - entering critical section [close project]
2025-12-23 19:04:53,742 [INFO] ThirdParty:883 - exiting critical section [close project]
2025-12-23 19:04:53,746 [INFO] PinOutPanel:1589 - setPackage(No Configuration,No Configuration)
2025-12-23 19:04:53,764 [INFO] UtilMem:75 - Begin LoadConfig() Used Memory: 600182368 Bytes (912261120)
2025-12-23 19:04:53,767 [INFO] MicroXplorer:468 - Change Database Path : 
2025-12-23 19:04:53,767 [INFO] MicroXplorer:498 - Change Database Version : DB.6.0.150
2025-12-23 19:04:53,767 [INFO] OpenFileManager:355 - Change cursor
2025-12-23 19:04:53,793 [INFO] Mcu:2029 - Initializing MCU STM32H563VGTx STM32H563VGTx STM32H563VGT6
2025-12-23 19:04:54,340 [WARN] Context:803 - Trying to add IP SBS in context CortexM33 not assigned to a contextSplit
2025-12-23 19:04:55,415 [WARN] Context:803 - Trying to add IP BOOTPATH in context CortexM33 not assigned to a contextSplit
2025-12-23 19:04:55,427 [INFO] Context:786 - Trying to add GPIOservice into a context  which must be forbidden
2025-12-23 19:04:55,428 [INFO] Context:786 - Trying to add GPIOservice into a context  which must be forbidden
2025-12-23 19:04:55,428 [INFO] Context:786 - Trying to add GPIOservice into a context  which must be forbidden
2025-12-23 19:04:55,428 [WARN] Context:803 - Trying to add IP GPIO in context CortexM33 not assigned to a contextSplit
2025-12-23 19:04:56,149 [INFO] ImportTextPane:234 - (OptionalMessage_ERROR) Pin102 (VP_RIF_VS_RIF1) cannot be retrieved for this MCU
2025-12-23 19:04:56,207 [WARN] ModelIntegratedComponent:63 - No mode defined for component null
2025-12-23 19:04:56,207 [WARN] ModelIntegratedComponent:63 - No mode defined for component null
2025-12-23 19:04:56,207 [WARN] ModelIntegratedComponent:63 - No mode defined for component null
2025-12-23 19:04:56,208 [WARN] ModelIntegratedComponent:63 - No mode defined for component null
2025-12-23 19:04:56,208 [WARN] ModelIntegratedComponent:63 - No mode defined for component null
2025-12-23 19:04:56,208 [WARN] ModelIntegratedComponent:63 - No mode defined for component null
2025-12-23 19:04:56,208 [WARN] ModelIntegratedComponent:63 - No mode defined for component null
2025-12-23 19:04:56,208 [WARN] ModelIntegratedComponent:63 - No mode defined for component null
2025-12-23 19:04:56,208 [WARN] ModelIntegratedComponent:63 - No mode defined for component null
2025-12-23 19:04:56,208 [WARN] ModelIntegratedComponent:63 - No mode defined for component null
2025-12-23 19:04:56,208 [WARN] ModelIntegratedComponent:63 - No mode defined for component null
2025-12-23 19:04:56,208 [WARN] ModelIntegratedComponent:63 - No mode defined for component null
2025-12-23 19:04:56,208 [WARN] ModelIntegratedComponent:63 - No mode defined for component null
2025-12-23 19:04:56,208 [WARN] ModelIntegratedComponent:63 - No mode defined for component null
2025-12-23 19:04:56,208 [WARN] ModelIntegratedComponent:63 - No mode defined for component null
2025-12-23 19:04:56,208 [WARN] ModelIntegratedComponent:63 - No mode defined for component null
2025-12-23 19:04:56,208 [WARN] ModelIntegratedComponent:63 - No mode defined for component null
2025-12-23 19:04:56,208 [WARN] ModelIntegratedComponent:63 - No mode defined for component null
2025-12-23 19:04:56,208 [WARN] ModelIntegratedComponent:63 - No mode defined for component null
2025-12-23 19:04:56,208 [WARN] ModelIntegratedComponent:63 - No mode defined for component null
2025-12-23 19:04:56,208 [WARN] ModelIntegratedComponent:63 - No mode defined for component null
2025-12-23 19:04:56,208 [WARN] ModelIntegratedComponent:63 - No mode defined for component null
2025-12-23 19:04:56,208 [WARN] ModelIntegratedComponent:63 - No mode defined for component null
2025-12-23 19:04:56,208 [WARN] ModelIntegratedComponent:63 - No mode defined for component null
2025-12-23 19:04:56,208 [WARN] ModelIntegratedComponent:63 - No mode defined for component null
2025-12-23 19:04:56,208 [WARN] ModelIntegratedComponent:63 - No mode defined for component null
2025-12-23 19:04:56,208 [WARN] ModelIntegratedComponent:63 - No mode defined for component null
2025-12-23 19:04:56,208 [WARN] ModelIntegratedComponent:63 - No mode defined for component null
2025-12-23 19:04:56,209 [WARN] ModelIntegratedComponent:63 - No mode defined for component null
2025-12-23 19:04:56,209 [WARN] ModelIntegratedComponent:63 - No mode defined for component null
2025-12-23 19:04:56,209 [WARN] ModelIntegratedComponent:63 - No mode defined for component null
2025-12-23 19:04:56,209 [WARN] ModelIntegratedComponent:63 - No mode defined for component null
2025-12-23 19:04:56,209 [WARN] ModelIntegratedComponent:63 - No mode defined for component null
2025-12-23 19:04:56,209 [WARN] ModelIntegratedComponent:63 - No mode defined for component null
2025-12-23 19:04:56,209 [WARN] ModelIntegratedComponent:63 - No mode defined for component null
2025-12-23 19:04:56,209 [WARN] ModelPack:524 - Component already loaded: STMicroelectronics:HAL Drivers:0.0.0:STMicroelectronics:Device:STMicro_Driver:XSPI:HAL::0.0.1:HAL_XSPI
2025-12-23 19:04:56,211 [INFO] RtosManager:558 - Registered RTOS mode: class=RTOS, group=ThreadX, mode=Core, owner=THREADX
2025-12-23 19:04:56,247 [INFO] ThirdPartyModel:298 - Start build external matchings
2025-12-23 19:04:56,429 [INFO] ThirdPartyModel:316 - End build external matchings
2025-12-23 19:04:56,437 [WARN] IP:2250 - PinAttribute not found: check if there is a RefParameter without a condition.
2025-12-23 19:04:56,439 [WARN] IP:2250 - PinAttribute not found: check if there is a RefParameter without a condition.
2025-12-23 19:04:56,439 [WARN] IP:2250 - PinAttribute not found: check if there is a RefParameter without a condition.
2025-12-23 19:04:56,439 [WARN] IP:2250 - PinAttribute not found: check if there is a RefParameter without a condition.
2025-12-23 19:04:56,440 [WARN] IP:2250 - PinAttribute not found: check if there is a RefParameter without a condition.
2025-12-23 19:04:56,440 [WARN] IP:2250 - PinAttribute not found: check if there is a RefParameter without a condition.
2025-12-23 19:04:56,440 [WARN] IP:2250 - PinAttribute not found: check if there is a RefParameter without a condition.
2025-12-23 19:04:56,441 [WARN] IP:2250 - PinAttribute not found: check if there is a RefParameter without a condition.
2025-12-23 19:04:56,441 [WARN] IP:2250 - PinAttribute not found: check if there is a RefParameter without a condition.
2025-12-23 19:04:56,441 [WARN] IP:2250 - PinAttribute not found: check if there is a RefParameter without a condition.
2025-12-23 19:04:56,442 [WARN] IP:2250 - PinAttribute not found: check if there is a RefParameter without a condition.
2025-12-23 19:04:56,442 [WARN] IP:2250 - PinAttribute not found: check if there is a RefParameter without a condition.
2025-12-23 19:04:56,442 [WARN] IP:2250 - PinAttribute not found: check if there is a RefParameter without a condition.
2025-12-23 19:04:56,443 [WARN] IP:2250 - PinAttribute not found: check if there is a RefParameter without a condition.
2025-12-23 19:04:56,445 [WARN] IP:2250 - PinAttribute not found: check if there is a RefParameter without a condition.
2025-12-23 19:04:56,446 [WARN] IP:2250 - PinAttribute not found: check if there is a RefParameter without a condition.
2025-12-23 19:04:56,446 [WARN] IP:2250 - PinAttribute not found: check if there is a RefParameter without a condition.
2025-12-23 19:04:56,446 [WARN] IP:2250 - PinAttribute not found: check if there is a RefParameter without a condition.
2025-12-23 19:04:56,446 [WARN] IP:2250 - PinAttribute not found: check if there is a RefParameter without a condition.
2025-12-23 19:04:56,446 [WARN] IP:2250 - PinAttribute not found: check if there is a RefParameter without a condition.
2025-12-23 19:04:56,447 [WARN] IP:2250 - PinAttribute not found: check if there is a RefParameter without a condition.
2025-12-23 19:04:56,448 [WARN] IP:2250 - PinAttribute not found: check if there is a RefParameter without a condition.
2025-12-23 19:04:56,450 [WARN] IP:2250 - PinAttribute not found: check if there is a RefParameter without a condition.
2025-12-23 19:04:56,450 [WARN] IP:2250 - PinAttribute not found: check if there is a RefParameter without a condition.
2025-12-23 19:04:56,450 [WARN] IP:2250 - PinAttribute not found: check if there is a RefParameter without a condition.
2025-12-23 19:04:56,450 [WARN] IP:2250 - PinAttribute not found: check if there is a RefParameter without a condition.
2025-12-23 19:04:56,450 [WARN] IP:2250 - PinAttribute not found: check if there is a RefParameter without a condition.
2025-12-23 19:04:56,450 [WARN] IP:2250 - PinAttribute not found: check if there is a RefParameter without a condition.
2025-12-23 19:04:56,452 [WARN] IP:2250 - PinAttribute not found: check if there is a RefParameter without a condition.
2025-12-23 19:04:56,452 [WARN] IP:2250 - PinAttribute not found: check if there is a RefParameter without a condition.
2025-12-23 19:04:56,452 [WARN] IP:2250 - PinAttribute not found: check if there is a RefParameter without a condition.
2025-12-23 19:04:56,452 [WARN] IP:2250 - PinAttribute not found: check if there is a RefParameter without a condition.
2025-12-23 19:04:56,452 [WARN] IP:2250 - PinAttribute not found: check if there is a RefParameter without a condition.
2025-12-23 19:04:56,452 [WARN] IP:2250 - PinAttribute not found: check if there is a RefParameter without a condition.
2025-12-23 19:04:56,452 [WARN] IP:2250 - PinAttribute not found: check if there is a RefParameter without a condition.
2025-12-23 19:04:56,454 [WARN] IP:2250 - PinAttribute not found: check if there is a RefParameter without a condition.
2025-12-23 19:04:56,454 [WARN] IP:2250 - PinAttribute not found: check if there is a RefParameter without a condition.
2025-12-23 19:04:56,454 [WARN] IP:2250 - PinAttribute not found: check if there is a RefParameter without a condition.
2025-12-23 19:04:56,454 [WARN] IP:2250 - PinAttribute not found: check if there is a RefParameter without a condition.
2025-12-23 19:04:56,454 [WARN] IP:2250 - PinAttribute not found: check if there is a RefParameter without a condition.
2025-12-23 19:04:56,454 [WARN] IP:2250 - PinAttribute not found: check if there is a RefParameter without a condition.
2025-12-23 19:04:56,454 [WARN] IP:2250 - PinAttribute not found: check if there is a RefParameter without a condition.
2025-12-23 19:04:56,456 [WARN] IP:2250 - PinAttribute not found: check if there is a RefParameter without a condition.
2025-12-23 19:04:56,456 [WARN] IP:2250 - PinAttribute not found: check if there is a RefParameter without a condition.
2025-12-23 19:04:56,456 [WARN] IP:2250 - PinAttribute not found: check if there is a RefParameter without a condition.
2025-12-23 19:04:56,456 [WARN] IP:2250 - PinAttribute not found: check if there is a RefParameter without a condition.
2025-12-23 19:04:56,456 [WARN] IP:2250 - PinAttribute not found: check if there is a RefParameter without a condition.
2025-12-23 19:04:56,456 [WARN] IP:2250 - PinAttribute not found: check if there is a RefParameter without a condition.
2025-12-23 19:04:56,456 [WARN] IP:2250 - PinAttribute not found: check if there is a RefParameter without a condition.
2025-12-23 19:04:56,458 [INFO] ImportTextPane:234 - (OptionalMessage_ERROR) IP (BOOTPATH) : Invalid parameter (BootPathName)
2025-12-23 19:04:56,459 [INFO] ImportTextPane:234 - (OptionalMessage_ERROR) IP (RCC) : Invalid parameter (EPOD_VALUE)
2025-12-23 19:04:56,459 [INFO] ImportTextPane:234 - (OptionalMessage_ERROR) IP (RCC) : Invalid parameter (FamilyName)
2025-12-23 19:04:56,459 [INFO] ImportTextPane:234 - (OptionalMessage_ERROR) IP (RCC) : Invalid parameter (LSIRC_VALUE)
2025-12-23 19:04:56,460 [INFO] ImportTextPane:234 - (OptionalMessage_ERROR) IP (RCC) : Parameter (SAI1Freq_Value) has invalid value (806250000)
2025-12-23 19:04:56,460 [INFO] ImportTextPane:234 - (OptionalMessage_ERROR) IP (RCC) : Parameter (SAI2Freq_Value) has invalid value (806250000)
2025-12-23 19:04:56,460 [INFO] ImportTextPane:234 - (OptionalMessage_ERROR) IP (RCC) : Parameter (SPI2Freq_Value) has invalid value (250000000)
2025-12-23 19:04:56,460 [INFO] ImportTextPane:234 - (OptionalMessage_ERROR) IP (RCC) : Parameter (SPI3Freq_Value) has invalid value (250000000)
2025-12-23 19:04:56,460 [INFO] ImportTextPane:234 - (OptionalMessage_ERROR) IP (RCC) : Parameter (SPI4Freq_Value) has invalid value (250000000)
2025-12-23 19:04:56,460 [INFO] ImportTextPane:234 - (OptionalMessage_ERROR) IP (RCC) : Parameter (SPI6Freq_Value) has invalid value (250000000)
2025-12-23 19:04:56,578 [INFO] UtilMem:75 - End LoadConfig() Used Memory: 797754848 Bytes (912261120)
2025-12-23 19:04:56,623 [WARN] ThirdParty:833 - waiting for thirdparty lock release [change project]
2025-12-23 19:04:56,626 [INFO] ThirdParty:835 - entering critical section [change project]
2025-12-23 19:04:56,626 [INFO] ThirdParty:1030 - CMSIS Pack Vendor :STMicroelectronics X-CUBE-PM33A1 1.0.0
2025-12-23 19:04:56,626 [INFO] ThirdParty:1030 - CMSIS Pack Vendor :STMicroelectronics USBPD 4.1
2025-12-23 19:04:56,626 [INFO] ThirdParty:1030 - CMSIS Pack Vendor :STMicroelectronics X-CUBE-NFC9 1.0.0
2025-12-23 19:04:56,626 [INFO] ThirdParty:1030 - CMSIS Pack Vendor :STMicroelectronics USB_HOST 2.0.0
2025-12-23 19:04:56,626 [INFO] ThirdParty:1030 - CMSIS Pack Vendor :STMicroelectronics FP-SNS-MOTENVWB1 1.4.0
2025-12-23 19:04:56,626 [INFO] ThirdParty:1030 - CMSIS Pack Vendor :STMicroelectronics X-CUBE-AZRTOS-F4 1.1.0
2025-12-23 19:04:56,626 [INFO] ThirdParty:1030 - CMSIS Pack Vendor :STMicroelectronics LIBJPEG 8.0.0
2025-12-23 19:04:56,626 [INFO] ThirdParty:1030 - CMSIS Pack Vendor :STMicroelectronics FP-ATR-ASTRA1 2.0.2
2025-12-23 19:04:56,626 [INFO] ThirdParty:1030 - CMSIS Pack Vendor :wolfSSL I-CUBE-wolfSSL 5.8.2
2025-12-23 19:04:56,626 [INFO] ThirdParty:1030 - CMSIS Pack Vendor :STMicroelectronics X-CUBE-BLE1 7.1.0
2025-12-23 19:04:56,626 [INFO] ThirdParty:1030 - CMSIS Pack Vendor :STMicroelectronics X-CUBE-SMBUS 2.1.0
2025-12-23 19:04:56,626 [INFO] ThirdParty:1030 - CMSIS Pack Vendor :wolfSSL I-CUBE-wolfMQTT 1.19.2
2025-12-23 19:04:56,626 [INFO] ThirdParty:1030 - CMSIS Pack Vendor :STMicroelectronics USB_DEVICE 3.0.0
2025-12-23 19:04:56,626 [INFO] ThirdParty:1030 - CMSIS Pack Vendor :STMicroelectronics X-CUBE-ISPU 2.1.0
2025-12-23 19:04:56,626 [INFO] ThirdParty:1030 - CMSIS Pack Vendor :STMicroelectronics X-CUBE-FREERTOS 1.4.0
2025-12-23 19:04:56,626 [INFO] ThirdParty:1030 - CMSIS Pack Vendor :STMicroelectronics X-CUBE-EEPRMA1 5.2.0
2025-12-23 19:04:56,626 [INFO] ThirdParty:1030 - CMSIS Pack Vendor :STMicroelectronics X-CUBE-IPS 3.2.0
2025-12-23 19:04:56,626 [INFO] ThirdParty:1030 - CMSIS Pack Vendor :STMicroelectronics X-CUBE-BLEMGR 4.1.0
2025-12-23 19:04:56,626 [INFO] ThirdParty:1030 - CMSIS Pack Vendor :STMicroelectronics X-CUBE-AZRTOS-WB 2.0.0
2025-12-23 19:04:56,626 [INFO] ThirdParty:1030 - CMSIS Pack Vendor :STMicroelectronics X-CUBE-NFC12 1.0.0
2025-12-23 19:04:56,626 [INFO] ThirdParty:1030 - CMSIS Pack Vendor :STMicroelectronics X-CUBE-AZRTOS-F7 1.1.0
2025-12-23 19:04:56,626 [INFO] ThirdParty:1030 - CMSIS Pack Vendor :STMicroelectronics X-CUBE-AZRTOS-L5 2.0.0
2025-12-23 19:04:56,626 [INFO] ThirdParty:1030 - CMSIS Pack Vendor :STMicroelectronics USB_DEVICE 2.0.0
2025-12-23 19:04:56,626 [INFO] ThirdParty:1030 - CMSIS Pack Vendor :STMicroelectronics X-CUBE-NFC6 3.1.0
2025-12-23 19:04:56,626 [INFO] ThirdParty:1030 - CMSIS Pack Vendor :STMicroelectronics X-CUBE-ST67W61 1.1.0
2025-12-23 19:04:56,626 [INFO] ThirdParty:1030 - CMSIS Pack Vendor :Cesanta I-CUBE-Mongoose 7.19.0
2025-12-23 19:04:56,626 [INFO] ThirdParty:1030 - CMSIS Pack Vendor :quantropi X-CUBE-qispace-sdk-base 2.1.0
2025-12-23 19:04:56,626 [INFO] ThirdParty:1030 - CMSIS Pack Vendor :STMicroelectronics X-CUBE-MEMS1 12.0.0
2025-12-23 19:04:56,626 [INFO] ThirdParty:1030 - CMSIS Pack Vendor :STMicroelectronics FP-SNS-MOTENV1 5.1.0
2025-12-23 19:04:56,626 [INFO] ThirdParty:1030 - CMSIS Pack Vendor :STMicroelectronics FreeRTOS 0.0.1
2025-12-23 19:04:56,626 [INFO] ThirdParty:1030 - CMSIS Pack Vendor :STMicroelectronics X-CUBE-AZRTOS-G0 1.1.0
2025-12-23 19:04:56,626 [INFO] ThirdParty:1030 - CMSIS Pack Vendor :STMicroelectronics X-CUBE-NFC4 3.0.0
2025-12-23 19:04:56,626 [INFO] ThirdParty:1030 - CMSIS Pack Vendor :STMicroelectronics X-CUBE-SUBG2 5.0.0
2025-12-23 19:04:56,626 [INFO] ThirdParty:1030 - CMSIS Pack Vendor :STMicroelectronics X-CUBE-AZRTOS-H7RS 1.1.0
2025-12-23 19:04:56,626 [INFO] ThirdParty:1030 - CMSIS Pack Vendor :STMicroelectronics STM32_WPAN 1.0.0
2025-12-23 19:04:56,626 [INFO] ThirdParty:1030 - CMSIS Pack Vendor :EmbeddedOffice I-CUBE-FS-RTOS 1.0.1
2025-12-23 19:04:56,626 [INFO] ThirdParty:1030 - CMSIS Pack Vendor :STMicroelectronics lwIP 2.0.3
2025-12-23 19:04:56,626 [INFO] ThirdParty:1030 - CMSIS Pack Vendor :WES I-CUBE-Cesium 1.4.0
2025-12-23 19:04:56,626 [INFO] ThirdParty:1030 - CMSIS Pack Vendor :STMicroelectronics USB_HOST 1.0.0
2025-12-23 19:04:56,626 [INFO] ThirdParty:1030 - CMSIS Pack Vendor :Infineon AIROC-Wi-Fi-Bluetooth-STM32 1.7.1
2025-12-23 19:04:56,626 [INFO] ThirdParty:1030 - CMSIS Pack Vendor :STMicroelectronics X-CUBE-AZRTOS-G4 2.0.0
2025-12-23 19:04:56,626 [INFO] ThirdParty:1030 - CMSIS Pack Vendor :STMicroelectronics X-CUBE-WB05N 2.0.0
2025-12-23 19:04:56,626 [INFO] ThirdParty:1030 - CMSIS Pack Vendor :STMicroelectronics PDM2PCM 3.1.0
2025-12-23 19:04:56,626 [INFO] ThirdParty:1030 - CMSIS Pack Vendor :STMicroelectronics PDM2PCM 3.3.0
2025-12-23 19:04:56,626 [INFO] ThirdParty:1030 - CMSIS Pack Vendor :wolfSSL I-CUBE-wolfTPM 3.8.0
2025-12-23 19:04:56,626 [INFO] ThirdParty:1030 - CMSIS Pack Vendor :STMicroelectronics X-CUBE-AZRTOS-H7 3.4.0
2025-12-23 19:04:56,626 [INFO] ThirdParty:1030 - CMSIS Pack Vendor :STMicroelectronics X-CUBE-DISPLAY 3.0.0
2025-12-23 19:04:56,626 [INFO] ThirdParty:1030 - CMSIS Pack Vendor :wolfSSL I-CUBE-wolfSSH 1.4.20
2025-12-23 19:04:56,626 [INFO] ThirdParty:1030 - CMSIS Pack Vendor :STMicroelectronics X-CUBE-NFC7 2.0.0
2025-12-23 19:04:56,626 [INFO] ThirdParty:1030 - CMSIS Pack Vendor :STMicroelectronics X-CUBE-TCPP 4.2.0
2025-12-23 19:04:56,626 [INFO] ThirdParty:1030 - CMSIS Pack Vendor :RealThread X-CUBE-RT-Thread_Nano 4.1.1
2025-12-23 19:04:56,626 [INFO] ThirdParty:1030 - CMSIS Pack Vendor :STMicroelectronics FP-ATR-SIGFOX1 3.2.0
2025-12-23 19:04:56,626 [INFO] ThirdParty:1030 - CMSIS Pack Vendor :STMicroelectronics X-CUBE-NFC10 1.0.0
2025-12-23 19:04:56,626 [INFO] ThirdParty:1030 - CMSIS Pack Vendor :STMicroelectronics X-CUBE-FREERTOS 1.3.1
2025-12-23 19:04:56,626 [INFO] ThirdParty:1030 - CMSIS Pack Vendor :STMicroelectronics HAL Drivers 0.0.0
2025-12-23 19:04:56,626 [INFO] ThirdParty:1030 - CMSIS Pack Vendor :STMicroelectronics MBEDTLS 2.16.2
2025-12-23 19:04:56,626 [INFO] ThirdParty:1030 - CMSIS Pack Vendor :STMicroelectronics X-CUBE-ST60 1.1.0
2025-12-23 19:04:56,626 [INFO] ThirdParty:1030 - CMSIS Pack Vendor :STMicroelectronics X-CUBE-ALS 1.0.2
2025-12-23 19:04:56,626 [INFO] ThirdParty:1030 - CMSIS Pack Vendor :emotas I-CUBE-CANOPEN 1.3.0
2025-12-23 19:04:56,626 [INFO] ThirdParty:1030 - CMSIS Pack Vendor :STMicroelectronics MBEDTLS 2.14.1
2025-12-23 19:04:56,626 [INFO] ThirdParty:1030 - CMSIS Pack Vendor :STMicroelectronics X-CUBE-GNSS1 7.1.0
2025-12-23 19:04:56,626 [INFO] ThirdParty:1030 - CMSIS Pack Vendor :ITTIA_DB I-CUBE-ITTIADB 8.9.0
2025-12-23 19:04:56,626 [INFO] ThirdParty:1030 - CMSIS Pack Vendor :STMicroelectronics X-CUBE-TOUCHGFX 4.26.0
2025-12-23 19:04:56,626 [INFO] ThirdParty:1030 - CMSIS Pack Vendor :STMicroelectronics X-CUBE-STSE01 1.0.0
2025-12-23 19:04:56,626 [INFO] ThirdParty:1030 - CMSIS Pack Vendor :STMicroelectronics FP-SNS-STBOX1 2.1.0
2025-12-23 19:04:56,626 [INFO] ThirdParty:1030 - CMSIS Pack Vendor :STMicroelectronics X-CUBE-AI 10.2.0
2025-12-23 19:04:56,626 [INFO] ThirdParty:1030 - CMSIS Pack Vendor :STMicroelectronics FP-SNS-STAIOTCFT 1.0.0
2025-12-23 19:04:56,626 [INFO] ThirdParty:1030 - CMSIS Pack Vendor :STMicroelectronics ThreadX 1.0.0
2025-12-23 19:04:56,626 [INFO] ThirdParty:1030 - CMSIS Pack Vendor :STMicroelectronics FP-SNS-SMARTAG2 1.2.0
2025-12-23 19:04:56,626 [INFO] ThirdParty:1030 - CMSIS Pack Vendor :STMicroelectronics FP-SNS-FLIGHT1 5.1.0
2025-12-23 19:04:56,626 [INFO] ThirdParty:1030 - CMSIS Pack Vendor :STMicroelectronics X-CUBE-AZRTOS-WL 2.0.0
2025-12-23 19:04:56,626 [INFO] ThirdParty:1030 - CMSIS Pack Vendor :SEGGER I-CUBE-embOS 1.3.1
2025-12-23 19:04:56,626 [INFO] ThirdParty:1030 - CMSIS Pack Vendor :STMicroelectronics X-CUBE-ALGOBUILD 1.4.0
2025-12-23 19:04:56,626 [INFO] ThirdParty:1030 - CMSIS Pack Vendor :STMicroelectronics X-CUBE-DPower 1.3.0
2025-12-23 19:04:56,626 [INFO] ThirdParty:1030 - CMSIS Pack Vendor :STMicroelectronics X-CUBE-MEMS1 11.3.0
2025-12-23 19:04:56,626 [INFO] ThirdParty:1030 - CMSIS Pack Vendor :STMicroelectronics USB_DEVICE 1.0.0
2025-12-23 19:04:56,626 [INFO] ThirdParty:1030 - CMSIS Pack Vendor :STMicroelectronics X-CUBE-AZRTOS-H7RS 1.2.0
2025-12-23 19:04:56,626 [INFO] ThirdParty:1030 - CMSIS Pack Vendor :STMicroelectronics X-CUBE-AZRTOS-L4 2.0.0
2025-12-23 19:04:56,626 [INFO] ThirdParty:1030 - CMSIS Pack Vendor :STMicroelectronics ThreadX 0.0.2
2025-12-23 19:04:56,626 [INFO] ThirdParty:1030 - CMSIS Pack Vendor :STMicroelectronics lwIP 2.1.2
2025-12-23 19:04:56,627 [INFO] ThirdParty:1030 - CMSIS Pack Vendor :STMicroelectronics X-CUBE-SFXS2LP1 4.0.0
2025-12-23 19:04:56,627 [INFO] ThirdParty:1030 - CMSIS Pack Vendor :STMicroelectronics X-CUBE-BLE2 3.3.0
2025-12-23 19:04:56,627 [INFO] ThirdParty:1030 - CMSIS Pack Vendor :Avnet-IOTCONNECT X-CUBE-iotc-st67-sdk 1.0.0
2025-12-23 19:04:56,627 [INFO] ThirdParty:1030 - CMSIS Pack Vendor :STMicroelectronics X-CUBE-TOF1 3.4.3
2025-12-23 19:04:56,627 [INFO] ThirdParty:1030 - CMSIS Pack Vendor :STMicroelectronics PDM2PCM 3.2.0
2025-12-23 19:04:56,627 [INFO] ThirdParty:841 - exiting critical section [change project]
2025-12-23 19:04:57,024 [INFO] PinOutPanel:1589 - setPackage(No Configuration,No Configuration)
2025-12-23 19:04:57,025 [INFO] PinOutPanel:1589 - setPackage(STM32H563VGTx,LQFP100)
2025-12-23 19:04:57,068 [WARN] IP:2250 - rccPrivilegeSecure not found: check if there is a RefParameter without a condition.
2025-12-23 19:04:57,068 [WARN] IP:2250 - rccSecurity not found: check if there is a RefParameter without a condition.
2025-12-23 19:04:57,178 [WARN] IP:2250 - rccPrivilegeSecure not found: check if there is a RefParameter without a condition.
2025-12-23 19:04:57,178 [WARN] IP:2250 - rccSecurity not found: check if there is a RefParameter without a condition.
2025-12-23 19:04:57,392 [WARN] IP:2250 - rccPrivilegeSecure not found: check if there is a RefParameter without a condition.
2025-12-23 19:04:57,392 [WARN] IP:2250 - rccSecurity not found: check if there is a RefParameter without a condition.
2025-12-23 19:04:57,405 [INFO] UtilMem:75 - Before build in PCC Used Memory: 568755832 Bytes (912261120)
2025-12-23 19:04:57,661 [INFO] UtilMem:75 - After build in PCC Used Memory: 766410360 Bytes (912261120)
2025-12-23 19:04:57,675 [INFO] IPUIPlugin:80 - create IPUIPlugin
2025-12-23 19:04:57,675 [INFO] IPUIPlugin:80 - create IPUIPlugin
2025-12-23 19:04:57,676 [INFO] IPUIPlugin:80 - create IPUIPlugin
2025-12-23 19:04:57,676 [INFO] IPUIPlugin:80 - create IPUIPlugin
2025-12-23 19:04:57,676 [INFO] IPUIPlugin:80 - create IPUIPlugin
2025-12-23 19:04:57,676 [INFO] IPUIPlugin:80 - create IPUIPlugin
2025-12-23 19:04:57,676 [INFO] IPUIPlugin:80 - create IPUIPlugin
2025-12-23 19:04:57,676 [INFO] IPUIPlugin:80 - create IPUIPlugin
2025-12-23 19:04:57,676 [INFO] IPUIPlugin:80 - create IPUIPlugin
2025-12-23 19:04:57,676 [INFO] IPUIPlugin:80 - create IPUIPlugin
2025-12-23 19:04:57,676 [INFO] IPUIPlugin:80 - create IPUIPlugin
2025-12-23 19:04:57,676 [INFO] IPUIPlugin:80 - create IPUIPlugin
2025-12-23 19:04:57,676 [INFO] IPUIPlugin:80 - create IPUIPlugin
2025-12-23 19:04:57,676 [INFO] IPUIPlugin:80 - create IPUIPlugin
2025-12-23 19:04:57,676 [INFO] IPUIPlugin:80 - create IPUIPlugin
2025-12-23 19:04:57,676 [INFO] IPUIPlugin:80 - create IPUIPlugin
2025-12-23 19:04:57,676 [INFO] IPUIPlugin:80 - create IPUIPlugin
2025-12-23 19:04:57,676 [INFO] IPUIPlugin:80 - create IPUIPlugin
2025-12-23 19:04:57,676 [INFO] IPUIPlugin:80 - create IPUIPlugin
2025-12-23 19:04:57,676 [INFO] IPUIPlugin:80 - create IPUIPlugin
2025-12-23 19:04:57,676 [INFO] IPUIPlugin:80 - create IPUIPlugin
2025-12-23 19:04:57,677 [INFO] IPUIPlugin:80 - create IPUIPlugin
2025-12-23 19:04:57,677 [INFO] IPUIPlugin:80 - create IPUIPlugin
2025-12-23 19:04:57,677 [INFO] IPUIPlugin:80 - create IPUIPlugin
2025-12-23 19:04:57,677 [INFO] IPUIPlugin:80 - create IPUIPlugin
2025-12-23 19:04:57,677 [INFO] IPUIPlugin:80 - create IPUIPlugin
2025-12-23 19:04:57,677 [INFO] IPUIPlugin:80 - create IPUIPlugin
2025-12-23 19:04:57,677 [INFO] IPUIPlugin:80 - create IPUIPlugin
2025-12-23 19:04:57,677 [INFO] IPUIPlugin:80 - create IPUIPlugin
2025-12-23 19:04:57,677 [INFO] IPUIPlugin:80 - create IPUIPlugin
2025-12-23 19:04:57,677 [INFO] IPUIPlugin:80 - create IPUIPlugin
2025-12-23 19:04:57,677 [INFO] IPUIPlugin:80 - create IPUIPlugin
2025-12-23 19:04:57,677 [INFO] IPUIPlugin:80 - create IPUIPlugin
2025-12-23 19:04:57,677 [INFO] IPUIPlugin:80 - create IPUIPlugin
2025-12-23 19:04:57,678 [INFO] IPUIPlugin:80 - create IPUIPlugin
2025-12-23 19:04:57,678 [INFO] IPUIPlugin:80 - create IPUIPlugin
2025-12-23 19:04:57,678 [INFO] IPUIPlugin:80 - create IPUIPlugin
2025-12-23 19:04:57,678 [INFO] IPUIPlugin:80 - create IPUIPlugin
2025-12-23 19:04:57,678 [INFO] IPUIPlugin:80 - create IPUIPlugin
2025-12-23 19:04:57,678 [INFO] IPUIPlugin:80 - create IPUIPlugin
2025-12-23 19:04:57,678 [INFO] IPUIPlugin:80 - create IPUIPlugin
2025-12-23 19:04:57,678 [INFO] IPUIPlugin:80 - create IPUIPlugin
2025-12-23 19:04:57,678 [INFO] IPUIPlugin:80 - create IPUIPlugin
2025-12-23 19:04:57,678 [INFO] IPUIPlugin:80 - create IPUIPlugin
2025-12-23 19:04:57,679 [INFO] IPUIPlugin:80 - create IPUIPlugin
2025-12-23 19:04:57,679 [INFO] IPUIPlugin:80 - create IPUIPlugin
2025-12-23 19:04:57,679 [INFO] IPUIPlugin:80 - create IPUIPlugin
2025-12-23 19:04:57,679 [INFO] IPUIPlugin:80 - create IPUIPlugin
2025-12-23 19:04:57,679 [INFO] IPUIPlugin:80 - create IPUIPlugin
2025-12-23 19:04:57,679 [INFO] IPUIPlugin:80 - create IPUIPlugin
2025-12-23 19:04:57,679 [INFO] IPUIPlugin:80 - create IPUIPlugin
2025-12-23 19:04:57,679 [INFO] IPUIPlugin:80 - create IPUIPlugin
2025-12-23 19:04:57,679 [INFO] IPUIPlugin:80 - create IPUIPlugin
2025-12-23 19:04:57,679 [INFO] IPUIPlugin:80 - create IPUIPlugin
2025-12-23 19:04:57,680 [INFO] IPUIPlugin:80 - create IPUIPlugin
2025-12-23 19:04:57,680 [INFO] IPUIPlugin:80 - create IPUIPlugin
2025-12-23 19:04:57,680 [INFO] IPUIPlugin:80 - create IPUIPlugin
2025-12-23 19:04:57,680 [INFO] IPUIPlugin:80 - create IPUIPlugin
2025-12-23 19:04:57,680 [INFO] IPUIPlugin:80 - create IPUIPlugin
2025-12-23 19:04:57,680 [INFO] IPUIPlugin:80 - create IPUIPlugin
2025-12-23 19:04:57,680 [INFO] IPUIPlugin:80 - create IPUIPlugin
2025-12-23 19:04:57,680 [INFO] IPUIPlugin:80 - create IPUIPlugin
2025-12-23 19:04:57,680 [INFO] IPUIPlugin:80 - create IPUIPlugin
2025-12-23 19:04:57,680 [INFO] IPUIPlugin:80 - create IPUIPlugin
2025-12-23 19:04:57,680 [INFO] IPUIPlugin:80 - create IPUIPlugin
2025-12-23 19:04:57,680 [INFO] IPUIPlugin:80 - create IPUIPlugin
2025-12-23 19:04:57,681 [INFO] IPUIPlugin:80 - create IPUIPlugin
2025-12-23 19:04:57,681 [INFO] IPUIPlugin:80 - create IPUIPlugin
2025-12-23 19:04:57,681 [INFO] IPUIPlugin:80 - create IPUIPlugin
2025-12-23 19:04:57,681 [INFO] IPUIPlugin:80 - create IPUIPlugin
2025-12-23 19:04:57,681 [INFO] IPUIPlugin:80 - create IPUIPlugin
2025-12-23 19:04:57,681 [INFO] IPUIPlugin:80 - create IPUIPlugin
2025-12-23 19:04:57,681 [INFO] IPUIPlugin:80 - create IPUIPlugin
2025-12-23 19:04:57,681 [INFO] IPUIPlugin:80 - create IPUIPlugin
2025-12-23 19:04:57,681 [INFO] IPUIPlugin:80 - create IPUIPlugin
2025-12-23 19:04:57,681 [INFO] IPUIPlugin:80 - create IPUIPlugin
2025-12-23 19:04:57,681 [INFO] IPUIPlugin:80 - create IPUIPlugin
2025-12-23 19:04:57,681 [INFO] IPUIPlugin:80 - create IPUIPlugin
2025-12-23 19:04:57,681 [INFO] IPUIPlugin:80 - create IPUIPlugin
2025-12-23 19:04:57,681 [INFO] IPUIPlugin:80 - create IPUIPlugin
2025-12-23 19:04:57,681 [INFO] IPUIPlugin:80 - create IPUIPlugin
2025-12-23 19:04:57,681 [INFO] IPUIPlugin:80 - create IPUIPlugin
2025-12-23 19:04:57,682 [INFO] IPUIPlugin:80 - create IPUIPlugin
2025-12-23 19:04:57,682 [INFO] IPUIPlugin:80 - create IPUIPlugin
2025-12-23 19:04:57,682 [INFO] IPUIPlugin:80 - create IPUIPlugin
2025-12-23 19:04:57,682 [INFO] IPUIPlugin:80 - create IPUIPlugin
2025-12-23 19:04:57,682 [INFO] IPUIPlugin:80 - create IPUIPlugin
2025-12-23 19:04:57,682 [INFO] IPUIPlugin:80 - create IPUIPlugin
2025-12-23 19:04:57,683 [INFO] IPUIPlugin:80 - create IPUIPlugin
2025-12-23 19:04:57,683 [INFO] IPUIPlugin:80 - create IPUIPlugin
2025-12-23 19:04:57,683 [INFO] IPUIPlugin:80 - create IPUIPlugin
2025-12-23 19:04:57,683 [INFO] IPUIPlugin:80 - create IPUIPlugin
2025-12-23 19:04:57,683 [INFO] IPUIPlugin:80 - create IPUIPlugin
2025-12-23 19:04:57,683 [INFO] IPUIPlugin:80 - create IPUIPlugin
2025-12-23 19:04:57,683 [INFO] IPUIPlugin:80 - create IPUIPlugin
2025-12-23 19:04:57,684 [INFO] IPUIPlugin:80 - create IPUIPlugin
2025-12-23 19:04:57,684 [INFO] IPUIPlugin:80 - create IPUIPlugin
2025-12-23 19:04:57,684 [INFO] IPUIPlugin:80 - create IPUIPlugin
2025-12-23 19:04:57,684 [INFO] IPUIPlugin:80 - create IPUIPlugin
2025-12-23 19:04:57,684 [INFO] IPUIPlugin:80 - create IPUIPlugin
2025-12-23 19:04:57,695 [INFO] ProjectChoiceTab:3673 - Project Structure = Dual Non Secure / Secure
2025-12-23 19:04:57,740 [INFO] CADModel:165 - CPN selected for project levelSTM32H563VGT6
2025-12-23 19:04:57,740 [INFO] CADModel:114 - Register for checkConnection events
2025-12-23 19:04:57,781 [INFO] OpenFileManager:386 - Restore cursor
2025-12-23 19:04:57,843 [WARN] IP:2250 - DATAEXCHANGEDESRCBYTE_GPDMACH5 not found: check if there is a RefParameter without a condition.
2025-12-23 19:04:57,843 [WARN] IP:2250 - DATAEXCHANGEDESTHALFWORD_GPDMACH5 not found: check if there is a RefParameter without a condition.
2025-12-23 19:04:57,915 [WARN] IP:2250 - PinAttribute not found: check if there is a RefParameter without a condition.
2025-12-23 19:04:57,915 [WARN] IP:2250 - PinAttribute not found: check if there is a RefParameter without a condition.
2025-12-23 19:04:57,915 [WARN] IP:2250 - PinAttribute not found: check if there is a RefParameter without a condition.
2025-12-23 19:04:57,915 [WARN] IP:2250 - PinAttribute not found: check if there is a RefParameter without a condition.
2025-12-23 19:04:57,915 [WARN] IP:2250 - PinAttribute not found: check if there is a RefParameter without a condition.
2025-12-23 19:04:57,915 [WARN] IP:2250 - PinAttribute not found: check if there is a RefParameter without a condition.
2025-12-23 19:04:57,915 [WARN] IP:2250 - PinAttribute not found: check if there is a RefParameter without a condition.
2025-12-23 19:04:57,917 [WARN] IP:2250 - PinAttribute not found: check if there is a RefParameter without a condition.
2025-12-23 19:04:57,917 [WARN] IP:2250 - PinAttribute not found: check if there is a RefParameter without a condition.
2025-12-23 19:04:57,917 [WARN] IP:2250 - PinAttribute not found: check if there is a RefParameter without a condition.
2025-12-23 19:04:57,917 [WARN] IP:2250 - PinAttribute not found: check if there is a RefParameter without a condition.
2025-12-23 19:04:57,918 [WARN] IP:2250 - PinAttribute not found: check if there is a RefParameter without a condition.
2025-12-23 19:04:57,918 [WARN] IP:2250 - PinAttribute not found: check if there is a RefParameter without a condition.
2025-12-23 19:04:57,918 [WARN] IP:2250 - PinAttribute not found: check if there is a RefParameter without a condition.
2025-12-23 19:04:57,918 [WARN] IP:2250 - PinAttribute not found: check if there is a RefParameter without a condition.
2025-12-23 19:04:57,918 [WARN] IP:2250 - PinAttribute not found: check if there is a RefParameter without a condition.
2025-12-23 19:04:57,918 [WARN] IP:2250 - PinAttribute not found: check if there is a RefParameter without a condition.
2025-12-23 19:04:57,918 [WARN] IP:2250 - PinAttribute not found: check if there is a RefParameter without a condition.
2025-12-23 19:04:57,919 [WARN] IP:2250 - PinAttribute not found: check if there is a RefParameter without a condition.
2025-12-23 19:04:57,919 [WARN] IP:2250 - PinAttribute not found: check if there is a RefParameter without a condition.
2025-12-23 19:04:57,920 [WARN] IP:2250 - PinAttribute not found: check if there is a RefParameter without a condition.
2025-12-23 19:04:57,920 [WARN] IP:2250 - PinAttribute not found: check if there is a RefParameter without a condition.
2025-12-23 19:04:57,920 [WARN] IP:2250 - pwrPrivilegeSecure not found: check if there is a RefParameter without a condition.
2025-12-23 19:04:57,920 [WARN] IP:2250 - pwrPrivilegeNSecure not found: check if there is a RefParameter without a condition.
2025-12-23 19:04:57,920 [WARN] IP:2250 - PWR_WKUP1 not found: check if there is a RefParameter without a condition.
2025-12-23 19:04:57,920 [WARN] IP:2250 - PWR_WKUP2 not found: check if there is a RefParameter without a condition.
2025-12-23 19:04:57,920 [WARN] IP:2250 - PWR_WKUP3 not found: check if there is a RefParameter without a condition.
2025-12-23 19:04:57,920 [WARN] IP:2250 - PWR_WKUP4 not found: check if there is a RefParameter without a condition.
2025-12-23 19:04:57,920 [WARN] IP:2250 - PWR_WKUP5 not found: check if there is a RefParameter without a condition.
2025-12-23 19:04:57,920 [WARN] IP:2250 - PWR_WKUP6 not found: check if there is a RefParameter without a condition.
2025-12-23 19:04:57,920 [WARN] IP:2250 - PWR_WKUP7 not found: check if there is a RefParameter without a condition.
2025-12-23 19:04:57,920 [WARN] IP:2250 - PWR_WKUP8 not found: check if there is a RefParameter without a condition.
2025-12-23 19:04:57,920 [WARN] IP:2250 - PWR_LPM not found: check if there is a RefParameter without a condition.
2025-12-23 19:04:57,920 [WARN] IP:2250 - PWR_VB not found: check if there is a RefParameter without a condition.
2025-12-23 19:04:57,920 [WARN] IP:2250 - PWR_IO not found: check if there is a RefParameter without a condition.
2025-12-23 19:04:57,920 [WARN] IP:2250 - PWR_SCM not found: check if there is a RefParameter without a condition.
2025-12-23 19:04:57,920 [WARN] IP:2250 - PWR_VUSB not found: check if there is a RefParameter without a condition.
2025-12-23 19:04:57,920 [WARN] IP:2250 - pwrPrivilegeSecure not found: check if there is a RefParameter without a condition.
2025-12-23 19:04:57,920 [WARN] IP:2250 - pwrPrivilegeNSecure not found: check if there is a RefParameter without a condition.
2025-12-23 19:04:57,920 [WARN] IP:2250 - PWR_WKUP1 not found: check if there is a RefParameter without a condition.
2025-12-23 19:04:57,920 [WARN] IP:2250 - PWR_WKUP2 not found: check if there is a RefParameter without a condition.
2025-12-23 19:04:57,920 [WARN] IP:2250 - PWR_WKUP3 not found: check if there is a RefParameter without a condition.
2025-12-23 19:04:57,920 [WARN] IP:2250 - PWR_WKUP4 not found: check if there is a RefParameter without a condition.
2025-12-23 19:04:57,920 [WARN] IP:2250 - PWR_WKUP5 not found: check if there is a RefParameter without a condition.
2025-12-23 19:04:57,920 [WARN] IP:2250 - PWR_WKUP6 not found: check if there is a RefParameter without a condition.
2025-12-23 19:04:57,920 [WARN] IP:2250 - PWR_WKUP7 not found: check if there is a RefParameter without a condition.
2025-12-23 19:04:57,920 [WARN] IP:2250 - PWR_WKUP8 not found: check if there is a RefParameter without a condition.
2025-12-23 19:04:57,920 [WARN] IP:2250 - PWR_LPM not found: check if there is a RefParameter without a condition.
2025-12-23 19:04:57,920 [WARN] IP:2250 - PWR_VB not found: check if there is a RefParameter without a condition.
2025-12-23 19:04:57,920 [WARN] IP:2250 - PWR_IO not found: check if there is a RefParameter without a condition.
2025-12-23 19:04:57,920 [WARN] IP:2250 - PWR_SCM not found: check if there is a RefParameter without a condition.
2025-12-23 19:04:57,920 [WARN] IP:2250 - PWR_VUSB not found: check if there is a RefParameter without a condition.
2025-12-23 19:04:57,920 [WARN] IP:2250 - PinAttribute not found: check if there is a RefParameter without a condition.
2025-12-23 19:04:57,920 [WARN] IP:2250 - PinAttribute not found: check if there is a RefParameter without a condition.
2025-12-23 19:04:57,920 [WARN] IP:2250 - PinAttribute not found: check if there is a RefParameter without a condition.
2025-12-23 19:04:57,920 [WARN] IP:2250 - PinAttribute not found: check if there is a RefParameter without a condition.
2025-12-23 19:04:57,920 [WARN] IP:2250 - PinAttribute not found: check if there is a RefParameter without a condition.
2025-12-23 19:04:57,920 [WARN] IP:2250 - PinAttribute not found: check if there is a RefParameter without a condition.
2025-12-23 19:04:57,920 [WARN] IP:2250 - PinAttribute not found: check if there is a RefParameter without a condition.
2025-12-23 19:04:57,922 [WARN] IP:2250 - rccPrivilegeSecure not found: check if there is a RefParameter without a condition.
2025-12-23 19:04:57,922 [WARN] IP:2250 - rccSecurity not found: check if there is a RefParameter without a condition.
2025-12-23 19:04:57,928 [WARN] IP:2250 - rccPrivilegeSecure not found: check if there is a RefParameter without a condition.
2025-12-23 19:04:57,928 [WARN] IP:2250 - rccSecurity not found: check if there is a RefParameter without a condition.
2025-12-23 19:04:57,936 [WARN] IP:2250 - PinAttribute not found: check if there is a RefParameter without a condition.
2025-12-23 19:04:57,936 [WARN] IP:2250 - PinAttribute not found: check if there is a RefParameter without a condition.
2025-12-23 19:04:57,936 [WARN] IP:2250 - PinAttribute not found: check if there is a RefParameter without a condition.
2025-12-23 19:04:57,936 [WARN] IP:2250 - PinAttribute not found: check if there is a RefParameter without a condition.
2025-12-23 19:04:57,937 [WARN] IP:2250 - PinAttribute not found: check if there is a RefParameter without a condition.
2025-12-23 19:04:57,937 [WARN] IP:2250 - PinAttribute not found: check if there is a RefParameter without a condition.
2025-12-23 19:04:57,937 [WARN] IP:2250 - PinAttribute not found: check if there is a RefParameter without a condition.
2025-12-23 19:04:57,938 [WARN] IP:2250 - PinAttribute not found: check if there is a RefParameter without a condition.
2025-12-23 19:04:57,938 [WARN] IP:2250 - PinAttribute not found: check if there is a RefParameter without a condition.
2025-12-23 19:04:57,938 [WARN] IP:2250 - PinAttribute not found: check if there is a RefParameter without a condition.
2025-12-23 19:04:57,938 [WARN] IP:2250 - PinAttribute not found: check if there is a RefParameter without a condition.
2025-12-23 19:04:57,938 [WARN] IP:2250 - PinAttribute not found: check if there is a RefParameter without a condition.
2025-12-23 19:04:57,938 [WARN] IP:2250 - PinAttribute not found: check if there is a RefParameter without a condition.
2025-12-23 19:04:57,938 [WARN] IP:2250 - PinAttribute not found: check if there is a RefParameter without a condition.
2025-12-23 19:04:57,945 [WARN] IP:2250 - PinAttribute not found: check if there is a RefParameter without a condition.
2025-12-23 19:04:57,945 [WARN] IP:2250 - PinAttribute not found: check if there is a RefParameter without a condition.
2025-12-23 19:04:57,945 [WARN] IP:2250 - PinAttribute not found: check if there is a RefParameter without a condition.
2025-12-23 19:04:57,946 [WARN] IP:2250 - PinAttribute not found: check if there is a RefParameter without a condition.
2025-12-23 19:04:57,946 [WARN] IP:2250 - PinAttribute not found: check if there is a RefParameter without a condition.
2025-12-23 19:04:57,946 [WARN] IP:2250 - PinAttribute not found: check if there is a RefParameter without a condition.
2025-12-23 19:04:57,946 [WARN] IP:2250 - PinAttribute not found: check if there is a RefParameter without a condition.
2025-12-23 19:04:57,947 [WARN] IP:2250 - PinAttribute not found: check if there is a RefParameter without a condition.
2025-12-23 19:04:57,947 [WARN] IP:2250 - PinAttribute not found: check if there is a RefParameter without a condition.
2025-12-23 19:04:57,947 [WARN] IP:2250 - PinAttribute not found: check if there is a RefParameter without a condition.
2025-12-23 19:04:57,947 [WARN] IP:2250 - PinAttribute not found: check if there is a RefParameter without a condition.
2025-12-23 19:04:57,947 [WARN] IP:2250 - PinAttribute not found: check if there is a RefParameter without a condition.
2025-12-23 19:04:57,947 [WARN] IP:2250 - PinAttribute not found: check if there is a RefParameter without a condition.
2025-12-23 19:04:57,947 [WARN] IP:2250 - PinAttribute not found: check if there is a RefParameter without a condition.
2025-12-23 19:04:57,955 [WARN] IP:2250 - PinAttribute not found: check if there is a RefParameter without a condition.
2025-12-23 19:04:57,956 [WARN] IP:2250 - PinAttribute not found: check if there is a RefParameter without a condition.
2025-12-23 19:04:57,956 [WARN] IP:2250 - PinAttribute not found: check if there is a RefParameter without a condition.
2025-12-23 19:04:57,956 [WARN] IP:2250 - PinAttribute not found: check if there is a RefParameter without a condition.
2025-12-23 19:04:57,956 [WARN] IP:2250 - PinAttribute not found: check if there is a RefParameter without a condition.
2025-12-23 19:04:57,956 [WARN] IP:2250 - PinAttribute not found: check if there is a RefParameter without a condition.
2025-12-23 19:04:57,956 [WARN] IP:2250 - PinAttribute not found: check if there is a RefParameter without a condition.
2025-12-23 19:04:57,957 [WARN] IP:2250 - PinAttribute not found: check if there is a RefParameter without a condition.
2025-12-23 19:04:57,957 [WARN] IP:2250 - PinAttribute not found: check if there is a RefParameter without a condition.
2025-12-23 19:04:57,957 [WARN] IP:2250 - PinAttribute not found: check if there is a RefParameter without a condition.
2025-12-23 19:04:57,957 [WARN] IP:2250 - PinAttribute not found: check if there is a RefParameter without a condition.
2025-12-23 19:04:57,957 [WARN] IP:2250 - PinAttribute not found: check if there is a RefParameter without a condition.
2025-12-23 19:04:57,957 [WARN] IP:2250 - PinAttribute not found: check if there is a RefParameter without a condition.
2025-12-23 19:04:57,957 [WARN] IP:2250 - PinAttribute not found: check if there is a RefParameter without a condition.
2025-12-23 19:04:57,964 [WARN] IP:2250 - PinAttribute not found: check if there is a RefParameter without a condition.
2025-12-23 19:04:57,964 [WARN] IP:2250 - PinAttribute not found: check if there is a RefParameter without a condition.
2025-12-23 19:04:57,964 [WARN] IP:2250 - PinAttribute not found: check if there is a RefParameter without a condition.
2025-12-23 19:04:57,964 [WARN] IP:2250 - PinAttribute not found: check if there is a RefParameter without a condition.
2025-12-23 19:04:57,964 [WARN] IP:2250 - PinAttribute not found: check if there is a RefParameter without a condition.
2025-12-23 19:04:57,965 [WARN] IP:2250 - PinAttribute not found: check if there is a RefParameter without a condition.
2025-12-23 19:04:57,965 [WARN] IP:2250 - PinAttribute not found: check if there is a RefParameter without a condition.
2025-12-23 19:04:57,966 [WARN] IP:2250 - PinAttribute not found: check if there is a RefParameter without a condition.
2025-12-23 19:04:57,966 [WARN] IP:2250 - PinAttribute not found: check if there is a RefParameter without a condition.
2025-12-23 19:04:57,966 [WARN] IP:2250 - PinAttribute not found: check if there is a RefParameter without a condition.
2025-12-23 19:04:57,966 [WARN] IP:2250 - PinAttribute not found: check if there is a RefParameter without a condition.
2025-12-23 19:04:57,966 [WARN] IP:2250 - PinAttribute not found: check if there is a RefParameter without a condition.
2025-12-23 19:04:57,966 [WARN] IP:2250 - PinAttribute not found: check if there is a RefParameter without a condition.
2025-12-23 19:04:57,966 [WARN] IP:2250 - PinAttribute not found: check if there is a RefParameter without a condition.
2025-12-23 19:04:57,973 [WARN] IP:2250 - PinAttribute not found: check if there is a RefParameter without a condition.
2025-12-23 19:04:57,973 [WARN] IP:2250 - PinAttribute not found: check if there is a RefParameter without a condition.
2025-12-23 19:04:57,973 [WARN] IP:2250 - PinAttribute not found: check if there is a RefParameter without a condition.
2025-12-23 19:04:57,973 [WARN] IP:2250 - PinAttribute not found: check if there is a RefParameter without a condition.
2025-12-23 19:04:57,973 [WARN] IP:2250 - PinAttribute not found: check if there is a RefParameter without a condition.
2025-12-23 19:04:57,973 [WARN] IP:2250 - PinAttribute not found: check if there is a RefParameter without a condition.
2025-12-23 19:04:57,973 [WARN] IP:2250 - PinAttribute not found: check if there is a RefParameter without a condition.
2025-12-23 19:04:57,974 [WARN] IP:2250 - PinAttribute not found: check if there is a RefParameter without a condition.
2025-12-23 19:04:57,974 [WARN] IP:2250 - PinAttribute not found: check if there is a RefParameter without a condition.
2025-12-23 19:04:57,974 [WARN] IP:2250 - PinAttribute not found: check if there is a RefParameter without a condition.
2025-12-23 19:04:57,974 [WARN] IP:2250 - PinAttribute not found: check if there is a RefParameter without a condition.
2025-12-23 19:04:57,974 [WARN] IP:2250 - PinAttribute not found: check if there is a RefParameter without a condition.
2025-12-23 19:04:57,974 [WARN] IP:2250 - PinAttribute not found: check if there is a RefParameter without a condition.
2025-12-23 19:04:57,974 [WARN] IP:2250 - PinAttribute not found: check if there is a RefParameter without a condition.
2025-12-23 19:04:57,981 [WARN] IP:2250 - PinAttribute not found: check if there is a RefParameter without a condition.
2025-12-23 19:04:57,981 [WARN] IP:2250 - PinAttribute not found: check if there is a RefParameter without a condition.
2025-12-23 19:04:57,981 [WARN] IP:2250 - PinAttribute not found: check if there is a RefParameter without a condition.
2025-12-23 19:04:57,981 [WARN] IP:2250 - PinAttribute not found: check if there is a RefParameter without a condition.
2025-12-23 19:04:57,981 [WARN] IP:2250 - PinAttribute not found: check if there is a RefParameter without a condition.
2025-12-23 19:04:57,981 [WARN] IP:2250 - PinAttribute not found: check if there is a RefParameter without a condition.
2025-12-23 19:04:57,981 [WARN] IP:2250 - PinAttribute not found: check if there is a RefParameter without a condition.
2025-12-23 19:04:57,982 [WARN] IP:2250 - PinAttribute not found: check if there is a RefParameter without a condition.
2025-12-23 19:04:57,983 [WARN] IP:2250 - PinAttribute not found: check if there is a RefParameter without a condition.
2025-12-23 19:04:57,983 [WARN] IP:2250 - PinAttribute not found: check if there is a RefParameter without a condition.
2025-12-23 19:04:57,983 [WARN] IP:2250 - PinAttribute not found: check if there is a RefParameter without a condition.
2025-12-23 19:04:57,983 [WARN] IP:2250 - PinAttribute not found: check if there is a RefParameter without a condition.
2025-12-23 19:04:57,983 [WARN] IP:2250 - PinAttribute not found: check if there is a RefParameter without a condition.
2025-12-23 19:04:57,983 [WARN] IP:2250 - PinAttribute not found: check if there is a RefParameter without a condition.
2025-12-23 19:04:57,989 [WARN] IP:2250 - PinAttribute not found: check if there is a RefParameter without a condition.
2025-12-23 19:04:57,990 [WARN] IP:2250 - PinAttribute not found: check if there is a RefParameter without a condition.
2025-12-23 19:04:57,990 [WARN] IP:2250 - PinAttribute not found: check if there is a RefParameter without a condition.
2025-12-23 19:04:57,990 [WARN] IP:2250 - PinAttribute not found: check if there is a RefParameter without a condition.
2025-12-23 19:04:57,990 [WARN] IP:2250 - PinAttribute not found: check if there is a RefParameter without a condition.
2025-12-23 19:04:57,990 [WARN] IP:2250 - PinAttribute not found: check if there is a RefParameter without a condition.
2025-12-23 19:04:57,990 [WARN] IP:2250 - PinAttribute not found: check if there is a RefParameter without a condition.
2025-12-23 19:04:57,991 [WARN] IP:2250 - PinAttribute not found: check if there is a RefParameter without a condition.
2025-12-23 19:04:57,991 [WARN] IP:2250 - PinAttribute not found: check if there is a RefParameter without a condition.
2025-12-23 19:04:57,991 [WARN] IP:2250 - PinAttribute not found: check if there is a RefParameter without a condition.
2025-12-23 19:04:57,991 [WARN] IP:2250 - PinAttribute not found: check if there is a RefParameter without a condition.
2025-12-23 19:04:57,991 [WARN] IP:2250 - PinAttribute not found: check if there is a RefParameter without a condition.
2025-12-23 19:04:57,991 [WARN] IP:2250 - PinAttribute not found: check if there is a RefParameter without a condition.
2025-12-23 19:04:57,991 [WARN] IP:2250 - PinAttribute not found: check if there is a RefParameter without a condition.
2025-12-23 19:04:57,992 [WARN] IP:2250 - PinAttribute not found: check if there is a RefParameter without a condition.
2025-12-23 19:04:57,992 [WARN] IP:2250 - PinAttribute not found: check if there is a RefParameter without a condition.
2025-12-23 19:04:57,992 [WARN] IP:2250 - PinAttribute not found: check if there is a RefParameter without a condition.
2025-12-23 19:04:57,992 [WARN] IP:2250 - PinAttribute not found: check if there is a RefParameter without a condition.
2025-12-23 19:04:57,992 [WARN] IP:2250 - PinAttribute not found: check if there is a RefParameter without a condition.
2025-12-23 19:04:57,992 [WARN] IP:2250 - PinAttribute not found: check if there is a RefParameter without a condition.
2025-12-23 19:04:57,992 [WARN] IP:2250 - PinAttribute not found: check if there is a RefParameter without a condition.
2025-12-23 19:04:57,995 [WARN] IP:2250 - DATAEXCHANGEDESRCBYTE_GPDMACH5 not found: check if there is a RefParameter without a condition.
2025-12-23 19:04:57,995 [WARN] IP:2250 - DATAEXCHANGEDESTHALFWORD_GPDMACH5 not found: check if there is a RefParameter without a condition.
2025-12-23 19:04:57,999 [WARN] IP:2250 - DATAEXCHANGEDESRCBYTE_GPDMACH5 not found: check if there is a RefParameter without a condition.
2025-12-23 19:04:57,999 [WARN] IP:2250 - DATAEXCHANGEDESTHALFWORD_GPDMACH5 not found: check if there is a RefParameter without a condition.
2025-12-23 19:04:58,002 [WARN] IP:2250 - PinAttribute not found: check if there is a RefParameter without a condition.
2025-12-23 19:04:58,002 [WARN] IP:2250 - PinAttribute not found: check if there is a RefParameter without a condition.
2025-12-23 19:04:58,002 [WARN] IP:2250 - PinAttribute not found: check if there is a RefParameter without a condition.
2025-12-23 19:04:58,003 [WARN] IP:2250 - PinAttribute not found: check if there is a RefParameter without a condition.
2025-12-23 19:04:58,003 [WARN] IP:2250 - PinAttribute not found: check if there is a RefParameter without a condition.
2025-12-23 19:04:58,003 [WARN] IP:2250 - PinAttribute not found: check if there is a RefParameter without a condition.
2025-12-23 19:04:58,003 [WARN] IP:2250 - PinAttribute not found: check if there is a RefParameter without a condition.
2025-12-23 19:04:58,015 [WARN] IP:2250 - PinAttribute not found: check if there is a RefParameter without a condition.
2025-12-23 19:04:58,015 [WARN] IP:2250 - PinAttribute not found: check if there is a RefParameter without a condition.
2025-12-23 19:04:58,015 [WARN] IP:2250 - PinAttribute not found: check if there is a RefParameter without a condition.
2025-12-23 19:04:58,015 [WARN] IP:2250 - PinAttribute not found: check if there is a RefParameter without a condition.
2025-12-23 19:04:58,015 [WARN] IP:2250 - PinAttribute not found: check if there is a RefParameter without a condition.
2025-12-23 19:04:58,015 [WARN] IP:2250 - PinAttribute not found: check if there is a RefParameter without a condition.
2025-12-23 19:04:58,015 [WARN] IP:2250 - PinAttribute not found: check if there is a RefParameter without a condition.
2025-12-23 19:04:58,021 [WARN] IP:2250 - PinAttribute not found: check if there is a RefParameter without a condition.
2025-12-23 19:04:58,021 [WARN] IP:2250 - PinAttribute not found: check if there is a RefParameter without a condition.
2025-12-23 19:04:58,021 [WARN] IP:2250 - PinAttribute not found: check if there is a RefParameter without a condition.
2025-12-23 19:04:58,021 [WARN] IP:2250 - PinAttribute not found: check if there is a RefParameter without a condition.
2025-12-23 19:04:58,021 [WARN] IP:2250 - PinAttribute not found: check if there is a RefParameter without a condition.
2025-12-23 19:04:58,021 [WARN] IP:2250 - PinAttribute not found: check if there is a RefParameter without a condition.
2025-12-23 19:04:58,021 [WARN] IP:2250 - PinAttribute not found: check if there is a RefParameter without a condition.
2025-12-23 19:04:58,022 [WARN] IP:2250 - PinAttribute not found: check if there is a RefParameter without a condition.
2025-12-23 19:04:58,022 [WARN] IP:2250 - PinAttribute not found: check if there is a RefParameter without a condition.
2025-12-23 19:04:58,022 [WARN] IP:2250 - PinAttribute not found: check if there is a RefParameter without a condition.
2025-12-23 19:04:58,022 [WARN] IP:2250 - PinAttribute not found: check if there is a RefParameter without a condition.
2025-12-23 19:04:58,022 [WARN] IP:2250 - PinAttribute not found: check if there is a RefParameter without a condition.
2025-12-23 19:04:58,022 [WARN] IP:2250 - PinAttribute not found: check if there is a RefParameter without a condition.
2025-12-23 19:04:58,022 [WARN] IP:2250 - PinAttribute not found: check if there is a RefParameter without a condition.
2025-12-23 19:04:58,029 [WARN] IP:2250 - PinAttribute not found: check if there is a RefParameter without a condition.
2025-12-23 19:04:58,029 [WARN] IP:2250 - PinAttribute not found: check if there is a RefParameter without a condition.
2025-12-23 19:04:58,029 [WARN] IP:2250 - PinAttribute not found: check if there is a RefParameter without a condition.
2025-12-23 19:04:58,029 [WARN] IP:2250 - PinAttribute not found: check if there is a RefParameter without a condition.
2025-12-23 19:04:58,029 [WARN] IP:2250 - PinAttribute not found: check if there is a RefParameter without a condition.
2025-12-23 19:04:58,030 [WARN] IP:2250 - PinAttribute not found: check if there is a RefParameter without a condition.
2025-12-23 19:04:58,030 [WARN] IP:2250 - PinAttribute not found: check if there is a RefParameter without a condition.
2025-12-23 19:04:58,031 [WARN] IP:2250 - PinAttribute not found: check if there is a RefParameter without a condition.
2025-12-23 19:04:58,031 [WARN] IP:2250 - PinAttribute not found: check if there is a RefParameter without a condition.
2025-12-23 19:04:58,031 [WARN] IP:2250 - PinAttribute not found: check if there is a RefParameter without a condition.
2025-12-23 19:04:58,031 [WARN] IP:2250 - PinAttribute not found: check if there is a RefParameter without a condition.
2025-12-23 19:04:58,031 [WARN] IP:2250 - PinAttribute not found: check if there is a RefParameter without a condition.
2025-12-23 19:04:58,031 [WARN] IP:2250 - PinAttribute not found: check if there is a RefParameter without a condition.
2025-12-23 19:04:58,031 [WARN] IP:2250 - PinAttribute not found: check if there is a RefParameter without a condition.
2025-12-23 19:04:58,037 [WARN] IP:2250 - PinAttribute not found: check if there is a RefParameter without a condition.
2025-12-23 19:04:58,037 [WARN] IP:2250 - PinAttribute not found: check if there is a RefParameter without a condition.
2025-12-23 19:04:58,037 [WARN] IP:2250 - PinAttribute not found: check if there is a RefParameter without a condition.
2025-12-23 19:04:58,037 [WARN] IP:2250 - PinAttribute not found: check if there is a RefParameter without a condition.
2025-12-23 19:04:58,037 [WARN] IP:2250 - PinAttribute not found: check if there is a RefParameter without a condition.
2025-12-23 19:04:58,037 [WARN] IP:2250 - PinAttribute not found: check if there is a RefParameter without a condition.
2025-12-23 19:04:58,037 [WARN] IP:2250 - PinAttribute not found: check if there is a RefParameter without a condition.
2025-12-23 19:04:58,038 [WARN] IP:2250 - PinAttribute not found: check if there is a RefParameter without a condition.
2025-12-23 19:04:58,038 [WARN] IP:2250 - PinAttribute not found: check if there is a RefParameter without a condition.
2025-12-23 19:04:58,038 [WARN] IP:2250 - PinAttribute not found: check if there is a RefParameter without a condition.
2025-12-23 19:04:58,038 [WARN] IP:2250 - PinAttribute not found: check if there is a RefParameter without a condition.
2025-12-23 19:04:58,039 [WARN] IP:2250 - PinAttribute not found: check if there is a RefParameter without a condition.
2025-12-23 19:04:58,039 [WARN] IP:2250 - PinAttribute not found: check if there is a RefParameter without a condition.
2025-12-23 19:04:58,039 [WARN] IP:2250 - PinAttribute not found: check if there is a RefParameter without a condition.
2025-12-23 19:04:58,045 [WARN] IP:2250 - PinAttribute not found: check if there is a RefParameter without a condition.
2025-12-23 19:04:58,045 [WARN] IP:2250 - PinAttribute not found: check if there is a RefParameter without a condition.
2025-12-23 19:04:58,045 [WARN] IP:2250 - PinAttribute not found: check if there is a RefParameter without a condition.
2025-12-23 19:04:58,045 [WARN] IP:2250 - PinAttribute not found: check if there is a RefParameter without a condition.
2025-12-23 19:04:58,045 [WARN] IP:2250 - PinAttribute not found: check if there is a RefParameter without a condition.
2025-12-23 19:04:58,046 [WARN] IP:2250 - PinAttribute not found: check if there is a RefParameter without a condition.
2025-12-23 19:04:58,046 [WARN] IP:2250 - PinAttribute not found: check if there is a RefParameter without a condition.
2025-12-23 19:04:58,047 [WARN] IP:2250 - PinAttribute not found: check if there is a RefParameter without a condition.
2025-12-23 19:04:58,047 [WARN] IP:2250 - PinAttribute not found: check if there is a RefParameter without a condition.
2025-12-23 19:04:58,047 [WARN] IP:2250 - PinAttribute not found: check if there is a RefParameter without a condition.
2025-12-23 19:04:58,047 [WARN] IP:2250 - PinAttribute not found: check if there is a RefParameter without a condition.
2025-12-23 19:04:58,047 [WARN] IP:2250 - PinAttribute not found: check if there is a RefParameter without a condition.
2025-12-23 19:04:58,047 [WARN] IP:2250 - PinAttribute not found: check if there is a RefParameter without a condition.
2025-12-23 19:04:58,047 [WARN] IP:2250 - PinAttribute not found: check if there is a RefParameter without a condition.
2025-12-23 19:04:58,053 [WARN] IP:2250 - PinAttribute not found: check if there is a RefParameter without a condition.
2025-12-23 19:04:58,053 [WARN] IP:2250 - PinAttribute not found: check if there is a RefParameter without a condition.
2025-12-23 19:04:58,053 [WARN] IP:2250 - PinAttribute not found: check if there is a RefParameter without a condition.
2025-12-23 19:04:58,053 [WARN] IP:2250 - PinAttribute not found: check if there is a RefParameter without a condition.
2025-12-23 19:04:58,053 [WARN] IP:2250 - PinAttribute not found: check if there is a RefParameter without a condition.
2025-12-23 19:04:58,054 [WARN] IP:2250 - PinAttribute not found: check if there is a RefParameter without a condition.
2025-12-23 19:04:58,054 [WARN] IP:2250 - PinAttribute not found: check if there is a RefParameter without a condition.
2025-12-23 19:04:58,055 [WARN] IP:2250 - PinAttribute not found: check if there is a RefParameter without a condition.
2025-12-23 19:04:58,055 [WARN] IP:2250 - PinAttribute not found: check if there is a RefParameter without a condition.
2025-12-23 19:04:58,055 [WARN] IP:2250 - PinAttribute not found: check if there is a RefParameter without a condition.
2025-12-23 19:04:58,055 [WARN] IP:2250 - PinAttribute not found: check if there is a RefParameter without a condition.
2025-12-23 19:04:58,055 [WARN] IP:2250 - PinAttribute not found: check if there is a RefParameter without a condition.
2025-12-23 19:04:58,055 [WARN] IP:2250 - PinAttribute not found: check if there is a RefParameter without a condition.
2025-12-23 19:04:58,055 [WARN] IP:2250 - PinAttribute not found: check if there is a RefParameter without a condition.
2025-12-23 19:04:58,061 [WARN] IP:2250 - PinAttribute not found: check if there is a RefParameter without a condition.
2025-12-23 19:04:58,061 [WARN] IP:2250 - PinAttribute not found: check if there is a RefParameter without a condition.
2025-12-23 19:04:58,061 [WARN] IP:2250 - PinAttribute not found: check if there is a RefParameter without a condition.
2025-12-23 19:04:58,061 [WARN] IP:2250 - PinAttribute not found: check if there is a RefParameter without a condition.
2025-12-23 19:04:58,061 [WARN] IP:2250 - PinAttribute not found: check if there is a RefParameter without a condition.
2025-12-23 19:04:58,061 [WARN] IP:2250 - PinAttribute not found: check if there is a RefParameter without a condition.
2025-12-23 19:04:58,061 [WARN] IP:2250 - PinAttribute not found: check if there is a RefParameter without a condition.
2025-12-23 19:04:58,062 [WARN] IP:2250 - PinAttribute not found: check if there is a RefParameter without a condition.
2025-12-23 19:04:58,062 [WARN] IP:2250 - PinAttribute not found: check if there is a RefParameter without a condition.
2025-12-23 19:04:58,062 [WARN] IP:2250 - PinAttribute not found: check if there is a RefParameter without a condition.
2025-12-23 19:04:58,063 [WARN] IP:2250 - PinAttribute not found: check if there is a RefParameter without a condition.
2025-12-23 19:04:58,063 [WARN] IP:2250 - PinAttribute not found: check if there is a RefParameter without a condition.
2025-12-23 19:04:58,063 [WARN] IP:2250 - PinAttribute not found: check if there is a RefParameter without a condition.
2025-12-23 19:04:58,063 [WARN] IP:2250 - PinAttribute not found: check if there is a RefParameter without a condition.
2025-12-23 19:04:58,069 [WARN] IP:2250 - PinAttribute not found: check if there is a RefParameter without a condition.
2025-12-23 19:04:58,069 [WARN] IP:2250 - PinAttribute not found: check if there is a RefParameter without a condition.
2025-12-23 19:04:58,069 [WARN] IP:2250 - PinAttribute not found: check if there is a RefParameter without a condition.
2025-12-23 19:04:58,069 [WARN] IP:2250 - PinAttribute not found: check if there is a RefParameter without a condition.
2025-12-23 19:04:58,069 [WARN] IP:2250 - PinAttribute not found: check if there is a RefParameter without a condition.
2025-12-23 19:04:58,069 [WARN] IP:2250 - PinAttribute not found: check if there is a RefParameter without a condition.
2025-12-23 19:04:58,069 [WARN] IP:2250 - PinAttribute not found: check if there is a RefParameter without a condition.
2025-12-23 19:04:58,071 [WARN] IP:2250 - PinAttribute not found: check if there is a RefParameter without a condition.
2025-12-23 19:04:58,071 [WARN] IP:2250 - PinAttribute not found: check if there is a RefParameter without a condition.
2025-12-23 19:04:58,071 [WARN] IP:2250 - PinAttribute not found: check if there is a RefParameter without a condition.
2025-12-23 19:04:58,071 [WARN] IP:2250 - PinAttribute not found: check if there is a RefParameter without a condition.
2025-12-23 19:04:58,071 [WARN] IP:2250 - PinAttribute not found: check if there is a RefParameter without a condition.
2025-12-23 19:04:58,071 [WARN] IP:2250 - PinAttribute not found: check if there is a RefParameter without a condition.
2025-12-23 19:04:58,071 [WARN] IP:2250 - PinAttribute not found: check if there is a RefParameter without a condition.
2025-12-23 19:04:58,073 [WARN] IP:2250 - PinAttribute not found: check if there is a RefParameter without a condition.
2025-12-23 19:04:58,073 [WARN] IP:2250 - PinAttribute not found: check if there is a RefParameter without a condition.
2025-12-23 19:04:58,073 [WARN] IP:2250 - PinAttribute not found: check if there is a RefParameter without a condition.
2025-12-23 19:04:58,073 [WARN] IP:2250 - PinAttribute not found: check if there is a RefParameter without a condition.
2025-12-23 19:04:58,073 [WARN] IP:2250 - PinAttribute not found: check if there is a RefParameter without a condition.
2025-12-23 19:04:58,073 [WARN] IP:2250 - PinAttribute not found: check if there is a RefParameter without a condition.
2025-12-23 19:04:58,073 [WARN] IP:2250 - PinAttribute not found: check if there is a RefParameter without a condition.
2025-12-23 19:04:58,073 [WARN] IP:2250 - PinAttribute not found: check if there is a RefParameter without a condition.
2025-12-23 19:04:58,074 [WARN] IP:2250 - PinAttribute not found: check if there is a RefParameter without a condition.
2025-12-23 19:04:58,074 [WARN] IP:2250 - PinAttribute not found: check if there is a RefParameter without a condition.
2025-12-23 19:04:58,074 [WARN] IP:2250 - PinAttribute not found: check if there is a RefParameter without a condition.
2025-12-23 19:04:58,074 [WARN] IP:2250 - PinAttribute not found: check if there is a RefParameter without a condition.
2025-12-23 19:04:58,074 [WARN] IP:2250 - PinAttribute not found: check if there is a RefParameter without a condition.
2025-12-23 19:04:58,074 [WARN] IP:2250 - PinAttribute not found: check if there is a RefParameter without a condition.
2025-12-23 19:04:58,075 [WARN] IP:2250 - PinAttribute not found: check if there is a RefParameter without a condition.
2025-12-23 19:04:58,075 [WARN] IP:2250 - PinAttribute not found: check if there is a RefParameter without a condition.
2025-12-23 19:04:58,075 [WARN] IP:2250 - PinAttribute not found: check if there is a RefParameter without a condition.
2025-12-23 19:04:58,075 [WARN] IP:2250 - PinAttribute not found: check if there is a RefParameter without a condition.
2025-12-23 19:04:58,076 [WARN] IP:2250 - PinAttribute not found: check if there is a RefParameter without a condition.
2025-12-23 19:04:58,076 [WARN] IP:2250 - PinAttribute not found: check if there is a RefParameter without a condition.
2025-12-23 19:04:58,076 [WARN] IP:2250 - PinAttribute not found: check if there is a RefParameter without a condition.
2025-12-23 19:04:58,082 [WARN] IP:2250 - PinAttribute not found: check if there is a RefParameter without a condition.
2025-12-23 19:04:58,082 [WARN] IP:2250 - PinAttribute not found: check if there is a RefParameter without a condition.
2025-12-23 19:04:58,082 [WARN] IP:2250 - PinAttribute not found: check if there is a RefParameter without a condition.
2025-12-23 19:04:58,082 [WARN] IP:2250 - PinAttribute not found: check if there is a RefParameter without a condition.
2025-12-23 19:04:58,082 [WARN] IP:2250 - PinAttribute not found: check if there is a RefParameter without a condition.
2025-12-23 19:04:58,082 [WARN] IP:2250 - PinAttribute not found: check if there is a RefParameter without a condition.
2025-12-23 19:04:58,083 [WARN] IP:2250 - PinAttribute not found: check if there is a RefParameter without a condition.
2025-12-23 19:04:58,084 [WARN] IP:2250 - PinAttribute not found: check if there is a RefParameter without a condition.
2025-12-23 19:04:58,084 [WARN] IP:2250 - PinAttribute not found: check if there is a RefParameter without a condition.
2025-12-23 19:04:58,084 [WARN] IP:2250 - PinAttribute not found: check if there is a RefParameter without a condition.
2025-12-23 19:04:58,084 [WARN] IP:2250 - PinAttribute not found: check if there is a RefParameter without a condition.
2025-12-23 19:04:58,084 [WARN] IP:2250 - PinAttribute not found: check if there is a RefParameter without a condition.
2025-12-23 19:04:58,084 [WARN] IP:2250 - PinAttribute not found: check if there is a RefParameter without a condition.
2025-12-23 19:04:58,084 [WARN] IP:2250 - PinAttribute not found: check if there is a RefParameter without a condition.
2025-12-23 19:04:58,085 [WARN] IP:2250 - PinAttribute not found: check if there is a RefParameter without a condition.
2025-12-23 19:04:58,086 [WARN] IP:2250 - PinAttribute not found: check if there is a RefParameter without a condition.
2025-12-23 19:04:58,086 [WARN] IP:2250 - PinAttribute not found: check if there is a RefParameter without a condition.
2025-12-23 19:04:58,086 [WARN] IP:2250 - PinAttribute not found: check if there is a RefParameter without a condition.
2025-12-23 19:04:58,086 [WARN] IP:2250 - PinAttribute not found: check if there is a RefParameter without a condition.
2025-12-23 19:04:58,086 [WARN] IP:2250 - PinAttribute not found: check if there is a RefParameter without a condition.
2025-12-23 19:04:58,086 [WARN] IP:2250 - PinAttribute not found: check if there is a RefParameter without a condition.
2025-12-23 19:04:58,087 [WARN] IP:2250 - PinAttribute not found: check if there is a RefParameter without a condition.
2025-12-23 19:04:58,087 [WARN] IP:2250 - PinAttribute not found: check if there is a RefParameter without a condition.
2025-12-23 19:04:58,087 [WARN] IP:2250 - PinAttribute not found: check if there is a RefParameter without a condition.
2025-12-23 19:04:58,087 [WARN] IP:2250 - PinAttribute not found: check if there is a RefParameter without a condition.
2025-12-23 19:04:58,087 [WARN] IP:2250 - PinAttribute not found: check if there is a RefParameter without a condition.
2025-12-23 19:04:58,087 [WARN] IP:2250 - PinAttribute not found: check if there is a RefParameter without a condition.
2025-12-23 19:04:58,087 [WARN] IP:2250 - PinAttribute not found: check if there is a RefParameter without a condition.
2025-12-23 19:04:58,087 [WARN] IP:2250 - PinAttribute not found: check if there is a RefParameter without a condition.
2025-12-23 19:04:58,087 [WARN] IP:2250 - PinAttribute not found: check if there is a RefParameter without a condition.
2025-12-23 19:04:58,088 [WARN] IP:2250 - PinAttribute not found: check if there is a RefParameter without a condition.
2025-12-23 19:04:58,088 [WARN] IP:2250 - PinAttribute not found: check if there is a RefParameter without a condition.
2025-12-23 19:04:58,088 [WARN] IP:2250 - PinAttribute not found: check if there is a RefParameter without a condition.
2025-12-23 19:04:58,088 [WARN] IP:2250 - PinAttribute not found: check if there is a RefParameter without a condition.
2025-12-23 19:04:58,088 [WARN] IP:2250 - PinAttribute not found: check if there is a RefParameter without a condition.
2025-12-23 19:04:58,088 [WARN] IP:2250 - PinAttribute not found: check if there is a RefParameter without a condition.
2025-12-23 19:04:58,088 [WARN] IP:2250 - PinAttribute not found: check if there is a RefParameter without a condition.
2025-12-23 19:04:58,088 [WARN] IP:2250 - PinAttribute not found: check if there is a RefParameter without a condition.
2025-12-23 19:04:58,088 [WARN] IP:2250 - PinAttribute not found: check if there is a RefParameter without a condition.
2025-12-23 19:04:58,089 [WARN] IP:2250 - PinAttribute not found: check if there is a RefParameter without a condition.
2025-12-23 19:04:58,089 [WARN] IP:2250 - PinAttribute not found: check if there is a RefParameter without a condition.
2025-12-23 19:04:58,089 [WARN] IP:2250 - PinAttribute not found: check if there is a RefParameter without a condition.
2025-12-23 19:04:58,089 [WARN] IP:2250 - PinAttribute not found: check if there is a RefParameter without a condition.
2025-12-23 19:04:58,089 [WARN] IP:2250 - PinAttribute not found: check if there is a RefParameter without a condition.
2025-12-23 19:04:58,089 [WARN] IP:2250 - PinAttribute not found: check if there is a RefParameter without a condition.
2025-12-23 19:04:58,089 [WARN] IP:2250 - PinAttribute not found: check if there is a RefParameter without a condition.
2025-12-23 19:04:58,089 [WARN] IP:2250 - PinAttribute not found: check if there is a RefParameter without a condition.
2025-12-23 19:04:58,089 [WARN] IP:2250 - PinAttribute not found: check if there is a RefParameter without a condition.
2025-12-23 19:04:58,089 [WARN] IP:2250 - PinAttribute not found: check if there is a RefParameter without a condition.
2025-12-23 19:04:58,090 [WARN] IP:2250 - PinAttribute not found: check if there is a RefParameter without a condition.
2025-12-23 19:04:58,090 [WARN] IP:2250 - PinAttribute not found: check if there is a RefParameter without a condition.
2025-12-23 19:04:58,090 [WARN] IP:2250 - PinAttribute not found: check if there is a RefParameter without a condition.
2025-12-23 19:04:58,090 [WARN] IP:2250 - PinAttribute not found: check if there is a RefParameter without a condition.
2025-12-23 19:04:58,090 [WARN] IP:2250 - PinAttribute not found: check if there is a RefParameter without a condition.
2025-12-23 19:04:58,090 [WARN] IP:2250 - PinAttribute not found: check if there is a RefParameter without a condition.
2025-12-23 19:04:58,090 [WARN] IP:2250 - PinAttribute not found: check if there is a RefParameter without a condition.
2025-12-23 19:04:58,090 [WARN] IP:2250 - PinAttribute not found: check if there is a RefParameter without a condition.
2025-12-23 19:04:58,090 [WARN] IP:2250 - PinAttribute not found: check if there is a RefParameter without a condition.
2025-12-23 19:04:58,090 [WARN] IP:2250 - PinAttribute not found: check if there is a RefParameter without a condition.
2025-12-23 19:04:58,090 [WARN] IP:2250 - PinAttribute not found: check if there is a RefParameter without a condition.
2025-12-23 19:04:58,090 [WARN] IP:2250 - PinAttribute not found: check if there is a RefParameter without a condition.
2025-12-23 19:04:58,090 [WARN] IP:2250 - PinAttribute not found: check if there is a RefParameter without a condition.
2025-12-23 19:04:58,090 [WARN] IP:2250 - PinAttribute not found: check if there is a RefParameter without a condition.
2025-12-23 19:04:58,091 [WARN] IP:2250 - PinAttribute not found: check if there is a RefParameter without a condition.
2025-12-23 19:04:58,091 [WARN] IP:2250 - PinAttribute not found: check if there is a RefParameter without a condition.
2025-12-23 19:04:58,091 [WARN] IP:2250 - PinAttribute not found: check if there is a RefParameter without a condition.
2025-12-23 19:04:58,091 [WARN] IP:2250 - PinAttribute not found: check if there is a RefParameter without a condition.
2025-12-23 19:04:58,091 [WARN] IP:2250 - PinAttribute not found: check if there is a RefParameter without a condition.
2025-12-23 19:04:58,091 [WARN] IP:2250 - PinAttribute not found: check if there is a RefParameter without a condition.
2025-12-23 19:04:58,091 [WARN] IP:2250 - PinAttribute not found: check if there is a RefParameter without a condition.
2025-12-23 19:04:58,091 [WARN] IP:2250 - PinAttribute not found: check if there is a RefParameter without a condition.
2025-12-23 19:04:58,091 [WARN] IP:2250 - PinAttribute not found: check if there is a RefParameter without a condition.
2025-12-23 19:04:58,091 [WARN] IP:2250 - PinAttribute not found: check if there is a RefParameter without a condition.
2025-12-23 19:04:58,091 [WARN] IP:2250 - PinAttribute not found: check if there is a RefParameter without a condition.
2025-12-23 19:04:58,091 [WARN] IP:2250 - PinAttribute not found: check if there is a RefParameter without a condition.
2025-12-23 19:04:58,091 [WARN] IP:2250 - PinAttribute not found: check if there is a RefParameter without a condition.
2025-12-23 19:04:58,091 [WARN] IP:2250 - PinAttribute not found: check if there is a RefParameter without a condition.
2025-12-23 19:04:58,092 [WARN] IP:2250 - PinAttribute not found: check if there is a RefParameter without a condition.
2025-12-23 19:04:58,092 [WARN] IP:2250 - PinAttribute not found: check if there is a RefParameter without a condition.
2025-12-23 19:04:58,092 [WARN] IP:2250 - PinAttribute not found: check if there is a RefParameter without a condition.
2025-12-23 19:04:58,092 [WARN] IP:2250 - PinAttribute not found: check if there is a RefParameter without a condition.
2025-12-23 19:04:58,092 [WARN] IP:2250 - PinAttribute not found: check if there is a RefParameter without a condition.
2025-12-23 19:04:58,092 [WARN] IP:2250 - PinAttribute not found: check if there is a RefParameter without a condition.
2025-12-23 19:04:58,092 [WARN] IP:2250 - PinAttribute not found: check if there is a RefParameter without a condition.
2025-12-23 19:04:58,092 [WARN] IP:2250 - PinAttribute not found: check if there is a RefParameter without a condition.
2025-12-23 19:04:58,092 [WARN] IP:2250 - PinAttribute not found: check if there is a RefParameter without a condition.
2025-12-23 19:04:58,092 [WARN] IP:2250 - PinAttribute not found: check if there is a RefParameter without a condition.
2025-12-23 19:04:58,092 [WARN] IP:2250 - PinAttribute not found: check if there is a RefParameter without a condition.
2025-12-23 19:04:58,092 [WARN] IP:2250 - PinAttribute not found: check if there is a RefParameter without a condition.
2025-12-23 19:04:58,092 [WARN] IP:2250 - PinAttribute not found: check if there is a RefParameter without a condition.
2025-12-23 19:04:58,092 [WARN] IP:2250 - PinAttribute not found: check if there is a RefParameter without a condition.
2025-12-23 19:04:58,093 [WARN] IP:2250 - PinAttribute not found: check if there is a RefParameter without a condition.
2025-12-23 19:04:58,093 [WARN] IP:2250 - PinAttribute not found: check if there is a RefParameter without a condition.
2025-12-23 19:04:58,093 [WARN] IP:2250 - PinAttribute not found: check if there is a RefParameter without a condition.
2025-12-23 19:04:58,093 [WARN] IP:2250 - PinAttribute not found: check if there is a RefParameter without a condition.
2025-12-23 19:04:58,093 [WARN] IP:2250 - PinAttribute not found: check if there is a RefParameter without a condition.
2025-12-23 19:04:58,093 [WARN] IP:2250 - PinAttribute not found: check if there is a RefParameter without a condition.
2025-12-23 19:04:58,093 [WARN] IP:2250 - PinAttribute not found: check if there is a RefParameter without a condition.
2025-12-23 19:04:58,093 [WARN] IP:2250 - PinAttribute not found: check if there is a RefParameter without a condition.
2025-12-23 19:04:58,093 [WARN] IP:2250 - PinAttribute not found: check if there is a RefParameter without a condition.
2025-12-23 19:04:58,093 [WARN] IP:2250 - PinAttribute not found: check if there is a RefParameter without a condition.
2025-12-23 19:04:58,093 [WARN] IP:2250 - PinAttribute not found: check if there is a RefParameter without a condition.
2025-12-23 19:04:58,093 [WARN] IP:2250 - PinAttribute not found: check if there is a RefParameter without a condition.
2025-12-23 19:04:58,093 [WARN] IP:2250 - PinAttribute not found: check if there is a RefParameter without a condition.
2025-12-23 19:04:58,093 [WARN] IP:2250 - PinAttribute not found: check if there is a RefParameter without a condition.
2025-12-23 19:04:58,093 [WARN] IP:2250 - PinAttribute not found: check if there is a RefParameter without a condition.
2025-12-23 19:04:58,094 [WARN] IP:2250 - PinAttribute not found: check if there is a RefParameter without a condition.
2025-12-23 19:04:58,094 [WARN] IP:2250 - PinAttribute not found: check if there is a RefParameter without a condition.
2025-12-23 19:04:58,094 [WARN] IP:2250 - PinAttribute not found: check if there is a RefParameter without a condition.
2025-12-23 19:04:58,094 [WARN] IP:2250 - PinAttribute not found: check if there is a RefParameter without a condition.
2025-12-23 19:04:58,094 [WARN] IP:2250 - PinAttribute not found: check if there is a RefParameter without a condition.
2025-12-23 19:04:58,094 [WARN] IP:2250 - PinAttribute not found: check if there is a RefParameter without a condition.
2025-12-23 19:04:58,094 [WARN] IP:2250 - PinAttribute not found: check if there is a RefParameter without a condition.
2025-12-23 19:04:58,094 [WARN] IP:2250 - PinAttribute not found: check if there is a RefParameter without a condition.
2025-12-23 19:04:58,094 [WARN] IP:2250 - PinAttribute not found: check if there is a RefParameter without a condition.
2025-12-23 19:04:58,094 [WARN] IP:2250 - PinAttribute not found: check if there is a RefParameter without a condition.
2025-12-23 19:04:58,094 [WARN] IP:2250 - PinAttribute not found: check if there is a RefParameter without a condition.
2025-12-23 19:04:58,094 [WARN] IP:2250 - PinAttribute not found: check if there is a RefParameter without a condition.
2025-12-23 19:04:58,094 [WARN] IP:2250 - PinAttribute not found: check if there is a RefParameter without a condition.
2025-12-23 19:04:58,095 [WARN] IP:2250 - PinAttribute not found: check if there is a RefParameter without a condition.
2025-12-23 19:04:58,095 [WARN] IP:2250 - PinAttribute not found: check if there is a RefParameter without a condition.
2025-12-23 19:04:58,095 [WARN] IP:2250 - PinAttribute not found: check if there is a RefParameter without a condition.
2025-12-23 19:04:58,095 [WARN] IP:2250 - PinAttribute not found: check if there is a RefParameter without a condition.
2025-12-23 19:04:58,095 [WARN] IP:2250 - PinAttribute not found: check if there is a RefParameter without a condition.
2025-12-23 19:04:58,095 [WARN] IP:2250 - PinAttribute not found: check if there is a RefParameter without a condition.
2025-12-23 19:04:58,095 [WARN] IP:2250 - PinAttribute not found: check if there is a RefParameter without a condition.
2025-12-23 19:04:59,426 [WARN] IP:2250 - rccPrivilegeSecure not found: check if there is a RefParameter without a condition.
2025-12-23 19:04:59,426 [WARN] IP:2250 - rccSecurity not found: check if there is a RefParameter without a condition.
