2025-12-21 17:02:14,803 [INFO] Activator:176 - 


2025-12-21 17:02:14,805 [INFO] Activator:177 - !SESSION log4j initialized
2025-12-21 17:02:17,387 [INFO] LogOutputStream:77 - [STDOUT_REDIRECT] 
2025-12-21 17:02:17,795 [INFO] ApplicationProperties:184 - Using Application install path: /opt/st/stm32cubeide_1.19.0/plugins/com.st.stm32cube.common.mx_6.15.0.202507011659
2025-12-21 17:02:17,807 [INFO] DbMcusXml:78 - Set database path to: /opt/st/stm32cubeide_1.19.0/plugins/com.st.stm32cube.common.mx_6.15.0.202507011659//db//mcu/
2025-12-21 17:02:17,807 [INFO] ApiDb:274 - Set plugin database path to: /opt/st/stm32cubeide_1.19.0/plugins/com.st.stm32cube.common.mx_6.15.0.202507011659//db//plugins/boardmanager/
2025-12-21 17:02:17,807 [WARN] ApiDb:259 - Overriding images path with different value:  => /opt/st/stm32cubeide_1.19.0/plugins/com.st.stm32cube.common.mx_6.15.0.202507011659//db//plugins/mcufinder/images/
2025-12-21 17:02:17,811 [INFO] ApiDb:250 - Set database path to: /home/lucasnascimento/.stmcufinder/plugins/mcufinder//mcu/
2025-12-21 17:02:17,812 [INFO] DbMcusAds:125 - Set database path to: /home/lucasnascimento/.stmcufinder/plugins/mcufinder//mcu/
2025-12-21 17:02:17,813 [INFO] CrossReferenceDbSqlite:203 - Set database path to: /home/lucasnascimento/.stmcufinder/plugins/mcufinder//mcu/cs/
2025-12-21 17:02:17,869 [INFO] RulesReader:64 - Compatibility file has been processed (317 Rules)
2025-12-21 17:02:17,911 [INFO] DbMcusXml:78 - Set database path to: /opt/st/stm32cubeide_1.19.0/plugins/com.st.stm32cube.common.mx_6.15.0.202507011659//db//mcu/
2025-12-21 17:02:17,911 [INFO] ApiDb:274 - Set plugin database path to: /opt/st/stm32cubeide_1.19.0/plugins/com.st.stm32cube.common.mx_6.15.0.202507011659//db//plugins/boardmanager/
2025-12-21 17:02:17,911 [INFO] ApiDb:261 - Set plugin images path to: /opt/st/stm32cubeide_1.19.0/plugins/com.st.stm32cube.common.mx_6.15.0.202507011659//db//plugins/mcufinder/images/
2025-12-21 17:02:17,911 [WARN] DbFile:41 - Overriding database path with different value: /home/lucasnascimento/.stmcufinder/plugins/mcufinder/ => /home/lucasnascimento/.stmcufinder/plugins/mcufinder
2025-12-21 17:02:17,912 [INFO] ApiDb:250 - Set database path to: /home/lucasnascimento/.stmcufinder/plugins/mcufinder//mcu/
2025-12-21 17:02:17,912 [WARN] DbFile:41 - Overriding database path with different value: /home/lucasnascimento/.stmcufinder/plugins/mcufinder/ => /home/lucasnascimento/.stmcufinder/plugins/mcufinder
2025-12-21 17:02:17,912 [INFO] DbMcusAds:125 - Set database path to: /home/lucasnascimento/.stmcufinder/plugins/mcufinder//mcu/
2025-12-21 17:02:17,912 [WARN] DbFile:41 - Overriding database path with different value: /home/lucasnascimento/.stmcufinder/plugins/mcufinder/ => /home/lucasnascimento/.stmcufinder/plugins/mcufinder
2025-12-21 17:02:17,912 [WARN] DbFile:41 - Overriding database path with different value: /home/lucasnascimento/.stmcufinder/plugins/mcufinder/ => /home/lucasnascimento/.stmcufinder/plugins/mcufinder
2025-12-21 17:02:17,912 [INFO] CrossReferenceDbSqlite:203 - Set database path to: /home/lucasnascimento/.stmcufinder/plugins/mcufinder//mcu/cs/
2025-12-21 17:02:17,949 [INFO] MainPanel:274 - HeapMemory: 298844160
2025-12-21 17:02:18,036 [INFO] DbMcusXml:78 - Set database path to: /opt/st/stm32cubeide_1.19.0/plugins/com.st.stm32cube.common.mx_6.15.0.202507011659//db//mcu/
2025-12-21 17:02:18,036 [INFO] ApiDb:274 - Set plugin database path to: /opt/st/stm32cubeide_1.19.0/plugins/com.st.stm32cube.common.mx_6.15.0.202507011659//db//plugins/boardmanager/
2025-12-21 17:02:18,036 [INFO] ApiDb:261 - Set plugin images path to: /opt/st/stm32cubeide_1.19.0/plugins/com.st.stm32cube.common.mx_6.15.0.202507011659//db//plugins/mcufinder/images/
2025-12-21 17:02:18,037 [WARN] DbFile:41 - Overriding database path with different value: /home/lucasnascimento/.stmcufinder/plugins/mcufinder/ => /home/lucasnascimento/.stmcufinder/plugins/mcufinder
2025-12-21 17:02:18,037 [INFO] ApiDb:250 - Set database path to: /home/lucasnascimento/.stmcufinder/plugins/mcufinder//mcu/
2025-12-21 17:02:18,037 [WARN] DbFile:41 - Overriding database path with different value: /home/lucasnascimento/.stmcufinder/plugins/mcufinder/ => /home/lucasnascimento/.stmcufinder/plugins/mcufinder
2025-12-21 17:02:18,037 [INFO] DbMcusAds:125 - Set database path to: /home/lucasnascimento/.stmcufinder/plugins/mcufinder//mcu/
2025-12-21 17:02:18,037 [WARN] DbFile:41 - Overriding database path with different value: /home/lucasnascimento/.stmcufinder/plugins/mcufinder/ => /home/lucasnascimento/.stmcufinder/plugins/mcufinder
2025-12-21 17:02:18,037 [WARN] DbFile:41 - Overriding database path with different value: /home/lucasnascimento/.stmcufinder/plugins/mcufinder/ => /home/lucasnascimento/.stmcufinder/plugins/mcufinder
2025-12-21 17:02:18,037 [INFO] CrossReferenceDbSqlite:203 - Set database path to: /home/lucasnascimento/.stmcufinder/plugins/mcufinder//mcu/cs/
2025-12-21 17:02:18,046 [INFO] ApplicationProperties:184 - Using Application install path: /opt/st/stm32cubeide_1.19.0/plugins/com.st.stm32cube.common.mx_6.15.0.202507011659
2025-12-21 17:02:18,047 [INFO] PluginManage:196 - Search for loadable plugins [exclusion list=, ]
2025-12-21 17:02:18,048 [INFO] PluginManage:310 - Check plugin analytics
2025-12-21 17:02:18,119 [INFO] AnalyticsPlugin:253 - Accepted Software Licenses: 
2025-12-21 17:02:18,119 [INFO] AnalyticsPlugin:255 - Accepted CMSIS Pack Licenses: STMicroelectronics.X-CUBE-FREERTOS.1.3.1,EmbeddedOffice.I-CUBE-FS-RTOS.1.0.1
2025-12-21 17:02:18,119 [INFO] AnalyticsPlugin:257 - Accepted Firmware Licenses: FW.H5.1.5.0
2025-12-21 17:02:18,121 [INFO] PluginManage:359 - Loaded plugin analytics (category:tool,tabindex:-1)
2025-12-21 17:02:18,121 [INFO] PluginManage:310 - Check plugin cadmodel
2025-12-21 17:02:18,124 [INFO] CADModel:105 - Init CAD model plugin
2025-12-21 17:02:18,124 [INFO] PluginManage:359 - Loaded plugin cadmodel (category:power,tabindex:5)
2025-12-21 17:02:18,124 [INFO] PluginManage:310 - Check plugin clock
2025-12-21 17:02:18,129 [INFO] PluginManage:359 - Loaded plugin clock (category:base,tabindex:2)
2025-12-21 17:02:18,129 [INFO] PluginManage:310 - Check plugin ddr
2025-12-21 17:02:18,130 [INFO] PluginManage:359 - Loaded plugin ddr (category:tool,tabindex:6)
2025-12-21 17:02:18,130 [INFO] PluginManage:310 - Check plugin filemanager
2025-12-21 17:02:18,212 [INFO] PluginManage:359 - Loaded plugin filemanager (category:base,tabindex:10)
2025-12-21 17:02:18,212 [INFO] PluginManage:310 - Check plugin ipmanager
2025-12-21 17:02:18,215 [INFO] PluginManage:359 - Loaded plugin ipmanager (category:base,tabindex:5)
2025-12-21 17:02:18,216 [INFO] PluginManage:310 - Check plugin lpbam
2025-12-21 17:02:18,223 [INFO] PluginManage:359 - Loaded plugin lpbam (category:base,tabindex:0)
2025-12-21 17:02:18,223 [INFO] PluginManage:310 - Check plugin memorymap
2025-12-21 17:02:18,230 [INFO] PluginManage:359 - Loaded plugin memorymap (category:base,tabindex:4)
2025-12-21 17:02:18,230 [INFO] PluginManage:310 - Check plugin pinoutandconfiguration
2025-12-21 17:02:18,238 [INFO] PluginManage:359 - Loaded plugin pinoutandconfiguration (category:base,tabindex:1)
2025-12-21 17:02:18,239 [INFO] PluginManage:310 - Check plugin pinoutconfig
2025-12-21 17:02:18,291 [WARN] SupportedApi:132 - Cannot load RTOS API schema: s4s-elt-must-match.1: The content of 'definitions' must match (annotation?, (simpleType | complexType)?, (unique | key | keyref)*)). A problem was found starting at: attribute.
2025-12-21 17:02:18,354 [INFO] PluginManage:359 - Loaded plugin pinoutconfig (category:base,tabindex:0)
2025-12-21 17:02:18,354 [INFO] PluginManage:310 - Check plugin power
2025-12-21 17:02:18,361 [INFO] PluginManage:359 - Loaded plugin power (category:power,tabindex:4)
2025-12-21 17:02:18,362 [INFO] PluginManage:310 - Check plugin projectmanager
2025-12-21 17:02:18,373 [INFO] PluginManage:359 - Loaded plugin projectmanager (category:projectmanager,tabindex:4)
2025-12-21 17:02:18,373 [INFO] PluginManage:310 - Check plugin rif
2025-12-21 17:02:18,391 [INFO] PluginManage:359 - Loaded plugin rif (category:base,tabindex:3)
2025-12-21 17:02:18,391 [INFO] PluginManage:310 - Check plugin thirdparty
2025-12-21 17:02:18,467 [INFO] PluginManage:359 - Loaded plugin thirdparty (category:base,tabindex:-1)
2025-12-21 17:02:18,467 [WARN] IntegrityCheckThread:84 - waiting for thirdparty lock release [integrity check]
2025-12-21 17:02:18,468 [INFO] PluginManage:310 - Check plugin tools
2025-12-21 17:02:18,468 [INFO] IntegrityCheckThread:86 - entering critical section [integrity check]
2025-12-21 17:02:18,468 [INFO] ThirdPartyUpdaterWithRetryManager:70 - Updater plugin not ready yet. [1/15]
2025-12-21 17:02:18,469 [INFO] PluginManage:359 - Loaded plugin tools (category:base,tabindex:7)
2025-12-21 17:02:18,469 [INFO] PluginManage:310 - Check plugin tutovideos
2025-12-21 17:02:18,577 [INFO] PluginManage:359 - Loaded plugin tutovideos (category:base,tabindex:-1)
2025-12-21 17:02:18,578 [INFO] PluginManage:310 - Check plugin updater
2025-12-21 17:02:18,592 [INFO] PluginManage:359 - Loaded plugin updater (category:base,tabindex:12)
2025-12-21 17:02:18,592 [INFO] PluginManage:310 - Check plugin userauth
2025-12-21 17:02:18,595 [INFO] UserAuth:118 - Init User Auth plugin
2025-12-21 17:02:18,595 [INFO] PluginManage:359 - Loaded plugin userauth (category:base,tabindex:14)
2025-12-21 17:02:18,595 [INFO] PluginManage:283 - PluginManage : Loaded plugins [18]
2025-12-21 17:02:18,702 [INFO] PinOutPanel:1589 - setPackage(No Configuration,No Configuration)
2025-12-21 17:02:18,741 [INFO] CADModel:165 - CPN selected for project level
2025-12-21 17:02:18,741 [INFO] CADModel:114 - Register for checkConnection events
2025-12-21 17:02:18,749 [INFO] IPUIPlugin:80 - create IPUIPlugin
2025-12-21 17:02:18,749 [INFO] PluginManager:220 - loadIPPluginJar : add i3c
2025-12-21 17:02:18,755 [INFO] IPUIPlugin:80 - create IPUIPlugin
2025-12-21 17:02:18,755 [INFO] PluginManager:220 - loadIPPluginJar : add stm32_wpan
2025-12-21 17:02:18,757 [INFO] IPUIPlugin:80 - create IPUIPlugin
2025-12-21 17:02:18,757 [INFO] PluginManager:220 - loadIPPluginJar : add ipddr
2025-12-21 17:02:18,758 [INFO] IPUIPlugin:80 - create IPUIPlugin
2025-12-21 17:02:18,758 [INFO] PluginManager:220 - loadIPPluginJar : add quadspi
2025-12-21 17:02:18,759 [INFO] IPUIPlugin:80 - create IPUIPlugin
2025-12-21 17:02:18,759 [INFO] PluginManager:220 - loadIPPluginJar : add hash
2025-12-21 17:02:18,760 [INFO] IPUIPlugin:80 - create IPUIPlugin
2025-12-21 17:02:18,760 [INFO] PluginManager:220 - loadIPPluginJar : add openamp
2025-12-21 17:02:18,762 [INFO] IPUIPlugin:80 - create IPUIPlugin
2025-12-21 17:02:18,762 [INFO] PluginManager:220 - loadIPPluginJar : add fmc
2025-12-21 17:02:18,763 [INFO] IPUIPlugin:80 - create IPUIPlugin
2025-12-21 17:02:18,763 [INFO] PluginManager:220 - loadIPPluginJar : add aes
2025-12-21 17:02:18,764 [INFO] IPUIPlugin:80 - create IPUIPlugin
2025-12-21 17:02:18,764 [INFO] PluginManager:220 - loadIPPluginJar : add ucpd
2025-12-21 17:02:18,765 [INFO] IPUIPlugin:80 - create IPUIPlugin
2025-12-21 17:02:18,765 [INFO] PluginManager:220 - loadIPPluginJar : add gfxmmu
2025-12-21 17:02:18,765 [INFO] IPUIPlugin:80 - create IPUIPlugin
2025-12-21 17:02:18,766 [INFO] PluginManager:220 - loadIPPluginJar : add tim
2025-12-21 17:02:18,767 [INFO] IPUIPlugin:80 - create IPUIPlugin
2025-12-21 17:02:18,767 [INFO] PluginManager:220 - loadIPPluginJar : add dfsdm
2025-12-21 17:02:18,768 [INFO] IPUIPlugin:80 - create IPUIPlugin
2025-12-21 17:02:18,768 [INFO] PluginManager:220 - loadIPPluginJar : add sai
2025-12-21 17:02:18,769 [INFO] IPUIPlugin:80 - create IPUIPlugin
2025-12-21 17:02:18,769 [INFO] PluginManager:220 - loadIPPluginJar : add radio
2025-12-21 17:02:18,770 [INFO] IPUIPlugin:80 - create IPUIPlugin
2025-12-21 17:02:18,770 [INFO] PluginManager:220 - loadIPPluginJar : add can
2025-12-21 17:02:18,773 [INFO] IPUIPlugin:80 - create IPUIPlugin
2025-12-21 17:02:18,773 [INFO] PluginManager:220 - loadIPPluginJar : add gpio
2025-12-21 17:02:18,775 [INFO] IPUIPlugin:80 - create IPUIPlugin
2025-12-21 17:02:18,775 [INFO] PluginManager:220 - loadIPPluginJar : add extmemmanager
2025-12-21 17:02:18,779 [INFO] IPUIPlugin:80 - create IPUIPlugin
2025-12-21 17:02:18,779 [INFO] PluginManager:220 - loadIPPluginJar : add linkedlist
2025-12-21 17:02:18,782 [INFO] IPUIPlugin:80 - create IPUIPlugin
2025-12-21 17:02:18,784 [INFO] PluginManager:220 - loadIPPluginJar : add plateformsettings
2025-12-21 17:02:18,787 [INFO] IPUIPlugin:80 - create IPUIPlugin
2025-12-21 17:02:18,788 [INFO] PluginManager:220 - loadIPPluginJar : add adc
2025-12-21 17:02:18,789 [INFO] IPUIPlugin:80 - create IPUIPlugin
2025-12-21 17:02:18,789 [INFO] PluginManager:220 - loadIPPluginJar : add spi
2025-12-21 17:02:18,792 [INFO] IPUIPlugin:80 - create IPUIPlugin
2025-12-21 17:02:18,792 [INFO] PluginManager:220 - loadIPPluginJar : add gic
2025-12-21 17:02:18,794 [INFO] IPUIPlugin:80 - create IPUIPlugin
2025-12-21 17:02:18,795 [INFO] PluginManager:220 - loadIPPluginJar : add nvic
2025-12-21 17:02:18,798 [INFO] IPUIPlugin:80 - create IPUIPlugin
2025-12-21 17:02:18,798 [INFO] PluginManager:220 - loadIPPluginJar : add dma
2025-12-21 17:02:18,800 [INFO] IPUIPlugin:80 - create IPUIPlugin
2025-12-21 17:02:18,800 [INFO] PluginManager:220 - loadIPPluginJar : add ddr_ctrl_phy
2025-12-21 17:02:18,800 [INFO] IPUIPlugin:80 - create IPUIPlugin
2025-12-21 17:02:18,801 [INFO] PluginManager:220 - loadIPPluginJar : add tracer_emb
2025-12-21 17:02:18,801 [INFO] IPUIPlugin:80 - create IPUIPlugin
2025-12-21 17:02:18,801 [INFO] PluginManager:220 - loadIPPluginJar : add lorawan
2025-12-21 17:02:18,803 [INFO] IPUIPlugin:80 - create IPUIPlugin
2025-12-21 17:02:18,803 [INFO] PluginManager:220 - loadIPPluginJar : add usbx
2025-12-21 17:02:18,803 [INFO] IPUIPlugin:80 - create IPUIPlugin
2025-12-21 17:02:18,804 [INFO] PluginManager:220 - loadIPPluginJar : add ltdc
2025-12-21 17:02:18,805 [INFO] IPUIPlugin:80 - create IPUIPlugin
2025-12-21 17:02:18,805 [INFO] PluginManager:220 - loadIPPluginJar : add pdm2pcm
2025-12-21 17:02:18,806 [INFO] IPUIPlugin:80 - create IPUIPlugin
2025-12-21 17:02:18,806 [INFO] PluginManager:220 - loadIPPluginJar : add cryp
2025-12-21 17:02:18,807 [INFO] IPUIPlugin:80 - create IPUIPlugin
2025-12-21 17:02:18,807 [INFO] PluginManager:220 - loadIPPluginJar : add ts
2025-12-21 17:02:18,807 [INFO] IPUIPlugin:80 - create IPUIPlugin
2025-12-21 17:02:18,807 [INFO] PluginManager:220 - loadIPPluginJar : add fatfs
2025-12-21 17:02:18,809 [INFO] IPUIPlugin:80 - create IPUIPlugin
2025-12-21 17:02:18,809 [INFO] PluginManager:220 - loadIPPluginJar : add opamp
2025-12-21 17:02:18,809 [INFO] IPUIPlugin:80 - create IPUIPlugin
2025-12-21 17:02:18,809 [INFO] PluginManager:220 - loadIPPluginJar : add comp
2025-12-21 17:02:18,811 [INFO] IPUIPlugin:80 - create IPUIPlugin
2025-12-21 17:02:18,811 [INFO] PluginManager:220 - loadIPPluginJar : add resmgrutility
2025-12-21 17:02:18,812 [INFO] IPUIPlugin:80 - create IPUIPlugin
2025-12-21 17:02:18,813 [INFO] PluginManager:220 - loadIPPluginJar : add gtzc
2025-12-21 17:02:18,815 [INFO] IPUIPlugin:80 - create IPUIPlugin
2025-12-21 17:02:18,816 [INFO] PluginManager:220 - loadIPPluginJar : add mdma
2025-12-21 17:02:18,816 [INFO] IPUIPlugin:80 - create IPUIPlugin
2025-12-21 17:02:18,816 [INFO] PluginManager:220 - loadIPPluginJar : add genericplugin
2025-12-21 17:02:18,817 [INFO] IPUIPlugin:80 - create IPUIPlugin
2025-12-21 17:02:18,817 [INFO] PluginManager:220 - loadIPPluginJar : add tsc
2025-12-21 17:02:18,818 [INFO] IPUIPlugin:80 - create IPUIPlugin
2025-12-21 17:02:18,818 [INFO] PluginManager:220 - loadIPPluginJar : add i2c
2025-12-21 17:02:18,819 [INFO] IPUIPlugin:80 - create IPUIPlugin
2025-12-21 17:02:18,819 [INFO] PluginManager:220 - loadIPPluginJar : add touchsensing
2025-12-21 17:02:18,823 [INFO] IPUIPlugin:80 - create IPUIPlugin
2025-12-21 17:02:18,823 [INFO] PluginManager:220 - loadIPPluginJar : add freertos
2025-12-21 17:02:18,824 [INFO] IPUIPlugin:80 - create IPUIPlugin
2025-12-21 17:02:18,824 [INFO] PluginManager:220 - loadIPPluginJar : add dma3
2025-12-21 17:02:18,825 [INFO] IPUIPlugin:80 - create IPUIPlugin
2025-12-21 17:02:18,825 [INFO] PluginManager:220 - loadIPPluginJar : add usart
2025-12-21 17:02:18,827 [INFO] IPUIPlugin:80 - create IPUIPlugin
2025-12-21 17:02:18,827 [INFO] PluginManager:220 - loadIPPluginJar : add i2s
2025-12-21 17:02:18,913 [FATAL] Updater:351 - Updater called before beeing initialized
2025-12-21 17:02:18,927 [INFO] RulesReader:64 - Compatibility file has been processed (317 Rules)
2025-12-21 17:02:18,931 [INFO] RulesReader:64 - Compatibility file has been processed (317 Rules)
2025-12-21 17:02:18,934 [INFO] CADModel:165 - CPN selected for project level
2025-12-21 17:02:18,934 [INFO] CADModel:114 - Register for checkConnection events
2025-12-21 17:02:18,934 [FATAL] Updater:351 - Updater called before beeing initialized
2025-12-21 17:02:18,934 [ERROR] CADModel:125 - Updater not yet initialized, retry later 
2025-12-21 17:02:19,017 [FATAL] Updater:351 - Updater called before beeing initialized
2025-12-21 17:02:19,018 [INFO] CADModel:165 - CPN selected for project level
2025-12-21 17:02:19,018 [INFO] CADModel:114 - Register for checkConnection events
2025-12-21 17:02:19,018 [FATAL] Updater:351 - Updater called before beeing initialized
2025-12-21 17:02:19,018 [ERROR] CADModel:125 - Updater not yet initialized, retry later 
2025-12-21 17:02:19,019 [FATAL] Updater:351 - Updater called before beeing initialized
2025-12-21 17:02:19,056 [FATAL] Updater:351 - Updater called before beeing initialized
2025-12-21 17:02:19,059 [INFO] DbMcusAds:53 - JSON generation date=Fri Dec 05 04:13:14 EST 2025 (1764925994495)
2025-12-21 17:02:19,060 [FATAL] Updater:351 - Updater called before beeing initialized
2025-12-21 17:02:19,078 [WARN] DetailPanel:346 - Failed to get advertising image, set to default
2025-12-21 17:02:19,111 [FATAL] Updater:351 - Updater called before beeing initialized
2025-12-21 17:02:19,113 [FATAL] Updater:351 - Updater called before beeing initialized
2025-12-21 17:02:19,113 [FATAL] Updater:351 - Updater called before beeing initialized
2025-12-21 17:02:19,113 [WARN] DetailPanel:346 - Failed to get advertising image, set to default
2025-12-21 17:02:19,114 [FATAL] Updater:351 - Updater called before beeing initialized
2025-12-21 17:02:19,129 [ERROR] Updater:1198 - MainUpdater not yet initialized. External WinMGr cannot be set.
2025-12-21 17:02:19,129 [INFO] Updater:1134 - Updater Version found : 6.15.0
2025-12-21 17:02:19,149 [INFO] ApplicationProperties:184 - Using Application install path: /opt/st/stm32cubeide_1.19.0/plugins/com.st.stm32cube.common.mx_6.15.0.202507011659
2025-12-21 17:02:19,303 [INFO] MainUpdater:2872 - connection check result : 10
2025-12-21 17:02:19,304 [INFO] MainUpdater:3604 - Updater definition file requires update
2025-12-21 17:02:19,304 [INFO] MainUpdater:289 - Updater Check For Update Now.
2025-12-21 17:02:19,305 [INFO] MicroXplorer:498 - Change Database Version : DB.6.0.150
2025-12-21 17:02:19,308 [INFO] McuFinderGlobals:63 - Set McuFinder mode to 2 (CubeIDE integrated)
2025-12-21 17:02:19,308 [INFO] UserAuth:487 - Internet connection configuration mode: 1
2025-12-21 17:02:19,317 [INFO] ServerAccessManage:452 - Complete download http(s) 200
2025-12-21 17:02:19,318 [INFO] ServerAccessManage:509 - Download File updaters.zip
2025-12-21 17:02:19,324 [INFO] JxBrowserEngine:152 - Initiate JxBrowser Engine with user profile folder
2025-12-21 17:02:19,402 [INFO] FileExtend:248 - Unzip File : updaters.zip
2025-12-21 17:02:19,402 [INFO] FileExtend:263 - Standard Zip Deflate
2025-12-21 17:02:19,515 [INFO] ServerAccessManage:452 - Complete download http(s) 200
2025-12-21 17:02:19,516 [INFO] ServerAccessManage:509 - Download File PacksControlFlags.xml
2025-12-21 17:02:19,542 [INFO] ServerAccessManage:452 - Complete download http(s) 200
2025-12-21 17:02:19,542 [INFO] ServerAccessManage:509 - Download File cubemx.pidx
2025-12-21 17:02:19,584 [INFO] LoadServerUpdatesThread:375 - End of LoadServerUpdate Thread
2025-12-21 17:02:19,718 [INFO] CheckServerUpdateThread:120 - End of CheckServer Thread
2025-12-21 17:02:20,040 [INFO] WebApp:169 - Instantiating new browser for Auth
2025-12-21 17:02:20,504 [INFO] WebApp:463 - Apply proxy settings
2025-12-21 17:02:20,504 [INFO] WebApp:548 - Chromium requires no authentication
2025-12-21 17:02:20,509 [INFO] WebApp:491 - Direct internet connection detected
2025-12-21 17:02:20,520 [INFO] WebApp:900 - Register for checkConnection events
2025-12-21 17:02:20,520 [INFO] WebApp:463 - Apply proxy settings
2025-12-21 17:02:20,520 [INFO] WebApp:548 - Chromium requires no authentication
2025-12-21 17:02:20,521 [INFO] WebApp:491 - Direct internet connection detected
2025-12-21 17:02:20,591 [INFO] WebApp:225 - Starting web application
2025-12-21 17:02:20,591 [INFO] WebApp:593 - Web application path used /opt/st/stm32cubeide_1.19.0/plugins/com.st.stm32cube.common.mx_6.15.0.202507011659/db/plugins/mcufinder/reactClient1/index.html
2025-12-21 17:02:20,666 [INFO] UserAuth:487 - Internet connection configuration mode: 1
2025-12-21 17:02:20,723 [INFO] WebApp:191 - Connection restablished
2025-12-21 17:02:21,547 [WARN] PackLoader:240 - Cannot read IP mode file for STMicroelectronics.FP-SNS-MOTENVWB1.1.4.0
2025-12-21 17:02:21,552 [WARN] PackLoader:240 - Cannot read IP mode file for STMicroelectronics.FP-ATR-ASTRA1.2.0.2
2025-12-21 17:02:21,555 [WARN] PackLoader:240 - Cannot read IP mode file for STMicroelectronics.X-CUBE-SMBUS.2.1.0
2025-12-21 17:02:21,565 [WARN] PackLoader:240 - Cannot read IP mode file for STMicroelectronics.X-CUBE-AZRTOS-F7.1.1.0
2025-12-21 17:02:21,570 [WARN] PackLoader:240 - Cannot read IP mode file for Cesanta.I-CUBE-Mongoose.7.19.0
2025-12-21 17:02:21,572 [WARN] PackLoader:240 - Cannot read IP mode file for STMicroelectronics.FP-SNS-MOTENV1.5.1.0
2025-12-21 17:02:21,575 [WARN] PackLoader:240 - Cannot read IP mode file for WES.I-CUBE-Cesium.1.4.0
2025-12-21 17:02:21,585 [WARN] PackLoader:240 - Cannot read IP mode file for Infineon.AIROC-Wi-Fi-Bluetooth-STM32.1.7.1
2025-12-21 17:02:21,602 [WARN] PackLoader:240 - Cannot read IP mode file for STMicroelectronics.X-CUBE-AZRTOS-H7.3.4.0
2025-12-21 17:02:21,610 [WARN] PackLoader:240 - Cannot read IP mode file for STMicroelectronics.X-CUBE-DISPLAY.3.0.0
2025-12-21 17:02:21,616 [WARN] PackLoader:240 - Cannot read IP mode file for STMicroelectronics.X-CUBE-NFC10.1.0.0
2025-12-21 17:02:21,620 [WARN] PackLoader:240 - Cannot read IP mode file for STMicroelectronics.X-CUBE-ST60.1.1.0
2025-12-21 17:02:21,624 [WARN] PackLoader:240 - Cannot read IP mode file for emotas.I-CUBE-CANOPEN.1.3.0
2025-12-21 17:02:21,626 [WARN] PackLoader:240 - Cannot read IP mode file for STMicroelectronics.X-CUBE-GNSS1.7.1.0
2025-12-21 17:02:21,629 [WARN] PackLoader:240 - Cannot read IP mode file for STMicroelectronics.FP-SNS-STBOX1.2.1.0
2025-12-21 17:02:21,632 [WARN] PackLoader:240 - Cannot read IP mode file for STMicroelectronics.FP-SNS-SMARTAG2.1.2.0
2025-12-21 17:02:21,634 [WARN] PackLoader:240 - Cannot read IP mode file for STMicroelectronics.FP-SNS-FLIGHT1.5.1.0
2025-12-21 17:02:21,639 [INFO] LogOutputStream:77 - [STDOUT_REDIRECT] 1 : Invalid condition id : UX_CORESTACK_Condition cause : null
2025-12-21 17:02:21,641 [INFO] LogOutputStream:77 - [STDOUT_REDIRECT] 1 : Invalid condition id : UX_CORESTACK_Condition cause : null
2025-12-21 17:02:21,641 [INFO] LogOutputStream:77 - [STDOUT_REDIRECT] 1 : Invalid condition id : UX_CORESTACK_Condition cause : null
2025-12-21 17:02:21,641 [INFO] LogOutputStream:77 - [STDOUT_REDIRECT] 1 : Invalid condition id : UX_CORESTACK_Condition cause : null
2025-12-21 17:02:21,642 [INFO] LogOutputStream:77 - [STDOUT_REDIRECT] 1 : Invalid condition id : UX_CORESTACK_Condition cause : null
2025-12-21 17:02:21,643 [WARN] PackLoader:240 - Cannot read IP mode file for STMicroelectronics.X-CUBE-AZRTOS-WL.2.0.0
2025-12-21 17:02:21,657 [WARN] PackLoader:240 - Cannot read IP mode file for STMicroelectronics.X-CUBE-AZRTOS-H7RS.1.2.0
2025-12-21 17:02:21,662 [WARN] PackLoader:240 - Cannot read IP mode file for STMicroelectronics.X-CUBE-BLE2.3.3.0
2025-12-21 17:02:21,672 [WARN] PackLoader:240 - Cannot read IP mode file for STMicroelectronics.X-CUBE-NFC9.1.0.0
2025-12-21 17:02:21,674 [WARN] PackLoader:240 - Cannot read IP mode file for wolfSSL.I-CUBE-wolfSSL.5.8.2
2025-12-21 17:02:21,675 [WARN] PackLoader:240 - Cannot read IP mode file for STMicroelectronics.X-CUBE-BLE1.7.1.0
2025-12-21 17:02:21,676 [WARN] PackLoader:240 - Cannot read IP mode file for wolfSSL.I-CUBE-wolfMQTT.1.19.2
2025-12-21 17:02:21,679 [WARN] PackLoader:240 - Cannot read IP mode file for STMicroelectronics.X-CUBE-FREERTOS.1.4.0
2025-12-21 17:02:21,681 [WARN] PackLoader:240 - Cannot read IP mode file for STMicroelectronics.X-CUBE-EEPRMA1.5.2.0
2025-12-21 17:02:21,685 [WARN] PackLoader:240 - Cannot read IP mode file for STMicroelectronics.X-CUBE-ST67W61.1.1.0
2025-12-21 17:02:21,709 [WARN] PackLoader:240 - Cannot read IP mode file for STMicroelectronics.X-CUBE-MEMS1.12.0.0
2025-12-21 17:02:21,806 [WARN] PackLoader:240 - Cannot read IP mode file for STMicroelectronics.X-CUBE-AZRTOS-G0.1.1.0
2025-12-21 17:02:21,812 [WARN] PackLoader:240 - Cannot read IP mode file for STMicroelectronics.X-CUBE-NFC4.3.0.0
2025-12-21 17:02:21,820 [WARN] PackLoader:240 - Cannot read IP mode file for EmbeddedOffice.I-CUBE-FS-RTOS.1.0.1
2025-12-21 17:02:21,869 [WARN] PackLoader:240 - Cannot read IP mode file for STMicroelectronics.X-CUBE-WB05N.2.0.0
2025-12-21 17:02:21,873 [WARN] PackLoader:240 - Cannot read IP mode file for wolfSSL.I-CUBE-wolfTPM.3.8.0
2025-12-21 17:02:21,876 [WARN] PackLoader:240 - Cannot read IP mode file for STMicroelectronics.X-CUBE-TCPP.4.2.0
2025-12-21 17:02:21,880 [WARN] PackLoader:240 - Cannot read IP mode file for RealThread.X-CUBE-RT-Thread_Nano.4.1.1
2025-12-21 17:02:21,881 [WARN] PackLoader:240 - Cannot read IP mode file for STMicroelectronics.FP-ATR-SIGFOX1.3.2.0
2025-12-21 17:02:21,883 [WARN] PackLoader:240 - Cannot read IP mode file for ITTIA_DB.I-CUBE-ITTIADB.8.9.0
2025-12-21 17:02:21,885 [WARN] PackLoader:240 - Cannot read IP mode file for STMicroelectronics.X-CUBE-AI.10.2.0
2025-12-21 17:02:21,895 [WARN] PackLoader:240 - Cannot read IP mode file for SEGGER.I-CUBE-embOS.1.3.1
2025-12-21 17:02:21,912 [WARN] PackLoader:240 - Cannot read IP mode file for STMicroelectronics.X-CUBE-ALGOBUILD.1.4.0
2025-12-21 17:02:21,935 [WARN] PackLoader:240 - Cannot read IP mode file for STMicroelectronics.X-CUBE-MEMS1.11.3.0
2025-12-21 17:02:21,989 [WARN] PackLoader:240 - Cannot read IP mode file for STMicroelectronics.X-CUBE-PM33A1.1.0.0
2025-12-21 17:02:21,997 [WARN] PackLoader:240 - Cannot read IP mode file for STMicroelectronics.X-CUBE-AZRTOS-F4.1.1.0
2025-12-21 17:02:21,999 [WARN] PackLoader:240 - Cannot read IP mode file for STMicroelectronics.X-CUBE-ISPU.2.1.0
2025-12-21 17:02:22,003 [WARN] PackLoader:240 - Cannot read IP mode file for STMicroelectronics.X-CUBE-IPS.3.2.0
2025-12-21 17:02:22,007 [WARN] PackLoader:240 - Cannot read IP mode file for STMicroelectronics.X-CUBE-NFC12.1.0.0
2025-12-21 17:02:22,012 [WARN] PackLoader:240 - Cannot read IP mode file for STMicroelectronics.X-CUBE-AZRTOS-L5.2.0.0
2025-12-21 17:02:22,015 [WARN] PackLoader:240 - Cannot read IP mode file for STMicroelectronics.X-CUBE-NFC6.3.1.0
2025-12-21 17:02:22,017 [WARN] PackLoader:240 - Cannot read IP mode file for STMicroelectronics.X-CUBE-FREERTOS.1.3.1
2025-12-21 17:02:22,031 [WARN] PackLoader:240 - Cannot read IP mode file for STMicroelectronics.X-CUBE-TOUCHGFX.4.26.0
2025-12-21 17:02:22,032 [WARN] PackLoader:240 - Cannot read IP mode file for STMicroelectronics.FP-SNS-STAIOTCFT.1.0.0
2025-12-21 17:02:22,034 [WARN] PackLoader:240 - Cannot read IP mode file for STMicroelectronics.X-CUBE-DPower.1.3.0
2025-12-21 17:02:22,041 [WARN] ConditionMgr:438 - getConditionDescription Invalid condition id : LAN8742 Phy interface Condition cause : null
2025-12-21 17:02:22,042 [WARN] PackLoader:240 - Cannot read IP mode file for STMicroelectronics.X-CUBE-AZRTOS-L4.2.0.0
2025-12-21 17:02:22,042 [WARN] ConditionMgr:1044 - genDependencies : Invalid condition id : LAN8742 Phy interface Condition cause : null
2025-12-21 17:02:22,042 [WARN] ConditionMgr:1044 - genDependencies : Invalid condition id : LAN8742 Phy interface Condition cause : null
2025-12-21 17:02:22,043 [WARN] ConditionMgr:1044 - genDependencies : Invalid condition id : LAN8742 Phy interface Condition cause : null
2025-12-21 17:02:22,045 [WARN] PackLoader:240 - Cannot read IP mode file for STMicroelectronics.X-CUBE-SFXS2LP1.4.0.0
2025-12-21 17:02:22,049 [WARN] PackLoader:240 - Cannot read IP mode file for STMicroelectronics.X-CUBE-BLEMGR.4.1.0
2025-12-21 17:02:22,053 [WARN] ConditionMgr:438 - getConditionDescription Invalid condition id : UX DEVICE CLASS RTOS Condition cause : null
2025-12-21 17:02:22,053 [WARN] ConditionMgr:438 - getConditionDescription Invalid condition id : UX DEVICE CLASS RTOS Condition cause : null
2025-12-21 17:02:22,054 [WARN] PackLoader:240 - Cannot read IP mode file for STMicroelectronics.X-CUBE-AZRTOS-WB.2.0.0
2025-12-21 17:02:22,054 [WARN] ConditionMgr:1044 - genDependencies : Invalid condition id : UX DEVICE CLASS RTOS Condition cause : null
2025-12-21 17:02:22,054 [WARN] ConditionMgr:1044 - genDependencies : Invalid condition id : UX DEVICE CLASS RTOS Condition cause : null
2025-12-21 17:02:22,054 [WARN] ConditionMgr:1044 - genDependencies : Invalid condition id : UX DEVICE CLASS RTOS Condition cause : null
2025-12-21 17:02:22,054 [WARN] ConditionMgr:1044 - genDependencies : Invalid condition id : UX DEVICE CLASS RTOS Condition cause : null
2025-12-21 17:02:22,054 [WARN] ConditionMgr:1044 - genDependencies : Invalid condition id : UX DEVICE CLASS RTOS Condition cause : null
2025-12-21 17:02:22,055 [WARN] ConditionMgr:438 - getConditionDescription Invalid condition id : Cortex-A Device cause : null
2025-12-21 17:02:22,057 [WARN] ConditionMgr:1044 - genDependencies : Invalid condition id : Cortex-A Device cause : null
2025-12-21 17:02:22,057 [WARN] ConditionMgr:1044 - genDependencies : Invalid condition id : Cortex-A Device cause : null
2025-12-21 17:02:22,057 [WARN] ConditionMgr:1044 - genDependencies : Invalid condition id : Cortex-A Device cause : null
2025-12-21 17:02:22,059 [WARN] PackLoader:240 - Cannot read IP mode file for STMicroelectronics.X-CUBE-SUBG2.5.0.0
2025-12-21 17:02:22,066 [WARN] PackLoader:240 - Cannot read IP mode file for STMicroelectronics.X-CUBE-AZRTOS-H7RS.1.1.0
2025-12-21 17:02:22,071 [WARN] PackLoader:240 - Cannot read IP mode file for STMicroelectronics.X-CUBE-AZRTOS-G4.2.0.0
2025-12-21 17:02:22,073 [WARN] PackLoader:240 - Cannot read IP mode file for wolfSSL.I-CUBE-wolfSSH.1.4.20
2025-12-21 17:02:22,075 [WARN] PackLoader:240 - Cannot read IP mode file for STMicroelectronics.X-CUBE-NFC7.2.0.0
2025-12-21 17:02:22,076 [WARN] PackLoader:240 - Cannot read IP mode file for STMicroelectronics.X-CUBE-ALS.1.0.2
2025-12-21 17:02:22,078 [WARN] PackLoader:240 - Cannot read IP mode file for STMicroelectronics.X-CUBE-STSE01.1.0.0
2025-12-21 17:02:22,083 [WARN] PackLoader:240 - Cannot read IP mode file for STMicroelectronics.X-CUBE-TOF1.3.4.3
2025-12-21 17:02:22,087 [INFO] ThirdParty:978 - Integrity check success = true
2025-12-21 17:02:22,087 [INFO] IntegrityCheckThread:100 - exiting critical section [integrity check]
2025-12-21 17:02:22,087 [INFO] IntegrityCheckThread:103 - End integrity checks thread
