2025-12-08 15:18:28,373 [ERROR] LogOutputStream:75 - [STDERR_REDIRECT] 
2025-12-16 10:25:10,318 [INFO] Activator:176 - 


2025-12-16 10:25:10,319 [INFO] Activator:177 - !SESSION log4j initialized
2025-12-16 10:25:12,520 [INFO] LogOutputStream:77 - [STDOUT_REDIRECT] 
2025-12-16 10:25:12,862 [INFO] ApplicationProperties:184 - Using Application install path: /opt/st/stm32cubeide_1.19.0/plugins/com.st.stm32cube.common.mx_6.15.0.202507011659
2025-12-16 10:25:12,874 [INFO] DbMcusXml:78 - Set database path to: /opt/st/stm32cubeide_1.19.0/plugins/com.st.stm32cube.common.mx_6.15.0.202507011659//db//mcu/
2025-12-16 10:25:12,874 [INFO] ApiDb:274 - Set plugin database path to: /opt/st/stm32cubeide_1.19.0/plugins/com.st.stm32cube.common.mx_6.15.0.202507011659//db//plugins/boardmanager/
2025-12-16 10:25:12,874 [WARN] ApiDb:259 - Overriding images path with different value:  => /opt/st/stm32cubeide_1.19.0/plugins/com.st.stm32cube.common.mx_6.15.0.202507011659//db//plugins/mcufinder/images/
2025-12-16 10:25:12,878 [INFO] ApiDb:250 - Set database path to: /home/lucasnascimento/.stmcufinder/plugins/mcufinder//mcu/
2025-12-16 10:25:12,878 [INFO] DbMcusAds:125 - Set database path to: /home/lucasnascimento/.stmcufinder/plugins/mcufinder//mcu/
2025-12-16 10:25:12,880 [INFO] CrossReferenceDbSqlite:203 - Set database path to: /home/lucasnascimento/.stmcufinder/plugins/mcufinder//mcu/cs/
2025-12-16 10:25:12,930 [INFO] RulesReader:64 - Compatibility file has been processed (317 Rules)
2025-12-16 10:25:12,963 [INFO] DbMcusXml:78 - Set database path to: /opt/st/stm32cubeide_1.19.0/plugins/com.st.stm32cube.common.mx_6.15.0.202507011659//db//mcu/
2025-12-16 10:25:12,963 [INFO] ApiDb:274 - Set plugin database path to: /opt/st/stm32cubeide_1.19.0/plugins/com.st.stm32cube.common.mx_6.15.0.202507011659//db//plugins/boardmanager/
2025-12-16 10:25:12,963 [INFO] ApiDb:261 - Set plugin images path to: /opt/st/stm32cubeide_1.19.0/plugins/com.st.stm32cube.common.mx_6.15.0.202507011659//db//plugins/mcufinder/images/
2025-12-16 10:25:12,964 [WARN] DbFile:41 - Overriding database path with different value: /home/lucasnascimento/.stmcufinder/plugins/mcufinder/ => /home/lucasnascimento/.stmcufinder/plugins/mcufinder
2025-12-16 10:25:12,964 [INFO] ApiDb:250 - Set database path to: /home/lucasnascimento/.stmcufinder/plugins/mcufinder//mcu/
2025-12-16 10:25:12,964 [WARN] DbFile:41 - Overriding database path with different value: /home/lucasnascimento/.stmcufinder/plugins/mcufinder/ => /home/lucasnascimento/.stmcufinder/plugins/mcufinder
2025-12-16 10:25:12,964 [INFO] DbMcusAds:125 - Set database path to: /home/lucasnascimento/.stmcufinder/plugins/mcufinder//mcu/
2025-12-16 10:25:12,964 [WARN] DbFile:41 - Overriding database path with different value: /home/lucasnascimento/.stmcufinder/plugins/mcufinder/ => /home/lucasnascimento/.stmcufinder/plugins/mcufinder
2025-12-16 10:25:12,964 [WARN] DbFile:41 - Overriding database path with different value: /home/lucasnascimento/.stmcufinder/plugins/mcufinder/ => /home/lucasnascimento/.stmcufinder/plugins/mcufinder
2025-12-16 10:25:12,964 [INFO] CrossReferenceDbSqlite:203 - Set database path to: /home/lucasnascimento/.stmcufinder/plugins/mcufinder//mcu/cs/
2025-12-16 10:25:12,999 [INFO] MainPanel:274 - HeapMemory: 268435456
2025-12-16 10:25:13,075 [INFO] DbMcusXml:78 - Set database path to: /opt/st/stm32cubeide_1.19.0/plugins/com.st.stm32cube.common.mx_6.15.0.202507011659//db//mcu/
2025-12-16 10:25:13,075 [INFO] ApiDb:274 - Set plugin database path to: /opt/st/stm32cubeide_1.19.0/plugins/com.st.stm32cube.common.mx_6.15.0.202507011659//db//plugins/boardmanager/
2025-12-16 10:25:13,075 [INFO] ApiDb:261 - Set plugin images path to: /opt/st/stm32cubeide_1.19.0/plugins/com.st.stm32cube.common.mx_6.15.0.202507011659//db//plugins/mcufinder/images/
2025-12-16 10:25:13,075 [WARN] DbFile:41 - Overriding database path with different value: /home/lucasnascimento/.stmcufinder/plugins/mcufinder/ => /home/lucasnascimento/.stmcufinder/plugins/mcufinder
2025-12-16 10:25:13,075 [INFO] ApiDb:250 - Set database path to: /home/lucasnascimento/.stmcufinder/plugins/mcufinder//mcu/
2025-12-16 10:25:13,075 [WARN] DbFile:41 - Overriding database path with different value: /home/lucasnascimento/.stmcufinder/plugins/mcufinder/ => /home/lucasnascimento/.stmcufinder/plugins/mcufinder
2025-12-16 10:25:13,075 [INFO] DbMcusAds:125 - Set database path to: /home/lucasnascimento/.stmcufinder/plugins/mcufinder//mcu/
2025-12-16 10:25:13,075 [WARN] DbFile:41 - Overriding database path with different value: /home/lucasnascimento/.stmcufinder/plugins/mcufinder/ => /home/lucasnascimento/.stmcufinder/plugins/mcufinder
2025-12-16 10:25:13,076 [WARN] DbFile:41 - Overriding database path with different value: /home/lucasnascimento/.stmcufinder/plugins/mcufinder/ => /home/lucasnascimento/.stmcufinder/plugins/mcufinder
2025-12-16 10:25:13,076 [INFO] CrossReferenceDbSqlite:203 - Set database path to: /home/lucasnascimento/.stmcufinder/plugins/mcufinder//mcu/cs/
2025-12-16 10:25:13,083 [INFO] ApplicationProperties:184 - Using Application install path: /opt/st/stm32cubeide_1.19.0/plugins/com.st.stm32cube.common.mx_6.15.0.202507011659
2025-12-16 10:25:13,084 [INFO] PluginManage:196 - Search for loadable plugins [exclusion list=, ]
2025-12-16 10:25:13,085 [INFO] PluginManage:310 - Check plugin analytics
2025-12-16 10:25:13,149 [INFO] AnalyticsPlugin:253 - Accepted Software Licenses: 
2025-12-16 10:25:13,149 [INFO] AnalyticsPlugin:255 - Accepted CMSIS Pack Licenses: STMicroelectronics.X-CUBE-FREERTOS.1.3.1,EmbeddedOffice.I-CUBE-FS-RTOS.1.0.1
2025-12-16 10:25:13,149 [INFO] AnalyticsPlugin:257 - Accepted Firmware Licenses: FW.H5.1.5.0
2025-12-16 10:25:13,150 [INFO] PluginManage:359 - Loaded plugin analytics (category:tool,tabindex:-1)
2025-12-16 10:25:13,150 [INFO] PluginManage:310 - Check plugin cadmodel
2025-12-16 10:25:13,154 [INFO] CADModel:105 - Init CAD model plugin
2025-12-16 10:25:13,154 [INFO] PluginManage:359 - Loaded plugin cadmodel (category:power,tabindex:5)
2025-12-16 10:25:13,154 [INFO] PluginManage:310 - Check plugin clock
2025-12-16 10:25:13,158 [INFO] PluginManage:359 - Loaded plugin clock (category:base,tabindex:2)
2025-12-16 10:25:13,158 [INFO] PluginManage:310 - Check plugin ddr
2025-12-16 10:25:13,159 [INFO] PluginManage:359 - Loaded plugin ddr (category:tool,tabindex:6)
2025-12-16 10:25:13,160 [INFO] PluginManage:310 - Check plugin filemanager
2025-12-16 10:25:13,234 [INFO] PluginManage:359 - Loaded plugin filemanager (category:base,tabindex:10)
2025-12-16 10:25:13,234 [INFO] PluginManage:310 - Check plugin ipmanager
2025-12-16 10:25:13,237 [INFO] PluginManage:359 - Loaded plugin ipmanager (category:base,tabindex:5)
2025-12-16 10:25:13,238 [INFO] PluginManage:310 - Check plugin lpbam
2025-12-16 10:25:13,243 [INFO] PluginManage:359 - Loaded plugin lpbam (category:base,tabindex:0)
2025-12-16 10:25:13,243 [INFO] PluginManage:310 - Check plugin memorymap
2025-12-16 10:25:13,249 [INFO] PluginManage:359 - Loaded plugin memorymap (category:base,tabindex:4)
2025-12-16 10:25:13,249 [INFO] PluginManage:310 - Check plugin pinoutandconfiguration
2025-12-16 10:25:13,261 [INFO] PluginManage:359 - Loaded plugin pinoutandconfiguration (category:base,tabindex:1)
2025-12-16 10:25:13,261 [INFO] PluginManage:310 - Check plugin pinoutconfig
2025-12-16 10:25:13,301 [WARN] SupportedApi:132 - Cannot load RTOS API schema: s4s-elt-must-match.1: The content of 'definitions' must match (annotation?, (simpleType | complexType)?, (unique | key | keyref)*)). A problem was found starting at: attribute.
2025-12-16 10:25:13,362 [INFO] PluginManage:359 - Loaded plugin pinoutconfig (category:base,tabindex:0)
2025-12-16 10:25:13,362 [INFO] PluginManage:310 - Check plugin power
2025-12-16 10:25:13,367 [INFO] PluginManage:359 - Loaded plugin power (category:power,tabindex:4)
2025-12-16 10:25:13,367 [INFO] PluginManage:310 - Check plugin projectmanager
2025-12-16 10:25:13,377 [INFO] PluginManage:359 - Loaded plugin projectmanager (category:projectmanager,tabindex:4)
2025-12-16 10:25:13,377 [INFO] PluginManage:310 - Check plugin rif
2025-12-16 10:25:13,382 [INFO] PluginManage:359 - Loaded plugin rif (category:base,tabindex:3)
2025-12-16 10:25:13,383 [INFO] PluginManage:310 - Check plugin thirdparty
2025-12-16 10:25:13,437 [INFO] PluginManage:359 - Loaded plugin thirdparty (category:base,tabindex:-1)
2025-12-16 10:25:13,437 [WARN] IntegrityCheckThread:84 - waiting for thirdparty lock release [integrity check]
2025-12-16 10:25:13,437 [INFO] IntegrityCheckThread:86 - entering critical section [integrity check]
2025-12-16 10:25:13,437 [INFO] PluginManage:310 - Check plugin tools
2025-12-16 10:25:13,438 [INFO] ThirdPartyUpdaterWithRetryManager:70 - Updater plugin not ready yet. [1/15]
2025-12-16 10:25:13,439 [INFO] PluginManage:359 - Loaded plugin tools (category:base,tabindex:7)
2025-12-16 10:25:13,439 [INFO] PluginManage:310 - Check plugin tutovideos
2025-12-16 10:25:13,531 [INFO] PluginManage:359 - Loaded plugin tutovideos (category:base,tabindex:-1)
2025-12-16 10:25:13,531 [INFO] PluginManage:310 - Check plugin updater
2025-12-16 10:25:13,544 [INFO] PluginManage:359 - Loaded plugin updater (category:base,tabindex:12)
2025-12-16 10:25:13,544 [INFO] PluginManage:310 - Check plugin userauth
2025-12-16 10:25:13,546 [INFO] UserAuth:118 - Init User Auth plugin
2025-12-16 10:25:13,546 [INFO] PluginManage:359 - Loaded plugin userauth (category:base,tabindex:14)
2025-12-16 10:25:13,546 [INFO] PluginManage:283 - PluginManage : Loaded plugins [18]
2025-12-16 10:25:13,643 [INFO] PinOutPanel:1589 - setPackage(No Configuration,No Configuration)
2025-12-16 10:25:13,672 [INFO] CADModel:165 - CPN selected for project level
2025-12-16 10:25:13,673 [INFO] CADModel:114 - Register for checkConnection events
2025-12-16 10:25:13,680 [INFO] IPUIPlugin:80 - create IPUIPlugin
2025-12-16 10:25:13,680 [INFO] PluginManager:220 - loadIPPluginJar : add i3c
2025-12-16 10:25:13,684 [INFO] IPUIPlugin:80 - create IPUIPlugin
2025-12-16 10:25:13,684 [INFO] PluginManager:220 - loadIPPluginJar : add stm32_wpan
2025-12-16 10:25:13,685 [INFO] IPUIPlugin:80 - create IPUIPlugin
2025-12-16 10:25:13,686 [INFO] PluginManager:220 - loadIPPluginJar : add ipddr
2025-12-16 10:25:13,686 [INFO] IPUIPlugin:80 - create IPUIPlugin
2025-12-16 10:25:13,686 [INFO] PluginManager:220 - loadIPPluginJar : add quadspi
2025-12-16 10:25:13,687 [INFO] IPUIPlugin:80 - create IPUIPlugin
2025-12-16 10:25:13,687 [INFO] PluginManager:220 - loadIPPluginJar : add hash
2025-12-16 10:25:13,688 [INFO] IPUIPlugin:80 - create IPUIPlugin
2025-12-16 10:25:13,688 [INFO] PluginManager:220 - loadIPPluginJar : add openamp
2025-12-16 10:25:13,690 [INFO] IPUIPlugin:80 - create IPUIPlugin
2025-12-16 10:25:13,690 [INFO] PluginManager:220 - loadIPPluginJar : add fmc
2025-12-16 10:25:13,691 [INFO] IPUIPlugin:80 - create IPUIPlugin
2025-12-16 10:25:13,691 [INFO] PluginManager:220 - loadIPPluginJar : add aes
2025-12-16 10:25:13,692 [INFO] IPUIPlugin:80 - create IPUIPlugin
2025-12-16 10:25:13,692 [INFO] PluginManager:220 - loadIPPluginJar : add ucpd
2025-12-16 10:25:13,693 [INFO] IPUIPlugin:80 - create IPUIPlugin
2025-12-16 10:25:13,693 [INFO] PluginManager:220 - loadIPPluginJar : add gfxmmu
2025-12-16 10:25:13,693 [INFO] IPUIPlugin:80 - create IPUIPlugin
2025-12-16 10:25:13,693 [INFO] PluginManager:220 - loadIPPluginJar : add tim
2025-12-16 10:25:13,694 [INFO] IPUIPlugin:80 - create IPUIPlugin
2025-12-16 10:25:13,694 [INFO] PluginManager:220 - loadIPPluginJar : add dfsdm
2025-12-16 10:25:13,695 [INFO] IPUIPlugin:80 - create IPUIPlugin
2025-12-16 10:25:13,696 [INFO] PluginManager:220 - loadIPPluginJar : add sai
2025-12-16 10:25:13,696 [INFO] IPUIPlugin:80 - create IPUIPlugin
2025-12-16 10:25:13,696 [INFO] PluginManager:220 - loadIPPluginJar : add radio
2025-12-16 10:25:13,697 [INFO] IPUIPlugin:80 - create IPUIPlugin
2025-12-16 10:25:13,697 [INFO] PluginManager:220 - loadIPPluginJar : add can
2025-12-16 10:25:13,699 [INFO] IPUIPlugin:80 - create IPUIPlugin
2025-12-16 10:25:13,699 [INFO] PluginManager:220 - loadIPPluginJar : add gpio
2025-12-16 10:25:13,701 [INFO] IPUIPlugin:80 - create IPUIPlugin
2025-12-16 10:25:13,701 [INFO] PluginManager:220 - loadIPPluginJar : add extmemmanager
2025-12-16 10:25:13,704 [INFO] IPUIPlugin:80 - create IPUIPlugin
2025-12-16 10:25:13,704 [INFO] PluginManager:220 - loadIPPluginJar : add linkedlist
2025-12-16 10:25:13,707 [INFO] IPUIPlugin:80 - create IPUIPlugin
2025-12-16 10:25:13,708 [INFO] PluginManager:220 - loadIPPluginJar : add plateformsettings
2025-12-16 10:25:13,711 [INFO] IPUIPlugin:80 - create IPUIPlugin
2025-12-16 10:25:13,711 [INFO] PluginManager:220 - loadIPPluginJar : add adc
2025-12-16 10:25:13,711 [INFO] IPUIPlugin:80 - create IPUIPlugin
2025-12-16 10:25:13,711 [INFO] PluginManager:220 - loadIPPluginJar : add spi
2025-12-16 10:25:13,714 [INFO] IPUIPlugin:80 - create IPUIPlugin
2025-12-16 10:25:13,714 [INFO] PluginManager:220 - loadIPPluginJar : add gic
2025-12-16 10:25:13,716 [INFO] IPUIPlugin:80 - create IPUIPlugin
2025-12-16 10:25:13,716 [INFO] PluginManager:220 - loadIPPluginJar : add nvic
2025-12-16 10:25:13,718 [INFO] IPUIPlugin:80 - create IPUIPlugin
2025-12-16 10:25:13,718 [INFO] PluginManager:220 - loadIPPluginJar : add dma
2025-12-16 10:25:13,720 [INFO] IPUIPlugin:80 - create IPUIPlugin
2025-12-16 10:25:13,720 [INFO] PluginManager:220 - loadIPPluginJar : add ddr_ctrl_phy
2025-12-16 10:25:13,720 [INFO] IPUIPlugin:80 - create IPUIPlugin
2025-12-16 10:25:13,721 [INFO] PluginManager:220 - loadIPPluginJar : add tracer_emb
2025-12-16 10:25:13,721 [INFO] IPUIPlugin:80 - create IPUIPlugin
2025-12-16 10:25:13,721 [INFO] PluginManager:220 - loadIPPluginJar : add lorawan
2025-12-16 10:25:13,723 [INFO] IPUIPlugin:80 - create IPUIPlugin
2025-12-16 10:25:13,723 [INFO] PluginManager:220 - loadIPPluginJar : add usbx
2025-12-16 10:25:13,723 [INFO] IPUIPlugin:80 - create IPUIPlugin
2025-12-16 10:25:13,723 [INFO] PluginManager:220 - loadIPPluginJar : add ltdc
2025-12-16 10:25:13,724 [INFO] IPUIPlugin:80 - create IPUIPlugin
2025-12-16 10:25:13,724 [INFO] PluginManager:220 - loadIPPluginJar : add pdm2pcm
2025-12-16 10:25:13,725 [INFO] IPUIPlugin:80 - create IPUIPlugin
2025-12-16 10:25:13,725 [INFO] PluginManager:220 - loadIPPluginJar : add cryp
2025-12-16 10:25:13,725 [INFO] IPUIPlugin:80 - create IPUIPlugin
2025-12-16 10:25:13,726 [INFO] PluginManager:220 - loadIPPluginJar : add ts
2025-12-16 10:25:13,726 [INFO] IPUIPlugin:80 - create IPUIPlugin
2025-12-16 10:25:13,726 [INFO] PluginManager:220 - loadIPPluginJar : add fatfs
2025-12-16 10:25:13,727 [INFO] IPUIPlugin:80 - create IPUIPlugin
2025-12-16 10:25:13,727 [INFO] PluginManager:220 - loadIPPluginJar : add opamp
2025-12-16 10:25:13,727 [INFO] IPUIPlugin:80 - create IPUIPlugin
2025-12-16 10:25:13,728 [INFO] PluginManager:220 - loadIPPluginJar : add comp
2025-12-16 10:25:13,729 [INFO] IPUIPlugin:80 - create IPUIPlugin
2025-12-16 10:25:13,729 [INFO] PluginManager:220 - loadIPPluginJar : add resmgrutility
2025-12-16 10:25:13,731 [INFO] IPUIPlugin:80 - create IPUIPlugin
2025-12-16 10:25:13,731 [INFO] PluginManager:220 - loadIPPluginJar : add gtzc
2025-12-16 10:25:13,733 [INFO] IPUIPlugin:80 - create IPUIPlugin
2025-12-16 10:25:13,733 [INFO] PluginManager:220 - loadIPPluginJar : add mdma
2025-12-16 10:25:13,734 [INFO] IPUIPlugin:80 - create IPUIPlugin
2025-12-16 10:25:13,734 [INFO] PluginManager:220 - loadIPPluginJar : add genericplugin
2025-12-16 10:25:13,735 [INFO] IPUIPlugin:80 - create IPUIPlugin
2025-12-16 10:25:13,735 [INFO] PluginManager:220 - loadIPPluginJar : add tsc
2025-12-16 10:25:13,736 [INFO] IPUIPlugin:80 - create IPUIPlugin
2025-12-16 10:25:13,736 [INFO] PluginManager:220 - loadIPPluginJar : add i2c
2025-12-16 10:25:13,737 [INFO] IPUIPlugin:80 - create IPUIPlugin
2025-12-16 10:25:13,737 [INFO] PluginManager:220 - loadIPPluginJar : add touchsensing
2025-12-16 10:25:13,740 [INFO] IPUIPlugin:80 - create IPUIPlugin
2025-12-16 10:25:13,740 [INFO] PluginManager:220 - loadIPPluginJar : add freertos
2025-12-16 10:25:13,741 [INFO] IPUIPlugin:80 - create IPUIPlugin
2025-12-16 10:25:13,741 [INFO] PluginManager:220 - loadIPPluginJar : add dma3
2025-12-16 10:25:13,742 [INFO] IPUIPlugin:80 - create IPUIPlugin
2025-12-16 10:25:13,742 [INFO] PluginManager:220 - loadIPPluginJar : add usart
2025-12-16 10:25:13,743 [INFO] IPUIPlugin:80 - create IPUIPlugin
2025-12-16 10:25:13,743 [INFO] PluginManager:220 - loadIPPluginJar : add i2s
2025-12-16 10:25:13,825 [FATAL] Updater:351 - Updater called before beeing initialized
2025-12-16 10:25:13,836 [INFO] RulesReader:64 - Compatibility file has been processed (317 Rules)
2025-12-16 10:25:13,839 [INFO] RulesReader:64 - Compatibility file has been processed (317 Rules)
2025-12-16 10:25:13,842 [INFO] CADModel:165 - CPN selected for project level
2025-12-16 10:25:13,842 [INFO] CADModel:114 - Register for checkConnection events
2025-12-16 10:25:13,842 [FATAL] Updater:351 - Updater called before beeing initialized
2025-12-16 10:25:13,842 [ERROR] CADModel:125 - Updater not yet initialized, retry later 
2025-12-16 10:25:13,897 [FATAL] Updater:351 - Updater called before beeing initialized
2025-12-16 10:25:13,898 [INFO] CADModel:165 - CPN selected for project level
2025-12-16 10:25:13,898 [INFO] CADModel:114 - Register for checkConnection events
2025-12-16 10:25:13,898 [FATAL] Updater:351 - Updater called before beeing initialized
2025-12-16 10:25:13,898 [ERROR] CADModel:125 - Updater not yet initialized, retry later 
2025-12-16 10:25:13,900 [FATAL] Updater:351 - Updater called before beeing initialized
2025-12-16 10:25:13,930 [FATAL] Updater:351 - Updater called before beeing initialized
2025-12-16 10:25:13,932 [INFO] DbMcusAds:53 - JSON generation date=Fri Dec 05 04:13:14 EST 2025 (1764925994495)
2025-12-16 10:25:13,933 [FATAL] Updater:351 - Updater called before beeing initialized
2025-12-16 10:25:13,947 [WARN] DetailPanel:346 - Failed to get advertising image, set to default
2025-12-16 10:25:13,978 [FATAL] Updater:351 - Updater called before beeing initialized
2025-12-16 10:25:13,980 [FATAL] Updater:351 - Updater called before beeing initialized
2025-12-16 10:25:13,980 [FATAL] Updater:351 - Updater called before beeing initialized
2025-12-16 10:25:13,980 [WARN] DetailPanel:346 - Failed to get advertising image, set to default
2025-12-16 10:25:13,980 [FATAL] Updater:351 - Updater called before beeing initialized
2025-12-16 10:25:13,994 [ERROR] Updater:1198 - MainUpdater not yet initialized. External WinMGr cannot be set.
2025-12-16 10:25:13,994 [INFO] Updater:1134 - Updater Version found : 6.15.0
2025-12-16 10:25:14,005 [INFO] ApplicationProperties:184 - Using Application install path: /opt/st/stm32cubeide_1.19.0/plugins/com.st.stm32cube.common.mx_6.15.0.202507011659
2025-12-16 10:25:14,149 [INFO] MainUpdater:2872 - connection check result : 10
2025-12-16 10:25:14,150 [INFO] MainUpdater:3604 - Updater definition file requires update
2025-12-16 10:25:14,150 [INFO] MainUpdater:289 - Updater Check For Update Now.
2025-12-16 10:25:14,150 [INFO] MicroXplorer:498 - Change Database Version : DB.6.0.150
2025-12-16 10:25:14,153 [INFO] McuFinderGlobals:63 - Set McuFinder mode to 2 (CubeIDE integrated)
2025-12-16 10:25:14,154 [INFO] UserAuth:487 - Internet connection configuration mode: 1
2025-12-16 10:25:14,165 [INFO] JxBrowserEngine:152 - Initiate JxBrowser Engine with user profile folder
2025-12-16 10:25:14,179 [INFO] ServerAccessManage:452 - Complete download http(s) 200
2025-12-16 10:25:14,179 [INFO] ServerAccessManage:509 - Download File updaters.zip
2025-12-16 10:25:14,222 [INFO] FileExtend:248 - Unzip File : updaters.zip
2025-12-16 10:25:14,222 [INFO] FileExtend:263 - Standard Zip Deflate
2025-12-16 10:25:14,313 [INFO] ServerAccessManage:452 - Complete download http(s) 200
2025-12-16 10:25:14,313 [INFO] ServerAccessManage:509 - Download File PacksControlFlags.xml
2025-12-16 10:25:14,340 [INFO] ServerAccessManage:452 - Complete download http(s) 200
2025-12-16 10:25:14,340 [INFO] ServerAccessManage:509 - Download File cubemx.pidx
2025-12-16 10:25:14,376 [INFO] LoadServerUpdatesThread:375 - End of LoadServerUpdate Thread
2025-12-16 10:25:14,508 [INFO] CheckServerUpdateThread:120 - End of CheckServer Thread
2025-12-16 10:25:14,920 [INFO] WebApp:169 - Instantiating new browser for Auth
2025-12-16 10:25:15,385 [INFO] WebApp:463 - Apply proxy settings
2025-12-16 10:25:15,386 [INFO] WebApp:548 - Chromium requires no authentication
2025-12-16 10:25:15,390 [INFO] WebApp:491 - Direct internet connection detected
2025-12-16 10:25:15,399 [INFO] WebApp:900 - Register for checkConnection events
2025-12-16 10:25:15,399 [INFO] WebApp:463 - Apply proxy settings
2025-12-16 10:25:15,399 [INFO] WebApp:548 - Chromium requires no authentication
2025-12-16 10:25:15,399 [INFO] WebApp:491 - Direct internet connection detected
2025-12-16 10:25:15,462 [INFO] WebApp:225 - Starting web application
2025-12-16 10:25:15,462 [INFO] WebApp:593 - Web application path used /opt/st/stm32cubeide_1.19.0/plugins/com.st.stm32cube.common.mx_6.15.0.202507011659/db/plugins/mcufinder/reactClient1/index.html
2025-12-16 10:25:15,519 [INFO] UserAuth:487 - Internet connection configuration mode: 1
2025-12-16 10:25:15,696 [INFO] WebApp:191 - Connection restablished
2025-12-16 10:25:16,513 [WARN] PackLoader:240 - Cannot read IP mode file for STMicroelectronics.FP-SNS-MOTENVWB1.1.4.0
2025-12-16 10:25:16,517 [WARN] PackLoader:240 - Cannot read IP mode file for STMicroelectronics.FP-ATR-ASTRA1.2.0.2
2025-12-16 10:25:16,520 [WARN] PackLoader:240 - Cannot read IP mode file for STMicroelectronics.X-CUBE-SMBUS.2.1.0
2025-12-16 10:25:16,534 [WARN] PackLoader:240 - Cannot read IP mode file for STMicroelectronics.X-CUBE-AZRTOS-F7.1.1.0
2025-12-16 10:25:16,538 [WARN] PackLoader:240 - Cannot read IP mode file for Cesanta.I-CUBE-Mongoose.7.19.0
2025-12-16 10:25:16,540 [WARN] PackLoader:240 - Cannot read IP mode file for STMicroelectronics.FP-SNS-MOTENV1.5.1.0
2025-12-16 10:25:16,545 [WARN] PackLoader:240 - Cannot read IP mode file for WES.I-CUBE-Cesium.1.4.0
2025-12-16 10:25:16,557 [WARN] PackLoader:240 - Cannot read IP mode file for Infineon.AIROC-Wi-Fi-Bluetooth-STM32.1.7.1
2025-12-16 10:25:16,574 [WARN] PackLoader:240 - Cannot read IP mode file for STMicroelectronics.X-CUBE-AZRTOS-H7.3.4.0
2025-12-16 10:25:16,581 [WARN] PackLoader:240 - Cannot read IP mode file for STMicroelectronics.X-CUBE-DISPLAY.3.0.0
2025-12-16 10:25:16,588 [WARN] PackLoader:240 - Cannot read IP mode file for STMicroelectronics.X-CUBE-NFC10.1.0.0
2025-12-16 10:25:16,590 [WARN] PackLoader:240 - Cannot read IP mode file for STMicroelectronics.X-CUBE-ST60.1.1.0
2025-12-16 10:25:16,592 [WARN] PackLoader:240 - Cannot read IP mode file for emotas.I-CUBE-CANOPEN.1.3.0
2025-12-16 10:25:16,594 [WARN] PackLoader:240 - Cannot read IP mode file for STMicroelectronics.X-CUBE-GNSS1.7.1.0
2025-12-16 10:25:16,603 [WARN] PackLoader:240 - Cannot read IP mode file for STMicroelectronics.FP-SNS-STBOX1.2.1.0
2025-12-16 10:25:16,605 [WARN] PackLoader:240 - Cannot read IP mode file for STMicroelectronics.FP-SNS-SMARTAG2.1.2.0
2025-12-16 10:25:16,607 [WARN] PackLoader:240 - Cannot read IP mode file for STMicroelectronics.FP-SNS-FLIGHT1.5.1.0
2025-12-16 10:25:16,609 [INFO] LogOutputStream:77 - [STDOUT_REDIRECT] 1 : Invalid condition id : UX_CORESTACK_Condition cause : null
2025-12-16 10:25:16,610 [INFO] LogOutputStream:77 - [STDOUT_REDIRECT] 1 : Invalid condition id : UX_CORESTACK_Condition cause : null
2025-12-16 10:25:16,610 [INFO] LogOutputStream:77 - [STDOUT_REDIRECT] 1 : Invalid condition id : UX_CORESTACK_Condition cause : null
2025-12-16 10:25:16,610 [INFO] LogOutputStream:77 - [STDOUT_REDIRECT] 1 : Invalid condition id : UX_CORESTACK_Condition cause : null
2025-12-16 10:25:16,610 [INFO] LogOutputStream:77 - [STDOUT_REDIRECT] 1 : Invalid condition id : UX_CORESTACK_Condition cause : null
2025-12-16 10:25:16,611 [WARN] PackLoader:240 - Cannot read IP mode file for STMicroelectronics.X-CUBE-AZRTOS-WL.2.0.0
2025-12-16 10:25:16,617 [WARN] PackLoader:240 - Cannot read IP mode file for STMicroelectronics.X-CUBE-AZRTOS-H7RS.1.2.0
2025-12-16 10:25:16,620 [WARN] PackLoader:240 - Cannot read IP mode file for STMicroelectronics.X-CUBE-BLE2.3.3.0
2025-12-16 10:25:16,625 [WARN] PackLoader:240 - Cannot read IP mode file for STMicroelectronics.X-CUBE-NFC9.1.0.0
2025-12-16 10:25:16,627 [WARN] PackLoader:240 - Cannot read IP mode file for wolfSSL.I-CUBE-wolfSSL.5.8.2
2025-12-16 10:25:16,628 [WARN] PackLoader:240 - Cannot read IP mode file for STMicroelectronics.X-CUBE-BLE1.7.1.0
2025-12-16 10:25:16,629 [WARN] PackLoader:240 - Cannot read IP mode file for wolfSSL.I-CUBE-wolfMQTT.1.19.2
2025-12-16 10:25:16,631 [WARN] PackLoader:240 - Cannot read IP mode file for STMicroelectronics.X-CUBE-FREERTOS.1.4.0
2025-12-16 10:25:16,633 [WARN] PackLoader:240 - Cannot read IP mode file for STMicroelectronics.X-CUBE-EEPRMA1.5.2.0
2025-12-16 10:25:16,635 [WARN] PackLoader:240 - Cannot read IP mode file for STMicroelectronics.X-CUBE-ST67W61.1.1.0
2025-12-16 10:25:16,648 [WARN] PackLoader:240 - Cannot read IP mode file for STMicroelectronics.X-CUBE-MEMS1.12.0.0
2025-12-16 10:25:16,678 [WARN] PackLoader:240 - Cannot read IP mode file for STMicroelectronics.X-CUBE-AZRTOS-G0.1.1.0
2025-12-16 10:25:16,680 [WARN] PackLoader:240 - Cannot read IP mode file for STMicroelectronics.X-CUBE-NFC4.3.0.0
2025-12-16 10:25:16,683 [WARN] PackLoader:240 - Cannot read IP mode file for EmbeddedOffice.I-CUBE-FS-RTOS.1.0.1
2025-12-16 10:25:16,710 [WARN] PackLoader:240 - Cannot read IP mode file for STMicroelectronics.X-CUBE-WB05N.2.0.0
2025-12-16 10:25:16,712 [WARN] PackLoader:240 - Cannot read IP mode file for wolfSSL.I-CUBE-wolfTPM.3.8.0
2025-12-16 10:25:16,713 [WARN] PackLoader:240 - Cannot read IP mode file for STMicroelectronics.X-CUBE-TCPP.4.2.0
2025-12-16 10:25:16,715 [WARN] PackLoader:240 - Cannot read IP mode file for RealThread.X-CUBE-RT-Thread_Nano.4.1.1
2025-12-16 10:25:16,716 [WARN] PackLoader:240 - Cannot read IP mode file for STMicroelectronics.FP-ATR-SIGFOX1.3.2.0
2025-12-16 10:25:16,717 [WARN] PackLoader:240 - Cannot read IP mode file for ITTIA_DB.I-CUBE-ITTIADB.8.9.0
2025-12-16 10:25:16,718 [WARN] PackLoader:240 - Cannot read IP mode file for STMicroelectronics.X-CUBE-AI.10.2.0
2025-12-16 10:25:16,726 [WARN] PackLoader:240 - Cannot read IP mode file for SEGGER.I-CUBE-embOS.1.3.1
2025-12-16 10:25:16,741 [WARN] PackLoader:240 - Cannot read IP mode file for STMicroelectronics.X-CUBE-ALGOBUILD.1.4.0
2025-12-16 10:25:16,760 [WARN] PackLoader:240 - Cannot read IP mode file for STMicroelectronics.X-CUBE-MEMS1.11.3.0
2025-12-16 10:25:16,804 [WARN] PackLoader:240 - Cannot read IP mode file for STMicroelectronics.X-CUBE-PM33A1.1.0.0
2025-12-16 10:25:16,810 [WARN] PackLoader:240 - Cannot read IP mode file for STMicroelectronics.X-CUBE-AZRTOS-F4.1.1.0
2025-12-16 10:25:16,812 [WARN] PackLoader:240 - Cannot read IP mode file for STMicroelectronics.X-CUBE-ISPU.2.1.0
2025-12-16 10:25:16,816 [WARN] PackLoader:240 - Cannot read IP mode file for STMicroelectronics.X-CUBE-IPS.3.2.0
2025-12-16 10:25:16,821 [WARN] PackLoader:240 - Cannot read IP mode file for STMicroelectronics.X-CUBE-NFC12.1.0.0
2025-12-16 10:25:16,827 [WARN] PackLoader:240 - Cannot read IP mode file for STMicroelectronics.X-CUBE-AZRTOS-L5.2.0.0
2025-12-16 10:25:16,831 [WARN] PackLoader:240 - Cannot read IP mode file for STMicroelectronics.X-CUBE-NFC6.3.1.0
2025-12-16 10:25:16,835 [WARN] PackLoader:240 - Cannot read IP mode file for STMicroelectronics.X-CUBE-FREERTOS.1.3.1
2025-12-16 10:25:16,851 [WARN] PackLoader:240 - Cannot read IP mode file for STMicroelectronics.X-CUBE-TOUCHGFX.4.26.0
2025-12-16 10:25:16,853 [WARN] PackLoader:240 - Cannot read IP mode file for STMicroelectronics.FP-SNS-STAIOTCFT.1.0.0
2025-12-16 10:25:16,854 [WARN] PackLoader:240 - Cannot read IP mode file for STMicroelectronics.X-CUBE-DPower.1.3.0
2025-12-16 10:25:16,860 [WARN] ConditionMgr:438 - getConditionDescription Invalid condition id : LAN8742 Phy interface Condition cause : null
2025-12-16 10:25:16,860 [WARN] PackLoader:240 - Cannot read IP mode file for STMicroelectronics.X-CUBE-AZRTOS-L4.2.0.0
2025-12-16 10:25:16,860 [WARN] ConditionMgr:1044 - genDependencies : Invalid condition id : LAN8742 Phy interface Condition cause : null
2025-12-16 10:25:16,860 [WARN] ConditionMgr:1044 - genDependencies : Invalid condition id : LAN8742 Phy interface Condition cause : null
2025-12-16 10:25:16,860 [WARN] ConditionMgr:1044 - genDependencies : Invalid condition id : LAN8742 Phy interface Condition cause : null
2025-12-16 10:25:16,863 [WARN] PackLoader:240 - Cannot read IP mode file for STMicroelectronics.X-CUBE-SFXS2LP1.4.0.0
2025-12-16 10:25:16,867 [WARN] PackLoader:240 - Cannot read IP mode file for STMicroelectronics.X-CUBE-BLEMGR.4.1.0
2025-12-16 10:25:16,872 [WARN] ConditionMgr:438 - getConditionDescription Invalid condition id : UX DEVICE CLASS RTOS Condition cause : null
2025-12-16 10:25:16,872 [WARN] ConditionMgr:438 - getConditionDescription Invalid condition id : UX DEVICE CLASS RTOS Condition cause : null
2025-12-16 10:25:16,873 [WARN] PackLoader:240 - Cannot read IP mode file for STMicroelectronics.X-CUBE-AZRTOS-WB.2.0.0
2025-12-16 10:25:16,873 [WARN] ConditionMgr:1044 - genDependencies : Invalid condition id : UX DEVICE CLASS RTOS Condition cause : null
2025-12-16 10:25:16,873 [WARN] ConditionMgr:1044 - genDependencies : Invalid condition id : UX DEVICE CLASS RTOS Condition cause : null
2025-12-16 10:25:16,873 [WARN] ConditionMgr:1044 - genDependencies : Invalid condition id : UX DEVICE CLASS RTOS Condition cause : null
2025-12-16 10:25:16,873 [WARN] ConditionMgr:1044 - genDependencies : Invalid condition id : UX DEVICE CLASS RTOS Condition cause : null
2025-12-16 10:25:16,873 [WARN] ConditionMgr:1044 - genDependencies : Invalid condition id : UX DEVICE CLASS RTOS Condition cause : null
2025-12-16 10:25:16,874 [WARN] ConditionMgr:438 - getConditionDescription Invalid condition id : Cortex-A Device cause : null
2025-12-16 10:25:16,876 [WARN] ConditionMgr:1044 - genDependencies : Invalid condition id : Cortex-A Device cause : null
2025-12-16 10:25:16,876 [WARN] ConditionMgr:1044 - genDependencies : Invalid condition id : Cortex-A Device cause : null
2025-12-16 10:25:16,876 [WARN] ConditionMgr:1044 - genDependencies : Invalid condition id : Cortex-A Device cause : null
2025-12-16 10:25:16,879 [WARN] PackLoader:240 - Cannot read IP mode file for STMicroelectronics.X-CUBE-SUBG2.5.0.0
2025-12-16 10:25:16,885 [WARN] PackLoader:240 - Cannot read IP mode file for STMicroelectronics.X-CUBE-AZRTOS-H7RS.1.1.0
2025-12-16 10:25:16,890 [WARN] PackLoader:240 - Cannot read IP mode file for STMicroelectronics.X-CUBE-AZRTOS-G4.2.0.0
2025-12-16 10:25:16,892 [WARN] PackLoader:240 - Cannot read IP mode file for wolfSSL.I-CUBE-wolfSSH.1.4.20
2025-12-16 10:25:16,893 [WARN] PackLoader:240 - Cannot read IP mode file for STMicroelectronics.X-CUBE-NFC7.2.0.0
2025-12-16 10:25:16,895 [WARN] PackLoader:240 - Cannot read IP mode file for STMicroelectronics.X-CUBE-ALS.1.0.2
2025-12-16 10:25:16,897 [WARN] PackLoader:240 - Cannot read IP mode file for STMicroelectronics.X-CUBE-STSE01.1.0.0
2025-12-16 10:25:16,907 [WARN] PackLoader:240 - Cannot read IP mode file for STMicroelectronics.X-CUBE-TOF1.3.4.3
2025-12-16 10:25:16,909 [INFO] ThirdParty:978 - Integrity check success = true
2025-12-16 10:25:16,910 [INFO] IntegrityCheckThread:100 - exiting critical section [integrity check]
2025-12-16 10:25:16,910 [INFO] IntegrityCheckThread:103 - End integrity checks thread
2025-12-16 10:26:30,384 [ERROR] LogOutputStream:75 - [STDERR_REDIRECT] 
