Archive member included to satisfy reference by file (symbol)

/opt/st/stm32cubeide_1.19.0/plugins/com.st.stm32cube.ide.mcu.externaltools.gnu-tools-for-stm32.13.3.rel1.linux64_1.0.0.202410170706/tools/bin/../lib/gcc/arm-none-eabi/13.3.1/../../../../arm-none-eabi/lib/thumb/v8-m.main+fp/hard/libstdc++_nano.a(del_ops.o)
                              ./Core/Src/main.o (operator delete(void*, unsigned int))
/opt/st/stm32cubeide_1.19.0/plugins/com.st.stm32cube.ide.mcu.externaltools.gnu-tools-for-stm32.13.3.rel1.linux64_1.0.0.202410170706/tools/bin/../lib/gcc/arm-none-eabi/13.3.1/../../../../arm-none-eabi/lib/thumb/v8-m.main+fp/hard/libstdc++_nano.a(string-inst.o)
                              ./Core/Src/GRID/GRID.o (std::__cxx11::basic_string<char, std::char_traits<char>, std::allocator<char> >::basic_string())
/opt/st/stm32cubeide_1.19.0/plugins/com.st.stm32cube.ide.mcu.externaltools.gnu-tools-for-stm32.13.3.rel1.linux64_1.0.0.202410170706/tools/bin/../lib/gcc/arm-none-eabi/13.3.1/../../../../arm-none-eabi/lib/thumb/v8-m.main+fp/hard/libstdc++_nano.a(del_op.o)
                              /opt/st/stm32cubeide_1.19.0/plugins/com.st.stm32cube.ide.mcu.externaltools.gnu-tools-for-stm32.13.3.rel1.linux64_1.0.0.202410170706/tools/bin/../lib/gcc/arm-none-eabi/13.3.1/../../../../arm-none-eabi/lib/thumb/v8-m.main+fp/hard/libstdc++_nano.a(del_ops.o) (operator delete(void*))
/opt/st/stm32cubeide_1.19.0/plugins/com.st.stm32cube.ide.mcu.externaltools.gnu-tools-for-stm32.13.3.rel1.linux64_1.0.0.202410170706/tools/bin/../lib/gcc/arm-none-eabi/13.3.1/../../../../arm-none-eabi/lib/thumb/v8-m.main+fp/hard/libstdc++_nano.a(new_op.o)
                              /opt/st/stm32cubeide_1.19.0/plugins/com.st.stm32cube.ide.mcu.externaltools.gnu-tools-for-stm32.13.3.rel1.linux64_1.0.0.202410170706/tools/bin/../lib/gcc/arm-none-eabi/13.3.1/../../../../arm-none-eabi/lib/thumb/v8-m.main+fp/hard/libstdc++_nano.a(string-inst.o) (operator new(unsigned int))
/opt/st/stm32cubeide_1.19.0/plugins/com.st.stm32cube.ide.mcu.externaltools.gnu-tools-for-stm32.13.3.rel1.linux64_1.0.0.202410170706/tools/bin/../lib/gcc/arm-none-eabi/13.3.1/../../../../arm-none-eabi/lib/thumb/v8-m.main+fp/hard/libstdc++_nano.a(functexcept.o)
                              /opt/st/stm32cubeide_1.19.0/plugins/com.st.stm32cube.ide.mcu.externaltools.gnu-tools-for-stm32.13.3.rel1.linux64_1.0.0.202410170706/tools/bin/../lib/gcc/arm-none-eabi/13.3.1/../../../../arm-none-eabi/lib/thumb/v8-m.main+fp/hard/libstdc++_nano.a(string-inst.o) (std::__throw_bad_alloc())
/opt/st/stm32cubeide_1.19.0/plugins/com.st.stm32cube.ide.mcu.externaltools.gnu-tools-for-stm32.13.3.rel1.linux64_1.0.0.202410170706/tools/bin/../lib/gcc/arm-none-eabi/13.3.1/../../../../arm-none-eabi/lib/thumb/v8-m.main+fp/hard/libstdc++_nano.a(new_handler.o)
                              /opt/st/stm32cubeide_1.19.0/plugins/com.st.stm32cube.ide.mcu.externaltools.gnu-tools-for-stm32.13.3.rel1.linux64_1.0.0.202410170706/tools/bin/../lib/gcc/arm-none-eabi/13.3.1/../../../../arm-none-eabi/lib/thumb/v8-m.main+fp/hard/libstdc++_nano.a(new_op.o) (std::get_new_handler())
/opt/st/stm32cubeide_1.19.0/plugins/com.st.stm32cube.ide.mcu.externaltools.gnu-tools-for-stm32.13.3.rel1.linux64_1.0.0.202410170706/tools/bin/../lib/gcc/arm-none-eabi/13.3.1/../../../../arm-none-eabi/lib/thumb/v8-m.main+fp/hard/libm.a(libm_a-wf_sqrt.o)
                              ./Core/Src/games/pong/Pong.o (sqrtf)
/opt/st/stm32cubeide_1.19.0/plugins/com.st.stm32cube.ide.mcu.externaltools.gnu-tools-for-stm32.13.3.rel1.linux64_1.0.0.202410170706/tools/bin/../lib/gcc/arm-none-eabi/13.3.1/../../../../arm-none-eabi/lib/thumb/v8-m.main+fp/hard/libm.a(libm_a-ef_sqrt.o)
                              /opt/st/stm32cubeide_1.19.0/plugins/com.st.stm32cube.ide.mcu.externaltools.gnu-tools-for-stm32.13.3.rel1.linux64_1.0.0.202410170706/tools/bin/../lib/gcc/arm-none-eabi/13.3.1/../../../../arm-none-eabi/lib/thumb/v8-m.main+fp/hard/libm.a(libm_a-wf_sqrt.o) (__ieee754_sqrtf)
/opt/st/stm32cubeide_1.19.0/plugins/com.st.stm32cube.ide.mcu.externaltools.gnu-tools-for-stm32.13.3.rel1.linux64_1.0.0.202410170706/tools/bin/../lib/gcc/arm-none-eabi/13.3.1/../../../../arm-none-eabi/lib/thumb/v8-m.main+fp/hard/libc_nano.a(libc_a-abort.o)
                              /opt/st/stm32cubeide_1.19.0/plugins/com.st.stm32cube.ide.mcu.externaltools.gnu-tools-for-stm32.13.3.rel1.linux64_1.0.0.202410170706/tools/bin/../lib/gcc/arm-none-eabi/13.3.1/../../../../arm-none-eabi/lib/thumb/v8-m.main+fp/hard/libstdc++_nano.a(new_op.o) (abort)
/opt/st/stm32cubeide_1.19.0/plugins/com.st.stm32cube.ide.mcu.externaltools.gnu-tools-for-stm32.13.3.rel1.linux64_1.0.0.202410170706/tools/bin/../lib/gcc/arm-none-eabi/13.3.1/../../../../arm-none-eabi/lib/thumb/v8-m.main+fp/hard/libc_nano.a(libc_a-exit.o)
[...]
Memory Configuration

Name             Origin             Length             Attributes
RAM              0x20000000         0x000a0000         xrw
FLASH            0x08000000         0x00100000         xr
*default*        0x00000000         0xffffffff

Linker script and memory map

LOAD /opt/st/stm32cubeide_1.19.0/plugins/com.st.stm32cube.ide.mcu.externaltools.gnu-tools-for-stm32.13.3.rel1.linux64_1.0.0.202410170706/tools/bin/../lib/gcc/arm-none-eabi/13.3.1/thumb/v8-m.main+fp/hard/crti.o
LOAD /opt/st/stm32cubeide_1.19.0/plugins/com.st.stm32cube.ide.mcu.externaltools.gnu-tools-for-stm32.13.3.rel1.linux64_1.0.0.202410170706/tools/bin/../lib/gcc/arm-none-eabi/13.3.1/thumb/v8-m.main+fp/hard/crtbegin.o
LOAD /opt/st/stm32cubeide_1.19.0/plugins/com.st.stm32cube.ide.mcu.externaltools.gnu-tools-for-stm32.13.3.rel1.linux64_1.0.0.202410170706/tools/bin/../lib/gcc/arm-none-eabi/13.3.1/../../../../arm-none-eabi/lib/thumb/v8-m.main+fp/hard/crt0.o
LOAD ./Core/Src/GRID/GRID.o
LOAD ./Core/Src/UX/interface.o
LOAD ./Core/Src/console/console.o
LOAD ./Core/Src/games/Game.o
LOAD ./Core/Src/games/pong/Pong.o
LOAD ./Core/Src/games/snake/Snake.o
LOAD ./Core/Src/main.o
LOAD ./Core/Src/stm32h5xx_hal_msp.o
LOAD ./Core/Src/stm32h5xx_it.o
LOAD ./Core/Src/syscalls.o
LOAD ./Core/Src/sysmem.o
LOAD ./Core/Src/system_stm32h5xx.o
LOAD ./Core/Src/memory/memory.o
LOAD ./Core/Src/print/print.o
LOAD ./Core/Src/records/Records.o
LOAD ./Core/Src/timers/timers.o
LOAD ./Core/Startup/startup_stm32h563vgtx.o
LOAD ./Drivers/STM32H5xx_HAL_Driver/Src/stm32h5xx_hal.o
LOAD ./Drivers/STM32H5xx_HAL_Driver/Src/stm32h5xx_hal_cortex.o
LOAD ./Drivers/STM32H5xx_HAL_Driver/Src/stm32h5xx_hal_dma.o
LOAD ./Drivers/STM32H5xx_HAL_Driver/Src/stm32h5xx_hal_dma_ex.o
LOAD ./Drivers/STM32H5xx_HAL_Driver/Src/stm32h5xx_hal_exti.o
LOAD ./Drivers/STM32H5xx_HAL_Driver/Src/stm32h5xx_hal_flash.o
LOAD ./Drivers/STM32H5xx_HAL_Driver/Src/stm32h5xx_hal_flash_ex.o
LOAD ./Drivers/STM32H5xx_HAL_Driver/Src/stm32h5xx_hal_gpio.o
LOAD ./Drivers/STM32H5xx_HAL_Driver/Src/stm32h5xx_hal_pwr.o
LOAD ./Drivers/STM32H5xx_HAL_Driver/Src/stm32h5xx_hal_pwr_ex.o
LOAD ./Drivers/STM32H5xx_HAL_Driver/Src/stm32h5xx_hal_rcc.o
LOAD ./Drivers/STM32H5xx_HAL_Driver/Src/stm32h5xx_hal_rcc_ex.o
LOAD ./Drivers/STM32H5xx_HAL_Driver/Src/stm32h5xx_hal_spi.o
LOAD ./Drivers/STM32H5xx_HAL_Driver/Src/stm32h5xx_hal_spi_ex.o
LOAD ./Drivers/STM32H5xx_HAL_Driver/Src/stm32h5xx_hal_tim.o
LOAD ./Drivers/STM32H5xx_HAL_Driver/Src/stm32h5xx_hal_tim_ex.o
LOAD ./Drivers/STM32H5xx_HAL_Driver/Src/stm32h5xx_hal_uart.o
LOAD ./Drivers/STM32H5xx_HAL_Driver/Src/stm32h5xx_hal_uart_ex.o
START GROUP
LOAD /opt/st/stm32cubeide_1.19.0/plugins/com.st.stm32cube.ide.mcu.externaltools.gnu-tools-for-stm32.13.3.rel1.linux64_1.0.0.202410170706/tools/bin/../lib/gcc/arm-none-eabi/13.3.1/../../../../arm-none-eabi/lib/thumb/v8-m.main+fp/hard/libstdc++_nano.a
LOAD /opt/st/stm32cubeide_1.19.0/plugins/com.st.stm32cube.ide.mcu.externaltools.gnu-tools-for-stm32.13.3.rel1.linux64_1.0.0.202410170706/tools/bin/../lib/gcc/arm-none-eabi/13.3.1/../../../../arm-none-eabi/lib/thumb/v8-m.main+fp/hard/libsupc++_nano.a
END GROUP
LOAD /opt/st/stm32cubeide_1.19.0/plugins/com.st.stm32cube.ide.mcu.externaltools.gnu-tools-for-stm32.13.3.rel1.linux64_1.0.0.202410170706/tools/bin/../lib/gcc/arm-none-eabi/13.3.1/../../../../arm-none-eabi/lib/thumb/v8-m.main+fp/hard/libstdc++_nano.a
LOAD /opt/st/stm32cubeide_1.19.0/plugins/com.st.stm32cube.ide.mcu.externaltools.gnu-tools-for-stm32.13.3.rel1.linux64_1.0.0.202410170706/tools/bin/../lib/gcc/arm-none-eabi/13.3.1/../../../../arm-none-eabi/lib/thumb/v8-m.main+fp/hard/libm.a
LOAD /opt/st/stm32cubeide_1.19.0/plugins/com.st.stm32cube.ide.mcu.externaltools.gnu-tools-for-stm32.13.3.rel1.linux64_1.0.0.202410170706/tools/bin/../lib/gcc/arm-none-eabi/13.3.1/../../../../arm-none-eabi/lib/thumb/v8-m.main+fp/hard/libc_nano.a
START GROUP
LOAD /opt/st/stm32cubeide_1.19.0/plugins/com.st.stm32cube.ide.mcu.externaltools.gnu-tools-for-stm32.13.3.rel1.linux64_1.0.0.202410170706/tools/bin/../lib/gcc/arm-none-eabi/13.3.1/thumb/v8-m.main+fp/hard/libgcc.a
LOAD /opt/st/stm32cubeide_1.19.0/plugins/com.st.stm32cube.ide.mcu.externaltools.gnu-tools-for-stm32.13.3.rel1.linux64_1.0.0.202410170706/tools/bin/../lib/gcc/arm-none-eabi/13.3.1/../../../../arm-none-eabi/lib/thumb/v8-m.main+fp/hard/libc_nano.a
END GROUP
START GROUP
LOAD /opt/st/stm32cubeide_1.19.0/plugins/com.st.stm32cube.ide.mcu.externaltools.gnu-tools-for-stm32.13.3.rel1.linux64_1.0.0.202410170706/tools/bin/../lib/gcc/arm-none-eabi/13.3.1/thumb/v8-m.main+fp/hard/libgcc.a
LOAD /opt/st/stm32cubeide_1.19.0/plugins/com.st.stm32cube.ide.mcu.externaltools.gnu-tools-for-stm32.13.3.rel1.linux64_1.0.0.202410170706/tools/bin/../lib/gcc/arm-none-eabi/13.3.1/../../../../arm-none-eabi/lib/thumb/v8-m.main+fp/hard/libc_nano.a
LOAD /opt/st/stm32cubeide_1.19.0/plugins/com.st.stm32cube.ide.mcu.externaltools.gnu-tools-for-stm32.13.3.rel1.linux64_1.0.0.202410170706/tools/bin/../lib/gcc/arm-none-eabi/13.3.1/../../../../arm-none-eabi/lib/thumb/v8-m.main+fp/hard/libnosys.a
END GROUP
START GROUP
LOAD /opt/st/stm32cubeide_1.19.0/plugins/com.st.stm32cube.ide.mcu.externaltools.gnu-tools-for-stm32.13.3.rel1.linux64_1.0.0.202410170706/tools/bin/../lib/gcc/arm-none-eabi/13.3.1/thumb/v8-m.main+fp/hard/libgcc.a
LOAD /opt/st/stm32cubeide_1.19.0/plugins/com.st.stm32cube.ide.mcu.externaltools.gnu-tools-for-stm32.13.3.rel1.linux64_1.0.0.202410170706/tools/bin/../lib/gcc/arm-none-eabi/13.3.1/../../../../arm-none-eabi/lib/thumb/v8-m.main+fp/hard/libc_nano.a
LOAD /opt/st/stm32cubeide_1.19.0/plugins/com.st.stm32cube.ide.mcu.externaltools.gnu-tools-for-stm32.13.3.rel1.linux64_1.0.0.202410170706/tools/bin/../lib/gcc/arm-none-eabi/13.3.1/../../../../arm-none-eabi/lib/thumb/v8-m.main+fp/hard/libnosys.a
END GROUP
LOAD /opt/st/stm32cubeide_1.19.0/plugins/com.st.stm32cube.ide.mcu.externaltools.gnu-tools-for-stm32.13.3.rel1.linux64_1.0.0.202410170706/tools/bin/../lib/gcc/arm-none-eabi/13.3.1/thumb/v8-m.main+fp/hard/crtend.o
LOAD /opt/st/stm32cubeide_1.19.0/plugins/com.st.stm32cube.ide.mcu.externaltools.gnu-tools-for-stm32.13.3.rel1.linux64_1.0.0.202410170706/tools/bin/../lib/gcc/arm-none-eabi/13.3.1/thumb/v8-m.main+fp/hard/crtn.o
                0x200a0000                        _estack = (ORIGIN (RAM) + LENGTH (RAM))
                0x00000200                        _Min_Heap_Size = 0x200
                0x00000400                        _Min_Stack_Size = 0x400

.isr_vector     0x08000000      0x24c
                0x08000000                        . = ALIGN (0x4)
 *(.isr_vector)
 .isr_vector    0x08000000      0x24c ./Core/Startup/startup_stm32h563vgtx.o
                0x08000000                g_pfnVectors
                0x0800024c                        . = ALIGN (0x4)

.text           0x0800024c     0xe224
                0x0800024c                        . = ALIGN (0x4)
 *(.text)
 .text          0x0800024c       0x40 /opt/st/stm32cubeide_1.19.0/plugins/com.st.stm32cube.ide.mcu.externaltools.gnu-tools-for-stm32.13.3.rel1.linux64_1.0.0.202410170706/tools/bin/../lib/gcc/arm-none-eabi/13.3.1/thumb/v8-m.main+fp/hard/crtbegin.o
 .text          0x0800028c       0x10 /opt/st/stm32cubeide_1.19.0/plugins/com.st.stm32cube.ide.mcu.externaltools.gnu-tools-for-stm32.13.3.rel1.linux64_1.0.0.202410170706/tools/bin/../lib/gcc/arm-none-eabi/13.3.1/../../../../arm-none-eabi/lib/thumb/v8-m.main+fp/hard/libc_nano.a(libc_a-strlen.o)
                0x0800028c                strlen
 .text          0x0800029c       0x30 /opt/st/stm32cubeide_1.19.0/plugins/com.st.stm32cube.ide.mcu.externaltools.gnu-tools-for-stm32.13.3.rel1.linux64_1.0.0.202410170706/tools/bin/../lib/gcc/arm-none-eabi/13.3.1/thumb/v8-m.main+fp/hard/libgcc.a(_aeabi_uldivmod.o)
                0x0800029c                __aeabi_uldivmod
 .text          0x080002cc      0x348 /opt/st/stm32cubeide_1.19.0/plugins/com.st.stm32cube.ide.mcu.externaltools.gnu-tools-for-stm32.13.3.rel1.linux64_1.0.0.202410170706/tools/bin/../lib/gcc/arm-none-eabi/13.3.1/thumb/v8-m.main+fp/hard/libgcc.a(_udivmoddi4.o)
                0x080002cc                __udivmoddi4
 .text          0x08000614        0x4 /opt/st/stm32cubeide_1.19.0/plugins/com.st.stm32cube.ide.mcu.externaltools.gnu-tools-for-stm32.13.3.rel1.linux64_1.0.0.202410170706/tools/bin/../lib/gcc/arm-none-eabi/13.3.1/thumb/v8-m.main+fp/hard/libgcc.a(_dvmd_tls.o)
                0x08000614                __aeabi_ldiv0
                0x08000614                __aeabi_idiv0
 *(.text*)
 .text._ZN4GRIDC2Ev
                0x08000618       0x30 ./Core/Src/GRID/GRID.o
                0x08000618                GRID::GRID()
                0x08000618                GRID::GRID()
 .text._ZN4GRID5clearEv
                0x08000648       0x30 ./Core/Src/GRID/GRID.o
                0x08000648                GRID::clear()
 .text._ZN4GRID10clearPanelEh
                0x08000678       0x90 ./Core/Src/GRID/GRID.o
                0x08000678                GRID::clearPanel(unsigned char)
 .text._ZN4GRID10pixelWriteEmhh
                0x08000708      0x2fc ./Core/Src/GRID/GRID.o
                0x08000708                GRID::pixelWrite(unsigned long, unsigned char, unsigned char)
 .text._ZN4GRID14buffPortSelectEh
                0x08000a04      0x104 ./Core/Src/GRID/GRID.o
                0x08000a04                GRID::buffPortSelect(unsigned char)
 .text._ZN4GRID10buffSelectEhh
                0x08000b08      0x1b4 ./Core/Src/GRID/GRID.o
                0x08000b08                GRID::buffSelect(unsigned char, unsigned char)
 .text._ZN4GRID11panelSelectEhh
                0x08000cbc       0x4c ./Core/Src/GRID/GRID.o
                0x08000cbc                GRID::panelSelect(unsigned char, unsigned char)
 .text.__NVIC_EnableIRQ
                0x08000d08       0x3c ./Core/Src/console/console.o
 .text._Z12MX_TIM3_Initv
                0x08000d44       0x6c ./Core/Src/console/console.o
                0x08000d44                MX_TIM3_Init()
 .text._Z12MX_TIM4_Initv
                0x08000db0       0x6c ./Core/Src/console/console.o
                0x08000db0                MX_TIM4_Init()
 .text._Z16initialAnimationR4GRID
                0x08000e1c       0x14 ./Core/Src/console/console.o
                0x08000e1c                initialAnimation(GRID&)
 .text._Z16displayAnimationR4GRIDhb
                0x08000e30      0x2d4 ./Core/Src/console/console.o
                0x08000e30                displayAnimation(GRID&, unsigned char, bool)
 .text._Z12displaySmallR4GRIDh
                0x08001104       0x68 ./Core/Src/console/console.o
                0x08001104                displaySmall(GRID&, unsigned char)
 .text._Z10displayBigR4GRIDh
                0x0800116c       0x68 ./Core/Src/console/console.o
                0x0800116c                displayBig(GRID&, unsigned char)
 .text._Z7getNameR6Player
                0x080011d4      0x1bc ./Core/Src/console/console.o
                0x080011d4                getName(Player&)
 .text._Z7getGameR4GRID
                0x08001390      0x2f4 ./Core/Src/console/console.o
                0x08001390                getGame(GRID&)
 .text._Z9userStartR6PlayerR4GRID
                0x08001684       0x2a ./Core/Src/console/console.o
                0x08001684                userStart(Player&, GRID&)
 .text._ZNSt15__new_allocatorIcED2Ev
                0x080016ae       0x16 ./Core/Src/console/console.o
                0x080016ae                std::__new_allocator<char>::~__new_allocator()
                0x080016ae                std::__new_allocator<char>::~__new_allocator()
 .text._ZN6PlayerC2Ev
                0x080016c4       0x1c ./Core/Src/games/Game.o
                0x080016c4                Player::Player()
                0x080016c4                Player::Player()
 .text._ZNSt12_Vector_baseISt6vectorIhSaIhEESaIS2_EEC2Ev
                0x080016e0       0x1a ./Core/Src/games/Game.o
                0x080016e0                std::_Vector_base<std::vector<unsigned char, std::allocator<unsigned char> >, std::allocator<std::vector<unsigned char, std::allocator<unsigned char> > > >::_Vector_base()
                0x080016e0                std::_Vector_base<std::vector<unsigned char, std::allocator<unsigned char> >, std::allocator<std::vector<unsigned char, std::allocator<unsigned char> > > >::_Vector_base()
 .text._ZNSt6vectorIS_IhSaIhEESaIS1_EEC2Ev
                0x080016fa       0x1a ./Core/Src/games/Game.o
                0x080016fa                std::vector<std::vector<unsigned char, std::allocator<unsigned char> >, std::allocator<std::vector<unsigned char, std::allocator<unsigned char> > > >::vector()
                0x080016fa                std::vector<std::vector<unsigned char, std::allocator<unsigned char> >, std::allocator<std::vector<unsigned char, std::allocator<unsigned char> > > >::vector()
 .text._ZN4GameC2ENSt7__cxx1112basic_stringIcSt11char_traitsIcESaIcEEE
                0x08001714       0x9a ./Core/Src/games/Game.o
                0x08001714                Game::Game(std::__cxx11::basic_string<char, std::char_traits<char>, std::allocator<char> >)
                0x08001714                Game::Game(std::__cxx11::basic_string<char, std::char_traits<char>, std::allocator<char> >)
 .text._ZN4Game15setCurrentScoreEm
                0x080017ae       0x42 ./Core/Src/games/Game.o
                0x080017ae                Game::setCurrentScore(unsigned long)
 .text._ZN4Game14setRecordScoreEm
                0x080017f0       0x1c ./Core/Src/games/Game.o
                0x080017f0                Game::setRecordScore(unsigned long)
 .text._ZN4Game15getCurrentScoreEv
                0x0800180c       0x18 ./Core/Src/games/Game.o
                0x0800180c                Game::getCurrentScore()
 .text._ZN4Game7gameEndEv
                0x08001824       0x14 ./Core/Src/games/Game.o
                0x08001824                Game::gameEnd()
 .text._ZNSt12_Vector_baseISt6vectorIhSaIhEESaIS2_EE12_Vector_implC2Ev
                0x08001838       0x22 ./Core/Src/games/Game.o
                0x08001838                std::_Vector_base<std::vector<unsigned char, std::allocator<unsigned char> >, std::allocator<std::vector<unsigned char, std::allocator<unsigned char> > > >::_Vector_impl::_Vector_impl()
                0x08001838                std::_Vector_base<std::vector<unsigned char, std::allocator<unsigned char> >, std::allocator<std::vector<unsigned char, std::allocator<unsigned char> > > >::_Vector_impl::_Vector_impl()
 .text._ZNSt23mersenne_twister_engineIjLj32ELj624ELj397ELj31ELj2567483615ELj11ELj4294967295ELj7ELj2636928640ELj15ELj4022730752ELj18ELj1812433253EEC2Ev
                0x0800185a       0x1c ./Core/Src/games/Game.o
                0x0800185a                std::mersenne_twister_engine<unsigned int, 32u, 624u, 397u, 31u, 2567483615u, 11u, 4294967295u, 7u, 2636928640u, 15u, 4022730752u, 18u, 1812433253u>::mersenne_twister_engine()
                0x0800185a                std::mersenne_twister_engine<unsigned int, 32u, 624u, 397u, 31u, 2567483615u, 11u, 4294967295u, 7u, 2636928640u, 15u, 4022730752u, 18u, 1812433253u>::mersenne_twister_engine()
 *fill*         0x08001876        0x2 
 .text._ZNSt23mersenne_twister_engineIjLj32ELj624ELj397ELj31ELj2567483615ELj11ELj4294967295ELj7ELj2636928640ELj15ELj4022730752ELj18ELj1812433253EE4seedEj
                0x08001878       0x80 ./Core/Src/games/Game.o
                0x08001878                std::mersenne_twister_engine<unsigned int, 32u, 624u, 397u, 31u, 2567483615u, 11u, 4294967295u, 7u, 2636928640u, 15u, 4022730752u, 18u, 1812433253u>::seed(unsigned int)
 .text._ZNSt12_Vector_baseISt6vectorIhSaIhEESaIS2_EE17_Vector_impl_dataC2Ev
                0x080018f8       0x28 ./Core/Src/games/Game.o
                0x080018f8                std::_Vector_base<std::vector<unsigned char, std::allocator<unsigned char> >, std::allocator<std::vector<unsigned char, std::allocator<unsigned char> > > >::_Vector_impl_data::_Vector_impl_data()
                0x080018f8                std::_Vector_base<std::vector<unsigned char, std::allocator<unsigned char> >, std::allocator<std::vector<unsigned char, std::allocator<unsigned char> > > >::_Vector_impl_data::_Vector_impl_data()
 .text._ZNSt23mersenne_twister_engineIjLj32ELj624ELj397ELj31ELj2567483615ELj11ELj4294967295ELj7ELj2636928640ELj15ELj4022730752ELj18ELj1812433253EEC2Ej
                0x08001920       0x1c ./Core/Src/games/Game.o
                0x08001920                std::mersenne_twister_engine<unsigned int, 32u, 624u, 397u, 31u, 2567483615u, 11u, 4294967295u, 7u, 2636928640u, 15u, 4022730752u, 18u, 1812433253u>::mersenne_twister_engine(unsigned int)
                0x08001920                std::mersenne_twister_engine<unsigned int, 32u, 624u, 397u, 31u, 2567483615u, 11u, 4294967295u, 7u, 2636928640u, 15u, 4022730752u, 18u, 1812433253u>::mersenne_twister_engine(unsigned int)
 .text._ZNSt8__detail5__modIjLj0ELj1ELj0EEET_S1_
                0x0800193c       0x1e ./Core/Src/games/Game.o
                0x0800193c                unsigned int std::__detail::__mod<unsigned int, 0u, 1u, 0u>(unsigned int)
 .text._ZNSt8__detail5__modIjLj624ELj1ELj0EEET_S1_
                0x0800195a       0x1e ./Core/Src/games/Game.o
                0x0800195a                unsigned int std::__detail::__mod<unsigned int, 624u, 1u, 0u>(unsigned int)
 .text._ZNSt8__detail4_ModIjLj0ELj1ELj0ELb1ELb0EE6__calcEj
                0x08001978       0x1a ./Core/Src/games/Game.o
                0x08001978                std::__detail::_Mod<unsigned int, 0u, 1u, 0u, true, false>::__calc(unsigned int)
 *fill*         0x08001992        0x2 
 .text._ZNSt8__detail4_ModIjLj624ELj1ELj0ELb1ELb1EE6__calcEj
                0x08001994       0x38 ./Core/Src/games/Game.o
                0x08001994                std::__detail::_Mod<unsigned int, 624u, 1u, 0u, true, true>::__calc(unsigned int)
 .text._ZN4PongC2EP6Player
                0x080019cc      0x280 ./Core/Src/games/pong/Pong.o
                0x080019cc                Pong::Pong(Player*)
                0x080019cc                Pong::Pong(Player*)
 .text._ZN4Pong5startEv
                0x08001c4c       0xc8 ./Core/Src/games/pong/Pong.o
                0x08001c4c                Pong::start()
 .text._ZN4Pong8move_padEv
                0x08001d14      0x1d4 ./Core/Src/games/pong/Pong.o
                0x08001d14                Pong::move_pad()
 .text._ZN4Pong9move_ballEv
                0x08001ee8      0x2bc ./Core/Src/games/pong/Pong.o
                0x08001ee8                Pong::move_ball()
 .text._ZN4Pong15collision_checkEPsS0_
                0x080021a4      0x1fe ./Core/Src/games/pong/Pong.o
                0x080021a4                Pong::collision_check(short*, short*)
 .text._ZSt23__is_constant_evaluatedv
                0x080023a2       0x10 ./Core/Src/games/snake/Snake.o
                0x080023a2                std::__is_constant_evaluated()
 .text._ZNSt7__cxx119to_stringEi
                0x080023b2       0x6c ./Core/Src/games/snake/Snake.o
                0x080023b2                std::__cxx11::to_string(int)
 .text._ZNSt7__cxx119to_stringEm
                0x0800241e       0x56 ./Core/Src/games/snake/Snake.o
                0x0800241e                std::__cxx11::to_string(unsigned long)
 .text._ZN5SnakeC2EP6Player
                0x08002474      0x1a4 ./Core/Src/games/snake/Snake.o
                0x08002474                Snake::Snake(Player*)
                0x08002474                Snake::Snake(Player*)
 .text._ZN5Snake5startEP6Player
                0x08002618       0x32 ./Core/Src/games/snake/Snake.o
                0x08002618                Snake::start(Player*)
 *fill*         0x0800264a        0x2 
 .text._ZN5Snake4walkEv
                0x0800264c      0x27c ./Core/Src/games/snake/Snake.o
                0x0800264c                Snake::walk()
 .text._ZN5Snake12generateFoodEv
                0x080028c8      0x2d8 ./Core/Src/games/snake/Snake.o
                0x080028c8                Snake::generateFood()
 .text._ZN5Snake9ruleCheckEhh
                0x08002ba0       0xb4 ./Core/Src/games/snake/Snake.o
                0x08002ba0                Snake::ruleCheck(unsigned char, unsigned char)
 .text._ZN5Snake17end_explodeActionEv
                0x08002c54       0x14 ./Core/Src/games/snake/Snake.o
                0x08002c54                Snake::end_explodeAction()
 .text._ZN5Snake13end_hitActionEv
                0x08002c68       0x14 ./Core/Src/games/snake/Snake.o
                0x08002c68                Snake::end_hitAction()
 .text._ZN5Snake16end_poisonActionEv
                0x08002c7c       0x14 ./Core/Src/games/snake/Snake.o
                0x08002c7c                Snake::end_poisonAction()
 .text._ZN5Snake6divideEv
                0x08002c90       0x14 ./Core/Src/games/snake/Snake.o
                0x08002c90                Snake::divide()
 .text._ZN5Snake11pointModidyEv
                0x08002ca4      0x11c ./Core/Src/games/snake/Snake.o
                0x08002ca4                Snake::pointModidy()
 .text._ZN5Snake11speedModifyEh
                0x08002dc0       0x18 ./Core/Src/games/snake/Snake.o
                0x08002dc0                Snake::speedModify(unsigned char)
 .text._ZN5Snake4pushEhh
                0x08002dd8       0xf8 ./Core/Src/games/snake/Snake.o
                0x08002dd8                Snake::push(unsigned char, unsigned char)
 .text._ZN5Snake3popEv
                0x08002ed0       0xb0 ./Core/Src/games/snake/Snake.o
                0x08002ed0                Snake::pop()
 .text._ZNSt8__detail14__to_chars_lenIjEEjT_i
                0x08002f80       0x7e ./Core/Src/games/snake/Snake.o
                0x08002f80                unsigned int std::__detail::__to_chars_len<unsigned int>(unsigned int, int)
 *fill*         0x08002ffe        0x2 
 .text._ZNSt8__detail18__to_chars_10_implIjEEvPcjT_
                0x08003000       0xdc ./Core/Src/games/snake/Snake.o
                0x08003000                void std::__detail::__to_chars_10_impl<unsigned int>(char*, unsigned int, unsigned int)
 .text._ZNSt8__detail14__to_chars_lenImEEjT_i
                0x080030dc       0x7e ./Core/Src/games/snake/Snake.o
                0x080030dc                unsigned int std::__detail::__to_chars_len<unsigned long>(unsigned long, int)
 *fill*         0x0800315a        0x2 
 .text._ZNSt8__detail18__to_chars_10_implImEEvPcjT_
                0x0800315c       0xdc ./Core/Src/games/snake/Snake.o
                0x0800315c                void std::__detail::__to_chars_10_impl<unsigned long>(char*, unsigned int, unsigned long)
 .text._ZStplIcSt11char_traitsIcESaIcEENSt7__cxx1112basic_stringIT_T0_T1_EEPKS5_OS8_
                0x08003238       0x30 ./Core/Src/games/snake/Snake.o
                0x08003238                std::__cxx11::basic_string<char, std::char_traits<char>, std::allocator<char> > std::operator+<char, std::char_traits<char>, std::allocator<char> >(char const*, std::__cxx11::basic_string<char, std::char_traits<char>, std::allocator<char> >&&)
 .text._ZNSt24uniform_int_distributionIiEC2Eii
                0x08003268       0x22 ./Core/Src/games/snake/Snake.o
                0x08003268                std::uniform_int_distribution<int>::uniform_int_distribution(int, int)
                0x08003268                std::uniform_int_distribution<int>::uniform_int_distribution(int, int)
 .text._ZNSt24uniform_int_distributionIiEclISt23mersenne_twister_engineIjLj32ELj624ELj397ELj31ELj2567483615ELj11ELj4294967295ELj7ELj2636928640ELj15ELj4022730752ELj18ELj1812433253EEEEiRT_
                0x0800328a       0x20 ./Core/Src/games/snake/Snake.o
                0x0800328a                int std::uniform_int_distribution<int>::operator()<std::mersenne_twister_engine<unsigned int, 32u, 624u, 397u, 31u, 2567483615u, 11u, 4294967295u, 7u, 2636928640u, 15u, 4022730752u, 18u, 1812433253u> >(std::mersenne_twister_engine<unsigned int, 32u, 624u, 397u, 31u, 2567483615u, 11u, 4294967295u, 7u, 2636928640u, 15u, 4022730752u, 18u, 1812433253u>&)
 .text._ZSt4moveIRNSt7__cxx1112basic_stringIcSt11char_traitsIcESaIcEEEEONSt16remove_referenceIT_E4typeEOS8_
                0x080032aa       0x16 ./Core/Src/games/snake/Snake.o
                0x080032aa                std::remove_reference<std::__cxx11::basic_string<char, std::char_traits<char>, std::allocator<char> >&>::type&& std::move<std::__cxx11::basic_string<char, std::char_traits<char>, std::allocator<char> >&>(std::__cxx11::basic_string<char, std::char_traits<char>, std::allocator<char> >&)
 .text._ZNSt24uniform_int_distributionIiE10param_typeC2Eii
                0x080032c0       0x40 ./Core/Src/games/snake/Snake.o
                0x080032c0                std::uniform_int_distribution<int>::param_type::param_type(int, int)
                0x080032c0                std::uniform_int_distribution<int>::param_type::param_type(int, int)
 .text._ZNSt24uniform_int_distributionIiEclISt23mersenne_twister_engineIjLj32ELj624ELj397ELj31ELj2567483615ELj11ELj4294967295ELj7ELj2636928640ELj15ELj4022730752ELj18ELj1812433253EEEEiRT_RKNS0_10param_typeE
                0x08003300       0x6e ./Core/Src/games/snake/Snake.o
                0x08003300                int std::uniform_int_distribution<int>::operator()<std::mersenne_twister_engine<unsigned int, 32u, 624u, 397u, 31u, 2567483615u, 11u, 4294967295u, 7u, 2636928640u, 15u, 4022730752u, 18u, 1812433253u> >(std::mersenne_twister_engine<unsigned int, 32u, 624u, 397u, 31u, 2567483615u, 11u, 4294967295u, 7u, 2636928640u, 15u, 4022730752u, 18u, 1812433253u>&, std::uniform_int_distribution<int>::param_type const&)
 .text._ZNKSt24uniform_int_distributionIiE10param_type1bEv
                0x0800336e       0x18 ./Core/Src/games/snake/Snake.o
                0x0800336e                std::uniform_int_distribution<int>::param_type::b() const
 .text._ZNKSt24uniform_int_distributionIiE10param_type1aEv
                0x08003386       0x18 ./Core/Src/games/snake/Snake.o
                0x08003386                std::uniform_int_distribution<int>::param_type::a() const
 .text._ZNSt24uniform_int_distributionIiE5_S_ndIySt23mersenne_twister_engineIjLj32ELj624ELj397ELj31ELj2567483615ELj11ELj4294967295ELj7ELj2636928640ELj15ELj4022730752ELj18ELj1812433253EEmEET1_RT0_S4_
                0x0800339e       0xd4 ./Core/Src/games/snake/Snake.o
                0x0800339e                unsigned long std::uniform_int_distribution<int>::_S_nd<unsigned long long, std::mersenne_twister_engine<unsigned int, 32u, 624u, 397u, 31u, 2567483615u, 11u, 4294967295u, 7u, 2636928640u, 15u, 4022730752u, 18u, 1812433253u>, unsigned long>(std::mersenne_twister_engine<unsigned int, 32u, 624u, 397u, 31u, 2567483615u, 11u, 4294967295u, 7u, 2636928640u, 15u, 4022730752u, 18u, 1812433253u>&, unsigned long)
 *fill*         0x08003472        0x2 
 .text._ZNSt23mersenne_twister_engineIjLj32ELj624ELj397ELj31ELj2567483615ELj11ELj4294967295ELj7ELj2636928640ELj15ELj4022730752ELj18ELj1812433253EEclEv
                0x08003474       0x74 ./Core/Src/games/snake/Snake.o
                0x08003474                std::mersenne_twister_engine<unsigned int, 32u, 624u, 397u, 31u, 2567483615u, 11u, 4294967295u, 7u, 2636928640u, 15u, 4022730752u, 18u, 1812433253u>::operator()()
 .text._ZNSt23mersenne_twister_engineIjLj32ELj624ELj397ELj31ELj2567483615ELj11ELj4294967295ELj7ELj2636928640ELj15ELj4022730752ELj18ELj1812433253EE11_M_gen_randEv
                0x080034e8      0x128 ./Core/Src/games/snake/Snake.o
                0x080034e8                std::mersenne_twister_engine<unsigned int, 32u, 624u, 397u, 31u, 2567483615u, 11u, 4294967295u, 7u, 2636928640u, 15u, 4022730752u, 18u, 1812433253u>::_M_gen_rand()
 .text._ZN6PlayerD2Ev
                0x08003610       0x1c ./Core/Src/main.o
                0x08003610                Player::~Player()
                0x08003610                Player::~Player()
 .text._ZN4GameD2Ev
                0x0800362c       0x30 ./Core/Src/main.o
                0x0800362c                Game::~Game()
                0x0800362c                Game::~Game()
 .text._ZN5SnakeD2Ev
                0x0800365c       0x1a ./Core/Src/main.o
                0x0800365c                Snake::~Snake()
                0x0800365c                Snake::~Snake()
 .text._ZN4PongD2Ev
                0x08003676       0x1a ./Core/Src/main.o
                0x08003676                Pong::~Pong()
                0x08003676                Pong::~Pong()
 .text.main     0x08003690      0x1d8 ./Core/Src/main.o
                0x08003690                main
 .text._Z18SystemClock_Configv
                0x08003868      0x110 ./Core/Src/main.o
                0x08003868                SystemClock_Config()
 .text._Z24PeriphCommonClock_Configv
                0x08003978       0x62 ./Core/Src/main.o
                0x08003978                PeriphCommonClock_Config()
 *fill*         0x080039da        0x2 
 .text._ZL14MX_GPDMA1_Initv
                0x080039dc       0xd8 ./Core/Src/main.o
 .text._ZL12MX_SPI1_Initv
                0x08003ab4       0xb4 ./Core/Src/main.o
 .text._ZL13MX_UART4_Initv
                0x08003b68       0xc0 ./Core/Src/main.o
 .text._ZL12MX_GPIO_Initv
                0x08003c28      0x2e4 ./Core/Src/main.o
 .text.Error_Handler
                0x08003f0c        0xc ./Core/Src/main.o
                0x08003f0c                Error_Handler
 .text._ZNSt6vectorIS_IhSaIhEESaIS1_EED2Ev
                0x08003f18       0x3c ./Core/Src/main.o
                0x08003f18                std::vector<std::vector<unsigned char, std::allocator<unsigned char> >, std::allocator<std::vector<unsigned char, std::allocator<unsigned char> > > >::~vector()
                0x08003f18                std::vector<std::vector<unsigned char, std::allocator<unsigned char> >, std::allocator<std::vector<unsigned char, std::allocator<unsigned char> > > >::~vector()
 .text._ZNSt12_Vector_baseISt6vectorIhSaIhEESaIS2_EE12_Vector_implD2Ev
                0x08003f54       0x1c ./Core/Src/main.o
                0x08003f54                std::_Vector_base<std::vector<unsigned char, std::allocator<unsigned char> >, std::allocator<std::vector<unsigned char, std::allocator<unsigned char> > > >::_Vector_impl::~_Vector_impl()
                0x08003f54                std::_Vector_base<std::vector<unsigned char, std::allocator<unsigned char> >, std::allocator<std::vector<unsigned char, std::allocator<unsigned char> > > >::_Vector_impl::~_Vector_impl()
 .text._ZNSt12_Vector_baseISt6vectorIhSaIhEESaIS2_EED2Ev
                0x08003f70       0x3c ./Core/Src/main.o
                0x08003f70                std::_Vector_base<std::vector<unsigned char, std::allocator<unsigned char> >, std::allocator<std::vector<unsigned char, std::allocator<unsigned char> > > >::~_Vector_base()
                0x08003f70                std::_Vector_base<std::vector<unsigned char, std::allocator<unsigned char> >, std::allocator<std::vector<unsigned char, std::allocator<unsigned char> > > >::~_Vector_base()
 .text._ZNSt12_Vector_baseISt6vectorIhSaIhEESaIS2_EE19_M_get_Tp_allocatorEv
                0x08003fac       0x16 ./Core/Src/main.o
                0x08003fac                std::_Vector_base<std::vector<unsigned char, std::allocator<unsigned char> >, std::allocator<std::vector<unsigned char, std::allocator<unsigned char> > > >::_M_get_Tp_allocator()
 .text._ZNSt15__new_allocatorISt6vectorIhSaIhEEED2Ev
                0x08003fc2       0x16 ./Core/Src/main.o
                0x08003fc2                std::__new_allocator<std::vector<unsigned char, std::allocator<unsigned char> > >::~__new_allocator()
                0x08003fc2                std::__new_allocator<std::vector<unsigned char, std::allocator<unsigned char> > >::~__new_allocator()
 .text._ZNSt12_Vector_baseISt6vectorIhSaIhEESaIS2_EE13_M_deallocateEPS2_j
                0x08003fd8       0x32 ./Core/Src/main.o
                0x08003fd8                std::_Vector_base<std::vector<unsigned char, std::allocator<unsigned char> >, std::allocator<std::vector<unsigned char, std::allocator<unsigned char> > > >::_M_deallocate(std::vector<unsigned char, std::allocator<unsigned char> >*, unsigned int)
 .text._ZSt8_DestroyIPSt6vectorIhSaIhEEEvT_S4_
                0x0800400a       0x1a ./Core/Src/main.o
                0x0800400a                void std::_Destroy<std::vector<unsigned char, std::allocator<unsigned char> >*>(std::vector<unsigned char, std::allocator<unsigned char> >*, std::vector<unsigned char, std::allocator<unsigned char> >*)
 .text._ZNSt12_Destroy_auxILb0EE9__destroyIPSt6vectorIhSaIhEEEEvT_S6_
                0x08004024       0x32 ./Core/Src/main.o
                0x08004024                void std::_Destroy_aux<false>::__destroy<std::vector<unsigned char, std::allocator<unsigned char> >*>(std::vector<unsigned char, std::allocator<unsigned char> >*, std::vector<unsigned char, std::allocator<unsigned char> >*)
 .text._ZNSt15__new_allocatorISt6vectorIhSaIhEEE10deallocateEPS2_j
                0x08004056       0x26 ./Core/Src/main.o
                0x08004056                std::__new_allocator<std::vector<unsigned char, std::allocator<unsigned char> > >::deallocate(std::vector<unsigned char, std::allocator<unsigned char> >*, unsigned int)
 .text._ZSt11__addressofISt6vectorIhSaIhEEEPT_RS3_
                0x0800407c       0x16 ./Core/Src/main.o
                0x0800407c                std::vector<unsigned char, std::allocator<unsigned char> >* std::__addressof<std::vector<unsigned char, std::allocator<unsigned char> > >(std::vector<unsigned char, std::allocator<unsigned char> >&)
 .text._ZSt8_DestroyISt6vectorIhSaIhEEEvPT_
                0x08004092       0x16 ./Core/Src/main.o
                0x08004092                void std::_Destroy<std::vector<unsigned char, std::allocator<unsigned char> > >(std::vector<unsigned char, std::allocator<unsigned char> >*)
 .text._ZNSt6vectorIhSaIhEED2Ev
                0x080040a8       0x3c ./Core/Src/main.o
                0x080040a8                std::vector<unsigned char, std::allocator<unsigned char> >::~vector()
                0x080040a8                std::vector<unsigned char, std::allocator<unsigned char> >::~vector()
 .text._ZNSt12_Vector_baseIhSaIhEE12_Vector_implD2Ev
                0x080040e4       0x1c ./Core/Src/main.o
                0x080040e4                std::_Vector_base<unsigned char, std::allocator<unsigned char> >::_Vector_impl::~_Vector_impl()
                0x080040e4                std::_Vector_base<unsigned char, std::allocator<unsigned char> >::_Vector_impl::~_Vector_impl()
 .text._ZNSt12_Vector_baseIhSaIhEED2Ev
                0x08004100       0x30 ./Core/Src/main.o
                0x08004100                std::_Vector_base<unsigned char, std::allocator<unsigned char> >::~_Vector_base()
                0x08004100                std::_Vector_base<unsigned char, std::allocator<unsigned char> >::~_Vector_base()
 .text._ZNSt12_Vector_baseIhSaIhEE19_M_get_Tp_allocatorEv
                0x08004130       0x16 ./Core/Src/main.o
                0x08004130                std::_Vector_base<unsigned char, std::allocator<unsigned char> >::_M_get_Tp_allocator()
 .text._ZNSt12_Vector_baseIhSaIhEE13_M_deallocateEPhj
                0x08004146       0x32 ./Core/Src/main.o
                0x08004146                std::_Vector_base<unsigned char, std::allocator<unsigned char> >::_M_deallocate(unsigned char*, unsigned int)
 .text._ZSt8_DestroyIPhEvT_S1_
                0x08004178       0x1a ./Core/Src/main.o
                0x08004178                void std::_Destroy<unsigned char*>(unsigned char*, unsigned char*)
 .text._ZNSt15__new_allocatorIhED2Ev
                0x08004192       0x16 ./Core/Src/main.o
                0x08004192                std::__new_allocator<unsigned char>::~__new_allocator()
                0x08004192                std::__new_allocator<unsigned char>::~__new_allocator()
 .text._ZNSt12_Destroy_auxILb1EE9__destroyIPhEEvT_S3_
                0x080041a8       0x16 ./Core/Src/main.o
                0x080041a8                void std::_Destroy_aux<true>::__destroy<unsigned char*>(unsigned char*, unsigned char*)
 .text._ZNSt15__new_allocatorIhE10deallocateEPhj
                0x080041be       0x1c ./Core/Src/main.o
                0x080041be                std::__new_allocator<unsigned char>::deallocate(unsigned char*, unsigned int)
 .text.HAL_MspInit
                0x080041da        0xc ./Core/Src/stm32h5xx_hal_msp.o
                0x080041da                HAL_MspInit
 *fill*         0x080041e6        0x2 
 .text.HAL_SPI_MspInit
                0x080041e8      0x11c ./Core/Src/stm32h5xx_hal_msp.o
                0x080041e8                HAL_SPI_MspInit
 .text.HAL_UART_MspInit
                0x08004304      0x11c ./Core/Src/stm32h5xx_hal_msp.o
                0x08004304                HAL_UART_MspInit
 .text.NMI_Handler
                0x08004420        0x8 ./Core/Src/stm32h5xx_it.o
                0x08004420                NMI_Handler
 .text.HardFault_Handler
                0x08004428        0x8 ./Core/Src/stm32h5xx_it.o
                0x08004428                HardFault_Handler
 .text.MemManage_Handler
                0x08004430        0x8 ./Core/Src/stm32h5xx_it.o
                0x08004430                MemManage_Handler
 .text.BusFault_Handler
                0x08004438        0x8 ./Core/Src/stm32h5xx_it.o
                0x08004438                BusFault_Handler
 .text.UsageFault_Handler
                0x08004440        0x8 ./Core/Src/stm32h5xx_it.o
                0x08004440                UsageFault_Handler
 .text.SVC_Handler
                0x08004448        0xe ./Core/Src/stm32h5xx_it.o
                0x08004448                SVC_Handler
 .text.DebugMon_Handler
                0x08004456        0xe ./Core/Src/stm32h5xx_it.o
                0x08004456                DebugMon_Handler
 .text.PendSV_Handler
                0x08004464        0xe ./Core/Src/stm32h5xx_it.o
                0x08004464                PendSV_Handler
 .text.SysTick_Handler
                0x08004472        0xc ./Core/Src/stm32h5xx_it.o
                0x08004472                SysTick_Handler
 *fill*         0x0800447e        0x2 
 .text.EXTI0_IRQHandler
                0x08004480       0x34 ./Core/Src/stm32h5xx_it.o
                0x08004480                EXTI0_IRQHandler
 .text.EXTI1_IRQHandler
                0x080044b4       0x34 ./Core/Src/stm32h5xx_it.o
                0x080044b4                EXTI1_IRQHandler
 .text.EXTI2_IRQHandler
                0x080044e8       0x34 ./Core/Src/stm32h5xx_it.o
                0x080044e8                EXTI2_IRQHandler
 .text.EXTI3_IRQHandler
                0x0800451c       0x34 ./Core/Src/stm32h5xx_it.o
                0x0800451c                EXTI3_IRQHandler
 .text.EXTI13_IRQHandler
                0x08004550       0x38 ./Core/Src/stm32h5xx_it.o
                0x08004550                EXTI13_IRQHandler
 .text.EXTI14_IRQHandler
                0x08004588       0x38 ./Core/Src/stm32h5xx_it.o
                0x08004588                EXTI14_IRQHandler
 .text.EXTI15_IRQHandler
                0x080045c0       0x38 ./Core/Src/stm32h5xx_it.o
                0x080045c0                EXTI15_IRQHandler
 .text.GPDMA1_Channel5_IRQHandler
                0x080045f8       0x14 ./Core/Src/stm32h5xx_it.o
                0x080045f8                GPDMA1_Channel5_IRQHandler
 .text.TIM1_UP_IRQHandler
                0x0800460c       0x14 ./Core/Src/stm32h5xx_it.o
                0x0800460c                TIM1_UP_IRQHandler
 .text.TIM3_IRQHandler
                0x08004620       0x40 ./Core/Src/stm32h5xx_it.o
                0x08004620                TIM3_IRQHandler
 .text.TIM4_IRQHandler
                0x08004660       0x34 ./Core/Src/stm32h5xx_it.o
                0x08004660                TIM4_IRQHandler
 .text.TIM5_IRQHandler
                0x08004694       0x14 ./Core/Src/stm32h5xx_it.o
                0x08004694                TIM5_IRQHandler
 .text.TIM6_IRQHandler
                0x080046a8       0x14 ./Core/Src/stm32h5xx_it.o
                0x080046a8                TIM6_IRQHandler
 .text.TIM7_IRQHandler
                0x080046bc       0x14 ./Core/Src/stm32h5xx_it.o
                0x080046bc                TIM7_IRQHandler
 .text.TIM8_UP_IRQHandler
                0x080046d0       0x14 ./Core/Src/stm32h5xx_it.o
                0x080046d0                TIM8_UP_IRQHandler
 .text.TIM15_IRQHandler
                0x080046e4       0x14 ./Core/Src/stm32h5xx_it.o
                0x080046e4                TIM15_IRQHandler
 .text.TIM16_IRQHandler
                0x080046f8       0x14 ./Core/Src/stm32h5xx_it.o
                0x080046f8                TIM16_IRQHandler
 .text.TIM17_IRQHandler
                0x0800470c       0x14 ./Core/Src/stm32h5xx_it.o
                0x0800470c                TIM17_IRQHandler
 .text.TIM12_IRQHandler
                0x08004720       0x14 ./Core/Src/stm32h5xx_it.o
                0x08004720                TIM12_IRQHandler
 .text.TIM13_IRQHandler
                0x08004734       0x14 ./Core/Src/stm32h5xx_it.o
                0x08004734                TIM13_IRQHandler
 .text.TIM14_IRQHandler
                0x08004748       0x14 ./Core/Src/stm32h5xx_it.o
                0x08004748                TIM14_IRQHandler
 .text._getpid  0x0800475c       0x10 ./Core/Src/syscalls.o
                0x0800475c                _getpid
 .text._kill    0x0800476c       0x20 ./Core/Src/syscalls.o
                0x0800476c                _kill
 .text._exit    0x0800478c       0x16 ./Core/Src/syscalls.o
                0x0800478c                _exit
 *fill*         0x080047a2        0x2 
 .text._sbrk    0x080047a4       0x6c ./Core/Src/sysmem.o
                0x080047a4                _sbrk
 .text.SystemInit
                0x08004810       0xf8 ./Core/Src/system_stm32h5xx.o
                0x08004810                SystemInit
 .text._ZN4PoolC2Ev
                0x08004908       0x58 ./Core/Src/memory/memory.o
                0x08004908                Pool::Pool()
                0x08004908                Pool::Pool()
 .text._ZN4Pool4pushEhh
                0x08004960       0xb4 ./Core/Src/memory/memory.o
                0x08004960                Pool::push(unsigned char, unsigned char)
 .text._ZN4Pool3popEv
                0x08004a14       0x64 ./Core/Src/memory/memory.o
                0x08004a14                Pool::pop()
 .text._Z7printlnRNSt7__cxx1112basic_stringIcSt11char_traitsIcESaIcEEE
                0x08004a78       0x48 ./Core/Src/print/print.o
                0x08004a78                println(std::__cxx11::basic_string<char, std::char_traits<char>, std::allocator<char> >&)
 .text._Z10printErrorh
                0x08004ac0       0x84 ./Core/Src/print/print.o
                0x08004ac0                printError(unsigned char)
 .text.__NVIC_EnableIRQ
                0x08004b44       0x3c ./Core/Src/timers/timers.o
 .text.MX_TIM2_Init
                0x08004b80       0xac ./Core/Src/timers/timers.o
                0x08004b80                MX_TIM2_Init
 .text.TIM2_IRQHandler
                0x08004c2c      0x15c ./Core/Src/timers/timers.o
                0x08004c2c                TIM2_IRQHandler
 .text.registerA
                0x08004d88      0x120 ./Core/Src/timers/timers.o
 .text.registerB
                0x08004ea8      0x130 ./Core/Src/timers/timers.o
 .text.registerC
                0x08004fd8      0x130 ./Core/Src/timers/timers.o
 .text.registerD
                0x08005108      0x138 ./Core/Src/timers/timers.o
 .text.registerE
                0x08005240      0x12c ./Core/Src/timers/timers.o
 .text.confPanel_1
                0x0800536c       0x3c ./Core/Src/timers/timers.o
 .text.confPanel_2
                0x080053a8       0x3c ./Core/Src/timers/timers.o
 .text.confPanel_3
                0x080053e4       0x3c ./Core/Src/timers/timers.o
 .text.confPanel_4
                0x08005420       0x3c ./Core/Src/timers/timers.o
 .text.Reset_Handler
                0x0800545c       0x50 ./Core/Startup/startup_stm32h563vgtx.o
                0x0800545c                Reset_Handler
 .text.Default_Handler
                0x080054ac        0x2 ./Core/Startup/startup_stm32h563vgtx.o
                0x080054ac                TIM8_TRG_COM_IRQHandler
                0x080054ac                TIM8_CC_IRQHandler
                0x080054ac                EXTI5_IRQHandler
                0x080054ac                I3C1_ER_IRQHandler
                0x080054ac                UART8_IRQHandler
                0x080054ac                SPI4_IRQHandler
                0x080054ac                GPDMA2_Channel1_IRQHandler
                0x080054ac                FLASH_S_IRQHandler
                0x080054ac                TIM1_CC_IRQHandler
                0x080054ac                GPDMA2_Channel3_IRQHandler
                0x080054ac                TAMP_IRQHandler
                0x080054ac                EXTI12_IRQHandler
                0x080054ac                CORDIC_IRQHandler
                0x080054ac                USB_DRD_FS_IRQHandler
                0x080054ac                LPTIM4_IRQHandler
                0x080054ac                EXTI8_IRQHandler
                0x080054ac                GPDMA2_Channel5_IRQHandler
                0x080054ac                LPTIM2_IRQHandler
                0x080054ac                I2C3_ER_IRQHandler
                0x080054ac                GPDMA2_Channel2_IRQHandler
                0x080054ac                USART10_IRQHandler
                0x080054ac                LPTIM3_IRQHandler
                0x080054ac                I2C2_EV_IRQHandler
                0x080054ac                FPU_IRQHandler
                0x080054ac                GPDMA1_Channel3_IRQHandler
                0x080054ac                GPDMA1_Channel7_IRQHandler
                0x080054ac                FDCAN1_IT1_IRQHandler
                0x080054ac                RAMCFG_IRQHandler
                0x080054ac                DCACHE1_IRQHandler
                0x080054ac                SPI1_IRQHandler
                0x080054ac                OCTOSPI1_IRQHandler
                0x080054ac                GPDMA1_Channel2_IRQHandler
                0x080054ac                RCC_S_IRQHandler
                0x080054ac                SAI2_IRQHandler
                0x080054ac                ADC1_IRQHandler
                0x080054ac                USART6_IRQHandler
                0x080054ac                USART3_IRQHandler
                0x080054ac                RTC_IRQHandler
                0x080054ac                EXTI9_IRQHandler
                0x080054ac                LPTIM5_IRQHandler
                0x080054ac                UART5_IRQHandler
                0x080054ac                I2C1_EV_IRQHandler
                0x080054ac                GPDMA1_Channel1_IRQHandler
                0x080054ac                UART4_IRQHandler
                0x080054ac                SecureFault_Handler
                0x080054ac                RCC_IRQHandler
                0x080054ac                UART9_IRQHandler
                0x080054ac                TIM1_TRG_COM_IRQHandler
                0x080054ac                Default_Handler
                0x080054ac                FMAC_IRQHandler
                0x080054ac                CEC_IRQHandler
                0x080054ac                USART11_IRQHandler
                0x080054ac                GPDMA2_Channel4_IRQHandler
                0x080054ac                SPI5_IRQHandler
                0x080054ac                SDMMC1_IRQHandler
                0x080054ac                UCPD1_IRQHandler
                0x080054ac                GPDMA1_Channel0_IRQHandler
                0x080054ac                I3C1_EV_IRQHandler
                0x080054ac                PVD_AVD_IRQHandler
                0x080054ac                I2C3_EV_IRQHandler
                0x080054ac                ETH_WKUP_IRQHandler
                0x080054ac                ADC2_IRQHandler
                0x080054ac                SPI2_IRQHandler
                0x080054ac                EXTI11_IRQHandler
                0x080054ac                CRS_IRQHandler
                0x080054ac                EXTI4_IRQHandler
                0x080054ac                GPDMA2_Channel0_IRQHandler
                0x080054ac                RTC_S_IRQHandler
                0x080054ac                RNG_IRQHandler
                0x080054ac                FDCAN2_IT1_IRQHandler
                0x080054ac                ETH_IRQHandler
                0x080054ac                GPDMA2_Channel6_IRQHandler
                0x080054ac                UART12_IRQHandler
                0x080054ac                WWDG_IRQHandler
                0x080054ac                SPI6_IRQHandler
                0x080054ac                I2C4_EV_IRQHandler
                0x080054ac                FDCAN2_IT0_IRQHandler
                0x080054ac                IWDG_IRQHandler
                0x080054ac                LPUART1_IRQHandler
                0x080054ac                FDCAN1_IT0_IRQHandler
                0x080054ac                GPDMA1_Channel4_IRQHandler
                0x080054ac                EXTI7_IRQHandler
                0x080054ac                TIM1_BRK_IRQHandler
                0x080054ac                SDMMC2_IRQHandler
                0x080054ac                LPTIM6_IRQHandler
                0x080054ac                DAC1_IRQHandler
                0x080054ac                DTS_IRQHandler
                0x080054ac                UART7_IRQHandler
                0x080054ac                GTZC_IRQHandler
                0x080054ac                USART2_IRQHandler
                0x080054ac                GPDMA1_Channel6_IRQHandler
                0x080054ac                GPDMA2_Channel7_IRQHandler
                0x080054ac                I2C2_ER_IRQHandler
                0x080054ac                TIM8_BRK_IRQHandler
                0x080054ac                FLASH_IRQHandler
                0x080054ac                USART1_IRQHandler
                0x080054ac                EXTI10_IRQHandler
                0x080054ac                SPI3_IRQHandler
                0x080054ac                I2C1_ER_IRQHandler
                0x080054ac                FMC_IRQHandler
                0x080054ac                EXTI6_IRQHandler
                0x080054ac                LPTIM1_IRQHandler
                0x080054ac                DCMI_PSSI_IRQHandler
                0x080054ac                I2C4_ER_IRQHandler
                0x080054ac                ICACHE_IRQHandler
                0x080054ac                SAI1_IRQHandler
                0x080054ac                HASH_IRQHandler
 *fill*         0x080054ae        0x2 
 .text.HAL_Init
                0x080054b0       0x50 ./Drivers/STM32H5xx_HAL_Driver/Src/stm32h5xx_hal.o
                0x080054b0                HAL_Init
 .text.HAL_InitTick
                0x08005500       0xec ./Drivers/STM32H5xx_HAL_Driver/Src/stm32h5xx_hal.o
                0x08005500                HAL_InitTick
 .text.HAL_IncTick
                0x080055ec       0x28 ./Drivers/STM32H5xx_HAL_Driver/Src/stm32h5xx_hal.o
                0x080055ec                HAL_IncTick
 .text.HAL_GetTick
                0x08005614       0x18 ./Drivers/STM32H5xx_HAL_Driver/Src/stm32h5xx_hal.o
                0x08005614                HAL_GetTick
 .text.HAL_Delay
                0x0800562c       0x48 ./Drivers/STM32H5xx_HAL_Driver/Src/stm32h5xx_hal.o
                0x0800562c                HAL_Delay
 .text.__NVIC_SetPriorityGrouping
                0x08005674       0x48 ./Drivers/STM32H5xx_HAL_Driver/Src/stm32h5xx_hal_cortex.o
 .text.__NVIC_GetPriorityGrouping
                0x080056bc       0x1c ./Drivers/STM32H5xx_HAL_Driver/Src/stm32h5xx_hal_cortex.o
 .text.__NVIC_EnableIRQ
                0x080056d8       0x3c ./Drivers/STM32H5xx_HAL_Driver/Src/stm32h5xx_hal_cortex.o
 .text.__NVIC_SetPriority
                0x08005714       0x54 ./Drivers/STM32H5xx_HAL_Driver/Src/stm32h5xx_hal_cortex.o
 .text.NVIC_EncodePriority
                0x08005768       0x66 ./Drivers/STM32H5xx_HAL_Driver/Src/stm32h5xx_hal_cortex.o
 .text.HAL_NVIC_SetPriorityGrouping
                0x080057ce       0x16 ./Drivers/STM32H5xx_HAL_Driver/Src/stm32h5xx_hal_cortex.o
                0x080057ce                HAL_NVIC_SetPriorityGrouping
 .text.HAL_NVIC_SetPriority
                0x080057e4       0x34 ./Drivers/STM32H5xx_HAL_Driver/Src/stm32h5xx_hal_cortex.o
                0x080057e4                HAL_NVIC_SetPriority
 .text.HAL_NVIC_EnableIRQ
                0x08005818       0x1c ./Drivers/STM32H5xx_HAL_Driver/Src/stm32h5xx_hal_cortex.o
                0x08005818                HAL_NVIC_EnableIRQ
 .text.HAL_SYSTICK_Config
                0x08005834       0x44 ./Drivers/STM32H5xx_HAL_Driver/Src/stm32h5xx_hal_cortex.o
                0x08005834                HAL_SYSTICK_Config
 .text.HAL_SYSTICK_CLKSourceConfig
                0x08005878       0xb0 ./Drivers/STM32H5xx_HAL_Driver/Src/stm32h5xx_hal_cortex.o
                0x08005878                HAL_SYSTICK_CLKSourceConfig
 .text.HAL_SYSTICK_GetCLKSourceConfig
                0x08005928       0x6c ./Drivers/STM32H5xx_HAL_Driver/Src/stm32h5xx_hal_cortex.o
                0x08005928                HAL_SYSTICK_GetCLKSourceConfig
 .text.HAL_DMA_Init
                0x08005994      0x284 ./Drivers/STM32H5xx_HAL_Driver/Src/stm32h5xx_hal_dma.o
                0x08005994                HAL_DMA_Init
 .text.HAL_DMA_IRQHandler
                0x08005c18      0x2c2 ./Drivers/STM32H5xx_HAL_Driver/Src/stm32h5xx_hal_dma.o
                0x08005c18                HAL_DMA_IRQHandler
 .text.HAL_DMA_ConfigChannelAttributes
                0x08005eda       0x78 ./Drivers/STM32H5xx_HAL_Driver/Src/stm32h5xx_hal_dma.o
                0x08005eda                HAL_DMA_ConfigChannelAttributes
 *fill*         0x08005f52        0x2 
 .text.DMA_Init
                0x08005f54      0x508 ./Drivers/STM32H5xx_HAL_Driver/Src/stm32h5xx_hal_dma.o
 .text.HAL_GPIO_Init
                0x0800645c      0x2bc ./Drivers/STM32H5xx_HAL_Driver/Src/stm32h5xx_hal_gpio.o
                0x0800645c                HAL_GPIO_Init
 .text.HAL_GPIO_ReadPin
                0x08006718       0x30 ./Drivers/STM32H5xx_HAL_Driver/Src/stm32h5xx_hal_gpio.o
                0x08006718                HAL_GPIO_ReadPin
 .text.HAL_GPIO_WritePin
                0x08006748       0x30 ./Drivers/STM32H5xx_HAL_Driver/Src/stm32h5xx_hal_gpio.o
                0x08006748                HAL_GPIO_WritePin
 .text.HAL_GPIO_EXTI_IRQHandler
                0x08006778       0x4c ./Drivers/STM32H5xx_HAL_Driver/Src/stm32h5xx_hal_gpio.o
                0x08006778                HAL_GPIO_EXTI_IRQHandler
 .text.HAL_GPIO_EXTI_Rising_Callback
                0x080067c4       0x16 ./Drivers/STM32H5xx_HAL_Driver/Src/stm32h5xx_hal_gpio.o
                0x080067c4                HAL_GPIO_EXTI_Rising_Callback
 .text.HAL_GPIO_EXTI_Falling_Callback
                0x080067da       0x16 ./Drivers/STM32H5xx_HAL_Driver/Src/stm32h5xx_hal_gpio.o
                0x080067da                HAL_GPIO_EXTI_Falling_Callback
 .text.HAL_PWREx_DisableUCPDDeadBattery
                0x080067f0       0x20 ./Drivers/STM32H5xx_HAL_Driver/Src/stm32h5xx_hal_pwr_ex.o
                0x080067f0                HAL_PWREx_DisableUCPDDeadBattery
 .text.HAL_RCC_OscConfig
                0x08006810      0x870 ./Drivers/STM32H5xx_HAL_Driver/Src/stm32h5xx_hal_rcc.o
                0x08006810                HAL_RCC_OscConfig
 .text.HAL_RCC_ClockConfig
                0x08007080      0x370 ./Drivers/STM32H5xx_HAL_Driver/Src/stm32h5xx_hal_rcc.o
                0x08007080                HAL_RCC_ClockConfig
 .text.HAL_RCC_GetSysClockFreq
                0x080073f0      0x258 ./Drivers/STM32H5xx_HAL_Driver/Src/stm32h5xx_hal_rcc.o
                0x080073f0                HAL_RCC_GetSysClockFreq
 .text.HAL_RCC_GetHCLKFreq
                0x08007648       0x38 ./Drivers/STM32H5xx_HAL_Driver/Src/stm32h5xx_hal_rcc.o
                0x08007648                HAL_RCC_GetHCLKFreq
 .text.HAL_RCC_GetPCLK1Freq
                0x08007680       0x2c ./Drivers/STM32H5xx_HAL_Driver/Src/stm32h5xx_hal_rcc.o
                0x08007680                HAL_RCC_GetPCLK1Freq
 .text.HAL_RCC_GetPCLK2Freq
                0x080076ac       0x2c ./Drivers/STM32H5xx_HAL_Driver/Src/stm32h5xx_hal_rcc.o
                0x080076ac                HAL_RCC_GetPCLK2Freq
 .text.HAL_RCC_GetPCLK3Freq
                0x080076d8       0x2c ./Drivers/STM32H5xx_HAL_Driver/Src/stm32h5xx_hal_rcc.o
                0x080076d8                HAL_RCC_GetPCLK3Freq
 .text.HAL_RCCEx_PeriphCLKConfig
                0x08007704     0x1f14 ./Drivers/STM32H5xx_HAL_Driver/Src/stm32h5xx_hal_rcc_ex.o
                0x08007704                HAL_RCCEx_PeriphCLKConfig
 .text.HAL_RCCEx_GetPLL1ClockFreq
                0x08009618      0x2d8 ./Drivers/STM32H5xx_HAL_Driver/Src/stm32h5xx_hal_rcc_ex.o
                0x08009618                HAL_RCCEx_GetPLL1ClockFreq
 .text.HAL_RCCEx_GetPLL2ClockFreq
                0x080098f0      0x2d8 ./Drivers/STM32H5xx_HAL_Driver/Src/stm32h5xx_hal_rcc_ex.o
                0x080098f0                HAL_RCCEx_GetPLL2ClockFreq
 .text.HAL_RCCEx_GetPLL3ClockFreq
                0x08009bc8      0x2d8 ./Drivers/STM32H5xx_HAL_Driver/Src/stm32h5xx_hal_rcc_ex.o
                0x08009bc8                HAL_RCCEx_GetPLL3ClockFreq
 .text.HAL_RCCEx_GetPeriphCLKFreq
                0x08009ea0     0x26b4 ./Drivers/STM32H5xx_HAL_Driver/Src/stm32h5xx_hal_rcc_ex.o
                0x08009ea0                HAL_RCCEx_GetPeriphCLKFreq
 .text.RCCEx_PLL2_Config
                0x0800c554      0x130 ./Drivers/STM32H5xx_HAL_Driver/Src/stm32h5xx_hal_rcc_ex.o
 .text.RCCEx_PLL3_Config
                0x0800c684      0x130 ./Drivers/STM32H5xx_HAL_Driver/Src/stm32h5xx_hal_rcc_ex.o
 .text.HAL_SPI_Init
                0x0800c7b4      0x2e0 ./Drivers/STM32H5xx_HAL_Driver/Src/stm32h5xx_hal_spi.o
                0x0800c7b4                HAL_SPI_Init
 .text.SPI_GetPacketSize
                0x0800ca94       0x36 ./Drivers/STM32H5xx_HAL_Driver/Src/stm32h5xx_hal_spi.o
 .text.HAL_TIM_IRQHandler
                0x0800caca      0x29e ./Drivers/STM32H5xx_HAL_Driver/Src/stm32h5xx_hal_tim.o
                0x0800caca                HAL_TIM_IRQHandler
 .text.HAL_TIM_PeriodElapsedCallback
                0x0800cd68       0x14 ./Drivers/STM32H5xx_HAL_Driver/Src/stm32h5xx_hal_tim.o
                0x0800cd68                HAL_TIM_PeriodElapsedCallback
 .text.HAL_TIM_OC_DelayElapsedCallback
                0x0800cd7c       0x14 ./Drivers/STM32H5xx_HAL_Driver/Src/stm32h5xx_hal_tim.o
                0x0800cd7c                HAL_TIM_OC_DelayElapsedCallback
 .text.HAL_TIM_IC_CaptureCallback
                0x0800cd90       0x14 ./Drivers/STM32H5xx_HAL_Driver/Src/stm32h5xx_hal_tim.o
                0x0800cd90                HAL_TIM_IC_CaptureCallback
 .text.HAL_TIM_PWM_PulseFinishedCallback
                0x0800cda4       0x14 ./Drivers/STM32H5xx_HAL_Driver/Src/stm32h5xx_hal_tim.o
                0x0800cda4                HAL_TIM_PWM_PulseFinishedCallback
 .text.HAL_TIM_TriggerCallback
                0x0800cdb8       0x14 ./Drivers/STM32H5xx_HAL_Driver/Src/stm32h5xx_hal_tim.o
                0x0800cdb8                HAL_TIM_TriggerCallback
 .text.HAL_TIMEx_CommutCallback
                0x0800cdcc       0x14 ./Drivers/STM32H5xx_HAL_Driver/Src/stm32h5xx_hal_tim_ex.o
                0x0800cdcc                HAL_TIMEx_CommutCallback
 .text.HAL_TIMEx_BreakCallback
                0x0800cde0       0x14 ./Drivers/STM32H5xx_HAL_Driver/Src/stm32h5xx_hal_tim_ex.o
                0x0800cde0                HAL_TIMEx_BreakCallback
 .text.HAL_TIMEx_Break2Callback
                0x0800cdf4       0x14 ./Drivers/STM32H5xx_HAL_Driver/Src/stm32h5xx_hal_tim_ex.o
                0x0800cdf4                HAL_TIMEx_Break2Callback
 .text.HAL_TIMEx_EncoderIndexCallback
                0x0800ce08       0x14 ./Drivers/STM32H5xx_HAL_Driver/Src/stm32h5xx_hal_tim_ex.o
                0x0800ce08                HAL_TIMEx_EncoderIndexCallback
 .text.HAL_TIMEx_DirectionChangeCallback
                0x0800ce1c       0x14 ./Drivers/STM32H5xx_HAL_Driver/Src/stm32h5xx_hal_tim_ex.o
                0x0800ce1c                HAL_TIMEx_DirectionChangeCallback
 .text.HAL_TIMEx_IndexErrorCallback
                0x0800ce30       0x14 ./Drivers/STM32H5xx_HAL_Driver/Src/stm32h5xx_hal_tim_ex.o
                0x0800ce30                HAL_TIMEx_IndexErrorCallback
 .text.HAL_TIMEx_TransitionErrorCallback
                0x0800ce44       0x14 ./Drivers/STM32H5xx_HAL_Driver/Src/stm32h5xx_hal_tim_ex.o
                0x0800ce44                HAL_TIMEx_TransitionErrorCallback
 .text.HAL_UART_Init
                0x0800ce58       0xa0 ./Drivers/STM32H5xx_HAL_Driver/Src/stm32h5xx_hal_uart.o
                0x0800ce58                HAL_UART_Init
 .text.HAL_UART_Transmit
                0x0800cef8      0x13c ./Drivers/STM32H5xx_HAL_Driver/Src/stm32h5xx_hal_uart.o
                0x0800cef8                HAL_UART_Transmit
 .text.UART_SetConfig
                0x0800d034      0x3dc ./Drivers/STM32H5xx_HAL_Driver/Src/stm32h5xx_hal_uart.o
                0x0800d034                UART_SetConfig
 .text.UART_AdvFeatureConfig
                0x0800d410      0x144 ./Drivers/STM32H5xx_HAL_Driver/Src/stm32h5xx_hal_uart.o
                0x0800d410                UART_AdvFeatureConfig
 .text.UART_CheckIdleState
                0x0800d554      0x154 ./Drivers/STM32H5xx_HAL_Driver/Src/stm32h5xx_hal_uart.o
                0x0800d554                UART_CheckIdleState
 .text.UART_WaitOnFlagUntilTimeout
                0x0800d6a8       0xda ./Drivers/STM32H5xx_HAL_Driver/Src/stm32h5xx_hal_uart.o
                0x0800d6a8                UART_WaitOnFlagUntilTimeout
 .text.UART_EndRxTransfer
                0x0800d782       0xcc ./Drivers/STM32H5xx_HAL_Driver/Src/stm32h5xx_hal_uart.o
 .text.HAL_UARTEx_DisableFifoMode
                0x0800d84e       0x72 ./Drivers/STM32H5xx_HAL_Driver/Src/stm32h5xx_hal_uart_ex.o
                0x0800d84e                HAL_UARTEx_DisableFifoMode
 .text.HAL_UARTEx_SetTxFifoThreshold
                0x0800d8c0       0x7c ./Drivers/STM32H5xx_HAL_Driver/Src/stm32h5xx_hal_uart_ex.o
                0x0800d8c0                HAL_UARTEx_SetTxFifoThreshold
 .text.HAL_UARTEx_SetRxFifoThreshold
                0x0800d93c       0x7c ./Drivers/STM32H5xx_HAL_Driver/Src/stm32h5xx_hal_uart_ex.o
                0x0800d93c                HAL_UARTEx_SetRxFifoThreshold
 .text.UARTEx_SetNbDataToProcess
                0x0800d9b8       0x9c ./Drivers/STM32H5xx_HAL_Driver/Src/stm32h5xx_hal_uart_ex.o
 .text._ZdlPvj  0x0800da54        0x4 /opt/st/stm32cubeide_1.19.0/plugins/com.st.stm32cube.ide.mcu.externaltools.gnu-tools-for-stm32.13.3.rel1.linux64_1.0.0.202410170706/tools/bin/../lib/gcc/arm-none-eabi/13.3.1/../../../../arm-none-eabi/lib/thumb/v8-m.main+fp/hard/libstdc++_nano.a(del_ops.o)
                0x0800da54                operator delete(void*, unsigned int)
 .text._ZNSt11char_traitsIcE4copyEPcPKcj.isra.0
                0x0800da58        0x8 /opt/st/stm32cubeide_1.19.0/plugins/com.st.stm32cube.ide.mcu.externaltools.gnu-tools-for-stm32.13.3.rel1.linux64_1.0.0.202410170706/tools/bin/../lib/gcc/arm-none-eabi/13.3.1/../../../../arm-none-eabi/lib/thumb/v8-m.main+fp/hard/libstdc++_nano.a(string-inst.o)
 .text._ZNSt7__cxx1112basic_stringIcSt11char_traitsIcESaIcEE11_S_allocateERS3_j
                0x0800da60       0x12 /opt/st/stm32cubeide_1.19.0/plugins/com.st.stm32cube.ide.mcu.externaltools.gnu-tools-for-stm32.13.3.rel1.linux64_1.0.0.202410170706/tools/bin/../lib/gcc/arm-none-eabi/13.3.1/../../../../arm-none-eabi/lib/thumb/v8-m.main+fp/hard/libstdc++_nano.a(string-inst.o)
                0x0800da60                std::__cxx11::basic_string<char, std::char_traits<char>, std::allocator<char> >::_S_allocate(std::allocator<char>&, unsigned int)
 .text._ZNKSt7__cxx1112basic_stringIcSt11char_traitsIcESaIcEE11_M_is_localEv
                0x0800da72        0xc /opt/st/stm32cubeide_1.19.0/plugins/com.st.stm32cube.ide.mcu.externaltools.gnu-tools-for-stm32.13.3.rel1.linux64_1.0.0.202410170706/tools/bin/../lib/gcc/arm-none-eabi/13.3.1/../../../../arm-none-eabi/lib/thumb/v8-m.main+fp/hard/libstdc++_nano.a(string-inst.o)
                0x0800da72                std::__cxx11::basic_string<char, std::char_traits<char>, std::allocator<char> >::_M_is_local() const
 *fill*         0x0800da7e        0x2 
 .text._ZNSt7__cxx1112basic_stringIcSt11char_traitsIcESaIcEE9_M_createERjj
                0x0800da80       0x3c /opt/st/stm32cubeide_1.19.0/plugins/com.st.stm32cube.ide.mcu.externaltools.gnu-tools-for-stm32.13.3.rel1.linux64_1.0.0.202410170706/tools/bin/../lib/gcc/arm-none-eabi/13.3.1/../../../../arm-none-eabi/lib/thumb/v8-m.main+fp/hard/libstdc++_nano.a(string-inst.o)
                0x0800da80                std::__cxx11::basic_string<char, std::char_traits<char>, std::allocator<char> >::_M_create(unsigned int&, unsigned int)
 .text._ZNSt7__cxx1112basic_stringIcSt11char_traitsIcESaIcEE10_M_destroyEj
                0x0800dabc        0x6 /opt/st/stm32cubeide_1.19.0/plugins/com.st.stm32cube.ide.mcu.externaltools.gnu-tools-for-stm32.13.3.rel1.linux64_1.0.0.202410170706/tools/bin/../lib/gcc/arm-none-eabi/13.3.1/../../../../arm-none-eabi/lib/thumb/v8-m.main+fp/hard/libstdc++_nano.a(string-inst.o)
                0x0800dabc                std::__cxx11::basic_string<char, std::char_traits<char>, std::allocator<char> >::_M_destroy(unsigned int)
 .text._ZNSt7__cxx1112basic_stringIcSt11char_traitsIcESaIcEE10_M_disposeEv
                0x0800dac2       0x14 /opt/st/stm32cubeide_1.19.0/plugins/com.st.stm32cube.ide.mcu.externaltools.gnu-tools-for-stm32.13.3.rel1.linux64_1.0.0.202410170706/tools/bin/../lib/gcc/arm-none-eabi/13.3.1/../../../../arm-none-eabi/lib/thumb/v8-m.main+fp/hard/libstdc++_nano.a(string-inst.o)
                0x0800dac2                std::__cxx11::basic_string<char, std::char_traits<char>, std::allocator<char> >::_M_dispose()
 *fill*         0x0800dad6        0x2 
 .text._ZNKSt7__cxx1112basic_stringIcSt11char_traitsIcESaIcEE8_M_checkEjPKc
                0x0800dad8       0x1c /opt/st/stm32cubeide_1.19.0/plugins/com.st.stm32cube.ide.mcu.externaltools.gnu-tools-for-stm32.13.3.rel1.linux64_1.0.0.202410170706/tools/bin/../lib/gcc/arm-none-eabi/13.3.1/../../../../arm-none-eabi/lib/thumb/v8-m.main+fp/hard/libstdc++_nano.a(string-inst.o)
                0x0800dad8                std::__cxx11::basic_string<char, std::char_traits<char>, std::allocator<char> >::_M_check(unsigned int, char const*) const
 .text._ZNKSt7__cxx1112basic_stringIcSt11char_traitsIcESaIcEE15_M_check_lengthEjjPKc
                0x0800daf4       0x18 /opt/st/stm32cubeide_1.19.0/plugins/com.st.stm32cube.ide.mcu.externaltools.gnu-tools-for-stm32.13.3.rel1.linux64_1.0.0.202410170706/tools/bin/../lib/gcc/arm-none-eabi/13.3.1/../../../../arm-none-eabi/lib/thumb/v8-m.main+fp/hard/libstdc++_nano.a(string-inst.o)
                0x0800daf4                std::__cxx11::basic_string<char, std::char_traits<char>, std::allocator<char> >::_M_check_length(unsigned int, unsigned int, char const*) const
 .text._ZNKSt7__cxx1112basic_stringIcSt11char_traitsIcESaIcEE11_M_disjunctEPKc
                0x0800db0c       0x18 /opt/st/stm32cubeide_1.19.0/plugins/com.st.stm32cube.ide.mcu.externaltools.gnu-tools-for-stm32.13.3.rel1.linux64_1.0.0.202410170706/tools/bin/../lib/gcc/arm-none-eabi/13.3.1/../../../../arm-none-eabi/lib/thumb/v8-m.main+fp/hard/libstdc++_nano.a(string-inst.o)
                0x0800db0c                std::__cxx11::basic_string<char, std::char_traits<char>, std::allocator<char> >::_M_disjunct(char const*) const
 .text._ZNSt7__cxx1112basic_stringIcSt11char_traitsIcESaIcEE7_S_copyEPcPKcj
                0x0800db24       0x18 /opt/st/stm32cubeide_1.19.0/plugins/com.st.stm32cube.ide.mcu.externaltools.gnu-tools-for-stm32.13.3.rel1.linux64_1.0.0.202410170706/tools/bin/../lib/gcc/arm-none-eabi/13.3.1/../../../../arm-none-eabi/lib/thumb/v8-m.main+fp/hard/libstdc++_nano.a(string-inst.o)
                0x0800db24                std::__cxx11::basic_string<char, std::char_traits<char>, std::allocator<char> >::_S_copy(char*, char const*, unsigned int)
 .text._ZNSt7__cxx1112basic_stringIcSt11char_traitsIcESaIcEE7_S_moveEPcPKcj
                0x0800db3c       0x18 /opt/st/stm32cubeide_1.19.0/plugins/com.st.stm32cube.ide.mcu.externaltools.gnu-tools-for-stm32.13.3.rel1.linux64_1.0.0.202410170706/tools/bin/../lib/gcc/arm-none-eabi/13.3.1/../../../../arm-none-eabi/lib/thumb/v8-m.main+fp/hard/libstdc++_nano.a(string-inst.o)
                0x0800db3c                std::__cxx11::basic_string<char, std::char_traits<char>, std::allocator<char> >::_S_move(char*, char const*, unsigned int)
 .text._ZNSt7__cxx1112basic_stringIcSt11char_traitsIcESaIcEE9_S_assignEPcjc
                0x0800db54       0x22 /opt/st/stm32cubeide_1.19.0/plugins/com.st.stm32cube.ide.mcu.externaltools.gnu-tools-for-stm32.13.3.rel1.linux64_1.0.0.202410170706/tools/bin/../lib/gcc/arm-none-eabi/13.3.1/../../../../arm-none-eabi/lib/thumb/v8-m.main+fp/hard/libstdc++_nano.a(string-inst.o)
                0x0800db54                std::__cxx11::basic_string<char, std::char_traits<char>, std::allocator<char> >::_S_assign(char*, unsigned int, char)
 .text._ZNSt7__cxx1112basic_stringIcSt11char_traitsIcESaIcEE12_M_constructEjc
                0x0800db76       0x34 /opt/st/stm32cubeide_1.19.0/plugins/com.st.stm32cube.ide.mcu.externaltools.gnu-tools-for-stm32.13.3.rel1.linux64_1.0.0.202410170706/tools/bin/../lib/gcc/arm-none-eabi/13.3.1/../../../../arm-none-eabi/lib/thumb/v8-m.main+fp/hard/libstdc++_nano.a(string-inst.o)
                0x0800db76                std::__cxx11::basic_string<char, std::char_traits<char>, std::allocator<char> >::_M_construct(unsigned int, char)
 .text._ZNSt7__cxx1112basic_stringIcSt11char_traitsIcESaIcEE13_S_copy_charsEPcS5_S5_
                0x0800dbaa        0xa /opt/st/stm32cubeide_1.19.0/plugins/com.st.stm32cube.ide.mcu.externaltools.gnu-tools-for-stm32.13.3.rel1.linux64_1.0.0.202410170706/tools/bin/../lib/gcc/arm-none-eabi/13.3.1/../../../../arm-none-eabi/lib/thumb/v8-m.main+fp/hard/libstdc++_nano.a(string-inst.o)
                0x0800dbaa                std::__cxx11::basic_string<char, std::char_traits<char>, std::allocator<char> >::_S_copy_chars(char*, char*, char*)
 .text._ZNSt7__cxx1112basic_stringIcSt11char_traitsIcESaIcEE13_S_copy_charsEPcPKcS7_
                0x0800dbb4        0xa /opt/st/stm32cubeide_1.19.0/plugins/com.st.stm32cube.ide.mcu.externaltools.gnu-tools-for-stm32.13.3.rel1.linux64_1.0.0.202410170706/tools/bin/../lib/gcc/arm-none-eabi/13.3.1/../../../../arm-none-eabi/lib/thumb/v8-m.main+fp/hard/libstdc++_nano.a(string-inst.o)
                0x0800dbb4                std::__cxx11::basic_string<char, std::char_traits<char>, std::allocator<char> >::_S_copy_chars(char*, char const*, char const*)
 .text._ZNSt7__cxx1112basic_stringIcSt11char_traitsIcESaIcEEC2Ev
                0x0800dbbe        0xe /opt/st/stm32cubeide_1.19.0/plugins/com.st.stm32cube.ide.mcu.externaltools.gnu-tools-for-stm32.13.3.rel1.linux64_1.0.0.202410170706/tools/bin/../lib/gcc/arm-none-eabi/13.3.1/../../../../arm-none-eabi/lib/thumb/v8-m.main+fp/hard/libstdc++_nano.a(string-inst.o)
                0x0800dbbe                std::__cxx11::basic_string<char, std::char_traits<char>, std::allocator<char> >::basic_string()
                0x0800dbbe                std::__cxx11::basic_string<char, std::char_traits<char>, std::allocator<char> >::basic_string()
 .text._ZNSt7__cxx1112basic_stringIcSt11char_traitsIcESaIcEEC2EjcRKS3_
                0x0800dbcc       0x12 /opt/st/stm32cubeide_1.19.0/plugins/com.st.stm32cube.ide.mcu.externaltools.gnu-tools-for-stm32.13.3.rel1.linux64_1.0.0.202410170706/tools/bin/../lib/gcc/arm-none-eabi/13.3.1/../../../../arm-none-eabi/lib/thumb/v8-m.main+fp/hard/libstdc++_nano.a(string-inst.o)
                0x0800dbcc                std::__cxx11::basic_string<char, std::char_traits<char>, std::allocator<char> >::basic_string(unsigned int, char, std::allocator<char> const&)
                0x0800dbcc                std::__cxx11::basic_string<char, std::char_traits<char>, std::allocator<char> >::basic_string(unsigned int, char, std::allocator<char> const&)
 .text._ZNSt7__cxx1112basic_stringIcSt11char_traitsIcESaIcEEC2EOS4_
                0x0800dbde       0x3e /opt/st/stm32cubeide_1.19.0/plugins/com.st.stm32cube.ide.mcu.externaltools.gnu-tools-for-stm32.13.3.rel1.linux64_1.0.0.202410170706/tools/bin/../lib/gcc/arm-none-eabi/13.3.1/../../../../arm-none-eabi/lib/thumb/v8-m.main+fp/hard/libstdc++_nano.a(string-inst.o)
                0x0800dbde                std::__cxx11::basic_string<char, std::char_traits<char>, std::allocator<char> >::basic_string(std::__cxx11::basic_string<char, std::char_traits<char>, std::allocator<char> >&&)
                0x0800dbde                std::__cxx11::basic_string<char, std::char_traits<char>, std::allocator<char> >::basic_string(std::__cxx11::basic_string<char, std::char_traits<char>, std::allocator<char> >&&)
 .text._ZNSt7__cxx1112basic_stringIcSt11char_traitsIcESaIcEED2Ev
                0x0800dc1c        0xc /opt/st/stm32cubeide_1.19.0/plugins/com.st.stm32cube.ide.mcu.externaltools.gnu-tools-for-stm32.13.3.rel1.linux64_1.0.0.202410170706/tools/bin/../lib/gcc/arm-none-eabi/13.3.1/../../../../arm-none-eabi/lib/thumb/v8-m.main+fp/hard/libstdc++_nano.a(string-inst.o)
                0x0800dc1c                std::__cxx11::basic_string<char, std::char_traits<char>, std::allocator<char> >::~basic_string()
                0x0800dc1c                std::__cxx11::basic_string<char, std::char_traits<char>, std::allocator<char> >::~basic_string()
 .text._ZNSt7__cxx1112basic_stringIcSt11char_traitsIcESaIcEEaSEOS4_
                0x0800dc28       0x5e /opt/st/stm32cubeide_1.19.0/plugins/com.st.stm32cube.ide.mcu.externaltools.gnu-tools-for-stm32.13.3.rel1.linux64_1.0.0.202410170706/tools/bin/../lib/gcc/arm-none-eabi/13.3.1/../../../../arm-none-eabi/lib/thumb/v8-m.main+fp/hard/libstdc++_nano.a(string-inst.o)
                0x0800dc28                std::__cxx11::basic_string<char, std::char_traits<char>, std::allocator<char> >::operator=(std::__cxx11::basic_string<char, std::char_traits<char>, std::allocator<char> >&&)
 .text._ZNKSt7__cxx1112basic_stringIcSt11char_traitsIcESaIcEE4sizeEv
                0x0800dc86        0x4 /opt/st/stm32cubeide_1.19.0/plugins/com.st.stm32cube.ide.mcu.externaltools.gnu-tools-for-stm32.13.3.rel1.linux64_1.0.0.202410170706/tools/bin/../lib/gcc/arm-none-eabi/13.3.1/../../../../arm-none-eabi/lib/thumb/v8-m.main+fp/hard/libstdc++_nano.a(string-inst.o)
                0x0800dc86                std::__cxx11::basic_string<char, std::char_traits<char>, std::allocator<char> >::size() const
 .text._ZNKSt7__cxx1112basic_stringIcSt11char_traitsIcESaIcEE8capacityEv
                0x0800dc8a       0x12 /opt/st/stm32cubeide_1.19.0/plugins/com.st.stm32cube.ide.mcu.externaltools.gnu-tools-for-stm32.13.3.rel1.linux64_1.0.0.202410170706/tools/bin/../lib/gcc/arm-none-eabi/13.3.1/../../../../arm-none-eabi/lib/thumb/v8-m.main+fp/hard/libstdc++_nano.a(string-inst.o)
                0x0800dc8a                std::__cxx11::basic_string<char, std::char_traits<char>, std::allocator<char> >::capacity() const
 .text._ZNSt7__cxx1112basic_stringIcSt11char_traitsIcESaIcEE9_M_assignERKS4_
                0x0800dc9c       0x4a /opt/st/stm32cubeide_1.19.0/plugins/com.st.stm32cube.ide.mcu.externaltools.gnu-tools-for-stm32.13.3.rel1.linux64_1.0.0.202410170706/tools/bin/../lib/gcc/arm-none-eabi/13.3.1/../../../../arm-none-eabi/lib/thumb/v8-m.main+fp/hard/libstdc++_nano.a(string-inst.o)
                0x0800dc9c                std::__cxx11::basic_string<char, std::char_traits<char>, std::allocator<char> >::_M_assign(std::__cxx11::basic_string<char, std::char_traits<char>, std::allocator<char> > const&)
 .text._ZNSt7__cxx1112basic_stringIcSt11char_traitsIcESaIcEEaSERKS4_
                0x0800dce6        0xc /opt/st/stm32cubeide_1.19.0/plugins/com.st.stm32cube.ide.mcu.externaltools.gnu-tools-for-stm32.13.3.rel1.linux64_1.0.0.202410170706/tools/bin/../lib/gcc/arm-none-eabi/13.3.1/../../../../arm-none-eabi/lib/thumb/v8-m.main+fp/hard/libstdc++_nano.a(string-inst.o)
                0x0800dce6                std::__cxx11::basic_string<char, std::char_traits<char>, std::allocator<char> >::operator=(std::__cxx11::basic_string<char, std::char_traits<char>, std::allocator<char> > const&)
 .text._ZNSt7__cxx1112basic_stringIcSt11char_traitsIcESaIcEE9_M_mutateEjjPKcj
                0x0800dcf2       0x70 /opt/st/stm32cubeide_1.19.0/plugins/com.st.stm32cube.ide.mcu.externaltools.gnu-tools-for-stm32.13.3.rel1.linux64_1.0.0.202410170706/tools/bin/../lib/gcc/arm-none-eabi/13.3.1/../../../../arm-none-eabi/lib/thumb/v8-m.main+fp/hard/libstdc++_nano.a(string-inst.o)
                0x0800dcf2                std::__cxx11::basic_string<char, std::char_traits<char>, std::allocator<char> >::_M_mutate(unsigned int, unsigned int, char const*, unsigned int)
 .text._ZNSt7__cxx1112basic_stringIcSt11char_traitsIcESaIcEEixEj
                0x0800dd62        0x6 /opt/st/stm32cubeide_1.19.0/plugins/com.st.stm32cube.ide.mcu.externaltools.gnu-tools-for-stm32.13.3.rel1.linux64_1.0.0.202410170706/tools/bin/../lib/gcc/arm-none-eabi/13.3.1/../../../../arm-none-eabi/lib/thumb/v8-m.main+fp/hard/libstdc++_nano.a(string-inst.o)
                0x0800dd62                std::__cxx11::basic_string<char, std::char_traits<char>, std::allocator<char> >::operator[](unsigned int)
 .text._ZNSt7__cxx1112basic_stringIcSt11char_traitsIcESaIcEE2atEj
                0x0800dd68       0x18 /opt/st/stm32cubeide_1.19.0/plugins/com.st.stm32cube.ide.mcu.externaltools.gnu-tools-for-stm32.13.3.rel1.linux64_1.0.0.202410170706/tools/bin/../lib/gcc/arm-none-eabi/13.3.1/../../../../arm-none-eabi/lib/thumb/v8-m.main+fp/hard/libstdc++_nano.a(string-inst.o)
                0x0800dd68                std::__cxx11::basic_string<char, std::char_traits<char>, std::allocator<char> >::at(unsigned int)
 .text.unlikely._ZNSt7__cxx1112basic_stringIcSt11char_traitsIcESaIcEE15_M_replace_coldEPcjPKcjj
                0x0800dd80       0x7e /opt/st/stm32cubeide_1.19.0/plugins/com.st.stm32cube.ide.mcu.externaltools.gnu-tools-for-stm32.13.3.rel1.linux64_1.0.0.202410170706/tools/bin/../lib/gcc/arm-none-eabi/13.3.1/../../../../arm-none-eabi/lib/thumb/v8-m.main+fp/hard/libstdc++_nano.a(string-inst.o)
                0x0800dd80                std::__cxx11::basic_string<char, std::char_traits<char>, std::allocator<char> >::_M_replace_cold(char*, unsigned int, char const*, unsigned int, unsigned int)
 *fill*         0x0800ddfe        0x2 
 .text._ZNSt7__cxx1112basic_stringIcSt11char_traitsIcESaIcEE10_M_replaceEjjPKcj
                0x0800de00       0x9c /opt/st/stm32cubeide_1.19.0/plugins/com.st.stm32cube.ide.mcu.externaltools.gnu-tools-for-stm32.13.3.rel1.linux64_1.0.0.202410170706/tools/bin/../lib/gcc/arm-none-eabi/13.3.1/../../../../arm-none-eabi/lib/thumb/v8-m.main+fp/hard/libstdc++_nano.a(string-inst.o)
                0x0800de00                std::__cxx11::basic_string<char, std::char_traits<char>, std::allocator<char> >::_M_replace(unsigned int, unsigned int, char const*, unsigned int)
 .text._ZNSt7__cxx1112basic_stringIcSt11char_traitsIcESaIcEE6assignEPKc
                0x0800de9c       0x1e /opt/st/stm32cubeide_1.19.0/plugins/com.st.stm32cube.ide.mcu.externaltools.gnu-tools-for-stm32.13.3.rel1.linux64_1.0.0.202410170706/tools/bin/../lib/gcc/arm-none-eabi/13.3.1/../../../../arm-none-eabi/lib/thumb/v8-m.main+fp/hard/libstdc++_nano.a(string-inst.o)
                0x0800de9c                std::__cxx11::basic_string<char, std::char_traits<char>, std::allocator<char> >::assign(char const*)
 .text._ZNSt7__cxx1112basic_stringIcSt11char_traitsIcESaIcEEaSEPKc
                0x0800deba        0x8 /opt/st/stm32cubeide_1.19.0/plugins/com.st.stm32cube.ide.mcu.externaltools.gnu-tools-for-stm32.13.3.rel1.linux64_1.0.0.202410170706/tools/bin/../lib/gcc/arm-none-eabi/13.3.1/../../../../arm-none-eabi/lib/thumb/v8-m.main+fp/hard/libstdc++_nano.a(string-inst.o)
                0x0800deba                std::__cxx11::basic_string<char, std::char_traits<char>, std::allocator<char> >::operator=(char const*)
 *fill*         0x0800dec2        0x2 
 .text._ZNSt7__cxx1112basic_stringIcSt11char_traitsIcESaIcEE7replaceEjjPKcj
                0x0800dec4       0x30 /opt/st/stm32cubeide_1.19.0/plugins/com.st.stm32cube.ide.mcu.externaltools.gnu-tools-for-stm32.13.3.rel1.linux64_1.0.0.202410170706/tools/bin/../lib/gcc/arm-none-eabi/13.3.1/../../../../arm-none-eabi/lib/thumb/v8-m.main+fp/hard/libstdc++_nano.a(string-inst.o)
                0x0800dec4                std::__cxx11::basic_string<char, std::char_traits<char>, std::allocator<char> >::replace(unsigned int, unsigned int, char const*, unsigned int)
 .text._ZNSt7__cxx1112basic_stringIcSt11char_traitsIcESaIcEE6insertEjPKc
                0x0800def4       0x20 /opt/st/stm32cubeide_1.19.0/plugins/com.st.stm32cube.ide.mcu.externaltools.gnu-tools-for-stm32.13.3.rel1.linux64_1.0.0.202410170706/tools/bin/../lib/gcc/arm-none-eabi/13.3.1/../../../../arm-none-eabi/lib/thumb/v8-m.main+fp/hard/libstdc++_nano.a(string-inst.o)
                0x0800def4                std::__cxx11::basic_string<char, std::char_traits<char>, std::allocator<char> >::insert(unsigned int, char const*)
 .text._ZNSt7__cxx1112basic_stringIcSt11char_traitsIcESaIcEE9_M_appendEPKcj
                0x0800df14       0x48 /opt/st/stm32cubeide_1.19.0/plugins/com.st.stm32cube.ide.mcu.externaltools.gnu-tools-for-stm32.13.3.rel1.linux64_1.0.0.202410170706/tools/bin/../lib/gcc/arm-none-eabi/13.3.1/../../../../arm-none-eabi/lib/thumb/v8-m.main+fp/hard/libstdc++_nano.a(string-inst.o)
                0x0800df14                std::__cxx11::basic_string<char, std::char_traits<char>, std::allocator<char> >::_M_append(char const*, unsigned int)
 .text._ZNSt7__cxx1112basic_stringIcSt11char_traitsIcESaIcEE6appendEPKc
                0x0800df5c       0x2c /opt/st/stm32cubeide_1.19.0/plugins/com.st.stm32cube.ide.mcu.externaltools.gnu-tools-for-stm32.13.3.rel1.linux64_1.0.0.202410170706/tools/bin/../lib/gcc/arm-none-eabi/13.3.1/../../../../arm-none-eabi/lib/thumb/v8-m.main+fp/hard/libstdc++_nano.a(string-inst.o)
                0x0800df5c                std::__cxx11::basic_string<char, std::char_traits<char>, std::allocator<char> >::append(char const*)
 .text._ZNSt7__cxx1112basic_stringIcSt11char_traitsIcESaIcEEpLEPKc
                0x0800df88        0x8 /opt/st/stm32cubeide_1.19.0/plugins/com.st.stm32cube.ide.mcu.externaltools.gnu-tools-for-stm32.13.3.rel1.linux64_1.0.0.202410170706/tools/bin/../lib/gcc/arm-none-eabi/13.3.1/../../../../arm-none-eabi/lib/thumb/v8-m.main+fp/hard/libstdc++_nano.a(string-inst.o)
                0x0800df88                std::__cxx11::basic_string<char, std::char_traits<char>, std::allocator<char> >::operator+=(char const*)
 .text._ZNKSt7__cxx1112basic_stringIcSt11char_traitsIcESaIcEE5c_strEv
                0x0800df90        0x4 /opt/st/stm32cubeide_1.19.0/plugins/com.st.stm32cube.ide.mcu.externaltools.gnu-tools-for-stm32.13.3.rel1.linux64_1.0.0.202410170706/tools/bin/../lib/gcc/arm-none-eabi/13.3.1/../../../../arm-none-eabi/lib/thumb/v8-m.main+fp/hard/libstdc++_nano.a(string-inst.o)
                0x0800df90                std::__cxx11::basic_string<char, std::char_traits<char>, std::allocator<char> >::c_str() const
 .text._ZNSt7__cxx1112basic_stringIcSt11char_traitsIcESaIcEE12_M_constructIPcEEvT_S7_St20forward_iterator_tag
                0x0800df94       0x36 /opt/st/stm32cubeide_1.19.0/plugins/com.st.stm32cube.ide.mcu.externaltools.gnu-tools-for-stm32.13.3.rel1.linux64_1.0.0.202410170706/tools/bin/../lib/gcc/arm-none-eabi/13.3.1/../../../../arm-none-eabi/lib/thumb/v8-m.main+fp/hard/libstdc++_nano.a(string-inst.o)
                0x0800df94                void std::__cxx11::basic_string<char, std::char_traits<char>, std::allocator<char> >::_M_construct<char*>(char*, char*, std::forward_iterator_tag)
 .text._ZNSt7__cxx1112basic_stringIcSt11char_traitsIcESaIcEEC2ERKS4_
                0x0800dfca       0x1c /opt/st/stm32cubeide_1.19.0/plugins/com.st.stm32cube.ide.mcu.externaltools.gnu-tools-for-stm32.13.3.rel1.linux64_1.0.0.202410170706/tools/bin/../lib/gcc/arm-none-eabi/13.3.1/../../../../arm-none-eabi/lib/thumb/v8-m.main+fp/hard/libstdc++_nano.a(string-inst.o)
                0x0800dfca                std::__cxx11::basic_string<char, std::char_traits<char>, std::allocator<char> >::basic_string(std::__cxx11::basic_string<char, std::char_traits<char>, std::allocator<char> > const&)
                0x0800dfca                std::__cxx11::basic_string<char, std::char_traits<char>, std::allocator<char> >::basic_string(std::__cxx11::basic_string<char, std::char_traits<char>, std::allocator<char> > const&)
 .text._ZNSt7__cxx1112basic_stringIcSt11char_traitsIcESaIcEE12_M_constructIPKcEEvT_S8_St20forward_iterator_tag
                0x0800dfe6       0x36 /opt/st/stm32cubeide_1.19.0/plugins/com.st.stm32cube.ide.mcu.externaltools.gnu-tools-for-stm32.13.3.rel1.linux64_1.0.0.202410170706/tools/bin/../lib/gcc/arm-none-eabi/13.3.1/../../../../arm-none-eabi/lib/thumb/v8-m.main+fp/hard/libstdc++_nano.a(string-inst.o)
                0x0800dfe6                void std::__cxx11::basic_string<char, std::char_traits<char>, std::allocator<char> >::_M_construct<char const*>(char const*, char const*, std::forward_iterator_tag)
 .text._ZNSt7__cxx1112basic_stringIcSt11char_traitsIcESaIcEEC2EPKcRKS3_
                0x0800e01c       0x30 /opt/st/stm32cubeide_1.19.0/plugins/com.st.stm32cube.ide.mcu.externaltools.gnu-tools-for-stm32.13.3.rel1.linux64_1.0.0.202410170706/tools/bin/../lib/gcc/arm-none-eabi/13.3.1/../../../../arm-none-eabi/lib/thumb/v8-m.main+fp/hard/libstdc++_nano.a(string-inst.o)
                0x0800e01c                std::__cxx11::basic_string<char, std::char_traits<char>, std::allocator<char> >::basic_string(char const*, std::allocator<char> const&)
                0x0800e01c                std::__cxx11::basic_string<char, std::char_traits<char>, std::allocator<char> >::basic_string(char const*, std::allocator<char> const&)
 .text._ZdlPv   0x0800e04c        0x4 /opt/st/stm32cubeide_1.19.0/plugins/com.st.stm32cube.ide.mcu.externaltools.gnu-tools-for-stm32.13.3.rel1.linux64_1.0.0.202410170706/tools/bin/../lib/gcc/arm-none-eabi/13.3.1/../../../../arm-none-eabi/lib/thumb/v8-m.main+fp/hard/libstdc++_nano.a(del_op.o)
                0x0800e04c                operator delete(void*)
 .text._Znwj    0x0800e050       0x22 /opt/st/stm32cubeide_1.19.0/plugins/com.st.stm32cube.ide.mcu.externaltools.gnu-tools-for-stm32.13.3.rel1.linux64_1.0.0.202410170706/tools/bin/../lib/gcc/arm-none-eabi/13.3.1/../../../../arm-none-eabi/lib/thumb/v8-m.main+fp/hard/libstdc++_nano.a(new_op.o)
                0x0800e050                operator new(unsigned int)
 .text.unlikely._ZSt17__throw_bad_allocv
                0x0800e072        0x6 /opt/st/stm32cubeide_1.19.0/plugins/com.st.stm32cube.ide.mcu.externaltools.gnu-tools-for-stm32.13.3.rel1.linux64_1.0.0.202410170706/tools/bin/../lib/gcc/arm-none-eabi/13.3.1/../../../../arm-none-eabi/lib/thumb/v8-m.main+fp/hard/libstdc++_nano.a(functexcept.o)
                0x0800e072                std::__throw_bad_alloc()
 .text.unlikely._ZSt19__throw_logic_errorPKc
                0x0800e078        0x6 /opt/st/stm32cubeide_1.19.0/plugins/com.st.stm32cube.ide.mcu.externaltools.gnu-tools-for-stm32.13.3.rel1.linux64_1.0.0.202410170706/tools/bin/../lib/gcc/arm-none-eabi/13.3.1/../../../../arm-none-eabi/lib/thumb/v8-m.main+fp/hard/libstdc++_nano.a(functexcept.o)
                0x0800e078                std::__throw_logic_error(char const*)
 .text.unlikely._ZSt20__throw_length_errorPKc
                0x0800e07e        0x6 /opt/st/stm32cubeide_1.19.0/plugins/com.st.stm32cube.ide.mcu.externaltools.gnu-tools-for-stm32.13.3.rel1.linux64_1.0.0.202410170706/tools/bin/../lib/gcc/arm-none-eabi/13.3.1/../../../../arm-none-eabi/lib/thumb/v8-m.main+fp/hard/libstdc++_nano.a(functexcept.o)
                0x0800e07e                std::__throw_length_error(char const*)
 .text.unlikely._ZSt24__throw_out_of_range_fmtPKcz
                0x0800e084        0x8 /opt/st/stm32cubeide_1.19.0/plugins/com.st.stm32cube.ide.mcu.externaltools.gnu-tools-for-stm32.13.3.rel1.linux64_1.0.0.202410170706/tools/bin/../lib/gcc/arm-none-eabi/13.3.1/../../../../arm-none-eabi/lib/thumb/v8-m.main+fp/hard/libstdc++_nano.a(functexcept.o)
                0x0800e084                std::__throw_out_of_range_fmt(char const*, ...)
 .text._ZSt15get_new_handlerv
                0x0800e08c        0xc /opt/st/stm32cubeide_1.19.0/plugins/com.st.stm32cube.ide.mcu.externaltools.gnu-tools-for-stm32.13.3.rel1.linux64_1.0.0.202410170706/tools/bin/../lib/gcc/arm-none-eabi/13.3.1/../../../../arm-none-eabi/lib/thumb/v8-m.main+fp/hard/libstdc++_nano.a(new_handler.o)
                0x0800e08c                std::get_new_handler()
 .text.sqrtf    0x0800e098       0x3c /opt/st/stm32cubeide_1.19.0/plugins/com.st.stm32cube.ide.mcu.externaltools.gnu-tools-for-stm32.13.3.rel1.linux64_1.0.0.202410170706/tools/bin/../lib/gcc/arm-none-eabi/13.3.1/../../../../arm-none-eabi/lib/thumb/v8-m.main+fp/hard/libm.a(libm_a-wf_sqrt.o)
                0x0800e098                sqrtf
 .text.__ieee754_sqrtf
                0x0800e0d4        0x6 /opt/st/stm32cubeide_1.19.0/plugins/com.st.stm32cube.ide.mcu.externaltools.gnu-tools-for-stm32.13.3.rel1.linux64_1.0.0.202410170706/tools/bin/../lib/gcc/arm-none-eabi/13.3.1/../../../../arm-none-eabi/lib/thumb/v8-m.main+fp/hard/libm.a(libm_a-ef_sqrt.o)
                0x0800e0d4                __ieee754_sqrtf
 .text.abort    0x0800e0da        0xe /opt/st/stm32cubeide_1.19.0/plugins/com.st.stm32cube.ide.mcu.externaltools.gnu-tools-for-stm32.13.3.rel1.linux64_1.0.0.202410170706/tools/bin/../lib/gcc/arm-none-eabi/13.3.1/../../../../arm-none-eabi/lib/thumb/v8-m.main+fp/hard/libc_nano.a(libc_a-abort.o)
                0x0800e0da                abort
 .text.malloc   0x0800e0e8       0x10 /opt/st/stm32cubeide_1.19.0/plugins/com.st.stm32cube.ide.mcu.externaltools.gnu-tools-for-stm32.13.3.rel1.linux64_1.0.0.202410170706/tools/bin/../lib/gcc/arm-none-eabi/13.3.1/../../../../arm-none-eabi/lib/thumb/v8-m.main+fp/hard/libc_nano.a(libc_a-malloc.o)
                0x0800e0e8                malloc
 .text.free     0x0800e0f8       0x10 /opt/st/stm32cubeide_1.19.0/plugins/com.st.stm32cube.ide.mcu.externaltools.gnu-tools-for-stm32.13.3.rel1.linux64_1.0.0.202410170706/tools/bin/../lib/gcc/arm-none-eabi/13.3.1/../../../../arm-none-eabi/lib/thumb/v8-m.main+fp/hard/libc_nano.a(libc_a-malloc.o)
                0x0800e0f8                free
 .text.sbrk_aligned
                0x0800e108       0x44 /opt/st/stm32cubeide_1.19.0/plugins/com.st.stm32cube.ide.mcu.externaltools.gnu-tools-for-stm32.13.3.rel1.linux64_1.0.0.202410170706/tools/bin/../lib/gcc/arm-none-eabi/13.3.1/../../../../arm-none-eabi/lib/thumb/v8-m.main+fp/hard/libc_nano.a(libc_a-mallocr.o)
 .text._malloc_r
                0x0800e14c      0x100 /opt/st/stm32cubeide_1.19.0/plugins/com.st.stm32cube.ide.mcu.externaltools.gnu-tools-for-stm32.13.3.rel1.linux64_1.0.0.202410170706/tools/bin/../lib/gcc/arm-none-eabi/13.3.1/../../../../arm-none-eabi/lib/thumb/v8-m.main+fp/hard/libc_nano.a(libc_a-mallocr.o)
                0x0800e14c                _malloc_r
 .text.__malloc_lock
                0x0800e24c        0xc /opt/st/stm32cubeide_1.19.0/plugins/com.st.stm32cube.ide.mcu.externaltools.gnu-tools-for-stm32.13.3.rel1.linux64_1.0.0.202410170706/tools/bin/../lib/gcc/arm-none-eabi/13.3.1/../../../../arm-none-eabi/lib/thumb/v8-m.main+fp/hard/libc_nano.a(libc_a-mlock.o)
                0x0800e24c                __malloc_lock
 .text.__malloc_unlock
                0x0800e258        0xc /opt/st/stm32cubeide_1.19.0/plugins/com.st.stm32cube.ide.mcu.externaltools.gnu-tools-for-stm32.13.3.rel1.linux64_1.0.0.202410170706/tools/bin/../lib/gcc/arm-none-eabi/13.3.1/../../../../arm-none-eabi/lib/thumb/v8-m.main+fp/hard/libc_nano.a(libc_a-mlock.o)
                0x0800e258                __malloc_unlock
 .text.memmove  0x0800e264       0x34 /opt/st/stm32cubeide_1.19.0/plugins/com.st.stm32cube.ide.mcu.externaltools.gnu-tools-for-stm32.13.3.rel1.linux64_1.0.0.202410170706/tools/bin/../lib/gcc/arm-none-eabi/13.3.1/../../../../arm-none-eabi/lib/thumb/v8-m.main+fp/hard/libc_nano.a(libc_a-memmove.o)
                0x0800e264                memmove
 .text.memset   0x0800e298       0x10 /opt/st/stm32cubeide_1.19.0/plugins/com.st.stm32cube.ide.mcu.externaltools.gnu-tools-for-stm32.13.3.rel1.linux64_1.0.0.202410170706/tools/bin/../lib/gcc/arm-none-eabi/13.3.1/../../../../arm-none-eabi/lib/thumb/v8-m.main+fp/hard/libc_nano.a(libc_a-memset.o)
                0x0800e298                memset
 .text._raise_r
                0x0800e2a8       0x50 /opt/st/stm32cubeide_1.19.0/plugins/com.st.stm32cube.ide.mcu.externaltools.gnu-tools-for-stm32.13.3.rel1.linux64_1.0.0.202410170706/tools/bin/../lib/gcc/arm-none-eabi/13.3.1/../../../../arm-none-eabi/lib/thumb/v8-m.main+fp/hard/libc_nano.a(libc_a-signal.o)
                0x0800e2a8                _raise_r
 .text.raise    0x0800e2f8       0x10 /opt/st/stm32cubeide_1.19.0/plugins/com.st.stm32cube.ide.mcu.externaltools.gnu-tools-for-stm32.13.3.rel1.linux64_1.0.0.202410170706/tools/bin/../lib/gcc/arm-none-eabi/13.3.1/../../../../arm-none-eabi/lib/thumb/v8-m.main+fp/hard/libc_nano.a(libc_a-signal.o)
                0x0800e2f8                raise
 .text._kill_r  0x0800e308       0x24 /opt/st/stm32cubeide_1.19.0/plugins/com.st.stm32cube.ide.mcu.externaltools.gnu-tools-for-stm32.13.3.rel1.linux64_1.0.0.202410170706/tools/bin/../lib/gcc/arm-none-eabi/13.3.1/../../../../arm-none-eabi/lib/thumb/v8-m.main+fp/hard/libc_nano.a(libc_a-signalr.o)
                0x0800e308                _kill_r
 .text._getpid_r
                0x0800e32c        0x4 /opt/st/stm32cubeide_1.19.0/plugins/com.st.stm32cube.ide.mcu.externaltools.gnu-tools-for-stm32.13.3.rel1.linux64_1.0.0.202410170706/tools/bin/../lib/gcc/arm-none-eabi/13.3.1/../../../../arm-none-eabi/lib/thumb/v8-m.main+fp/hard/libc_nano.a(libc_a-signalr.o)
                0x0800e32c                _getpid_r
 .text._sbrk_r  0x0800e330       0x20 /opt/st/stm32cubeide_1.19.0/plugins/com.st.stm32cube.ide.mcu.externaltools.gnu-tools-for-stm32.13.3.rel1.linux64_1.0.0.202410170706/tools/bin/../lib/gcc/arm-none-eabi/13.3.1/../../../../arm-none-eabi/lib/thumb/v8-m.main+fp/hard/libc_nano.a(libc_a-sbrkr.o)
                0x0800e330                _sbrk_r