11-18 16:47:21 com_github_MitjaNemec_PlaceFootprints.action_place_footprints 674:Plugin executed on: 'darwin'
11-18 16:47:21 com_github_MitjaNemec_PlaceFootprints.action_place_footprints 675:Plugin executed with python version: '3.9.13 (v3.9.13:6de2ca5339, May 17 2022, 11:37:23) \n[Clang 13.0.0 (clang-1300.0.29.30)]'
11-18 16:47:21 com_github_MitjaNemec_PlaceFootprints.action_place_footprints 676:KiCad build version: 9.0.4
11-18 16:47:21 com_github_MitjaNemec_PlaceFootprints.action_place_footprints 677:Plugin version: 4.0.1
11-18 16:47:21 com_github_MitjaNemec_PlaceFootprints.action_place_footprints 678:Frame repr: <wx._core.Frame object at 0x131ed9430>
11-18 16:47:21 com_github_MitjaNemec_PlaceFootprints.place_footprints 121:getting a list of all footprints on board
11-18 16:47:21 com_github_MitjaNemec_PlaceFootprints.place_footprints 156:Footprint SW1 on root level
11-18 16:47:21 com_github_MitjaNemec_PlaceFootprints.place_footprints 156:Footprint R33 on root level
11-18 16:47:21 com_github_MitjaNemec_PlaceFootprints.place_footprints 156:Footprint C22 on root level
11-18 16:47:21 com_github_MitjaNemec_PlaceFootprints.place_footprints 156:Footprint C23 on root level
11-18 16:47:21 com_github_MitjaNemec_PlaceFootprints.place_footprints 156:Footprint 23A1024/23LC1 on root level
11-18 16:47:21 com_github_MitjaNemec_PlaceFootprints.place_footprints 156:Footprint U7 on root level
11-18 16:47:21 com_github_MitjaNemec_PlaceFootprints.place_footprints 156:Footprint Y2 on root level
11-18 16:47:21 com_github_MitjaNemec_PlaceFootprints.place_footprints 156:Footprint C15 on root level
11-18 16:47:21 com_github_MitjaNemec_PlaceFootprints.place_footprints 156:Footprint U16 on root level
11-18 16:47:21 com_github_MitjaNemec_PlaceFootprints.place_footprints 156:Footprint R13 on root level
11-18 16:47:21 com_github_MitjaNemec_PlaceFootprints.place_footprints 156:Footprint Q1 on root level
11-18 16:47:21 com_github_MitjaNemec_PlaceFootprints.place_footprints 156:Footprint C3 on root level
11-18 16:47:21 com_github_MitjaNemec_PlaceFootprints.place_footprints 156:Footprint C30 on root level
11-18 16:47:21 com_github_MitjaNemec_PlaceFootprints.place_footprints 156:Footprint Q4 on root level
11-18 16:47:21 com_github_MitjaNemec_PlaceFootprints.place_footprints 156:Footprint R38 on root level
11-18 16:47:21 com_github_MitjaNemec_PlaceFootprints.place_footprints 156:Footprint C63 on root level
11-18 16:47:21 com_github_MitjaNemec_PlaceFootprints.place_footprints 156:Footprint R21 on root level
11-18 16:47:21 com_github_MitjaNemec_PlaceFootprints.place_footprints 156:Footprint SW2 on root level
11-18 16:47:21 com_github_MitjaNemec_PlaceFootprints.place_footprints 156:Footprint SW5 on root level
11-18 16:47:21 com_github_MitjaNemec_PlaceFootprints.place_footprints 156:Footprint U20 on root level
11-18 16:47:21 com_github_MitjaNemec_PlaceFootprints.place_footprints 156:Footprint R18 on root level
11-18 16:47:21 com_github_MitjaNemec_PlaceFootprints.place_footprints 156:Footprint J12 on root level
11-18 16:47:21 com_github_MitjaNemec_PlaceFootprints.place_footprints 156:Footprint C1 on root level
11-18 16:47:21 com_github_MitjaNemec_PlaceFootprints.place_footprints 156:Footprint J2 on root level
11-18 16:47:21 com_github_MitjaNemec_PlaceFootprints.place_footprints 156:Footprint R29 on root level
11-18 16:47:21 com_github_MitjaNemec_PlaceFootprints.place_footprints 156:Footprint U9 on root level
11-18 16:47:21 com_github_MitjaNemec_PlaceFootprints.place_footprints 156:Footprint R7 on root level
11-18 16:47:21 com_github_MitjaNemec_PlaceFootprints.place_footprints 156:Footprint C67 on root level
11-18 16:47:21 com_github_MitjaNemec_PlaceFootprints.place_footprints 156:Footprint C46 on root level
11-18 16:47:21 com_github_MitjaNemec_PlaceFootprints.place_footprints 156:Footprint R10 on root level
11-18 16:47:21 com_github_MitjaNemec_PlaceFootprints.place_footprints 156:Footprint C65 on root level
11-18 16:47:21 com_github_MitjaNemec_PlaceFootprints.place_footprints 156:Footprint U19 on root level
11-18 16:47:21 com_github_MitjaNemec_PlaceFootprints.place_footprints 156:Footprint U5 on root level
11-18 16:47:21 com_github_MitjaNemec_PlaceFootprints.place_footprints 156:Footprint C62 on root level
11-18 16:47:21 com_github_MitjaNemec_PlaceFootprints.place_footprints 156:Footprint R17 on root level
11-18 16:47:21 com_github_MitjaNemec_PlaceFootprints.place_footprints 156:Footprint U15 on root level
11-18 16:47:21 com_github_MitjaNemec_PlaceFootprints.place_footprints 156:Footprint R25 on root level
11-18 16:47:21 com_github_MitjaNemec_PlaceFootprints.place_footprints 156:Footprint R6 on root level
11-18 16:47:21 com_github_MitjaNemec_PlaceFootprints.place_footprints 156:Footprint U18 on root level
11-18 16:47:21 com_github_MitjaNemec_PlaceFootprints.place_footprints 156:Footprint J15 on root level
11-18 16:47:21 com_github_MitjaNemec_PlaceFootprints.place_footprints 156:Footprint C14 on root level
11-18 16:47:21 com_github_MitjaNemec_PlaceFootprints.place_footprints 156:Footprint C42 on root level
11-18 16:47:21 com_github_MitjaNemec_PlaceFootprints.place_footprints 156:Footprint R35 on root level
11-18 16:47:21 com_github_MitjaNemec_PlaceFootprints.place_footprints 156:Footprint C56 on root level
11-18 16:47:21 com_github_MitjaNemec_PlaceFootprints.place_footprints 156:Footprint C31 on root level
11-18 16:47:21 com_github_MitjaNemec_PlaceFootprints.place_footprints 156:Footprint U10 on root level
11-18 16:47:21 com_github_MitjaNemec_PlaceFootprints.place_footprints 156:Footprint C9 on root level
11-18 16:47:21 com_github_MitjaNemec_PlaceFootprints.place_footprints 156:Footprint D7 on root level
11-18 16:47:21 com_github_MitjaNemec_PlaceFootprints.place_footprints 156:Footprint C33 on root level
11-18 16:47:21 com_github_MitjaNemec_PlaceFootprints.place_footprints 156:Footprint C48 on root level
11-18 16:47:21 com_github_MitjaNemec_PlaceFootprints.place_footprints 156:Footprint C12 on root level
11-18 16:47:21 com_github_MitjaNemec_PlaceFootprints.place_footprints 156:Footprint R23 on root level
11-18 16:47:21 com_github_MitjaNemec_PlaceFootprints.place_footprints 156:Footprint R22 on root level
11-18 16:47:21 com_github_MitjaNemec_PlaceFootprints.place_footprints 156:Footprint V_2 on root level
11-18 16:47:21 com_github_MitjaNemec_PlaceFootprints.place_footprints 156:Footprint C5 on root level
11-18 16:47:21 com_github_MitjaNemec_PlaceFootprints.place_footprints 156:Footprint R42 on root level
11-18 16:47:21 com_github_MitjaNemec_PlaceFootprints.place_footprints 156:Footprint C37 on root level
11-18 16:47:21 com_github_MitjaNemec_PlaceFootprints.place_footprints 156:Footprint C4 on root level
11-18 16:47:21 com_github_MitjaNemec_PlaceFootprints.place_footprints 156:Footprint U6 on root level
11-18 16:47:21 com_github_MitjaNemec_PlaceFootprints.place_footprints 156:Footprint C43 on root level
11-18 16:47:21 com_github_MitjaNemec_PlaceFootprints.place_footprints 156:Footprint R34 on root level
11-18 16:47:21 com_github_MitjaNemec_PlaceFootprints.place_footprints 156:Footprint C32 on root level
11-18 16:47:21 com_github_MitjaNemec_PlaceFootprints.place_footprints 156:Footprint R24 on root level
11-18 16:47:21 com_github_MitjaNemec_PlaceFootprints.place_footprints 156:Footprint C44 on root level
11-18 16:47:21 com_github_MitjaNemec_PlaceFootprints.place_footprints 156:Footprint V_4 on root level
11-18 16:47:21 com_github_MitjaNemec_PlaceFootprints.place_footprints 156:Footprint C2 on root level
11-18 16:47:21 com_github_MitjaNemec_PlaceFootprints.place_footprints 156:Footprint C66 on root level
11-18 16:47:21 com_github_MitjaNemec_PlaceFootprints.place_footprints 156:Footprint C34 on root level
11-18 16:47:21 com_github_MitjaNemec_PlaceFootprints.place_footprints 156:Footprint J1 on root level
11-18 16:47:21 com_github_MitjaNemec_PlaceFootprints.place_footprints 156:Footprint C18 on root level
11-18 16:47:21 com_github_MitjaNemec_PlaceFootprints.place_footprints 156:Footprint R39 on root level
11-18 16:47:21 com_github_MitjaNemec_PlaceFootprints.place_footprints 156:Footprint C45 on root level
11-18 16:47:21 com_github_MitjaNemec_PlaceFootprints.place_footprints 156:Footprint C39 on root level
11-18 16:47:21 com_github_MitjaNemec_PlaceFootprints.place_footprints 156:Footprint J10 on root level
11-18 16:47:21 com_github_MitjaNemec_PlaceFootprints.place_footprints 156:Footprint R8 on root level
11-18 16:47:21 com_github_MitjaNemec_PlaceFootprints.place_footprints 156:Footprint R30 on root level
11-18 16:47:21 com_github_MitjaNemec_PlaceFootprints.place_footprints 156:Footprint D1 on root level
11-18 16:47:21 com_github_MitjaNemec_PlaceFootprints.place_footprints 156:Footprint J5 on root level
11-18 16:47:21 com_github_MitjaNemec_PlaceFootprints.place_footprints 156:Footprint R40 on root level
11-18 16:47:21 com_github_MitjaNemec_PlaceFootprints.place_footprints 156:Footprint R28 on root level
11-18 16:47:21 com_github_MitjaNemec_PlaceFootprints.place_footprints 156:Footprint C53 on root level
11-18 16:47:21 com_github_MitjaNemec_PlaceFootprints.place_footprints 156:Footprint U8 on root level
11-18 16:47:21 com_github_MitjaNemec_PlaceFootprints.place_footprints 156:Footprint V_3 on root level
11-18 16:47:21 com_github_MitjaNemec_PlaceFootprints.place_footprints 156:Footprint U3 on root level
11-18 16:47:21 com_github_MitjaNemec_PlaceFootprints.place_footprints 156:Footprint C51 on root level
11-18 16:47:21 com_github_MitjaNemec_PlaceFootprints.place_footprints 156:Footprint C38 on root level
11-18 16:47:21 com_github_MitjaNemec_PlaceFootprints.place_footprints 156:Footprint C16 on root level
11-18 16:47:21 com_github_MitjaNemec_PlaceFootprints.place_footprints 156:Footprint R44 on root level
11-18 16:47:21 com_github_MitjaNemec_PlaceFootprints.place_footprints 156:Footprint U12 on root level
11-18 16:47:21 com_github_MitjaNemec_PlaceFootprints.place_footprints 156:Footprint J4 on root level
11-18 16:47:21 com_github_MitjaNemec_PlaceFootprints.place_footprints 156:Footprint C61 on root level
11-18 16:47:21 com_github_MitjaNemec_PlaceFootprints.place_footprints 156:Footprint C13 on root level
11-18 16:47:21 com_github_MitjaNemec_PlaceFootprints.place_footprints 156:Footprint J8 on root level
11-18 16:47:21 com_github_MitjaNemec_PlaceFootprints.place_footprints 156:Footprint C26 on root level
11-18 16:47:21 com_github_MitjaNemec_PlaceFootprints.place_footprints 156:Footprint U17 on root level
11-18 16:47:21 com_github_MitjaNemec_PlaceFootprints.place_footprints 156:Footprint J3 on root level
11-18 16:47:21 com_github_MitjaNemec_PlaceFootprints.place_footprints 156:Footprint C64 on root level
11-18 16:47:21 com_github_MitjaNemec_PlaceFootprints.place_footprints 156:Footprint C10 on root level
11-18 16:47:21 com_github_MitjaNemec_PlaceFootprints.place_footprints 156:Footprint U1 on root level
11-18 16:47:21 com_github_MitjaNemec_PlaceFootprints.place_footprints 156:Footprint D2 on root level
11-18 16:47:21 com_github_MitjaNemec_PlaceFootprints.place_footprints 156:Footprint R12 on root level
11-18 16:47:21 com_github_MitjaNemec_PlaceFootprints.place_footprints 156:Footprint C50 on root level
11-18 16:47:21 com_github_MitjaNemec_PlaceFootprints.place_footprints 156:Footprint C6 on root level
11-18 16:47:21 com_github_MitjaNemec_PlaceFootprints.place_footprints 156:Footprint J9 on root level
11-18 16:47:21 com_github_MitjaNemec_PlaceFootprints.place_footprints 156:Footprint U14 on root level
11-18 16:47:21 com_github_MitjaNemec_PlaceFootprints.place_footprints 156:Footprint C35 on root level
11-18 16:47:21 com_github_MitjaNemec_PlaceFootprints.place_footprints 156:Footprint R5 on root level
11-18 16:47:21 com_github_MitjaNemec_PlaceFootprints.place_footprints 156:Footprint C11 on root level
11-18 16:47:21 com_github_MitjaNemec_PlaceFootprints.place_footprints 156:Footprint R43 on root level
11-18 16:47:21 com_github_MitjaNemec_PlaceFootprints.place_footprints 156:Footprint C57 on root level
11-18 16:47:21 com_github_MitjaNemec_PlaceFootprints.place_footprints 156:Footprint R26 on root level
11-18 16:47:21 com_github_MitjaNemec_PlaceFootprints.place_footprints 156:Footprint Y1 on root level
11-18 16:47:21 com_github_MitjaNemec_PlaceFootprints.place_footprints 156:Footprint C59 on root level
11-18 16:47:21 com_github_MitjaNemec_PlaceFootprints.place_footprints 156:Footprint R9 on root level
11-18 16:47:21 com_github_MitjaNemec_PlaceFootprints.place_footprints 156:Footprint C47 on root level
11-18 16:47:21 com_github_MitjaNemec_PlaceFootprints.place_footprints 156:Footprint R27 on root level
11-18 16:47:21 com_github_MitjaNemec_PlaceFootprints.place_footprints 156:Footprint R2 on root level
11-18 16:47:21 com_github_MitjaNemec_PlaceFootprints.place_footprints 156:Footprint R15 on root level
11-18 16:47:21 com_github_MitjaNemec_PlaceFootprints.place_footprints 156:Footprint C60 on root level
11-18 16:47:21 com_github_MitjaNemec_PlaceFootprints.place_footprints 156:Footprint R14 on root level
11-18 16:47:21 com_github_MitjaNemec_PlaceFootprints.place_footprints 156:Footprint 220UF1 on root level
11-18 16:47:21 com_github_MitjaNemec_PlaceFootprints.place_footprints 156:Footprint SW3 on root level
11-18 16:47:21 com_github_MitjaNemec_PlaceFootprints.place_footprints 156:Footprint R32 on root level
11-18 16:47:21 com_github_MitjaNemec_PlaceFootprints.place_footprints 156:Footprint C52 on root level
11-18 16:47:21 com_github_MitjaNemec_PlaceFootprints.place_footprints 156:Footprint Q3 on root level
11-18 16:47:21 com_github_MitjaNemec_PlaceFootprints.place_footprints 156:Footprint R20 on root level
11-18 16:47:21 com_github_MitjaNemec_PlaceFootprints.place_footprints 156:Footprint R11 on root level
11-18 16:47:21 com_github_MitjaNemec_PlaceFootprints.place_footprints 156:Footprint C19 on root level
11-18 16:47:21 com_github_MitjaNemec_PlaceFootprints.place_footprints 156:Footprint R19 on root level
11-18 16:47:21 com_github_MitjaNemec_PlaceFootprints.place_footprints 156:Footprint C55 on root level
11-18 16:47:21 com_github_MitjaNemec_PlaceFootprints.place_footprints 156:Footprint U22 on root level
11-18 16:47:21 com_github_MitjaNemec_PlaceFootprints.place_footprints 156:Footprint C29 on root level
11-18 16:47:21 com_github_MitjaNemec_PlaceFootprints.place_footprints 156:Footprint R16 on root level
11-18 16:47:21 com_github_MitjaNemec_PlaceFootprints.place_footprints 156:Footprint C28 on root level
11-18 16:47:21 com_github_MitjaNemec_PlaceFootprints.place_footprints 156:Footprint JTAG1 on root level
11-18 16:47:21 com_github_MitjaNemec_PlaceFootprints.place_footprints 156:Footprint 220UF2 on root level
11-18 16:47:21 com_github_MitjaNemec_PlaceFootprints.place_footprints 156:Footprint C27 on root level
11-18 16:47:21 com_github_MitjaNemec_PlaceFootprints.place_footprints 156:Footprint R1 on root level
11-18 16:47:21 com_github_MitjaNemec_PlaceFootprints.place_footprints 156:Footprint J6 on root level
11-18 16:47:21 com_github_MitjaNemec_PlaceFootprints.place_footprints 156:Footprint C24 on root level
11-18 16:47:21 com_github_MitjaNemec_PlaceFootprints.place_footprints 156:Footprint R4 on root level
11-18 16:47:21 com_github_MitjaNemec_PlaceFootprints.place_footprints 156:Footprint R41 on root level
11-18 16:47:21 com_github_MitjaNemec_PlaceFootprints.place_footprints 156:Footprint C54 on root level
11-18 16:47:21 com_github_MitjaNemec_PlaceFootprints.place_footprints 156:Footprint C17 on root level
11-18 16:47:21 com_github_MitjaNemec_PlaceFootprints.place_footprints 156:Footprint U11 on root level
11-18 16:47:21 com_github_MitjaNemec_PlaceFootprints.place_footprints 156:Footprint C41 on root level
11-18 16:47:21 com_github_MitjaNemec_PlaceFootprints.place_footprints 156:Footprint C40 on root level
11-18 16:47:21 com_github_MitjaNemec_PlaceFootprints.place_footprints 156:Footprint C20 on root level
11-18 16:47:21 com_github_MitjaNemec_PlaceFootprints.place_footprints 156:Footprint C25 on root level
11-18 16:47:21 com_github_MitjaNemec_PlaceFootprints.place_footprints 156:Footprint FB2 on root level
11-18 16:47:21 com_github_MitjaNemec_PlaceFootprints.place_footprints 156:Footprint C49 on root level
11-18 16:47:21 com_github_MitjaNemec_PlaceFootprints.place_footprints 156:Footprint R3 on root level
11-18 16:47:21 com_github_MitjaNemec_PlaceFootprints.place_footprints 156:Footprint C7 on root level
11-18 16:47:21 com_github_MitjaNemec_PlaceFootprints.place_footprints 156:Footprint U21 on root level
11-18 16:47:21 com_github_MitjaNemec_PlaceFootprints.place_footprints 156:Footprint R31 on root level
11-18 16:47:21 com_github_MitjaNemec_PlaceFootprints.place_footprints 156:Footprint Q2 on root level
11-18 16:47:21 com_github_MitjaNemec_PlaceFootprints.place_footprints 156:Footprint C8 on root level
11-18 16:47:21 com_github_MitjaNemec_PlaceFootprints.place_footprints 156:Footprint U13 on root level
11-18 16:47:21 com_github_MitjaNemec_PlaceFootprints.place_footprints 156:Footprint C58 on root level
11-18 16:47:21 com_github_MitjaNemec_PlaceFootprints.place_footprints 156:Footprint C21 on root level
11-18 16:47:21 com_github_MitjaNemec_PlaceFootprints.place_footprints 156:Footprint V_1 on root level
11-18 16:47:21 com_github_MitjaNemec_PlaceFootprints.place_footprints 156:Footprint C36 on root level
11-18 16:47:21 com_github_MitjaNemec_PlaceFootprints.place_footprints 156:Footprint U23 on root level
11-18 16:47:21 com_github_MitjaNemec_PlaceFootprints.action_place_footprints 717:Reference footprint='SW1'
11-18 16:47:22 com_github_MitjaNemec_PlaceFootprints.action_place_footprints 858:Reference designator is: SW
11-18 16:47:22 com_github_MitjaNemec_PlaceFootprints.action_place_footprints 859:Reference number is: 1
11-18 16:47:22 com_github_MitjaNemec_PlaceFootprints.action_place_footprints 891:Sorted and filtered list:
['SW1', 'SW2', 'SW3']
11-18 16:47:22 com_github_MitjaNemec_PlaceFootprints.action_place_footprints 376:wx.Colour(38, 38, 38, 255)
