2025-12-28 19:25:11,388 [INFO] Activator:176 - 


2025-12-28 19:25:11,389 [INFO] Activator:177 - !SESSION log4j initialized
2025-12-28 19:25:12,513 [INFO] LogOutputStream:77 - [STDOUT_REDIRECT] 
2025-12-28 19:25:13,167 [INFO] ApplicationProperties:184 - Using Application install path: /opt/st/stm32cubeide_1.19.0/plugins/com.st.stm32cube.common.mx_6.15.0.202507011659
2025-12-28 19:25:13,176 [INFO] DbMcusXml:78 - Set database path to: /opt/st/stm32cubeide_1.19.0/plugins/com.st.stm32cube.common.mx_6.15.0.202507011659//db//mcu/
2025-12-28 19:25:13,176 [INFO] ApiDb:274 - Set plugin database path to: /opt/st/stm32cubeide_1.19.0/plugins/com.st.stm32cube.common.mx_6.15.0.202507011659//db//plugins/boardmanager/
2025-12-28 19:25:13,176 [WARN] ApiDb:259 - Overriding images path with different value:  => /opt/st/stm32cubeide_1.19.0/plugins/com.st.stm32cube.common.mx_6.15.0.202507011659//db//plugins/mcufinder/images/
2025-12-28 19:25:13,177 [INFO] ApiDb:250 - Set database path to: /home/lucasnascimento/.stmcufinder/plugins/mcufinder//mcu/
2025-12-28 19:25:13,178 [INFO] DbMcusAds:125 - Set database path to: /home/lucasnascimento/.stmcufinder/plugins/mcufinder//mcu/
2025-12-28 19:25:13,179 [INFO] CrossReferenceDbSqlite:203 - Set database path to: /home/lucasnascimento/.stmcufinder/plugins/mcufinder//mcu/cs/
2025-12-28 19:25:13,224 [INFO] RulesReader:64 - Compatibility file has been processed (317 Rules)
2025-12-28 19:25:13,248 [INFO] DbMcusXml:78 - Set database path to: /opt/st/stm32cubeide_1.19.0/plugins/com.st.stm32cube.common.mx_6.15.0.202507011659//db//mcu/
2025-12-28 19:25:13,248 [INFO] ApiDb:274 - Set plugin database path to: /opt/st/stm32cubeide_1.19.0/plugins/com.st.stm32cube.common.mx_6.15.0.202507011659//db//plugins/boardmanager/
2025-12-28 19:25:13,248 [INFO] ApiDb:261 - Set plugin images path to: /opt/st/stm32cubeide_1.19.0/plugins/com.st.stm32cube.common.mx_6.15.0.202507011659//db//plugins/mcufinder/images/
2025-12-28 19:25:13,248 [WARN] DbFile:41 - Overriding database path with different value: /home/lucasnascimento/.stmcufinder/plugins/mcufinder/ => /home/lucasnascimento/.stmcufinder/plugins/mcufinder
2025-12-28 19:25:13,248 [INFO] ApiDb:250 - Set database path to: /home/lucasnascimento/.stmcufinder/plugins/mcufinder//mcu/
2025-12-28 19:25:13,248 [WARN] DbFile:41 - Overriding database path with different value: /home/lucasnascimento/.stmcufinder/plugins/mcufinder/ => /home/lucasnascimento/.stmcufinder/plugins/mcufinder
2025-12-28 19:25:13,248 [INFO] DbMcusAds:125 - Set database path to: /home/lucasnascimento/.stmcufinder/plugins/mcufinder//mcu/
2025-12-28 19:25:13,248 [WARN] DbFile:41 - Overriding database path with different value: /home/lucasnascimento/.stmcufinder/plugins/mcufinder/ => /home/lucasnascimento/.stmcufinder/plugins/mcufinder
2025-12-28 19:25:13,248 [WARN] DbFile:41 - Overriding database path with different value: /home/lucasnascimento/.stmcufinder/plugins/mcufinder/ => /home/lucasnascimento/.stmcufinder/plugins/mcufinder
2025-12-28 19:25:13,248 [INFO] CrossReferenceDbSqlite:203 - Set database path to: /home/lucasnascimento/.stmcufinder/plugins/mcufinder//mcu/cs/
2025-12-28 19:25:13,273 [INFO] MainPanel:274 - HeapMemory: 268435456
2025-12-28 19:25:13,321 [INFO] DbMcusXml:78 - Set database path to: /opt/st/stm32cubeide_1.19.0/plugins/com.st.stm32cube.common.mx_6.15.0.202507011659//db//mcu/
2025-12-28 19:25:13,321 [INFO] ApiDb:274 - Set plugin database path to: /opt/st/stm32cubeide_1.19.0/plugins/com.st.stm32cube.common.mx_6.15.0.202507011659//db//plugins/boardmanager/
2025-12-28 19:25:13,321 [INFO] ApiDb:261 - Set plugin images path to: /opt/st/stm32cubeide_1.19.0/plugins/com.st.stm32cube.common.mx_6.15.0.202507011659//db//plugins/mcufinder/images/
2025-12-28 19:25:13,321 [WARN] DbFile:41 - Overriding database path with different value: /home/lucasnascimento/.stmcufinder/plugins/mcufinder/ => /home/lucasnascimento/.stmcufinder/plugins/mcufinder
2025-12-28 19:25:13,321 [INFO] ApiDb:250 - Set database path to: /home/lucasnascimento/.stmcufinder/plugins/mcufinder//mcu/
2025-12-28 19:25:13,321 [WARN] DbFile:41 - Overriding database path with different value: /home/lucasnascimento/.stmcufinder/plugins/mcufinder/ => /home/lucasnascimento/.stmcufinder/plugins/mcufinder
2025-12-28 19:25:13,322 [INFO] DbMcusAds:125 - Set database path to: /home/lucasnascimento/.stmcufinder/plugins/mcufinder//mcu/
2025-12-28 19:25:13,322 [WARN] DbFile:41 - Overriding database path with different value: /home/lucasnascimento/.stmcufinder/plugins/mcufinder/ => /home/lucasnascimento/.stmcufinder/plugins/mcufinder
2025-12-28 19:25:13,322 [WARN] DbFile:41 - Overriding database path with different value: /home/lucasnascimento/.stmcufinder/plugins/mcufinder/ => /home/lucasnascimento/.stmcufinder/plugins/mcufinder
2025-12-28 19:25:13,322 [INFO] CrossReferenceDbSqlite:203 - Set database path to: /home/lucasnascimento/.stmcufinder/plugins/mcufinder//mcu/cs/
2025-12-28 19:25:13,327 [INFO] ApplicationProperties:184 - Using Application install path: /opt/st/stm32cubeide_1.19.0/plugins/com.st.stm32cube.common.mx_6.15.0.202507011659
2025-12-28 19:25:13,328 [INFO] PluginManage:196 - Search for loadable plugins [exclusion list=, ]
2025-12-28 19:25:13,328 [INFO] PluginManage:310 - Check plugin analytics
2025-12-28 19:25:13,390 [INFO] AnalyticsPlugin:253 - Accepted Software Licenses: 
2025-12-28 19:25:13,390 [INFO] AnalyticsPlugin:255 - Accepted CMSIS Pack Licenses: STMicroelectronics.X-CUBE-FREERTOS.1.3.1,EmbeddedOffice.I-CUBE-FS-RTOS.1.0.1
2025-12-28 19:25:13,390 [INFO] AnalyticsPlugin:257 - Accepted Firmware Licenses: FW.H5.1.5.0
2025-12-28 19:25:13,391 [INFO] PluginManage:359 - Loaded plugin analytics (category:tool,tabindex:-1)
2025-12-28 19:25:13,391 [INFO] PluginManage:310 - Check plugin cadmodel
2025-12-28 19:25:13,392 [INFO] CADModel:105 - Init CAD model plugin
2025-12-28 19:25:13,392 [INFO] PluginManage:359 - Loaded plugin cadmodel (category:power,tabindex:5)
2025-12-28 19:25:13,392 [INFO] PluginManage:310 - Check plugin clock
2025-12-28 19:25:13,395 [INFO] PluginManage:359 - Loaded plugin clock (category:base,tabindex:2)
2025-12-28 19:25:13,395 [INFO] PluginManage:310 - Check plugin ddr
2025-12-28 19:25:13,396 [INFO] PluginManage:359 - Loaded plugin ddr (category:tool,tabindex:6)
2025-12-28 19:25:13,396 [INFO] PluginManage:310 - Check plugin filemanager
2025-12-28 19:25:13,491 [INFO] PluginManage:359 - Loaded plugin filemanager (category:base,tabindex:10)
2025-12-28 19:25:13,491 [INFO] PluginManage:310 - Check plugin ipmanager
2025-12-28 19:25:13,494 [INFO] PluginManage:359 - Loaded plugin ipmanager (category:base,tabindex:5)
2025-12-28 19:25:13,494 [INFO] PluginManage:310 - Check plugin lpbam
2025-12-28 19:25:13,497 [INFO] PluginManage:359 - Loaded plugin lpbam (category:base,tabindex:0)
2025-12-28 19:25:13,497 [INFO] PluginManage:310 - Check plugin memorymap
2025-12-28 19:25:13,501 [INFO] PluginManage:359 - Loaded plugin memorymap (category:base,tabindex:4)
2025-12-28 19:25:13,501 [INFO] PluginManage:310 - Check plugin pinoutandconfiguration
2025-12-28 19:25:13,504 [INFO] PluginManage:359 - Loaded plugin pinoutandconfiguration (category:base,tabindex:1)
2025-12-28 19:25:13,504 [INFO] PluginManage:310 - Check plugin pinoutconfig
2025-12-28 19:25:13,534 [WARN] SupportedApi:132 - Cannot load RTOS API schema: s4s-elt-must-match.1: The content of 'definitions' must match (annotation?, (simpleType | complexType)?, (unique | key | keyref)*)). A problem was found starting at: attribute.
2025-12-28 19:25:13,575 [INFO] PluginManage:359 - Loaded plugin pinoutconfig (category:base,tabindex:0)
2025-12-28 19:25:13,575 [INFO] PluginManage:310 - Check plugin power
2025-12-28 19:25:13,578 [INFO] PluginManage:359 - Loaded plugin power (category:power,tabindex:4)
2025-12-28 19:25:13,578 [INFO] PluginManage:310 - Check plugin projectmanager
2025-12-28 19:25:13,584 [INFO] PluginManage:359 - Loaded plugin projectmanager (category:projectmanager,tabindex:4)
2025-12-28 19:25:13,584 [INFO] PluginManage:310 - Check plugin rif
2025-12-28 19:25:13,587 [INFO] PluginManage:359 - Loaded plugin rif (category:base,tabindex:3)
2025-12-28 19:25:13,587 [INFO] PluginManage:310 - Check plugin thirdparty
2025-12-28 19:25:13,624 [INFO] PluginManage:359 - Loaded plugin thirdparty (category:base,tabindex:-1)
2025-12-28 19:25:13,624 [INFO] PluginManage:310 - Check plugin tools
2025-12-28 19:25:13,624 [WARN] IntegrityCheckThread:84 - waiting for thirdparty lock release [integrity check]
2025-12-28 19:25:13,624 [INFO] IntegrityCheckThread:86 - entering critical section [integrity check]
2025-12-28 19:25:13,624 [INFO] ThirdPartyUpdaterWithRetryManager:70 - Updater plugin not ready yet. [1/15]
2025-12-28 19:25:13,625 [INFO] PluginManage:359 - Loaded plugin tools (category:base,tabindex:7)
2025-12-28 19:25:13,625 [INFO] PluginManage:310 - Check plugin tutovideos
2025-12-28 19:25:13,687 [INFO] PluginManage:359 - Loaded plugin tutovideos (category:base,tabindex:-1)
2025-12-28 19:25:13,687 [INFO] PluginManage:310 - Check plugin updater
2025-12-28 19:25:13,697 [INFO] PluginManage:359 - Loaded plugin updater (category:base,tabindex:12)
2025-12-28 19:25:13,697 [INFO] PluginManage:310 - Check plugin userauth
2025-12-28 19:25:13,699 [INFO] UserAuth:118 - Init User Auth plugin
2025-12-28 19:25:13,699 [INFO] PluginManage:359 - Loaded plugin userauth (category:base,tabindex:14)
2025-12-28 19:25:13,699 [INFO] PluginManage:283 - PluginManage : Loaded plugins [18]
2025-12-28 19:25:13,757 [INFO] PinOutPanel:1589 - setPackage(No Configuration,No Configuration)
2025-12-28 19:25:13,778 [INFO] CADModel:165 - CPN selected for project level
2025-12-28 19:25:13,778 [INFO] CADModel:114 - Register for checkConnection events
2025-12-28 19:25:13,782 [INFO] IPUIPlugin:80 - create IPUIPlugin
2025-12-28 19:25:13,782 [INFO] PluginManager:220 - loadIPPluginJar : add i3c
2025-12-28 19:25:13,784 [INFO] IPUIPlugin:80 - create IPUIPlugin
2025-12-28 19:25:13,784 [INFO] PluginManager:220 - loadIPPluginJar : add stm32_wpan
2025-12-28 19:25:13,785 [INFO] IPUIPlugin:80 - create IPUIPlugin
2025-12-28 19:25:13,785 [INFO] PluginManager:220 - loadIPPluginJar : add ipddr
2025-12-28 19:25:13,786 [INFO] IPUIPlugin:80 - create IPUIPlugin
2025-12-28 19:25:13,786 [INFO] PluginManager:220 - loadIPPluginJar : add quadspi
2025-12-28 19:25:13,786 [INFO] IPUIPlugin:80 - create IPUIPlugin
2025-12-28 19:25:13,786 [INFO] PluginManager:220 - loadIPPluginJar : add hash
2025-12-28 19:25:13,787 [INFO] IPUIPlugin:80 - create IPUIPlugin
2025-12-28 19:25:13,787 [INFO] PluginManager:220 - loadIPPluginJar : add openamp
2025-12-28 19:25:13,788 [INFO] IPUIPlugin:80 - create IPUIPlugin
2025-12-28 19:25:13,788 [INFO] PluginManager:220 - loadIPPluginJar : add fmc
2025-12-28 19:25:13,789 [INFO] IPUIPlugin:80 - create IPUIPlugin
2025-12-28 19:25:13,789 [INFO] PluginManager:220 - loadIPPluginJar : add aes
2025-12-28 19:25:13,789 [INFO] IPUIPlugin:80 - create IPUIPlugin
2025-12-28 19:25:13,789 [INFO] PluginManager:220 - loadIPPluginJar : add ucpd
2025-12-28 19:25:13,790 [INFO] IPUIPlugin:80 - create IPUIPlugin
2025-12-28 19:25:13,790 [INFO] PluginManager:220 - loadIPPluginJar : add gfxmmu
2025-12-28 19:25:13,790 [INFO] IPUIPlugin:80 - create IPUIPlugin
2025-12-28 19:25:13,790 [INFO] PluginManager:220 - loadIPPluginJar : add tim
2025-12-28 19:25:13,791 [INFO] IPUIPlugin:80 - create IPUIPlugin
2025-12-28 19:25:13,791 [INFO] PluginManager:220 - loadIPPluginJar : add dfsdm
2025-12-28 19:25:13,792 [INFO] IPUIPlugin:80 - create IPUIPlugin
2025-12-28 19:25:13,792 [INFO] PluginManager:220 - loadIPPluginJar : add sai
2025-12-28 19:25:13,792 [INFO] IPUIPlugin:80 - create IPUIPlugin
2025-12-28 19:25:13,792 [INFO] PluginManager:220 - loadIPPluginJar : add radio
2025-12-28 19:25:13,793 [INFO] IPUIPlugin:80 - create IPUIPlugin
2025-12-28 19:25:13,793 [INFO] PluginManager:220 - loadIPPluginJar : add can
2025-12-28 19:25:13,794 [INFO] IPUIPlugin:80 - create IPUIPlugin
2025-12-28 19:25:13,794 [INFO] PluginManager:220 - loadIPPluginJar : add gpio
2025-12-28 19:25:13,795 [INFO] IPUIPlugin:80 - create IPUIPlugin
2025-12-28 19:25:13,795 [INFO] PluginManager:220 - loadIPPluginJar : add extmemmanager
2025-12-28 19:25:13,797 [INFO] IPUIPlugin:80 - create IPUIPlugin
2025-12-28 19:25:13,797 [INFO] PluginManager:220 - loadIPPluginJar : add linkedlist
2025-12-28 19:25:13,799 [INFO] IPUIPlugin:80 - create IPUIPlugin
2025-12-28 19:25:13,800 [INFO] PluginManager:220 - loadIPPluginJar : add plateformsettings
2025-12-28 19:25:13,801 [INFO] IPUIPlugin:80 - create IPUIPlugin
2025-12-28 19:25:13,801 [INFO] PluginManager:220 - loadIPPluginJar : add adc
2025-12-28 19:25:13,802 [INFO] IPUIPlugin:80 - create IPUIPlugin
2025-12-28 19:25:13,802 [INFO] PluginManager:220 - loadIPPluginJar : add spi
2025-12-28 19:25:13,803 [INFO] IPUIPlugin:80 - create IPUIPlugin
2025-12-28 19:25:13,803 [INFO] PluginManager:220 - loadIPPluginJar : add gic
2025-12-28 19:25:13,804 [INFO] IPUIPlugin:80 - create IPUIPlugin
2025-12-28 19:25:13,804 [INFO] PluginManager:220 - loadIPPluginJar : add nvic
2025-12-28 19:25:13,806 [INFO] IPUIPlugin:80 - create IPUIPlugin
2025-12-28 19:25:13,806 [INFO] PluginManager:220 - loadIPPluginJar : add dma
2025-12-28 19:25:13,807 [INFO] IPUIPlugin:80 - create IPUIPlugin
2025-12-28 19:25:13,807 [INFO] PluginManager:220 - loadIPPluginJar : add ddr_ctrl_phy
2025-12-28 19:25:13,807 [INFO] IPUIPlugin:80 - create IPUIPlugin
2025-12-28 19:25:13,807 [INFO] PluginManager:220 - loadIPPluginJar : add tracer_emb
2025-12-28 19:25:13,808 [INFO] IPUIPlugin:80 - create IPUIPlugin
2025-12-28 19:25:13,808 [INFO] PluginManager:220 - loadIPPluginJar : add lorawan
2025-12-28 19:25:13,809 [INFO] IPUIPlugin:80 - create IPUIPlugin
2025-12-28 19:25:13,809 [INFO] PluginManager:220 - loadIPPluginJar : add usbx
2025-12-28 19:25:13,809 [INFO] IPUIPlugin:80 - create IPUIPlugin
2025-12-28 19:25:13,809 [INFO] PluginManager:220 - loadIPPluginJar : add ltdc
2025-12-28 19:25:13,810 [INFO] IPUIPlugin:80 - create IPUIPlugin
2025-12-28 19:25:13,810 [INFO] PluginManager:220 - loadIPPluginJar : add pdm2pcm
2025-12-28 19:25:13,810 [INFO] IPUIPlugin:80 - create IPUIPlugin
2025-12-28 19:25:13,810 [INFO] PluginManager:220 - loadIPPluginJar : add cryp
2025-12-28 19:25:13,811 [INFO] IPUIPlugin:80 - create IPUIPlugin
2025-12-28 19:25:13,811 [INFO] PluginManager:220 - loadIPPluginJar : add ts
2025-12-28 19:25:13,811 [INFO] IPUIPlugin:80 - create IPUIPlugin
2025-12-28 19:25:13,811 [INFO] PluginManager:220 - loadIPPluginJar : add fatfs
2025-12-28 19:25:13,812 [INFO] IPUIPlugin:80 - create IPUIPlugin
2025-12-28 19:25:13,812 [INFO] PluginManager:220 - loadIPPluginJar : add opamp
2025-12-28 19:25:13,812 [INFO] IPUIPlugin:80 - create IPUIPlugin
2025-12-28 19:25:13,812 [INFO] PluginManager:220 - loadIPPluginJar : add comp
2025-12-28 19:25:13,813 [INFO] IPUIPlugin:80 - create IPUIPlugin
2025-12-28 19:25:13,813 [INFO] PluginManager:220 - loadIPPluginJar : add resmgrutility
2025-12-28 19:25:13,813 [INFO] IPUIPlugin:80 - create IPUIPlugin
2025-12-28 19:25:13,813 [INFO] PluginManager:220 - loadIPPluginJar : add gtzc
2025-12-28 19:25:13,815 [INFO] IPUIPlugin:80 - create IPUIPlugin
2025-12-28 19:25:13,815 [INFO] PluginManager:220 - loadIPPluginJar : add mdma
2025-12-28 19:25:13,815 [INFO] IPUIPlugin:80 - create IPUIPlugin
2025-12-28 19:25:13,815 [INFO] PluginManager:220 - loadIPPluginJar : add genericplugin
2025-12-28 19:25:13,816 [INFO] IPUIPlugin:80 - create IPUIPlugin
2025-12-28 19:25:13,816 [INFO] PluginManager:220 - loadIPPluginJar : add tsc
2025-12-28 19:25:13,816 [INFO] IPUIPlugin:80 - create IPUIPlugin
2025-12-28 19:25:13,816 [INFO] PluginManager:220 - loadIPPluginJar : add i2c
2025-12-28 19:25:13,817 [INFO] IPUIPlugin:80 - create IPUIPlugin
2025-12-28 19:25:13,817 [INFO] PluginManager:220 - loadIPPluginJar : add touchsensing
2025-12-28 19:25:13,819 [INFO] IPUIPlugin:80 - create IPUIPlugin
2025-12-28 19:25:13,819 [INFO] PluginManager:220 - loadIPPluginJar : add freertos
2025-12-28 19:25:13,819 [INFO] IPUIPlugin:80 - create IPUIPlugin
2025-12-28 19:25:13,819 [INFO] PluginManager:220 - loadIPPluginJar : add dma3
2025-12-28 19:25:13,820 [INFO] IPUIPlugin:80 - create IPUIPlugin
2025-12-28 19:25:13,820 [INFO] PluginManager:220 - loadIPPluginJar : add usart
2025-12-28 19:25:13,820 [INFO] IPUIPlugin:80 - create IPUIPlugin
2025-12-28 19:25:13,821 [INFO] PluginManager:220 - loadIPPluginJar : add i2s
2025-12-28 19:25:13,902 [FATAL] Updater:351 - Updater called before beeing initialized
2025-12-28 19:25:13,910 [INFO] RulesReader:64 - Compatibility file has been processed (317 Rules)
2025-12-28 19:25:13,913 [INFO] RulesReader:64 - Compatibility file has been processed (317 Rules)
2025-12-28 19:25:13,916 [INFO] CADModel:165 - CPN selected for project level
2025-12-28 19:25:13,916 [INFO] CADModel:114 - Register for checkConnection events
2025-12-28 19:25:13,916 [FATAL] Updater:351 - Updater called before beeing initialized
2025-12-28 19:25:13,916 [ERROR] CADModel:125 - Updater not yet initialized, retry later 
2025-12-28 19:25:13,956 [FATAL] Updater:351 - Updater called before beeing initialized
2025-12-28 19:25:13,957 [INFO] CADModel:165 - CPN selected for project level
2025-12-28 19:25:13,957 [INFO] CADModel:114 - Register for checkConnection events
2025-12-28 19:25:13,957 [FATAL] Updater:351 - Updater called before beeing initialized
2025-12-28 19:25:13,957 [ERROR] CADModel:125 - Updater not yet initialized, retry later 
2025-12-28 19:25:13,958 [FATAL] Updater:351 - Updater called before beeing initialized
2025-12-28 19:25:13,988 [FATAL] Updater:351 - Updater called before beeing initialized
2025-12-28 19:25:13,990 [INFO] DbMcusAds:53 - JSON generation date=Fri Dec 05 04:13:14 EST 2025 (1764925994495)
2025-12-28 19:25:13,990 [FATAL] Updater:351 - Updater called before beeing initialized
2025-12-28 19:25:14,003 [WARN] DetailPanel:346 - Failed to get advertising image, set to default
2025-12-28 19:25:14,035 [FATAL] Updater:351 - Updater called before beeing initialized
2025-12-28 19:25:14,036 [FATAL] Updater:351 - Updater called before beeing initialized
2025-12-28 19:25:14,037 [FATAL] Updater:351 - Updater called before beeing initialized
2025-12-28 19:25:14,037 [WARN] DetailPanel:346 - Failed to get advertising image, set to default
2025-12-28 19:25:14,037 [FATAL] Updater:351 - Updater called before beeing initialized
2025-12-28 19:25:14,051 [ERROR] Updater:1198 - MainUpdater not yet initialized. External WinMGr cannot be set.
2025-12-28 19:25:14,052 [INFO] Updater:1134 - Updater Version found : 6.15.0
2025-12-28 19:25:14,060 [INFO] ApplicationProperties:184 - Using Application install path: /opt/st/stm32cubeide_1.19.0/plugins/com.st.stm32cube.common.mx_6.15.0.202507011659
2025-12-28 19:25:14,181 [INFO] MainUpdater:2872 - connection check result : 10
2025-12-28 19:25:14,181 [INFO] MainUpdater:289 - Updater Check For Update Now.
2025-12-28 19:25:14,181 [INFO] MicroXplorer:498 - Change Database Version : DB.6.0.150
2025-12-28 19:25:14,182 [INFO] McuFinderGlobals:63 - Set McuFinder mode to 2 (CubeIDE integrated)
2025-12-28 19:25:14,183 [INFO] UserAuth:487 - Internet connection configuration mode: 1
2025-12-28 19:25:14,190 [INFO] JxBrowserEngine:152 - Initiate JxBrowser Engine with user profile folder
2025-12-28 19:25:14,325 [INFO] CheckServerUpdateThread:120 - End of CheckServer Thread
2025-12-28 19:25:14,501 [INFO] WebApp:169 - Instantiating new browser for Auth
2025-12-28 19:25:14,831 [INFO] WebApp:463 - Apply proxy settings
2025-12-28 19:25:14,832 [INFO] WebApp:548 - Chromium requires no authentication
2025-12-28 19:25:14,836 [INFO] WebApp:491 - Direct internet connection detected
2025-12-28 19:25:14,844 [INFO] WebApp:900 - Register for checkConnection events
2025-12-28 19:25:14,844 [INFO] WebApp:463 - Apply proxy settings
2025-12-28 19:25:14,844 [INFO] WebApp:548 - Chromium requires no authentication
2025-12-28 19:25:14,844 [INFO] WebApp:491 - Direct internet connection detected
2025-12-28 19:25:14,892 [INFO] WebApp:225 - Starting web application
2025-12-28 19:25:14,892 [INFO] WebApp:593 - Web application path used /opt/st/stm32cubeide_1.19.0/plugins/com.st.stm32cube.common.mx_6.15.0.202507011659/db/plugins/mcufinder/reactClient1/index.html
2025-12-28 19:25:14,940 [INFO] UserAuth:487 - Internet connection configuration mode: 1
2025-12-28 19:25:15,216 [INFO] WebApp:191 - Connection restablished
2025-12-28 19:25:16,677 [WARN] PackLoader:240 - Cannot read IP mode file for STMicroelectronics.FP-SNS-MOTENVWB1.1.4.0
2025-12-28 19:25:16,683 [WARN] PackLoader:240 - Cannot read IP mode file for STMicroelectronics.FP-ATR-ASTRA1.2.0.2
2025-12-28 19:25:16,686 [WARN] PackLoader:240 - Cannot read IP mode file for STMicroelectronics.X-CUBE-SMBUS.2.1.0
2025-12-28 19:25:16,699 [WARN] PackLoader:240 - Cannot read IP mode file for STMicroelectronics.X-CUBE-AZRTOS-F7.1.1.0
2025-12-28 19:25:16,703 [WARN] PackLoader:240 - Cannot read IP mode file for Cesanta.I-CUBE-Mongoose.7.19.0
2025-12-28 19:25:16,705 [WARN] PackLoader:240 - Cannot read IP mode file for STMicroelectronics.FP-SNS-MOTENV1.5.1.0
2025-12-28 19:25:16,709 [WARN] PackLoader:240 - Cannot read IP mode file for WES.I-CUBE-Cesium.1.4.0
2025-12-28 19:25:16,719 [WARN] PackLoader:240 - Cannot read IP mode file for Infineon.AIROC-Wi-Fi-Bluetooth-STM32.1.7.1
2025-12-28 19:25:16,735 [WARN] PackLoader:240 - Cannot read IP mode file for STMicroelectronics.X-CUBE-AZRTOS-H7.3.4.0
2025-12-28 19:25:16,741 [WARN] PackLoader:240 - Cannot read IP mode file for STMicroelectronics.X-CUBE-DISPLAY.3.0.0
2025-12-28 19:25:16,748 [WARN] PackLoader:240 - Cannot read IP mode file for STMicroelectronics.X-CUBE-NFC10.1.0.0
2025-12-28 19:25:16,752 [WARN] PackLoader:240 - Cannot read IP mode file for STMicroelectronics.X-CUBE-ST60.1.1.0
2025-12-28 19:25:16,755 [WARN] PackLoader:240 - Cannot read IP mode file for emotas.I-CUBE-CANOPEN.1.3.0
2025-12-28 19:25:16,757 [WARN] PackLoader:240 - Cannot read IP mode file for STMicroelectronics.X-CUBE-GNSS1.7.1.0
2025-12-28 19:25:16,759 [WARN] PackLoader:240 - Cannot read IP mode file for STMicroelectronics.FP-SNS-STBOX1.2.1.0
2025-12-28 19:25:16,763 [WARN] PackLoader:240 - Cannot read IP mode file for STMicroelectronics.FP-SNS-SMARTAG2.1.2.0
2025-12-28 19:25:16,765 [WARN] PackLoader:240 - Cannot read IP mode file for STMicroelectronics.FP-SNS-FLIGHT1.5.1.0
2025-12-28 19:25:16,775 [INFO] LogOutputStream:77 - [STDOUT_REDIRECT] 1 : Invalid condition id : UX_CORESTACK_Condition cause : null
2025-12-28 19:25:16,776 [INFO] LogOutputStream:77 - [STDOUT_REDIRECT] 1 : Invalid condition id : UX_CORESTACK_Condition cause : null
2025-12-28 19:25:16,776 [INFO] LogOutputStream:77 - [STDOUT_REDIRECT] 1 : Invalid condition id : UX_CORESTACK_Condition cause : null
2025-12-28 19:25:16,776 [INFO] LogOutputStream:77 - [STDOUT_REDIRECT] 1 : Invalid condition id : UX_CORESTACK_Condition cause : null
2025-12-28 19:25:16,776 [INFO] LogOutputStream:77 - [STDOUT_REDIRECT] 1 : Invalid condition id : UX_CORESTACK_Condition cause : null
2025-12-28 19:25:16,777 [WARN] PackLoader:240 - Cannot read IP mode file for STMicroelectronics.X-CUBE-AZRTOS-WL.2.0.0
2025-12-28 19:25:16,786 [WARN] PackLoader:240 - Cannot read IP mode file for STMicroelectronics.X-CUBE-AZRTOS-H7RS.1.2.0
2025-12-28 19:25:16,790 [WARN] PackLoader:240 - Cannot read IP mode file for STMicroelectronics.X-CUBE-BLE2.3.3.0
2025-12-28 19:25:16,802 [WARN] PackLoader:240 - Cannot read IP mode file for STMicroelectronics.X-CUBE-NFC9.1.0.0
2025-12-28 19:25:16,805 [WARN] PackLoader:240 - Cannot read IP mode file for wolfSSL.I-CUBE-wolfSSL.5.8.2
2025-12-28 19:25:16,807 [WARN] PackLoader:240 - Cannot read IP mode file for STMicroelectronics.X-CUBE-BLE1.7.1.0
2025-12-28 19:25:16,811 [WARN] PackLoader:240 - Cannot read IP mode file for wolfSSL.I-CUBE-wolfMQTT.1.19.2
2025-12-28 19:25:16,813 [WARN] PackLoader:240 - Cannot read IP mode file for STMicroelectronics.X-CUBE-FREERTOS.1.4.0
2025-12-28 19:25:16,815 [WARN] PackLoader:240 - Cannot read IP mode file for STMicroelectronics.X-CUBE-EEPRMA1.5.2.0
2025-12-28 19:25:16,818 [WARN] PackLoader:240 - Cannot read IP mode file for STMicroelectronics.X-CUBE-ST67W61.1.1.0
2025-12-28 19:25:16,837 [WARN] PackLoader:240 - Cannot read IP mode file for STMicroelectronics.X-CUBE-MEMS1.12.0.0
2025-12-28 19:25:16,880 [WARN] PackLoader:240 - Cannot read IP mode file for STMicroelectronics.X-CUBE-AZRTOS-G0.1.1.0
2025-12-28 19:25:16,884 [WARN] PackLoader:240 - Cannot read IP mode file for STMicroelectronics.X-CUBE-NFC4.3.0.0
2025-12-28 19:25:16,893 [WARN] PackLoader:240 - Cannot read IP mode file for EmbeddedOffice.I-CUBE-FS-RTOS.1.0.1
2025-12-28 19:25:16,974 [WARN] PackLoader:240 - Cannot read IP mode file for STMicroelectronics.X-CUBE-WB05N.2.0.0
2025-12-28 19:25:16,976 [WARN] PackLoader:240 - Cannot read IP mode file for wolfSSL.I-CUBE-wolfTPM.3.8.0
2025-12-28 19:25:16,978 [WARN] PackLoader:240 - Cannot read IP mode file for STMicroelectronics.X-CUBE-TCPP.4.2.0
2025-12-28 19:25:16,980 [WARN] PackLoader:240 - Cannot read IP mode file for RealThread.X-CUBE-RT-Thread_Nano.4.1.1
2025-12-28 19:25:16,982 [WARN] PackLoader:240 - Cannot read IP mode file for STMicroelectronics.FP-ATR-SIGFOX1.3.2.0
2025-12-28 19:25:16,983 [WARN] PackLoader:240 - Cannot read IP mode file for ITTIA_DB.I-CUBE-ITTIADB.8.9.0
2025-12-28 19:25:16,984 [WARN] PackLoader:240 - Cannot read IP mode file for STMicroelectronics.X-CUBE-AI.10.2.0
2025-12-28 19:25:16,996 [WARN] PackLoader:240 - Cannot read IP mode file for SEGGER.I-CUBE-embOS.1.3.1
2025-12-28 19:25:17,012 [WARN] PackLoader:240 - Cannot read IP mode file for STMicroelectronics.X-CUBE-ALGOBUILD.1.4.0
2025-12-28 19:25:17,032 [WARN] PackLoader:240 - Cannot read IP mode file for STMicroelectronics.X-CUBE-MEMS1.11.3.0
2025-12-28 19:25:17,080 [WARN] PackLoader:240 - Cannot read IP mode file for STMicroelectronics.X-CUBE-PM33A1.1.0.0
2025-12-28 19:25:17,085 [WARN] PackLoader:240 - Cannot read IP mode file for STMicroelectronics.X-CUBE-AZRTOS-F4.1.1.0
2025-12-28 19:25:17,088 [WARN] PackLoader:240 - Cannot read IP mode file for STMicroelectronics.X-CUBE-ISPU.2.1.0
2025-12-28 19:25:17,092 [WARN] PackLoader:240 - Cannot read IP mode file for STMicroelectronics.X-CUBE-IPS.3.2.0
2025-12-28 19:25:17,095 [WARN] PackLoader:240 - Cannot read IP mode file for STMicroelectronics.X-CUBE-NFC12.1.0.0
2025-12-28 19:25:17,100 [WARN] PackLoader:240 - Cannot read IP mode file for STMicroelectronics.X-CUBE-AZRTOS-L5.2.0.0
2025-12-28 19:25:17,102 [WARN] PackLoader:240 - Cannot read IP mode file for STMicroelectronics.X-CUBE-NFC6.3.1.0
2025-12-28 19:25:17,104 [WARN] PackLoader:240 - Cannot read IP mode file for STMicroelectronics.X-CUBE-FREERTOS.1.3.1
2025-12-28 19:25:17,124 [WARN] PackLoader:240 - Cannot read IP mode file for STMicroelectronics.X-CUBE-TOUCHGFX.4.26.0
2025-12-28 19:25:17,125 [WARN] PackLoader:240 - Cannot read IP mode file for STMicroelectronics.FP-SNS-STAIOTCFT.1.0.0
2025-12-28 19:25:17,127 [WARN] PackLoader:240 - Cannot read IP mode file for STMicroelectronics.X-CUBE-DPower.1.3.0
2025-12-28 19:25:17,132 [WARN] ConditionMgr:438 - getConditionDescription Invalid condition id : LAN8742 Phy interface Condition cause : null
2025-12-28 19:25:17,132 [WARN] PackLoader:240 - Cannot read IP mode file for STMicroelectronics.X-CUBE-AZRTOS-L4.2.0.0
2025-12-28 19:25:17,132 [WARN] ConditionMgr:1044 - genDependencies : Invalid condition id : LAN8742 Phy interface Condition cause : null
2025-12-28 19:25:17,132 [WARN] ConditionMgr:1044 - genDependencies : Invalid condition id : LAN8742 Phy interface Condition cause : null
2025-12-28 19:25:17,132 [WARN] ConditionMgr:1044 - genDependencies : Invalid condition id : LAN8742 Phy interface Condition cause : null
2025-12-28 19:25:17,134 [WARN] PackLoader:240 - Cannot read IP mode file for STMicroelectronics.X-CUBE-SFXS2LP1.4.0.0
2025-12-28 19:25:17,143 [WARN] PackLoader:240 - Cannot read IP mode file for STMicroelectronics.X-CUBE-BLEMGR.4.1.0
2025-12-28 19:25:17,148 [WARN] ConditionMgr:438 - getConditionDescription Invalid condition id : UX DEVICE CLASS RTOS Condition cause : null
2025-12-28 19:25:17,148 [WARN] ConditionMgr:438 - getConditionDescription Invalid condition id : UX DEVICE CLASS RTOS Condition cause : null
2025-12-28 19:25:17,149 [WARN] PackLoader:240 - Cannot read IP mode file for STMicroelectronics.X-CUBE-AZRTOS-WB.2.0.0
2025-12-28 19:25:17,149 [WARN] ConditionMgr:1044 - genDependencies : Invalid condition id : UX DEVICE CLASS RTOS Condition cause : null
2025-12-28 19:25:17,149 [WARN] ConditionMgr:1044 - genDependencies : Invalid condition id : UX DEVICE CLASS RTOS Condition cause : null
2025-12-28 19:25:17,149 [WARN] ConditionMgr:1044 - genDependencies : Invalid condition id : UX DEVICE CLASS RTOS Condition cause : null
2025-12-28 19:25:17,149 [WARN] ConditionMgr:1044 - genDependencies : Invalid condition id : UX DEVICE CLASS RTOS Condition cause : null
2025-12-28 19:25:17,149 [WARN] ConditionMgr:1044 - genDependencies : Invalid condition id : UX DEVICE CLASS RTOS Condition cause : null
2025-12-28 19:25:17,151 [WARN] ConditionMgr:438 - getConditionDescription Invalid condition id : Cortex-A Device cause : null
2025-12-28 19:25:17,153 [WARN] ConditionMgr:1044 - genDependencies : Invalid condition id : Cortex-A Device cause : null
2025-12-28 19:25:17,153 [WARN] ConditionMgr:1044 - genDependencies : Invalid condition id : Cortex-A Device cause : null
2025-12-28 19:25:17,153 [WARN] ConditionMgr:1044 - genDependencies : Invalid condition id : Cortex-A Device cause : null
2025-12-28 19:25:17,155 [WARN] PackLoader:240 - Cannot read IP mode file for STMicroelectronics.X-CUBE-SUBG2.5.0.0
2025-12-28 19:25:17,161 [WARN] PackLoader:240 - Cannot read IP mode file for STMicroelectronics.X-CUBE-AZRTOS-H7RS.1.1.0
2025-12-28 19:25:17,166 [WARN] PackLoader:240 - Cannot read IP mode file for STMicroelectronics.X-CUBE-AZRTOS-G4.2.0.0
2025-12-28 19:25:17,167 [WARN] PackLoader:240 - Cannot read IP mode file for wolfSSL.I-CUBE-wolfSSH.1.4.20
2025-12-28 19:25:17,168 [WARN] PackLoader:240 - Cannot read IP mode file for STMicroelectronics.X-CUBE-NFC7.2.0.0
2025-12-28 19:25:17,169 [WARN] PackLoader:240 - Cannot read IP mode file for STMicroelectronics.X-CUBE-ALS.1.0.2
2025-12-28 19:25:17,171 [WARN] PackLoader:240 - Cannot read IP mode file for STMicroelectronics.X-CUBE-STSE01.1.0.0
2025-12-28 19:25:17,175 [WARN] PackLoader:240 - Cannot read IP mode file for STMicroelectronics.X-CUBE-TOF1.3.4.3
2025-12-28 19:25:17,178 [INFO] ThirdParty:978 - Integrity check success = true
2025-12-28 19:25:17,178 [INFO] IntegrityCheckThread:100 - exiting critical section [integrity check]
2025-12-28 19:25:17,178 [INFO] IntegrityCheckThread:103 - End integrity checks thread
2025-12-28 19:25:17,877 [ERROR] LogOutputStream:75 - [STDERR_REDIRECT] 
