../Drivers/CMSIS/Include/core_cm33.h:2390:22:void __NVIC_EnableIRQ(IRQn_Type)	16	static,ignoring_inline_asm
../Core/Src/console/console.cpp:21:6:void MX_TIM3_Init()	8	static
../Core/Src/console/console.cpp:43:6:void MX_TIM4_Init()	8	static
../Core/Src/console/console.cpp:65:6:void initialAnimation(GRID&)	16	static
../Core/Src/console/console.cpp:69:6:void displayAnimation(GRID&, uint8_t, bool)	128	dynamic
../Core/Src/console/console.cpp:108:6:void displaySmall(GRID&, uint8_t)	16	static
../Core/Src/console/console.cpp:118:6:void displayBig(GRID&, uint8_t)	16	static
../Core/Src/console/console.cpp:128:6:void getName(Player&)	64	static
../Core/Src/console/console.cpp:158:9:uint8_t getGame(GRID&)	200	static
../Core/Src/console/console.cpp:210:9:uint8_t userStart(Player&, GRID&)	16	static
/opt/st/stm32cubeide_1.19.0/plugins/com.st.stm32cube.ide.mcu.externaltools.gnu-tools-for-stm32.13.3.rel1.linux64_1.0.0.202410170706/tools/arm-none-eabi/include/c++/13.3.1/bits/new_allocator.h:104:7:std::__new_allocator<_Tp>::~__new_allocator() [with _Tp = char]	16	static
